This is pdfTeX, Version 3.14159265-2.6-1.40.16 (TeX Live 2015/Debian) (preloaded format=pdflatex 2018.9.3)  24 SEP 2018 11:45
entering extended mode
 restricted \write18 enabled.
 file:line:error style messages enabled.
 %&-line parsing enabled.
**test.tex
(./test.tex
LaTeX2e <2016/02/01>
Babel <3.9q> and hyphenation patterns for 81 language(s) loaded.
(/usr/share/texlive/texmf-dist/tex/latex/base/article.cls
Document Class: article 2014/09/29 v1.4h Standard LaTeX document class
(/usr/share/texlive/texmf-dist/tex/latex/base/size10.clo
File: size10.clo 2014/09/29 v1.4h Standard LaTeX file (size option)
)
\c@part=\count79
\c@section=\count80
\c@subsection=\count81
\c@subsubsection=\count82
\c@paragraph=\count83
\c@subparagraph=\count84
\c@figure=\count85
\c@table=\count86
\abovecaptionskip=\skip41
\belowcaptionskip=\skip42
\bibindent=\dimen102
)
(/usr/share/texlive/texmf-dist/tex/latex/tools/verbatim.sty
Package: verbatim 2014/10/28 v1.5q LaTeX2e package for verbatim enhancements
\every@verbatim=\toks14
\verbatim@line=\toks15
\verbatim@in@stream=\read1
)
(/usr/share/texlive/texmf-dist/tex/latex/pgf/frontendlayer/tikz.sty
(/usr/share/texlive/texmf-dist/tex/latex/pgf/basiclayer/pgf.sty
(/usr/share/texlive/texmf-dist/tex/latex/pgf/utilities/pgfrcs.sty
(/usr/share/texlive/texmf-dist/tex/generic/pgf/utilities/pgfutil-common.tex
\pgfutil@everybye=\toks16
\pgfutil@tempdima=\dimen103
\pgfutil@tempdimb=\dimen104

(/usr/share/texlive/texmf-dist/tex/generic/pgf/utilities/pgfutil-common-lists.t
ex)) (/usr/share/texlive/texmf-dist/tex/generic/pgf/utilities/pgfutil-latex.def
\pgfutil@abb=\box26
(/usr/share/texlive/texmf-dist/tex/latex/ms/everyshi.sty
Package: everyshi 2001/05/15 v3.00 EveryShipout Package (MS)
))
(/usr/share/texlive/texmf-dist/tex/generic/pgf/utilities/pgfrcs.code.tex
Package: pgfrcs 2015/08/07 v3.0.1a (rcs-revision 1.31)
))
Package: pgf 2015/08/07 v3.0.1a (rcs-revision 1.15)

(/usr/share/texlive/texmf-dist/tex/latex/pgf/basiclayer/pgfcore.sty
(/usr/share/texlive/texmf-dist/tex/latex/graphics/graphicx.sty
Package: graphicx 2014/10/28 v1.0g Enhanced LaTeX Graphics (DPC,SPQR)

(/usr/share/texlive/texmf-dist/tex/latex/graphics/keyval.sty
Package: keyval 2014/10/28 v1.15 key=value parser (DPC)
\KV@toks@=\toks17
)
(/usr/share/texlive/texmf-dist/tex/latex/graphics/graphics.sty
Package: graphics 2016/01/03 v1.0q Standard LaTeX Graphics (DPC,SPQR)

(/usr/share/texlive/texmf-dist/tex/latex/graphics/trig.sty
Package: trig 2016/01/03 v1.10 sin cos tan (DPC)
)
(/usr/share/texlive/texmf-dist/tex/latex/latexconfig/graphics.cfg
File: graphics.cfg 2010/04/23 v1.9 graphics configuration of TeX Live
)
Package graphics Info: Driver file: pdftex.def on input line 95.

(/usr/share/texlive/texmf-dist/tex/latex/pdftex-def/pdftex.def
File: pdftex.def 2011/05/27 v0.06d Graphics/color for pdfTeX

(/usr/share/texlive/texmf-dist/tex/generic/oberdiek/infwarerr.sty
Package: infwarerr 2010/04/08 v1.3 Providing info/warning/error messages (HO)
)
(/usr/share/texlive/texmf-dist/tex/generic/oberdiek/ltxcmds.sty
Package: ltxcmds 2011/11/09 v1.22 LaTeX kernel commands for general use (HO)
)
\Gread@gobject=\count87
))
\Gin@req@height=\dimen105
\Gin@req@width=\dimen106
)
(/usr/share/texlive/texmf-dist/tex/latex/pgf/systemlayer/pgfsys.sty
(/usr/share/texlive/texmf-dist/tex/generic/pgf/systemlayer/pgfsys.code.tex
Package: pgfsys 2014/07/09 v3.0.1a (rcs-revision 1.48)

(/usr/share/texlive/texmf-dist/tex/generic/pgf/utilities/pgfkeys.code.tex
\pgfkeys@pathtoks=\toks18
\pgfkeys@temptoks=\toks19

(/usr/share/texlive/texmf-dist/tex/generic/pgf/utilities/pgfkeysfiltered.code.t
ex
\pgfkeys@tmptoks=\toks20
))
\pgf@x=\dimen107
\pgf@y=\dimen108
\pgf@xa=\dimen109
\pgf@ya=\dimen110
\pgf@xb=\dimen111
\pgf@yb=\dimen112
\pgf@xc=\dimen113
\pgf@yc=\dimen114
\w@pgf@writea=\write3
\r@pgf@reada=\read2
\c@pgf@counta=\count88
\c@pgf@countb=\count89
\c@pgf@countc=\count90
\c@pgf@countd=\count91
\t@pgf@toka=\toks21
\t@pgf@tokb=\toks22
\t@pgf@tokc=\toks23
 (/usr/share/texlive/texmf-dist/tex/generic/pgf/systemlayer/pgf.cfg
File: pgf.cfg 2008/05/14  (rcs-revision 1.7)
)
Driver file for pgf: pgfsys-pdftex.def

(/usr/share/texlive/texmf-dist/tex/generic/pgf/systemlayer/pgfsys-pdftex.def
File: pgfsys-pdftex.def 2014/10/11  (rcs-revision 1.35)

(/usr/share/texlive/texmf-dist/tex/generic/pgf/systemlayer/pgfsys-common-pdf.de
f
File: pgfsys-common-pdf.def 2013/10/10  (rcs-revision 1.13)
)))
(/usr/share/texlive/texmf-dist/tex/generic/pgf/systemlayer/pgfsyssoftpath.code.
tex
File: pgfsyssoftpath.code.tex 2013/09/09  (rcs-revision 1.9)
\pgfsyssoftpath@smallbuffer@items=\count92
\pgfsyssoftpath@bigbuffer@items=\count93
)
(/usr/share/texlive/texmf-dist/tex/generic/pgf/systemlayer/pgfsysprotocol.code.
tex
File: pgfsysprotocol.code.tex 2006/10/16  (rcs-revision 1.4)
)) (/usr/share/texmf/tex/latex/xcolor/xcolor.sty
Package: xcolor 2007/01/21 v2.11 LaTeX color extensions (UK)

(/usr/share/texlive/texmf-dist/tex/latex/latexconfig/color.cfg
File: color.cfg 2007/01/18 v1.5 color configuration of teTeX/TeXLive
)
Package xcolor Info: Driver file: pdftex.def on input line 225.
Package xcolor Info: Model `cmy' substituted by `cmy0' on input line 1337.
Package xcolor Info: Model `hsb' substituted by `rgb' on input line 1341.
Package xcolor Info: Model `RGB' extended on input line 1353.
Package xcolor Info: Model `HTML' substituted by `rgb' on input line 1355.
Package xcolor Info: Model `Hsb' substituted by `hsb' on input line 1356.
Package xcolor Info: Model `tHsb' substituted by `hsb' on input line 1357.
Package xcolor Info: Model `HSB' substituted by `hsb' on input line 1358.
Package xcolor Info: Model `Gray' substituted by `gray' on input line 1359.
Package xcolor Info: Model `wave' substituted by `hsb' on input line 1360.
)
(/usr/share/texlive/texmf-dist/tex/generic/pgf/basiclayer/pgfcore.code.tex
Package: pgfcore 2010/04/11 v3.0.1a (rcs-revision 1.7)

(/usr/share/texlive/texmf-dist/tex/generic/pgf/math/pgfmath.code.tex
(/usr/share/texlive/texmf-dist/tex/generic/pgf/math/pgfmathcalc.code.tex
(/usr/share/texlive/texmf-dist/tex/generic/pgf/math/pgfmathutil.code.tex)
(/usr/share/texlive/texmf-dist/tex/generic/pgf/math/pgfmathparser.code.tex
\pgfmath@dimen=\dimen115
\pgfmath@count=\count94
\pgfmath@box=\box27
\pgfmath@toks=\toks24
\pgfmath@stack@operand=\toks25
\pgfmath@stack@operation=\toks26
)
(/usr/share/texlive/texmf-dist/tex/generic/pgf/math/pgfmathfunctions.code.tex
(/usr/share/texlive/texmf-dist/tex/generic/pgf/math/pgfmathfunctions.basic.code
.tex)
(/usr/share/texlive/texmf-dist/tex/generic/pgf/math/pgfmathfunctions.trigonomet
ric.code.tex)
(/usr/share/texlive/texmf-dist/tex/generic/pgf/math/pgfmathfunctions.random.cod
e.tex)
(/usr/share/texlive/texmf-dist/tex/generic/pgf/math/pgfmathfunctions.comparison
.code.tex)
(/usr/share/texlive/texmf-dist/tex/generic/pgf/math/pgfmathfunctions.base.code.
tex)
(/usr/share/texlive/texmf-dist/tex/generic/pgf/math/pgfmathfunctions.round.code
.tex)
(/usr/share/texlive/texmf-dist/tex/generic/pgf/math/pgfmathfunctions.misc.code.
tex)
(/usr/share/texlive/texmf-dist/tex/generic/pgf/math/pgfmathfunctions.integerari
thmetics.code.tex)))
(/usr/share/texlive/texmf-dist/tex/generic/pgf/math/pgfmathfloat.code.tex
\c@pgfmathroundto@lastzeros=\count95
))
(/usr/share/texlive/texmf-dist/tex/generic/pgf/basiclayer/pgfcorepoints.code.te
x
File: pgfcorepoints.code.tex 2013/10/07  (rcs-revision 1.27)
\pgf@picminx=\dimen116
\pgf@picmaxx=\dimen117
\pgf@picminy=\dimen118
\pgf@picmaxy=\dimen119
\pgf@pathminx=\dimen120
\pgf@pathmaxx=\dimen121
\pgf@pathminy=\dimen122
\pgf@pathmaxy=\dimen123
\pgf@xx=\dimen124
\pgf@xy=\dimen125
\pgf@yx=\dimen126
\pgf@yy=\dimen127
\pgf@zx=\dimen128
\pgf@zy=\dimen129
)
(/usr/share/texlive/texmf-dist/tex/generic/pgf/basiclayer/pgfcorepathconstruct.
code.tex
File: pgfcorepathconstruct.code.tex 2013/10/07  (rcs-revision 1.29)
\pgf@path@lastx=\dimen130
\pgf@path@lasty=\dimen131
)
(/usr/share/texlive/texmf-dist/tex/generic/pgf/basiclayer/pgfcorepathusage.code
.tex
File: pgfcorepathusage.code.tex 2014/11/02  (rcs-revision 1.24)
\pgf@shorten@end@additional=\dimen132
\pgf@shorten@start@additional=\dimen133
)
(/usr/share/texlive/texmf-dist/tex/generic/pgf/basiclayer/pgfcorescopes.code.te
x
File: pgfcorescopes.code.tex 2015/05/08  (rcs-revision 1.46)
\pgfpic=\box28
\pgf@hbox=\box29
\pgf@layerbox@main=\box30
\pgf@picture@serial@count=\count96
)
(/usr/share/texlive/texmf-dist/tex/generic/pgf/basiclayer/pgfcoregraphicstate.c
ode.tex
File: pgfcoregraphicstate.code.tex 2014/11/02  (rcs-revision 1.12)
\pgflinewidth=\dimen134
)
(/usr/share/texlive/texmf-dist/tex/generic/pgf/basiclayer/pgfcoretransformation
s.code.tex
File: pgfcoretransformations.code.tex 2015/08/07  (rcs-revision 1.20)
\pgf@pt@x=\dimen135
\pgf@pt@y=\dimen136
\pgf@pt@temp=\dimen137
)
(/usr/share/texlive/texmf-dist/tex/generic/pgf/basiclayer/pgfcorequick.code.tex
File: pgfcorequick.code.tex 2008/10/09  (rcs-revision 1.3)
)
(/usr/share/texlive/texmf-dist/tex/generic/pgf/basiclayer/pgfcoreobjects.code.t
ex
File: pgfcoreobjects.code.tex 2006/10/11  (rcs-revision 1.2)
)
(/usr/share/texlive/texmf-dist/tex/generic/pgf/basiclayer/pgfcorepathprocessing
.code.tex
File: pgfcorepathprocessing.code.tex 2013/09/09  (rcs-revision 1.9)
)
(/usr/share/texlive/texmf-dist/tex/generic/pgf/basiclayer/pgfcorearrows.code.te
x
File: pgfcorearrows.code.tex 2015/05/14  (rcs-revision 1.43)
\pgfarrowsep=\dimen138
)
(/usr/share/texlive/texmf-dist/tex/generic/pgf/basiclayer/pgfcoreshade.code.tex
File: pgfcoreshade.code.tex 2013/07/15  (rcs-revision 1.15)
\pgf@max=\dimen139
\pgf@sys@shading@range@num=\count97
)
(/usr/share/texlive/texmf-dist/tex/generic/pgf/basiclayer/pgfcoreimage.code.tex
File: pgfcoreimage.code.tex 2013/07/15  (rcs-revision 1.18)

(/usr/share/texlive/texmf-dist/tex/generic/pgf/basiclayer/pgfcoreexternal.code.
tex
File: pgfcoreexternal.code.tex 2014/07/09  (rcs-revision 1.21)
\pgfexternal@startupbox=\box31
))
(/usr/share/texlive/texmf-dist/tex/generic/pgf/basiclayer/pgfcorelayers.code.te
x
File: pgfcorelayers.code.tex 2013/07/18  (rcs-revision 1.7)
)
(/usr/share/texlive/texmf-dist/tex/generic/pgf/basiclayer/pgfcoretransparency.c
ode.tex
File: pgfcoretransparency.code.tex 2013/09/30  (rcs-revision 1.5)
)
(/usr/share/texlive/texmf-dist/tex/generic/pgf/basiclayer/pgfcorepatterns.code.
tex
File: pgfcorepatterns.code.tex 2013/11/07  (rcs-revision 1.5)
)))
(/usr/share/texlive/texmf-dist/tex/generic/pgf/modules/pgfmoduleshapes.code.tex
File: pgfmoduleshapes.code.tex 2014/03/21  (rcs-revision 1.35)
\pgfnodeparttextbox=\box32
) (/usr/share/texlive/texmf-dist/tex/generic/pgf/modules/pgfmoduleplot.code.tex
File: pgfmoduleplot.code.tex 2015/08/03  (rcs-revision 1.13)
)
(/usr/share/texlive/texmf-dist/tex/latex/pgf/compatibility/pgfcomp-version-0-65
.sty
Package: pgfcomp-version-0-65 2007/07/03 v3.0.1a (rcs-revision 1.7)
\pgf@nodesepstart=\dimen140
\pgf@nodesepend=\dimen141
)
(/usr/share/texlive/texmf-dist/tex/latex/pgf/compatibility/pgfcomp-version-1-18
.sty
Package: pgfcomp-version-1-18 2007/07/23 v3.0.1a (rcs-revision 1.1)
)) (/usr/share/texlive/texmf-dist/tex/latex/pgf/utilities/pgffor.sty
(/usr/share/texlive/texmf-dist/tex/latex/pgf/utilities/pgfkeys.sty
(/usr/share/texlive/texmf-dist/tex/generic/pgf/utilities/pgfkeys.code.tex))
(/usr/share/texlive/texmf-dist/tex/latex/pgf/math/pgfmath.sty
(/usr/share/texlive/texmf-dist/tex/generic/pgf/math/pgfmath.code.tex))
(/usr/share/texlive/texmf-dist/tex/generic/pgf/utilities/pgffor.code.tex
Package: pgffor 2013/12/13 v3.0.1a (rcs-revision 1.25)

(/usr/share/texlive/texmf-dist/tex/generic/pgf/math/pgfmath.code.tex)
\pgffor@iter=\dimen142
\pgffor@skip=\dimen143
\pgffor@stack=\toks27
\pgffor@toks=\toks28
))
(/usr/share/texlive/texmf-dist/tex/generic/pgf/frontendlayer/tikz/tikz.code.tex
Package: tikz 2015/08/07 v3.0.1a (rcs-revision 1.151)

(/usr/share/texlive/texmf-dist/tex/generic/pgf/libraries/pgflibraryplothandlers
.code.tex
File: pgflibraryplothandlers.code.tex 2013/08/31 v3.0.1a (rcs-revision 1.20)
\pgf@plot@mark@count=\count98
\pgfplotmarksize=\dimen144
)
\tikz@lastx=\dimen145
\tikz@lasty=\dimen146
\tikz@lastxsaved=\dimen147
\tikz@lastysaved=\dimen148
\tikzleveldistance=\dimen149
\tikzsiblingdistance=\dimen150
\tikz@figbox=\box33
\tikz@figbox@bg=\box34
\tikz@tempbox=\box35
\tikz@tempbox@bg=\box36
\tikztreelevel=\count99
\tikznumberofchildren=\count100
\tikznumberofcurrentchild=\count101
\tikz@fig@count=\count102

(/usr/share/texlive/texmf-dist/tex/generic/pgf/modules/pgfmodulematrix.code.tex
File: pgfmodulematrix.code.tex 2013/09/17  (rcs-revision 1.8)
\pgfmatrixcurrentrow=\count103
\pgfmatrixcurrentcolumn=\count104
\pgf@matrix@numberofcolumns=\count105
)
\tikz@expandcount=\count106

(/usr/share/texlive/texmf-dist/tex/generic/pgf/frontendlayer/tikz/libraries/tik
zlibrarytopaths.code.tex
File: tikzlibrarytopaths.code.tex 2008/06/17 v3.0.1a (rcs-revision 1.2)
)))
(/usr/share/texlive/texmf-dist/tex/generic/pgf/frontendlayer/tikz/libraries/tik
zlibrarypositioning.code.tex
File: tikzlibrarypositioning.code.tex 2008/10/06 v3.0.1a (rcs-revision 1.7)
)
(/usr/share/texlive/texmf-dist/tex/generic/pgf/frontendlayer/tikz/libraries/tik
zlibraryarrows.code.tex
File: tikzlibraryarrows.code.tex 2008/01/09 v3.0.1a (rcs-revision 1.1)

(/usr/share/texlive/texmf-dist/tex/generic/pgf/libraries/pgflibraryarrows.code.
tex
File: pgflibraryarrows.code.tex 2013/09/23 v3.0.1a (rcs-revision 1.16)
\arrowsize=\dimen151
)) (/usr/share/texlive/texmf-dist/tex/latex/parskip/parskip.sty
Package: parskip 2001/04/09 non-zero parskip adjustments
)
(/usr/share/texlive/texmf-dist/tex/latex/tools/multicol.sty
Package: multicol 2015/08/19 v1.8n multicolumn formatting (FMi)
\c@tracingmulticols=\count107
\mult@box=\box37
\multicol@leftmargin=\dimen152
\c@unbalance=\count108
\c@collectmore=\count109
\doublecol@number=\count110
\multicoltolerance=\count111
\multicolpretolerance=\count112
\full@width=\dimen153
\page@free=\dimen154
\premulticols=\dimen155
\postmulticols=\dimen156
\multicolsep=\skip43
\multicolbaselineskip=\skip44
\partial@page=\box38
\last@line=\box39
\maxbalancingoverflow=\dimen157
\mult@rightbox=\box40
\mult@grightbox=\box41
\mult@gfirstbox=\box42
\mult@firstbox=\box43
\@tempa=\box44
\@tempa=\box45
\@tempa=\box46
\@tempa=\box47
\@tempa=\box48
\@tempa=\box49
\@tempa=\box50
\@tempa=\box51
\@tempa=\box52
\@tempa=\box53
\@tempa=\box54
\@tempa=\box55
\@tempa=\box56
\@tempa=\box57
\@tempa=\box58
\@tempa=\box59
\@tempa=\box60
\c@columnbadness=\count113
\c@finalcolumnbadness=\count114
\last@try=\dimen158
\multicolovershoot=\dimen159
\multicolundershoot=\dimen160
\mult@nat@firstbox=\box61
\colbreak@box=\box62
\mc@col@check@num=\count115
)
(/usr/share/texlive/texmf-dist/tex/latex/mathtools/mathtools.sty
Package: mathtools 2015/11/12 v1.18 mathematical typesetting tools

(/usr/share/texlive/texmf-dist/tex/latex/tools/calc.sty
Package: calc 2014/10/28 v4.3 Infix arithmetic (KKT,FJ)
\calc@Acount=\count116
\calc@Bcount=\count117
\calc@Adimen=\dimen161
\calc@Bdimen=\dimen162
\calc@Askip=\skip45
\calc@Bskip=\skip46
LaTeX Info: Redefining \setlength on input line 80.
LaTeX Info: Redefining \addtolength on input line 81.
\calc@Ccount=\count118
\calc@Cskip=\skip47
)
(/usr/share/texlive/texmf-dist/tex/latex/mathtools/mhsetup.sty
Package: mhsetup 2010/01/21 v1.2a programming setup (MH)
)
(/usr/share/texlive/texmf-dist/tex/latex/amsmath/amsmath.sty
Package: amsmath 2016/03/03 v2.15a AMS math features
\@mathmargin=\skip48

For additional information on amsmath, use the `?' option.
(/usr/share/texlive/texmf-dist/tex/latex/amsmath/amstext.sty
Package: amstext 2000/06/29 v2.01 AMS text

(/usr/share/texlive/texmf-dist/tex/latex/amsmath/amsgen.sty
File: amsgen.sty 1999/11/30 v2.0 generic functions
\@emptytoks=\toks29
\ex@=\dimen163
))
(/usr/share/texlive/texmf-dist/tex/latex/amsmath/amsbsy.sty
Package: amsbsy 1999/11/29 v1.2d Bold Symbols
\pmbraise@=\dimen164
)
(/usr/share/texlive/texmf-dist/tex/latex/amsmath/amsopn.sty
Package: amsopn 1999/12/14 v2.01 operator names
)
\inf@bad=\count119
LaTeX Info: Redefining \frac on input line 199.
\uproot@=\count120
\leftroot@=\count121
LaTeX Info: Redefining \overline on input line 297.
\classnum@=\count122
\DOTSCASE@=\count123
LaTeX Info: Redefining \ldots on input line 394.
LaTeX Info: Redefining \dots on input line 397.
LaTeX Info: Redefining \cdots on input line 518.
\Mathstrutbox@=\box63
\strutbox@=\box64
\big@size=\dimen165
LaTeX Font Info:    Redeclaring font encoding OML on input line 630.
LaTeX Font Info:    Redeclaring font encoding OMS on input line 631.
\macc@depth=\count124
\c@MaxMatrixCols=\count125
\dotsspace@=\muskip10
\c@parentequation=\count126
\dspbrk@lvl=\count127
\tag@help=\toks30
\row@=\count128
\column@=\count129
\maxfields@=\count130
\andhelp@=\toks31
\eqnshift@=\dimen166
\alignsep@=\dimen167
\tagshift@=\dimen168
\tagwidth@=\dimen169
\totwidth@=\dimen170
\lineht@=\dimen171
\@envbody=\toks32
\multlinegap=\skip49
\multlinetaggap=\skip50
\mathdisplay@stack=\toks33
LaTeX Info: Redefining \[ on input line 2735.
LaTeX Info: Redefining \] on input line 2736.
)
LaTeX Info: Thecontrolsequence`\('isalreadyrobust on input line 129.
LaTeX Info: Thecontrolsequence`\)'isalreadyrobust on input line 129.
LaTeX Info: Thecontrolsequence`\['isalreadyrobust on input line 129.
LaTeX Info: Thecontrolsequence`\]'isalreadyrobust on input line 129.
\g_MT_multlinerow_int=\count131
\l_MT_multwidth_dim=\dimen172
\origjot=\skip51
\l_MT_shortvdotswithinadjustabove_dim=\dimen173
\l_MT_shortvdotswithinadjustbelow_dim=\dimen174
\l_MT_above_intertext_sep=\dimen175
\l_MT_below_intertext_sep=\dimen176
\l_MT_above_shortintertext_sep=\dimen177
\l_MT_below_shortintertext_sep=\dimen178
)
(/usr/share/texlive/texmf-dist/tex/latex/base/inputenc.sty
Package: inputenc 2015/03/17 v1.2c Input encoding file
\inpenc@prehook=\toks34
\inpenc@posthook=\toks35

(/usr/share/texlive/texmf-dist/tex/latex/base/utf8.def
File: utf8.def 2015/12/03 v1.1r UTF-8 support for inputenc
Now handling font encoding OML ...
... no UTF-8 mapping file for font encoding OML
Now handling font encoding T1 ...
... processing UTF-8 mapping file for font encoding T1

(/usr/share/texlive/texmf-dist/tex/latex/base/t1enc.dfu
File: t1enc.dfu 2015/12/03 v1.1r UTF-8 support for inputenc
   defining Unicode char U+00A0 (decimal 160)
   defining Unicode char U+00A1 (decimal 161)
   defining Unicode char U+00A3 (decimal 163)
   defining Unicode char U+00AB (decimal 171)
   defining Unicode char U+00AD (decimal 173)
   defining Unicode char U+00BB (decimal 187)
   defining Unicode char U+00BF (decimal 191)
   defining Unicode char U+00C0 (decimal 192)
   defining Unicode char U+00C1 (decimal 193)
   defining Unicode char U+00C2 (decimal 194)
   defining Unicode char U+00C3 (decimal 195)
   defining Unicode char U+00C4 (decimal 196)
   defining Unicode char U+00C5 (decimal 197)
   defining Unicode char U+00C6 (decimal 198)
   defining Unicode char U+00C7 (decimal 199)
   defining Unicode char U+00C8 (decimal 200)
   defining Unicode char U+00C9 (decimal 201)
   defining Unicode char U+00CA (decimal 202)
   defining Unicode char U+00CB (decimal 203)
   defining Unicode char U+00CC (decimal 204)
   defining Unicode char U+00CD (decimal 205)
   defining Unicode char U+00CE (decimal 206)
   defining Unicode char U+00CF (decimal 207)
   defining Unicode char U+00D0 (decimal 208)
   defining Unicode char U+00D1 (decimal 209)
   defining Unicode char U+00D2 (decimal 210)
   defining Unicode char U+00D3 (decimal 211)
   defining Unicode char U+00D4 (decimal 212)
   defining Unicode char U+00D5 (decimal 213)
   defining Unicode char U+00D6 (decimal 214)
   defining Unicode char U+00D8 (decimal 216)
   defining Unicode char U+00D9 (decimal 217)
   defining Unicode char U+00DA (decimal 218)
   defining Unicode char U+00DB (decimal 219)
   defining Unicode char U+00DC (decimal 220)
   defining Unicode char U+00DD (decimal 221)
   defining Unicode char U+00DE (decimal 222)
   defining Unicode char U+00DF (decimal 223)
   defining Unicode char U+00E0 (decimal 224)
   defining Unicode char U+00E1 (decimal 225)
   defining Unicode char U+00E2 (decimal 226)
   defining Unicode char U+00E3 (decimal 227)
   defining Unicode char U+00E4 (decimal 228)
   defining Unicode char U+00E5 (decimal 229)
   defining Unicode char U+00E6 (decimal 230)
   defining Unicode char U+00E7 (decimal 231)
   defining Unicode char U+00E8 (decimal 232)
   defining Unicode char U+00E9 (decimal 233)
   defining Unicode char U+00EA (decimal 234)
   defining Unicode char U+00EB (decimal 235)
   defining Unicode char U+00EC (decimal 236)
   defining Unicode char U+00ED (decimal 237)
   defining Unicode char U+00EE (decimal 238)
   defining Unicode char U+00EF (decimal 239)
   defining Unicode char U+00F0 (decimal 240)
   defining Unicode char U+00F1 (decimal 241)
   defining Unicode char U+00F2 (decimal 242)
   defining Unicode char U+00F3 (decimal 243)
   defining Unicode char U+00F4 (decimal 244)
   defining Unicode char U+00F5 (decimal 245)
   defining Unicode char U+00F6 (decimal 246)
   defining Unicode char U+00F8 (decimal 248)
   defining Unicode char U+00F9 (decimal 249)
   defining Unicode char U+00FA (decimal 250)
   defining Unicode char U+00FB (decimal 251)
   defining Unicode char U+00FC (decimal 252)
   defining Unicode char U+00FD (decimal 253)
   defining Unicode char U+00FE (decimal 254)
   defining Unicode char U+00FF (decimal 255)
   defining Unicode char U+0100 (decimal 256)
   defining Unicode char U+0101 (decimal 257)
   defining Unicode char U+0102 (decimal 258)
   defining Unicode char U+0103 (decimal 259)
   defining Unicode char U+0104 (decimal 260)
   defining Unicode char U+0105 (decimal 261)
   defining Unicode char U+0106 (decimal 262)
   defining Unicode char U+0107 (decimal 263)
   defining Unicode char U+0108 (decimal 264)
   defining Unicode char U+0109 (decimal 265)
   defining Unicode char U+010A (decimal 266)
   defining Unicode char U+010B (decimal 267)
   defining Unicode char U+010C (decimal 268)
   defining Unicode char U+010D (decimal 269)
   defining Unicode char U+010E (decimal 270)
   defining Unicode char U+010F (decimal 271)
   defining Unicode char U+0110 (decimal 272)
   defining Unicode char U+0111 (decimal 273)
   defining Unicode char U+0112 (decimal 274)
   defining Unicode char U+0113 (decimal 275)
   defining Unicode char U+0114 (decimal 276)
   defining Unicode char U+0115 (decimal 277)
   defining Unicode char U+0116 (decimal 278)
   defining Unicode char U+0117 (decimal 279)
   defining Unicode char U+0118 (decimal 280)
   defining Unicode char U+0119 (decimal 281)
   defining Unicode char U+011A (decimal 282)
   defining Unicode char U+011B (decimal 283)
   defining Unicode char U+011C (decimal 284)
   defining Unicode char U+011D (decimal 285)
   defining Unicode char U+011E (decimal 286)
   defining Unicode char U+011F (decimal 287)
   defining Unicode char U+0120 (decimal 288)
   defining Unicode char U+0121 (decimal 289)
   defining Unicode char U+0122 (decimal 290)
   defining Unicode char U+0123 (decimal 291)
   defining Unicode char U+0124 (decimal 292)
   defining Unicode char U+0125 (decimal 293)
   defining Unicode char U+0128 (decimal 296)
   defining Unicode char U+0129 (decimal 297)
   defining Unicode char U+012A (decimal 298)
   defining Unicode char U+012B (decimal 299)
   defining Unicode char U+012C (decimal 300)
   defining Unicode char U+012D (decimal 301)
   defining Unicode char U+012E (decimal 302)
   defining Unicode char U+012F (decimal 303)
   defining Unicode char U+0130 (decimal 304)
   defining Unicode char U+0131 (decimal 305)
   defining Unicode char U+0132 (decimal 306)
   defining Unicode char U+0133 (decimal 307)
   defining Unicode char U+0134 (decimal 308)
   defining Unicode char U+0135 (decimal 309)
   defining Unicode char U+0136 (decimal 310)
   defining Unicode char U+0137 (decimal 311)
   defining Unicode char U+0139 (decimal 313)
   defining Unicode char U+013A (decimal 314)
   defining Unicode char U+013B (decimal 315)
   defining Unicode char U+013C (decimal 316)
   defining Unicode char U+013D (decimal 317)
   defining Unicode char U+013E (decimal 318)
   defining Unicode char U+0141 (decimal 321)
   defining Unicode char U+0142 (decimal 322)
   defining Unicode char U+0143 (decimal 323)
   defining Unicode char U+0144 (decimal 324)
   defining Unicode char U+0145 (decimal 325)
   defining Unicode char U+0146 (decimal 326)
   defining Unicode char U+0147 (decimal 327)
   defining Unicode char U+0148 (decimal 328)
   defining Unicode char U+014A (decimal 330)
   defining Unicode char U+014B (decimal 331)
   defining Unicode char U+014C (decimal 332)
   defining Unicode char U+014D (decimal 333)
   defining Unicode char U+014E (decimal 334)
   defining Unicode char U+014F (decimal 335)
   defining Unicode char U+0150 (decimal 336)
   defining Unicode char U+0151 (decimal 337)
   defining Unicode char U+0152 (decimal 338)
   defining Unicode char U+0153 (decimal 339)
   defining Unicode char U+0154 (decimal 340)
   defining Unicode char U+0155 (decimal 341)
   defining Unicode char U+0156 (decimal 342)
   defining Unicode char U+0157 (decimal 343)
   defining Unicode char U+0158 (decimal 344)
   defining Unicode char U+0159 (decimal 345)
   defining Unicode char U+015A (decimal 346)
   defining Unicode char U+015B (decimal 347)
   defining Unicode char U+015C (decimal 348)
   defining Unicode char U+015D (decimal 349)
   defining Unicode char U+015E (decimal 350)
   defining Unicode char U+015F (decimal 351)
   defining Unicode char U+0160 (decimal 352)
   defining Unicode char U+0161 (decimal 353)
   defining Unicode char U+0162 (decimal 354)
   defining Unicode char U+0163 (decimal 355)
   defining Unicode char U+0164 (decimal 356)
   defining Unicode char U+0165 (decimal 357)
   defining Unicode char U+0168 (decimal 360)
   defining Unicode char U+0169 (decimal 361)
   defining Unicode char U+016A (decimal 362)
   defining Unicode char U+016B (decimal 363)
   defining Unicode char U+016C (decimal 364)
   defining Unicode char U+016D (decimal 365)
   defining Unicode char U+016E (decimal 366)
   defining Unicode char U+016F (decimal 367)
   defining Unicode char U+0170 (decimal 368)
   defining Unicode char U+0171 (decimal 369)
   defining Unicode char U+0172 (decimal 370)
   defining Unicode char U+0173 (decimal 371)
   defining Unicode char U+0174 (decimal 372)
   defining Unicode char U+0175 (decimal 373)
   defining Unicode char U+0176 (decimal 374)
   defining Unicode char U+0177 (decimal 375)
   defining Unicode char U+0178 (decimal 376)
   defining Unicode char U+0179 (decimal 377)
   defining Unicode char U+017A (decimal 378)
   defining Unicode char U+017B (decimal 379)
   defining Unicode char U+017C (decimal 380)
   defining Unicode char U+017D (decimal 381)
   defining Unicode char U+017E (decimal 382)
   defining Unicode char U+01CD (decimal 461)
   defining Unicode char U+01CE (decimal 462)
   defining Unicode char U+01CF (decimal 463)
   defining Unicode char U+01D0 (decimal 464)
   defining Unicode char U+01D1 (decimal 465)
   defining Unicode char U+01D2 (decimal 466)
   defining Unicode char U+01D3 (decimal 467)
   defining Unicode char U+01D4 (decimal 468)
   defining Unicode char U+01E2 (decimal 482)
   defining Unicode char U+01E3 (decimal 483)
   defining Unicode char U+01E6 (decimal 486)
   defining Unicode char U+01E7 (decimal 487)
   defining Unicode char U+01E8 (decimal 488)
   defining Unicode char U+01E9 (decimal 489)
   defining Unicode char U+01EA (decimal 490)
   defining Unicode char U+01EB (decimal 491)
   defining Unicode char U+01F0 (decimal 496)
   defining Unicode char U+01F4 (decimal 500)
   defining Unicode char U+01F5 (decimal 501)
   defining Unicode char U+0218 (decimal 536)
   defining Unicode char U+0219 (decimal 537)
   defining Unicode char U+021A (decimal 538)
   defining Unicode char U+021B (decimal 539)
   defining Unicode char U+01E02 (decimal 7682)
   defining Unicode char U+01E03 (decimal 7683)
   defining Unicode char U+200C (decimal 8204)
   defining Unicode char U+2013 (decimal 8211)
   defining Unicode char U+2014 (decimal 8212)
   defining Unicode char U+2018 (decimal 8216)
   defining Unicode char U+2019 (decimal 8217)
   defining Unicode char U+201A (decimal 8218)
   defining Unicode char U+201C (decimal 8220)
   defining Unicode char U+201D (decimal 8221)
   defining Unicode char U+201E (decimal 8222)
   defining Unicode char U+2030 (decimal 8240)
   defining Unicode char U+2031 (decimal 8241)
   defining Unicode char U+2039 (decimal 8249)
   defining Unicode char U+203A (decimal 8250)
   defining Unicode char U+2423 (decimal 9251)
)
Now handling font encoding OT1 ...
... processing UTF-8 mapping file for font encoding OT1

(/usr/share/texlive/texmf-dist/tex/latex/base/ot1enc.dfu
File: ot1enc.dfu 2015/12/03 v1.1r UTF-8 support for inputenc
   defining Unicode char U+00A0 (decimal 160)
   defining Unicode char U+00A1 (decimal 161)
   defining Unicode char U+00A3 (decimal 163)
   defining Unicode char U+00AD (decimal 173)
   defining Unicode char U+00B8 (decimal 184)
   defining Unicode char U+00BF (decimal 191)
   defining Unicode char U+00C5 (decimal 197)
   defining Unicode char U+00C6 (decimal 198)
   defining Unicode char U+00D8 (decimal 216)
   defining Unicode char U+00DF (decimal 223)
   defining Unicode char U+00E6 (decimal 230)
   defining Unicode char U+00EC (decimal 236)
   defining Unicode char U+00ED (decimal 237)
   defining Unicode char U+00EE (decimal 238)
   defining Unicode char U+00EF (decimal 239)
   defining Unicode char U+00F8 (decimal 248)
   defining Unicode char U+0131 (decimal 305)
   defining Unicode char U+0141 (decimal 321)
   defining Unicode char U+0142 (decimal 322)
   defining Unicode char U+0152 (decimal 338)
   defining Unicode char U+0153 (decimal 339)
   defining Unicode char U+0174 (decimal 372)
   defining Unicode char U+0175 (decimal 373)
   defining Unicode char U+0176 (decimal 374)
   defining Unicode char U+0177 (decimal 375)
   defining Unicode char U+0218 (decimal 536)
   defining Unicode char U+0219 (decimal 537)
   defining Unicode char U+021A (decimal 538)
   defining Unicode char U+021B (decimal 539)
   defining Unicode char U+2013 (decimal 8211)
   defining Unicode char U+2014 (decimal 8212)
   defining Unicode char U+2018 (decimal 8216)
   defining Unicode char U+2019 (decimal 8217)
   defining Unicode char U+201C (decimal 8220)
   defining Unicode char U+201D (decimal 8221)
)
Now handling font encoding OMS ...
... processing UTF-8 mapping file for font encoding OMS

(/usr/share/texlive/texmf-dist/tex/latex/base/omsenc.dfu
File: omsenc.dfu 2015/12/03 v1.1r UTF-8 support for inputenc
   defining Unicode char U+00A7 (decimal 167)
   defining Unicode char U+00B6 (decimal 182)
   defining Unicode char U+00B7 (decimal 183)
   defining Unicode char U+2020 (decimal 8224)
   defining Unicode char U+2021 (decimal 8225)
   defining Unicode char U+2022 (decimal 8226)
)
Now handling font encoding OMX ...
... no UTF-8 mapping file for font encoding OMX
Now handling font encoding U ...
... no UTF-8 mapping file for font encoding U
   defining Unicode char U+00A9 (decimal 169)
   defining Unicode char U+00AA (decimal 170)
   defining Unicode char U+00AE (decimal 174)
   defining Unicode char U+00BA (decimal 186)
   defining Unicode char U+02C6 (decimal 710)
   defining Unicode char U+02DC (decimal 732)
   defining Unicode char U+200C (decimal 8204)
   defining Unicode char U+2026 (decimal 8230)
   defining Unicode char U+2122 (decimal 8482)
   defining Unicode char U+2423 (decimal 9251)
))
(/usr/share/texlive/texmf-dist/tex/latex/oberdiek/listingsutf8.sty
Package: listingsutf8 2011/11/10 v1.2 Allow UTF-8 in listings input (HO)

(/usr/share/texlive/texmf-dist/tex/latex/listings/listings.sty
\lst@mode=\count132
\lst@gtempboxa=\box65
\lst@token=\toks36
\lst@length=\count133
\lst@currlwidth=\dimen179
\lst@column=\count134
\lst@pos=\count135
\lst@lostspace=\dimen180
\lst@width=\dimen181
\lst@newlines=\count136
\lst@lineno=\count137
\lst@maxwidth=\dimen182

(/usr/share/texlive/texmf-dist/tex/latex/listings/lstmisc.sty
File: lstmisc.sty 2015/06/04 1.6 (Carsten Heinz)
\c@lstnumber=\count138
\lst@skipnumbers=\count139
\lst@framebox=\box66
)
(/usr/share/texlive/texmf-dist/tex/latex/listings/listings.cfg
File: listings.cfg 2015/06/04 1.6 listings configuration
))
Package: listings 2015/06/04 1.6 (Carsten Heinz)

(/usr/share/texlive/texmf-dist/tex/generic/oberdiek/pdftexcmds.sty
Package: pdftexcmds 2011/11/29 v0.20 Utility functions of pdfTeX for LuaTeX (HO
)

(/usr/share/texlive/texmf-dist/tex/generic/oberdiek/ifluatex.sty
Package: ifluatex 2010/03/01 v1.3 Provides the ifluatex switch (HO)
Package ifluatex Info: LuaTeX not detected.
)
(/usr/share/texlive/texmf-dist/tex/generic/oberdiek/ifpdf.sty
Package: ifpdf 2011/01/30 v2.3 Provides the ifpdf switch (HO)
Package ifpdf Info: pdfTeX in PDF mode is detected.
)
Package pdftexcmds Info: LuaTeX not detected.
Package pdftexcmds Info: \pdf@primitive is available.
Package pdftexcmds Info: \pdf@ifprimitive is available.
Package pdftexcmds Info: \pdfdraftmode found.
)
(/usr/share/texlive/texmf-dist/tex/generic/oberdiek/stringenc.sty
Package: stringenc 2011/12/02 v1.10 Convert strings between diff. encodings (HO
)

(/usr/share/texlive/texmf-dist/tex/generic/oberdiek/pdfescape.sty
Package: pdfescape 2011/11/25 v1.13 Implements pdfTeX's escape features (HO)
)))
(/usr/share/texlive/texmf-dist/tex/latex/booktabs/booktabs.sty
Package: booktabs 2005/04/14 v1.61803 publication quality tables
\heavyrulewidth=\dimen183
\lightrulewidth=\dimen184
\cmidrulewidth=\dimen185
\belowrulesep=\dimen186
\belowbottomsep=\dimen187
\aboverulesep=\dimen188
\abovetopsep=\dimen189
\cmidrulesep=\dimen190
\cmidrulekern=\dimen191
\defaultaddspace=\dimen192
\@cmidla=\count140
\@cmidlb=\count141
\@aboverulesep=\dimen193
\@belowrulesep=\dimen194
\@thisruleclass=\count142
\@lastruleclass=\count143
\@thisrulewidth=\dimen195
)
(/usr/share/texlive/texmf-dist/tex/latex/amsfonts/amssymb.sty
Package: amssymb 2013/01/14 v3.01 AMS font symbols

(/usr/share/texlive/texmf-dist/tex/latex/amsfonts/amsfonts.sty
Package: amsfonts 2013/01/14 v3.01 Basic AMSFonts support
\symAMSa=\mathgroup4
\symAMSb=\mathgroup5
LaTeX Font Info:    Overwriting math alphabet `\mathfrak' in version `bold'
(Font)                  U/euf/m/n --> U/euf/b/n on input line 106.
))
(/usr/share/texlive/texmf-dist/tex/latex/amscls/amsthm.sty
Package: amsthm 2015/03/04 v2.20.2
\thm@style=\toks37
\thm@bodyfont=\toks38
\thm@headfont=\toks39
\thm@notefont=\toks40
\thm@headpunct=\toks41
\thm@preskip=\skip52
\thm@postskip=\skip53
\thm@headsep=\skip54
\dth@everypar=\toks42
)
(/usr/share/texlive/texmf-dist/tex/latex/jknapltx/mathrsfs.sty
Package: mathrsfs 1996/01/01 Math RSFS package v1.0 (jk)
\symrsfs=\mathgroup6
)
(/usr/share/texlive/texmf-dist/tex/latex/doublestroke/dsfont.sty
Package: dsfont 1995/08/01 v0.1 Double stroke roman fonts
)
(/usr/share/texlive/texmf-dist/tex/latex/mathalfa/mathalfa.sty
Package: mathalfa 2012/07/10 - 1.07mathalfa (License LPPL) Michael Sharpe

(/usr/share/texlive/texmf-dist/tex/latex/xkeyval/xkeyval.sty
Package: xkeyval 2014/12/03 v2.7a package option processing (HA)

(/usr/share/texlive/texmf-dist/tex/generic/xkeyval/xkeyval.tex
(/usr/share/texlive/texmf-dist/tex/generic/xkeyval/xkvutils.tex
\XKV@toks=\toks43
\XKV@tempa@toks=\toks44
)
\XKV@depth=\count144
File: xkeyval.tex 2014/12/03 v2.7a key=value parser (HA)
)))
(/usr/share/texlive/texmf-dist/tex/latex/todonotes/todonotes.sty
Package: todonotes 2015/07/09 .dtx Todonotes source and documentation.
Package: todonotes 2012/07/25

(/usr/share/texlive/texmf-dist/tex/latex/base/ifthen.sty
Package: ifthen 2014/09/29 v1.1c Standard LaTeX ifthen package (DPC)
)
\c@@todonotes@numberoftodonotes=\count145
)
(/usr/share/texlive/texmf-dist/tex/latex/caption/caption.sty
Package: caption 2016/02/21 v3.3-144 Customizing captions (AR)

(/usr/share/texlive/texmf-dist/tex/latex/caption/caption3.sty
Package: caption3 2016/02/04 v1.7-139 caption3 kernel (AR)
Package caption3 Info: TeX engine: e-TeX on input line 67.
\captionmargin=\dimen196
\captionmargin@=\dimen197
\captionwidth=\dimen198
\caption@tempdima=\dimen199
\caption@indent=\dimen256
\caption@parindent=\dimen257
\caption@hangindent=\dimen258
)
\c@ContinuedFloat=\count146
Package caption Info: listings package is loaded.
)
(/usr/share/texlive/texmf-dist/tex/latex/caption/subcaption.sty
Package: subcaption 2016/02/20 v1.1-142 Sub-captions (AR)
\c@subfigure=\count147
\c@subtable=\count148
)
(/usr/share/texlive/texmf-dist/tex/latex/hyperref/hyperref.sty
Package: hyperref 2012/11/06 v6.83m Hypertext links for LaTeX

(/usr/share/texlive/texmf-dist/tex/generic/oberdiek/hobsub-hyperref.sty
Package: hobsub-hyperref 2012/05/28 v1.13 Bundle oberdiek, subset hyperref (HO)


(/usr/share/texlive/texmf-dist/tex/generic/oberdiek/hobsub-generic.sty
Package: hobsub-generic 2012/05/28 v1.13 Bundle oberdiek, subset generic (HO)
Package: hobsub 2012/05/28 v1.13 Construct package bundles (HO)
Package hobsub Info: Skipping package `infwarerr' (already loaded).
Package hobsub Info: Skipping package `ltxcmds' (already loaded).
Package hobsub Info: Skipping package `ifluatex' (already loaded).
Package: ifvtex 2010/03/01 v1.5 Detect VTeX and its facilities (HO)
Package ifvtex Info: VTeX not detected.
Package: intcalc 2007/09/27 v1.1 Expandable calculations with integers (HO)
Package hobsub Info: Skipping package `ifpdf' (already loaded).
Package: etexcmds 2011/02/16 v1.5 Avoid name clashes with e-TeX commands (HO)
Package etexcmds Info: Could not find \expanded.
(etexcmds)             That can mean that you are not using pdfTeX 1.50 or
(etexcmds)             that some package has redefined \expanded.
(etexcmds)             In the latter case, load this package earlier.
Package: kvsetkeys 2012/04/25 v1.16 Key value parser (HO)
Package: kvdefinekeys 2011/04/07 v1.3 Define keys (HO)
Package hobsub Info: Skipping package `pdftexcmds' (already loaded).
Package hobsub Info: Skipping package `pdfescape' (already loaded).
Package: bigintcalc 2012/04/08 v1.3 Expandable calculations on big integers (HO
)
Package: bitset 2011/01/30 v1.1 Handle bit-vector datatype (HO)
Package: uniquecounter 2011/01/30 v1.2 Provide unlimited unique counter (HO)
)
Package hobsub Info: Skipping package `hobsub' (already loaded).
Package: letltxmacro 2010/09/02 v1.4 Let assignment for LaTeX macros (HO)
Package: hopatch 2012/05/28 v1.2 Wrapper for package hooks (HO)
Package: xcolor-patch 2011/01/30 xcolor patch
Package: atveryend 2011/06/30 v1.8 Hooks at the very end of document (HO)
Package atveryend Info: \enddocument detected (standard20110627).
Package: atbegshi 2011/10/05 v1.16 At begin shipout hook (HO)
Package: refcount 2011/10/16 v3.4 Data extraction from label references (HO)
Package: hycolor 2011/01/30 v1.7 Color options for hyperref/bookmark (HO)
)
(/usr/share/texlive/texmf-dist/tex/generic/ifxetex/ifxetex.sty
Package: ifxetex 2010/09/12 v0.6 Provides ifxetex conditional
)
(/usr/share/texlive/texmf-dist/tex/latex/oberdiek/auxhook.sty
Package: auxhook 2011/03/04 v1.3 Hooks for auxiliary files (HO)
)
(/usr/share/texlive/texmf-dist/tex/latex/oberdiek/kvoptions.sty
Package: kvoptions 2011/06/30 v3.11 Key value format for package options (HO)
)
\@linkdim=\dimen259
\Hy@linkcounter=\count149
\Hy@pagecounter=\count150

(/usr/share/texlive/texmf-dist/tex/latex/hyperref/pd1enc.def
File: pd1enc.def 2012/11/06 v6.83m Hyperref: PDFDocEncoding definition (HO)
Now handling font encoding PD1 ...
... no UTF-8 mapping file for font encoding PD1
)
\Hy@SavedSpaceFactor=\count151

(/usr/share/texlive/texmf-dist/tex/latex/latexconfig/hyperref.cfg
File: hyperref.cfg 2002/06/06 v1.2 hyperref configuration of TeXLive
)
Package hyperref Info: Hyper figures OFF on input line 4443.
Package hyperref Info: Link nesting OFF on input line 4448.
Package hyperref Info: Hyper index ON on input line 4451.
Package hyperref Info: Plain pages OFF on input line 4458.
Package hyperref Info: Backreferencing OFF on input line 4463.
Package hyperref Info: Implicit mode ON; LaTeX internals redefined.
Package hyperref Info: Bookmarks ON on input line 4688.
\c@Hy@tempcnt=\count152

(/usr/share/texlive/texmf-dist/tex/latex/url/url.sty
\Urlmuskip=\muskip11
Package: url 2013/09/16  ver 3.4  Verb mode for urls, etc.
)
LaTeX Info: Redefining \url on input line 5041.
\XeTeXLinkMargin=\dimen260
\Fld@menulength=\count153
\Field@Width=\dimen261
\Fld@charsize=\dimen262
Package hyperref Info: Hyper figures OFF on input line 6295.
Package hyperref Info: Link nesting OFF on input line 6300.
Package hyperref Info: Hyper index ON on input line 6303.
Package hyperref Info: backreferencing OFF on input line 6310.
Package hyperref Info: Link coloring OFF on input line 6315.
Package hyperref Info: Link coloring with OCG OFF on input line 6320.
Package hyperref Info: PDF/A mode OFF on input line 6325.
LaTeX Info: Redefining \ref on input line 6365.
LaTeX Info: Redefining \pageref on input line 6369.
\Hy@abspage=\count154
\c@Item=\count155
\c@Hfootnote=\count156
)

Package hyperref Message: Driver (autodetected): hpdftex.

(/usr/share/texlive/texmf-dist/tex/latex/hyperref/hpdftex.def
File: hpdftex.def 2012/11/06 v6.83m Hyperref driver for pdfTeX
\Fld@listcount=\count157
\c@bookmark@seq@number=\count158

(/usr/share/texlive/texmf-dist/tex/latex/oberdiek/rerunfilecheck.sty
Package: rerunfilecheck 2011/04/15 v1.7 Rerun checks for auxiliary files (HO)
Package uniquecounter Info: New unique counter `rerunfilecheck' on input line 2
82.
)
\Hy@SectionHShift=\skip55
)
(/usr/share/texlive/texmf-dist/tex/latex/cleveref/cleveref.sty
Package: cleveref 2013/12/28 v0.19 Intelligent cross-referencing
Package cleveref Info: `hyperref' support loaded on input line 2230.
LaTeX Info: Redefining \cref on input line 2230.
LaTeX Info: Redefining \Cref on input line 2230.
LaTeX Info: Redefining \crefrange on input line 2230.
LaTeX Info: Redefining \Crefrange on input line 2230.
LaTeX Info: Redefining \cpageref on input line 2230.
LaTeX Info: Redefining \Cpageref on input line 2230.
LaTeX Info: Redefining \cpagerefrange on input line 2230.
LaTeX Info: Redefining \Cpagerefrange on input line 2230.
LaTeX Info: Redefining \labelcref on input line 2230.
LaTeX Info: Redefining \labelcpageref on input line 2230.
Package cleveref Info: `amsthm' support loaded on input line 2858.
Package cleveref Info: `listings' support loaded on input line 2950.
)
(/usr/share/texlive/texmf-dist/tex/latex/float/float.sty
Package: float 2001/11/08 v1.3d Float enhancements (AL)
\c@float@type=\count159
\float@exts=\toks45
\float@box=\box67
\@float@everytoks=\toks46
\@floatcapt=\box68
)
(/usr/share/texlive/texmf-dist/tex/latex/stmaryrd/stmaryrd.sty
Package: stmaryrd 1994/03/03 St Mary's Road symbol package
\symstmry=\mathgroup7
LaTeX Font Info:    Overwriting symbol font `stmry' in version `bold'
(Font)                  U/stmry/m/n --> U/stmry/b/n on input line 89.
)
(/usr/share/texlive/texmf-dist/tex/latex/csquotes/csquotes.sty
Package: csquotes 2016/01/31 v5.1g context-sensitive quotations (JAW)

(/usr/share/texlive/texmf-dist/tex/latex/etoolbox/etoolbox.sty
Package: etoolbox 2015/08/02 v2.2a e-TeX tools for LaTeX (JAW)
\etb@tempcnta=\count160
)
\csq@reset=\count161
\csq@gtype=\count162
\csq@glevel=\count163
\csq@qlevel=\count164
\csq@maxlvl=\count165
\csq@tshold=\count166
\csq@ltx@everypar=\toks47

(/usr/share/texlive/texmf-dist/tex/latex/csquotes/csquotes.def
File: csquotes.def 2016/01/31 v5.1g csquotes generic definitions (JAW)
)
Package csquotes Info: Trying to load configuration file 'csquotes.cfg'...
Package csquotes Info: ... configuration file loaded successfully.

(/usr/share/texlive/texmf-dist/tex/latex/csquotes/csquotes.cfg
File: csquotes.cfg 
))
(/usr/share/texlive/texmf-dist/tex/latex/footmisc/footmisc.sty
Package: footmisc 2011/06/06 v5.5b a miscellany of footnote facilities
\FN@temptoken=\toks48
\footnotemargin=\dimen263
\c@pp@next@reset=\count167
Package footmisc Info: Declaring symbol style bringhurst on input line 855.
Package footmisc Info: Declaring symbol style chicago on input line 863.
Package footmisc Info: Declaring symbol style wiley on input line 872.
Package footmisc Info: Declaring symbol style lamport-robust on input line 883.

Package footmisc Info: Declaring symbol style lamport* on input line 903.
Package footmisc Info: Declaring symbol style lamport*-robust on input line 924
.
)
(/usr/share/texlive/texmf-dist/tex/latex/pdfpages/pdfpages.sty
Package: pdfpages 2015/09/18 v0.5d Insert pages of external PDF documents (AM)

(/usr/share/texlive/texmf-dist/tex/latex/eso-pic/eso-pic.sty
Package: eso-pic 2015/07/21 v2.0g eso-pic (RN)
)
\AM@pagewidth=\dimen264
\AM@pageheight=\dimen265

(/usr/share/texlive/texmf-dist/tex/latex/pdfpages/pppdftex.def
File: pppdftex.def 2015/09/18 v0.5d Pdfpages driver for pdfTeX (AM)
)
\AM@pagebox=\box69
\AM@toc@title=\toks49
\c@AM@survey=\count168
\AM@templatesizebox=\box70
)
(/usr/share/texlive/texmf-dist/tex/latex/fancyhdr/fancyhdr.sty
\fancy@headwidth=\skip56
\f@ncyO@elh=\skip57
\f@ncyO@erh=\skip58
\f@ncyO@olh=\skip59
\f@ncyO@orh=\skip60
\f@ncyO@elf=\skip61
\f@ncyO@erf=\skip62
\f@ncyO@olf=\skip63
\f@ncyO@orf=\skip64
)

Package Fancyhdr Warning: \fancyfoot's `E' option without twoside option is use
less on input line 157.

(/usr/share/texlive/texmf-dist/tex/latex/listings/lstlang1.sty
File: lstlang1.sty 2015/06/04 1.6 listings language file
)
Package csquotes Info: Checking for multilingual support...
Package csquotes Info: ... none found.
 (./test.aux)
\openout1 = `test.aux'.

LaTeX Font Info:    Checking defaults for OML/cmm/m/it on input line 161.
LaTeX Font Info:    ... okay on input line 161.
LaTeX Font Info:    Checking defaults for T1/cmr/m/n on input line 161.
LaTeX Font Info:    ... okay on input line 161.
LaTeX Font Info:    Checking defaults for OT1/cmr/m/n on input line 161.
LaTeX Font Info:    ... okay on input line 161.
LaTeX Font Info:    Checking defaults for OMS/cmsy/m/n on input line 161.
LaTeX Font Info:    ... okay on input line 161.
LaTeX Font Info:    Checking defaults for OMX/cmex/m/n on input line 161.
LaTeX Font Info:    ... okay on input line 161.
LaTeX Font Info:    Checking defaults for U/cmr/m/n on input line 161.
LaTeX Font Info:    ... okay on input line 161.
LaTeX Font Info:    Checking defaults for PD1/pdf/m/n on input line 161.
LaTeX Font Info:    ... okay on input line 161.

ABD: EveryShipout initializing macros
(/usr/share/texlive/texmf-dist/tex/context/base/supp-pdf.mkii
[Loading MPS to PDF converter (version 2006.09.02).]
\scratchcounter=\count169
\scratchdimen=\dimen266
\scratchbox=\box71
\nofMPsegments=\count170
\nofMParguments=\count171
\everyMPshowfont=\toks50
\MPscratchCnt=\count172
\MPscratchDim=\dimen267
\MPnumerator=\count173
\makeMPintoPDFobject=\count174
\everyMPtoPDFconversion=\toks51
) (/usr/share/texlive/texmf-dist/tex/latex/oberdiek/epstopdf-base.sty
Package: epstopdf-base 2010/02/09 v2.5 Base part for package epstopdf

(/usr/share/texlive/texmf-dist/tex/latex/oberdiek/grfext.sty
Package: grfext 2010/08/19 v1.1 Manage graphics extensions (HO)
)
Package grfext Info: Graphics extension search list:
(grfext)             [.png,.pdf,.jpg,.mps,.jpeg,.jbig2,.jb2,.PNG,.PDF,.JPG,.JPE
G,.JBIG2,.JB2,.eps]
(grfext)             \AppendGraphicsExtensions on input line 452.

(/usr/share/texlive/texmf-dist/tex/latex/latexconfig/epstopdf-sys.cfg
File: epstopdf-sys.cfg 2010/07/13 v1.3 Configuration of (r)epstopdf for TeX Liv
e
))
\c@lstlisting=\count175
Package caption Info: Begin \AtBeginDocument code.
Package caption Info: float package is loaded.
Package caption Info: hyperref package is loaded.
Package caption Info: End \AtBeginDocument code.
\AtBeginShipoutBox=\box72
Package hyperref Info: Link coloring OFF on input line 161.

(/usr/share/texlive/texmf-dist/tex/latex/hyperref/nameref.sty
Package: nameref 2012/10/27 v2.43 Cross-referencing by name of section

(/usr/share/texlive/texmf-dist/tex/generic/oberdiek/gettitlestring.sty
Package: gettitlestring 2010/12/03 v1.4 Cleanup title references (HO)
)
\c@section@level=\count176
)
LaTeX Info: Redefining \ref on input line 161.
LaTeX Info: Redefining \pageref on input line 161.
LaTeX Info: Redefining \nameref on input line 161.

(./test.out) (./test.out)
\@outlinefile=\write4
\openout4 = `test.out'.


(/usr/share/texlive/texmf-dist/tex/latex/oberdiek/pdflscape.sty
Package: pdflscape 2008/08/11 v0.10 Display of landscape pages in PDF (HO)

(/usr/share/texlive/texmf-dist/tex/latex/graphics/lscape.sty
Package: lscape 2000/10/22 v3.01 Landscape Pages (DPC)
)
Package pdflscape Info: Auto-detected driver: pdftex on input line 80.
)
LaTeX Font Info:    Try loading font information for U+msa on input line 166.

(/usr/share/texlive/texmf-dist/tex/latex/amsfonts/umsa.fd
File: umsa.fd 2013/01/14 v3.01 AMS symbols A
)
LaTeX Font Info:    Try loading font information for U+msb on input line 166.

(/usr/share/texlive/texmf-dist/tex/latex/amsfonts/umsb.fd
File: umsb.fd 2013/01/14 v3.01 AMS symbols B
)
LaTeX Font Info:    Try loading font information for U+rsfs on input line 166.

(/usr/share/texlive/texmf-dist/tex/latex/jknapltx/ursfs.fd
File: ursfs.fd 1998/03/24 rsfs font definition file (jk)
)
LaTeX Font Info:    Try loading font information for U+stmry on input line 166.


(/usr/share/texlive/texmf-dist/tex/latex/stmaryrd/Ustmry.fd) (./test.toc
Overfull \hbox (2.93031pt too wide) in paragraph at lines 5--5
 [] [][]\OT1/cmr/bx/n/10 ``Decision Mak-ing Un-der Un-cer-tainty and Re-in-forc
e-ment Learn- 
 []

)
\tf@toc=\write5
\openout5 = `test.toc'.

 [1

{/var/lib/texmf/fonts/map/pdftex/updmap/pdftex.map}] [2

]
<1-course_notes.pdf, id=55, 597.51233pt x 845.0471pt>
File: 1-course_notes.pdf Graphic file (type pdf)
 <use 1-course_notes.pdf>
Package pdftex.def Info: 1-course_notes.pdf used on input line 172.
(pdftex.def)             Requested size: 597.51086pt x 845.04504pt.
File: 1-course_notes.pdf Graphic file (type pdf)

<use 1-course_notes.pdf>
Package pdftex.def Info: 1-course_notes.pdf used on input line 172.
(pdftex.def)             Requested size: 597.51086pt x 845.04504pt.

<1-course_notes.pdf, id=58, page=1, 597.51233pt x 845.0471pt>
File: 1-course_notes.pdf Graphic file (type pdf)

<use 1-course_notes.pdf, page 1>
Package pdftex.def Info: 1-course_notes.pdf, page1 used on input line 172.
(pdftex.def)             Requested size: 597.51086pt x 845.04504pt.
File: 1-course_notes.pdf Graphic file (type pdf)
 <use 1-course_notes.pdf, page 1>
Package pdftex.def Info: 1-course_notes.pdf, page1 used on input line 172.
(pdftex.def)             Requested size: 597.53821pt x 845.08372pt.
File: 1-course_notes.pdf Graphic file (type pdf)

<use 1-course_notes.pdf, page 1>
Package pdftex.def Info: 1-course_notes.pdf, page1 used on input line 172.
(pdftex.def)             Requested size: 597.53821pt x 845.08372pt.
File: 1-course_notes.pdf Graphic file (type pdf)
 <use 1-course_notes.pdf, page 1>
Package pdftex.def Info: 1-course_notes.pdf, page1 used on input line 172.
(pdftex.def)             Requested size: 597.53821pt x 845.08372pt.
File: 1-course_notes.pdf Graphic file (type pdf)

<use 1-course_notes.pdf, page 1>
Package pdftex.def Info: 1-course_notes.pdf, page1 used on input line 172.
(pdftex.def)             Requested size: 597.53821pt x 845.08372pt.
 [3

 <./1-course_notes.pdf>]
<1-course_notes.pdf, id=85, page=2, 597.51233pt x 845.0471pt>
File: 1-course_notes.pdf Graphic file (type pdf)

<use 1-course_notes.pdf, page 2>
Package pdftex.def Info: 1-course_notes.pdf, page2 used on input line 172.
(pdftex.def)             Requested size: 597.53821pt x 845.08372pt.
File: 1-course_notes.pdf Graphic file (type pdf)
 <use 1-course_notes.pdf, page 2>
Package pdftex.def Info: 1-course_notes.pdf, page2 used on input line 172.
(pdftex.def)             Requested size: 597.53821pt x 845.08372pt.
File: 1-course_notes.pdf Graphic file (type pdf)

<use 1-course_notes.pdf, page 2>
Package pdftex.def Info: 1-course_notes.pdf, page2 used on input line 172.
(pdftex.def)             Requested size: 597.53821pt x 845.08372pt.
 [4 <./1-course_notes.pdf>]
<1-course_notes.pdf, id=90, page=3, 597.51233pt x 845.0471pt>
File: 1-course_notes.pdf Graphic file (type pdf)

<use 1-course_notes.pdf, page 3>
Package pdftex.def Info: 1-course_notes.pdf, page3 used on input line 172.
(pdftex.def)             Requested size: 597.53821pt x 845.08372pt.
File: 1-course_notes.pdf Graphic file (type pdf)
 <use 1-course_notes.pdf, page 3>
Package pdftex.def Info: 1-course_notes.pdf, page3 used on input line 172.
(pdftex.def)             Requested size: 597.53821pt x 845.08372pt.
File: 1-course_notes.pdf Graphic file (type pdf)

<use 1-course_notes.pdf, page 3>
Package pdftex.def Info: 1-course_notes.pdf, page3 used on input line 172.
(pdftex.def)             Requested size: 597.53821pt x 845.08372pt.
 [5 <./1-course_notes.pdf>]
<1-course_notes.pdf, id=115, page=4, 597.51233pt x 845.0471pt>
File: 1-course_notes.pdf Graphic file (type pdf)

<use 1-course_notes.pdf, page 4>
Package pdftex.def Info: 1-course_notes.pdf, page4 used on input line 172.
(pdftex.def)             Requested size: 597.53821pt x 845.08372pt.
File: 1-course_notes.pdf Graphic file (type pdf)
 <use 1-course_notes.pdf, page 4>
Package pdftex.def Info: 1-course_notes.pdf, page4 used on input line 172.
(pdftex.def)             Requested size: 597.53821pt x 845.08372pt.
File: 1-course_notes.pdf Graphic file (type pdf)

<use 1-course_notes.pdf, page 4>
Package pdftex.def Info: 1-course_notes.pdf, page4 used on input line 172.
(pdftex.def)             Requested size: 597.53821pt x 845.08372pt.
 [6 <./1-course_notes.pdf>]
<1-course_notes.pdf, id=127, page=5, 597.51233pt x 845.0471pt>
File: 1-course_notes.pdf Graphic file (type pdf)

<use 1-course_notes.pdf, page 5>
Package pdftex.def Info: 1-course_notes.pdf, page5 used on input line 172.
(pdftex.def)             Requested size: 597.53821pt x 845.08372pt.
File: 1-course_notes.pdf Graphic file (type pdf)
 <use 1-course_notes.pdf, page 5>
Package pdftex.def Info: 1-course_notes.pdf, page5 used on input line 172.
(pdftex.def)             Requested size: 597.53821pt x 845.08372pt.
File: 1-course_notes.pdf Graphic file (type pdf)

<use 1-course_notes.pdf, page 5>
Package pdftex.def Info: 1-course_notes.pdf, page5 used on input line 172.
(pdftex.def)             Requested size: 597.53821pt x 845.08372pt.
 [7 <./1-course_notes.pdf>]
<1-course_notes.pdf, id=133, page=6, 597.51233pt x 845.0471pt>
File: 1-course_notes.pdf Graphic file (type pdf)

<use 1-course_notes.pdf, page 6>
Package pdftex.def Info: 1-course_notes.pdf, page6 used on input line 172.
(pdftex.def)             Requested size: 597.53821pt x 845.08372pt.
File: 1-course_notes.pdf Graphic file (type pdf)
 <use 1-course_notes.pdf, page 6>
Package pdftex.def Info: 1-course_notes.pdf, page6 used on input line 172.
(pdftex.def)             Requested size: 597.53821pt x 845.08372pt.
File: 1-course_notes.pdf Graphic file (type pdf)

<use 1-course_notes.pdf, page 6>
Package pdftex.def Info: 1-course_notes.pdf, page6 used on input line 172.
(pdftex.def)             Requested size: 597.53821pt x 845.08372pt.
 [8 <./1-course_notes.pdf>]
<1-course_notes.pdf, id=145, page=7, 597.51233pt x 845.0471pt>
File: 1-course_notes.pdf Graphic file (type pdf)

<use 1-course_notes.pdf, page 7>
Package pdftex.def Info: 1-course_notes.pdf, page7 used on input line 172.
(pdftex.def)             Requested size: 597.53821pt x 845.08372pt.
File: 1-course_notes.pdf Graphic file (type pdf)
 <use 1-course_notes.pdf, page 7>
Package pdftex.def Info: 1-course_notes.pdf, page7 used on input line 172.
(pdftex.def)             Requested size: 597.53821pt x 845.08372pt.
File: 1-course_notes.pdf Graphic file (type pdf)

<use 1-course_notes.pdf, page 7>
Package pdftex.def Info: 1-course_notes.pdf, page7 used on input line 172.
(pdftex.def)             Requested size: 597.53821pt x 845.08372pt.
 [9 <./1-course_notes.pdf>]
<1-course_notes.pdf, id=153, page=8, 597.51233pt x 845.0471pt>
File: 1-course_notes.pdf Graphic file (type pdf)

<use 1-course_notes.pdf, page 8>
Package pdftex.def Info: 1-course_notes.pdf, page8 used on input line 172.
(pdftex.def)             Requested size: 597.53821pt x 845.08372pt.
File: 1-course_notes.pdf Graphic file (type pdf)
 <use 1-course_notes.pdf, page 8>
Package pdftex.def Info: 1-course_notes.pdf, page8 used on input line 172.
(pdftex.def)             Requested size: 597.53821pt x 845.08372pt.
File: 1-course_notes.pdf Graphic file (type pdf)

<use 1-course_notes.pdf, page 8>
Package pdftex.def Info: 1-course_notes.pdf, page8 used on input line 172.
(pdftex.def)             Requested size: 597.53821pt x 845.08372pt.
 [10 <./1-course_notes.pdf>]
<1-course_notes.pdf, id=183, page=9, 597.51233pt x 845.0471pt>
File: 1-course_notes.pdf Graphic file (type pdf)

<use 1-course_notes.pdf, page 9>
Package pdftex.def Info: 1-course_notes.pdf, page9 used on input line 172.
(pdftex.def)             Requested size: 597.53821pt x 845.08372pt.
File: 1-course_notes.pdf Graphic file (type pdf)
 <use 1-course_notes.pdf, page 9>
Package pdftex.def Info: 1-course_notes.pdf, page9 used on input line 172.
(pdftex.def)             Requested size: 597.53821pt x 845.08372pt.
File: 1-course_notes.pdf Graphic file (type pdf)

<use 1-course_notes.pdf, page 9>
Package pdftex.def Info: 1-course_notes.pdf, page9 used on input line 172.
(pdftex.def)             Requested size: 597.53821pt x 845.08372pt.
 [11 <./1-course_notes.pdf>]
<1-course_notes.pdf, id=191, page=10, 597.51233pt x 845.0471pt>
File: 1-course_notes.pdf Graphic file (type pdf)

<use 1-course_notes.pdf, page 10>
Package pdftex.def Info: 1-course_notes.pdf, page10 used on input line 172.
(pdftex.def)             Requested size: 597.53821pt x 845.08372pt.
File: 1-course_notes.pdf Graphic file (type pdf)
 <use 1-course_notes.pdf, page 10>
Package pdftex.def Info: 1-course_notes.pdf, page10 used on input line 172.
(pdftex.def)             Requested size: 597.53821pt x 845.08372pt.
File: 1-course_notes.pdf Graphic file (type pdf)

<use 1-course_notes.pdf, page 10>
Package pdftex.def Info: 1-course_notes.pdf, page10 used on input line 172.
(pdftex.def)             Requested size: 597.53821pt x 845.08372pt.
 [12 <./1-course_notes.pdf>]
<1-course_notes.pdf, id=198, page=11, 597.51233pt x 845.0471pt>
File: 1-course_notes.pdf Graphic file (type pdf)

<use 1-course_notes.pdf, page 11>
Package pdftex.def Info: 1-course_notes.pdf, page11 used on input line 172.
(pdftex.def)             Requested size: 597.53821pt x 845.08372pt.
File: 1-course_notes.pdf Graphic file (type pdf)
 <use 1-course_notes.pdf, page 11>
Package pdftex.def Info: 1-course_notes.pdf, page11 used on input line 172.
(pdftex.def)             Requested size: 597.53821pt x 845.08372pt.
File: 1-course_notes.pdf Graphic file (type pdf)

<use 1-course_notes.pdf, page 11>
Package pdftex.def Info: 1-course_notes.pdf, page11 used on input line 172.
(pdftex.def)             Requested size: 597.53821pt x 845.08372pt.
 [13 <./1-course_notes.pdf>]
<1-course_notes.pdf, id=205, page=12, 597.51233pt x 845.0471pt>
File: 1-course_notes.pdf Graphic file (type pdf)

<use 1-course_notes.pdf, page 12>
Package pdftex.def Info: 1-course_notes.pdf, page12 used on input line 172.
(pdftex.def)             Requested size: 597.53821pt x 845.08372pt.
File: 1-course_notes.pdf Graphic file (type pdf)
 <use 1-course_notes.pdf, page 12>
Package pdftex.def Info: 1-course_notes.pdf, page12 used on input line 172.
(pdftex.def)             Requested size: 597.53821pt x 845.08372pt.
File: 1-course_notes.pdf Graphic file (type pdf)

<use 1-course_notes.pdf, page 12>
Package pdftex.def Info: 1-course_notes.pdf, page12 used on input line 172.
(pdftex.def)             Requested size: 597.53821pt x 845.08372pt.
 [14 <./1-course_notes.pdf>]
<1-course_notes.pdf, id=213, page=13, 597.51233pt x 845.0471pt>
File: 1-course_notes.pdf Graphic file (type pdf)

<use 1-course_notes.pdf, page 13>
Package pdftex.def Info: 1-course_notes.pdf, page13 used on input line 172.
(pdftex.def)             Requested size: 597.53821pt x 845.08372pt.
File: 1-course_notes.pdf Graphic file (type pdf)
 <use 1-course_notes.pdf, page 13>
Package pdftex.def Info: 1-course_notes.pdf, page13 used on input line 172.
(pdftex.def)             Requested size: 597.53821pt x 845.08372pt.
File: 1-course_notes.pdf Graphic file (type pdf)

<use 1-course_notes.pdf, page 13>
Package pdftex.def Info: 1-course_notes.pdf, page13 used on input line 172.
(pdftex.def)             Requested size: 597.53821pt x 845.08372pt.
 [15 <./1-course_notes.pdf>]
<1-course_notes.pdf, id=222, page=14, 597.51233pt x 845.0471pt>
File: 1-course_notes.pdf Graphic file (type pdf)

<use 1-course_notes.pdf, page 14>
Package pdftex.def Info: 1-course_notes.pdf, page14 used on input line 172.
(pdftex.def)             Requested size: 597.53821pt x 845.08372pt.
File: 1-course_notes.pdf Graphic file (type pdf)
 <use 1-course_notes.pdf, page 14>
Package pdftex.def Info: 1-course_notes.pdf, page14 used on input line 172.
(pdftex.def)             Requested size: 597.53821pt x 845.08372pt.
File: 1-course_notes.pdf Graphic file (type pdf)

<use 1-course_notes.pdf, page 14>
Package pdftex.def Info: 1-course_notes.pdf, page14 used on input line 172.
(pdftex.def)             Requested size: 597.53821pt x 845.08372pt.
 [16 <./1-course_notes.pdf>]
<1-course_notes.pdf, id=227, page=15, 597.51233pt x 845.0471pt>
File: 1-course_notes.pdf Graphic file (type pdf)

<use 1-course_notes.pdf, page 15>
Package pdftex.def Info: 1-course_notes.pdf, page15 used on input line 172.
(pdftex.def)             Requested size: 597.53821pt x 845.08372pt.
File: 1-course_notes.pdf Graphic file (type pdf)
 <use 1-course_notes.pdf, page 15>
Package pdftex.def Info: 1-course_notes.pdf, page15 used on input line 172.
(pdftex.def)             Requested size: 597.53821pt x 845.08372pt.
File: 1-course_notes.pdf Graphic file (type pdf)

<use 1-course_notes.pdf, page 15>
Package pdftex.def Info: 1-course_notes.pdf, page15 used on input line 172.
(pdftex.def)             Requested size: 597.53821pt x 845.08372pt.
 [17 <./1-course_notes.pdf>]
<1-course_notes.pdf, id=238, page=16, 597.51233pt x 845.0471pt>
File: 1-course_notes.pdf Graphic file (type pdf)

<use 1-course_notes.pdf, page 16>
Package pdftex.def Info: 1-course_notes.pdf, page16 used on input line 172.
(pdftex.def)             Requested size: 597.53821pt x 845.08372pt.
File: 1-course_notes.pdf Graphic file (type pdf)
 <use 1-course_notes.pdf, page 16>
Package pdftex.def Info: 1-course_notes.pdf, page16 used on input line 172.
(pdftex.def)             Requested size: 597.53821pt x 845.08372pt.
File: 1-course_notes.pdf Graphic file (type pdf)

<use 1-course_notes.pdf, page 16>
Package pdftex.def Info: 1-course_notes.pdf, page16 used on input line 172.
(pdftex.def)             Requested size: 597.53821pt x 845.08372pt.
 [18 <./1-course_notes.pdf>]
<1-course_notes.pdf, id=243, page=17, 597.51233pt x 845.0471pt>
File: 1-course_notes.pdf Graphic file (type pdf)

<use 1-course_notes.pdf, page 17>
Package pdftex.def Info: 1-course_notes.pdf, page17 used on input line 172.
(pdftex.def)             Requested size: 597.53821pt x 845.08372pt.
File: 1-course_notes.pdf Graphic file (type pdf)
 <use 1-course_notes.pdf, page 17>
Package pdftex.def Info: 1-course_notes.pdf, page17 used on input line 172.
(pdftex.def)             Requested size: 597.53821pt x 845.08372pt.
File: 1-course_notes.pdf Graphic file (type pdf)

<use 1-course_notes.pdf, page 17>
Package pdftex.def Info: 1-course_notes.pdf, page17 used on input line 172.
(pdftex.def)             Requested size: 597.53821pt x 845.08372pt.
 [19 <./1-course_notes.pdf>]
<1-course_notes.pdf, id=249, page=18, 597.51233pt x 845.0471pt>
File: 1-course_notes.pdf Graphic file (type pdf)

<use 1-course_notes.pdf, page 18>
Package pdftex.def Info: 1-course_notes.pdf, page18 used on input line 172.
(pdftex.def)             Requested size: 597.53821pt x 845.08372pt.
File: 1-course_notes.pdf Graphic file (type pdf)
 <use 1-course_notes.pdf, page 18>
Package pdftex.def Info: 1-course_notes.pdf, page18 used on input line 172.
(pdftex.def)             Requested size: 597.53821pt x 845.08372pt.
File: 1-course_notes.pdf Graphic file (type pdf)

<use 1-course_notes.pdf, page 18>
Package pdftex.def Info: 1-course_notes.pdf, page18 used on input line 172.
(pdftex.def)             Requested size: 597.53821pt x 845.08372pt.
 [20 <./1-course_notes.pdf>]
<1-course_notes.pdf, id=254, page=19, 597.51233pt x 845.0471pt>
File: 1-course_notes.pdf Graphic file (type pdf)

<use 1-course_notes.pdf, page 19>
Package pdftex.def Info: 1-course_notes.pdf, page19 used on input line 172.
(pdftex.def)             Requested size: 597.53821pt x 845.08372pt.
File: 1-course_notes.pdf Graphic file (type pdf)
 <use 1-course_notes.pdf, page 19>
Package pdftex.def Info: 1-course_notes.pdf, page19 used on input line 172.
(pdftex.def)             Requested size: 597.53821pt x 845.08372pt.
File: 1-course_notes.pdf Graphic file (type pdf)

<use 1-course_notes.pdf, page 19>
Package pdftex.def Info: 1-course_notes.pdf, page19 used on input line 172.
(pdftex.def)             Requested size: 597.53821pt x 845.08372pt.
 [21 <./1-course_notes.pdf>]
<1-course_notes.pdf, id=311, page=20, 597.51233pt x 845.0471pt>
File: 1-course_notes.pdf Graphic file (type pdf)

<use 1-course_notes.pdf, page 20>
Package pdftex.def Info: 1-course_notes.pdf, page20 used on input line 172.
(pdftex.def)             Requested size: 597.53821pt x 845.08372pt.
File: 1-course_notes.pdf Graphic file (type pdf)
 <use 1-course_notes.pdf, page 20>
Package pdftex.def Info: 1-course_notes.pdf, page20 used on input line 172.
(pdftex.def)             Requested size: 597.53821pt x 845.08372pt.
File: 1-course_notes.pdf Graphic file (type pdf)

<use 1-course_notes.pdf, page 20>
Package pdftex.def Info: 1-course_notes.pdf, page20 used on input line 172.
(pdftex.def)             Requested size: 597.53821pt x 845.08372pt.
 [22 <./1-course_notes.pdf>]
<1-course_notes.pdf, id=326, page=21, 597.51233pt x 845.0471pt>
File: 1-course_notes.pdf Graphic file (type pdf)

<use 1-course_notes.pdf, page 21>
Package pdftex.def Info: 1-course_notes.pdf, page21 used on input line 172.
(pdftex.def)             Requested size: 597.53821pt x 845.08372pt.
File: 1-course_notes.pdf Graphic file (type pdf)
 <use 1-course_notes.pdf, page 21>
Package pdftex.def Info: 1-course_notes.pdf, page21 used on input line 172.
(pdftex.def)             Requested size: 597.53821pt x 845.08372pt.
File: 1-course_notes.pdf Graphic file (type pdf)

<use 1-course_notes.pdf, page 21>
Package pdftex.def Info: 1-course_notes.pdf, page21 used on input line 172.
(pdftex.def)             Requested size: 597.53821pt x 845.08372pt.
 [23 <./1-course_notes.pdf>]
<1-course_notes.pdf, id=331, page=22, 597.51233pt x 845.0471pt>
File: 1-course_notes.pdf Graphic file (type pdf)

<use 1-course_notes.pdf, page 22>
Package pdftex.def Info: 1-course_notes.pdf, page22 used on input line 172.
(pdftex.def)             Requested size: 597.53821pt x 845.08372pt.
File: 1-course_notes.pdf Graphic file (type pdf)
 <use 1-course_notes.pdf, page 22>
Package pdftex.def Info: 1-course_notes.pdf, page22 used on input line 172.
(pdftex.def)             Requested size: 597.53821pt x 845.08372pt.
File: 1-course_notes.pdf Graphic file (type pdf)

<use 1-course_notes.pdf, page 22>
Package pdftex.def Info: 1-course_notes.pdf, page22 used on input line 172.
(pdftex.def)             Requested size: 597.53821pt x 845.08372pt.
 [24 <./1-course_notes.pdf>]
<1-course_notes.pdf, id=336, page=23, 597.51233pt x 845.0471pt>
File: 1-course_notes.pdf Graphic file (type pdf)

<use 1-course_notes.pdf, page 23>
Package pdftex.def Info: 1-course_notes.pdf, page23 used on input line 172.
(pdftex.def)             Requested size: 597.53821pt x 845.08372pt.
File: 1-course_notes.pdf Graphic file (type pdf)
 <use 1-course_notes.pdf, page 23>
Package pdftex.def Info: 1-course_notes.pdf, page23 used on input line 172.
(pdftex.def)             Requested size: 597.53821pt x 845.08372pt.
File: 1-course_notes.pdf Graphic file (type pdf)

<use 1-course_notes.pdf, page 23>
Package pdftex.def Info: 1-course_notes.pdf, page23 used on input line 172.
(pdftex.def)             Requested size: 597.53821pt x 845.08372pt.
 [25 <./1-course_notes.pdf>]
<1-course_notes.pdf, id=342, page=24, 597.51233pt x 845.0471pt>
File: 1-course_notes.pdf Graphic file (type pdf)

<use 1-course_notes.pdf, page 24>
Package pdftex.def Info: 1-course_notes.pdf, page24 used on input line 172.
(pdftex.def)             Requested size: 597.53821pt x 845.08372pt.
File: 1-course_notes.pdf Graphic file (type pdf)
 <use 1-course_notes.pdf, page 24>
Package pdftex.def Info: 1-course_notes.pdf, page24 used on input line 172.
(pdftex.def)             Requested size: 597.53821pt x 845.08372pt.
File: 1-course_notes.pdf Graphic file (type pdf)

<use 1-course_notes.pdf, page 24>
Package pdftex.def Info: 1-course_notes.pdf, page24 used on input line 172.
(pdftex.def)             Requested size: 597.53821pt x 845.08372pt.
 [26 <./1-course_notes.pdf>]
<1-course_notes.pdf, id=349, page=25, 597.51233pt x 845.0471pt>
File: 1-course_notes.pdf Graphic file (type pdf)

<use 1-course_notes.pdf, page 25>
Package pdftex.def Info: 1-course_notes.pdf, page25 used on input line 172.
(pdftex.def)             Requested size: 597.53821pt x 845.08372pt.
File: 1-course_notes.pdf Graphic file (type pdf)
 <use 1-course_notes.pdf, page 25>
Package pdftex.def Info: 1-course_notes.pdf, page25 used on input line 172.
(pdftex.def)             Requested size: 597.53821pt x 845.08372pt.
File: 1-course_notes.pdf Graphic file (type pdf)

<use 1-course_notes.pdf, page 25>
Package pdftex.def Info: 1-course_notes.pdf, page25 used on input line 172.
(pdftex.def)             Requested size: 597.53821pt x 845.08372pt.
 [27 <./1-course_notes.pdf>]
<1-course_notes.pdf, id=354, page=26, 597.51233pt x 845.0471pt>
File: 1-course_notes.pdf Graphic file (type pdf)

<use 1-course_notes.pdf, page 26>
Package pdftex.def Info: 1-course_notes.pdf, page26 used on input line 172.
(pdftex.def)             Requested size: 597.53821pt x 845.08372pt.
File: 1-course_notes.pdf Graphic file (type pdf)
 <use 1-course_notes.pdf, page 26>
Package pdftex.def Info: 1-course_notes.pdf, page26 used on input line 172.
(pdftex.def)             Requested size: 597.53821pt x 845.08372pt.
File: 1-course_notes.pdf Graphic file (type pdf)

<use 1-course_notes.pdf, page 26>
Package pdftex.def Info: 1-course_notes.pdf, page26 used on input line 172.
(pdftex.def)             Requested size: 597.53821pt x 845.08372pt.
 [28 <./1-course_notes.pdf>]
<1-course_notes.pdf, id=371, page=27, 597.51233pt x 845.0471pt>
File: 1-course_notes.pdf Graphic file (type pdf)

<use 1-course_notes.pdf, page 27>
Package pdftex.def Info: 1-course_notes.pdf, page27 used on input line 172.
(pdftex.def)             Requested size: 597.53821pt x 845.08372pt.
File: 1-course_notes.pdf Graphic file (type pdf)
 <use 1-course_notes.pdf, page 27>
Package pdftex.def Info: 1-course_notes.pdf, page27 used on input line 172.
(pdftex.def)             Requested size: 597.53821pt x 845.08372pt.
File: 1-course_notes.pdf Graphic file (type pdf)

<use 1-course_notes.pdf, page 27>
Package pdftex.def Info: 1-course_notes.pdf, page27 used on input line 172.
(pdftex.def)             Requested size: 597.53821pt x 845.08372pt.
 [29 <./1-course_notes.pdf>]
<1-course_notes.pdf, id=399, page=28, 597.51233pt x 845.0471pt>
File: 1-course_notes.pdf Graphic file (type pdf)

<use 1-course_notes.pdf, page 28>
Package pdftex.def Info: 1-course_notes.pdf, page28 used on input line 172.
(pdftex.def)             Requested size: 597.53821pt x 845.08372pt.
File: 1-course_notes.pdf Graphic file (type pdf)
 <use 1-course_notes.pdf, page 28>
Package pdftex.def Info: 1-course_notes.pdf, page28 used on input line 172.
(pdftex.def)             Requested size: 597.53821pt x 845.08372pt.
File: 1-course_notes.pdf Graphic file (type pdf)

<use 1-course_notes.pdf, page 28>
Package pdftex.def Info: 1-course_notes.pdf, page28 used on input line 172.
(pdftex.def)             Requested size: 597.53821pt x 845.08372pt.
 [30 <./1-course_notes.pdf>]
<1-course_notes.pdf, id=404, page=29, 597.51233pt x 845.0471pt>
File: 1-course_notes.pdf Graphic file (type pdf)

<use 1-course_notes.pdf, page 29>
Package pdftex.def Info: 1-course_notes.pdf, page29 used on input line 172.
(pdftex.def)             Requested size: 597.53821pt x 845.08372pt.
File: 1-course_notes.pdf Graphic file (type pdf)
 <use 1-course_notes.pdf, page 29>
Package pdftex.def Info: 1-course_notes.pdf, page29 used on input line 172.
(pdftex.def)             Requested size: 597.53821pt x 845.08372pt.
File: 1-course_notes.pdf Graphic file (type pdf)

<use 1-course_notes.pdf, page 29>
Package pdftex.def Info: 1-course_notes.pdf, page29 used on input line 172.
(pdftex.def)             Requested size: 597.53821pt x 845.08372pt.
 [31 <./1-course_notes.pdf>]
<1-course_notes.pdf, id=410, page=30, 597.51233pt x 845.0471pt>
File: 1-course_notes.pdf Graphic file (type pdf)

<use 1-course_notes.pdf, page 30>
Package pdftex.def Info: 1-course_notes.pdf, page30 used on input line 172.
(pdftex.def)             Requested size: 597.53821pt x 845.08372pt.
File: 1-course_notes.pdf Graphic file (type pdf)
 <use 1-course_notes.pdf, page 30>
Package pdftex.def Info: 1-course_notes.pdf, page30 used on input line 172.
(pdftex.def)             Requested size: 597.53821pt x 845.08372pt.
File: 1-course_notes.pdf Graphic file (type pdf)

<use 1-course_notes.pdf, page 30>
Package pdftex.def Info: 1-course_notes.pdf, page30 used on input line 172.
(pdftex.def)             Requested size: 597.53821pt x 845.08372pt.
 [32 <./1-course_notes.pdf>]
<1-course_notes.pdf, id=415, page=31, 597.51233pt x 845.0471pt>
File: 1-course_notes.pdf Graphic file (type pdf)

<use 1-course_notes.pdf, page 31>
Package pdftex.def Info: 1-course_notes.pdf, page31 used on input line 172.
(pdftex.def)             Requested size: 597.53821pt x 845.08372pt.
File: 1-course_notes.pdf Graphic file (type pdf)
 <use 1-course_notes.pdf, page 31>
Package pdftex.def Info: 1-course_notes.pdf, page31 used on input line 172.
(pdftex.def)             Requested size: 597.53821pt x 845.08372pt.
File: 1-course_notes.pdf Graphic file (type pdf)

<use 1-course_notes.pdf, page 31>
Package pdftex.def Info: 1-course_notes.pdf, page31 used on input line 172.
(pdftex.def)             Requested size: 597.53821pt x 845.08372pt.
 [33 <./1-course_notes.pdf>]
<1-course_notes.pdf, id=420, page=32, 597.51233pt x 845.0471pt>
File: 1-course_notes.pdf Graphic file (type pdf)

<use 1-course_notes.pdf, page 32>
Package pdftex.def Info: 1-course_notes.pdf, page32 used on input line 172.
(pdftex.def)             Requested size: 597.53821pt x 845.08372pt.
File: 1-course_notes.pdf Graphic file (type pdf)
 <use 1-course_notes.pdf, page 32>
Package pdftex.def Info: 1-course_notes.pdf, page32 used on input line 172.
(pdftex.def)             Requested size: 597.53821pt x 845.08372pt.
File: 1-course_notes.pdf Graphic file (type pdf)

<use 1-course_notes.pdf, page 32>
Package pdftex.def Info: 1-course_notes.pdf, page32 used on input line 172.
(pdftex.def)             Requested size: 597.53821pt x 845.08372pt.
 [34 <./1-course_notes.pdf>]
<1-course_notes.pdf, id=439, page=33, 597.51233pt x 845.0471pt>
File: 1-course_notes.pdf Graphic file (type pdf)

<use 1-course_notes.pdf, page 33>
Package pdftex.def Info: 1-course_notes.pdf, page33 used on input line 172.
(pdftex.def)             Requested size: 597.53821pt x 845.08372pt.
File: 1-course_notes.pdf Graphic file (type pdf)
 <use 1-course_notes.pdf, page 33>
Package pdftex.def Info: 1-course_notes.pdf, page33 used on input line 172.
(pdftex.def)             Requested size: 597.53821pt x 845.08372pt.
File: 1-course_notes.pdf Graphic file (type pdf)

<use 1-course_notes.pdf, page 33>
Package pdftex.def Info: 1-course_notes.pdf, page33 used on input line 172.
(pdftex.def)             Requested size: 597.53821pt x 845.08372pt.
 [35 <./1-course_notes.pdf>]
<1-course_notes.pdf, id=444, page=34, 597.51233pt x 845.0471pt>
File: 1-course_notes.pdf Graphic file (type pdf)

<use 1-course_notes.pdf, page 34>
Package pdftex.def Info: 1-course_notes.pdf, page34 used on input line 172.
(pdftex.def)             Requested size: 597.53821pt x 845.08372pt.
File: 1-course_notes.pdf Graphic file (type pdf)
 <use 1-course_notes.pdf, page 34>
Package pdftex.def Info: 1-course_notes.pdf, page34 used on input line 172.
(pdftex.def)             Requested size: 597.53821pt x 845.08372pt.
File: 1-course_notes.pdf Graphic file (type pdf)

<use 1-course_notes.pdf, page 34>
Package pdftex.def Info: 1-course_notes.pdf, page34 used on input line 172.
(pdftex.def)             Requested size: 597.53821pt x 845.08372pt.
 [36 <./1-course_notes.pdf>]
<1-course_notes.pdf, id=471, page=35, 597.51233pt x 845.0471pt>
File: 1-course_notes.pdf Graphic file (type pdf)

<use 1-course_notes.pdf, page 35>
Package pdftex.def Info: 1-course_notes.pdf, page35 used on input line 172.
(pdftex.def)             Requested size: 597.53821pt x 845.08372pt.
File: 1-course_notes.pdf Graphic file (type pdf)
 <use 1-course_notes.pdf, page 35>
Package pdftex.def Info: 1-course_notes.pdf, page35 used on input line 172.
(pdftex.def)             Requested size: 597.53821pt x 845.08372pt.
File: 1-course_notes.pdf Graphic file (type pdf)

<use 1-course_notes.pdf, page 35>
Package pdftex.def Info: 1-course_notes.pdf, page35 used on input line 172.
(pdftex.def)             Requested size: 597.53821pt x 845.08372pt.
 [37 <./1-course_notes.pdf>]
<1-course_notes.pdf, id=487, page=36, 597.51233pt x 845.0471pt>
File: 1-course_notes.pdf Graphic file (type pdf)

<use 1-course_notes.pdf, page 36>
Package pdftex.def Info: 1-course_notes.pdf, page36 used on input line 172.
(pdftex.def)             Requested size: 597.53821pt x 845.08372pt.
File: 1-course_notes.pdf Graphic file (type pdf)
 <use 1-course_notes.pdf, page 36>
Package pdftex.def Info: 1-course_notes.pdf, page36 used on input line 172.
(pdftex.def)             Requested size: 597.53821pt x 845.08372pt.
File: 1-course_notes.pdf Graphic file (type pdf)

<use 1-course_notes.pdf, page 36>
Package pdftex.def Info: 1-course_notes.pdf, page36 used on input line 172.
(pdftex.def)             Requested size: 597.53821pt x 845.08372pt.
 [38 <./1-course_notes.pdf>]
<1-course_notes.pdf, id=511, page=37, 597.51233pt x 845.0471pt>
File: 1-course_notes.pdf Graphic file (type pdf)

<use 1-course_notes.pdf, page 37>
Package pdftex.def Info: 1-course_notes.pdf, page37 used on input line 172.
(pdftex.def)             Requested size: 597.53821pt x 845.08372pt.
File: 1-course_notes.pdf Graphic file (type pdf)
 <use 1-course_notes.pdf, page 37>
Package pdftex.def Info: 1-course_notes.pdf, page37 used on input line 172.
(pdftex.def)             Requested size: 597.53821pt x 845.08372pt.
File: 1-course_notes.pdf Graphic file (type pdf)

<use 1-course_notes.pdf, page 37>
Package pdftex.def Info: 1-course_notes.pdf, page37 used on input line 172.
(pdftex.def)             Requested size: 597.53821pt x 845.08372pt.
 [39 <./1-course_notes.pdf>]
<1-course_notes.pdf, id=532, page=38, 597.51233pt x 845.0471pt>
File: 1-course_notes.pdf Graphic file (type pdf)

<use 1-course_notes.pdf, page 38>
Package pdftex.def Info: 1-course_notes.pdf, page38 used on input line 172.
(pdftex.def)             Requested size: 597.53821pt x 845.08372pt.
File: 1-course_notes.pdf Graphic file (type pdf)
 <use 1-course_notes.pdf, page 38>
Package pdftex.def Info: 1-course_notes.pdf, page38 used on input line 172.
(pdftex.def)             Requested size: 597.53821pt x 845.08372pt.
File: 1-course_notes.pdf Graphic file (type pdf)

<use 1-course_notes.pdf, page 38>
Package pdftex.def Info: 1-course_notes.pdf, page38 used on input line 172.
(pdftex.def)             Requested size: 597.53821pt x 845.08372pt.
 [40 <./1-course_notes.pdf>]
<1-course_notes.pdf, id=537, page=39, 597.51233pt x 845.0471pt>
File: 1-course_notes.pdf Graphic file (type pdf)

<use 1-course_notes.pdf, page 39>
Package pdftex.def Info: 1-course_notes.pdf, page39 used on input line 172.
(pdftex.def)             Requested size: 597.53821pt x 845.08372pt.
File: 1-course_notes.pdf Graphic file (type pdf)
 <use 1-course_notes.pdf, page 39>
Package pdftex.def Info: 1-course_notes.pdf, page39 used on input line 172.
(pdftex.def)             Requested size: 597.53821pt x 845.08372pt.
File: 1-course_notes.pdf Graphic file (type pdf)

<use 1-course_notes.pdf, page 39>
Package pdftex.def Info: 1-course_notes.pdf, page39 used on input line 172.
(pdftex.def)             Requested size: 597.53821pt x 845.08372pt.
 [41 <./1-course_notes.pdf>]
<1-course_notes.pdf, id=548, page=40, 597.51233pt x 845.0471pt>
File: 1-course_notes.pdf Graphic file (type pdf)

<use 1-course_notes.pdf, page 40>
Package pdftex.def Info: 1-course_notes.pdf, page40 used on input line 172.
(pdftex.def)             Requested size: 597.53821pt x 845.08372pt.
File: 1-course_notes.pdf Graphic file (type pdf)
 <use 1-course_notes.pdf, page 40>
Package pdftex.def Info: 1-course_notes.pdf, page40 used on input line 172.
(pdftex.def)             Requested size: 597.53821pt x 845.08372pt.
File: 1-course_notes.pdf Graphic file (type pdf)

<use 1-course_notes.pdf, page 40>
Package pdftex.def Info: 1-course_notes.pdf, page40 used on input line 172.
(pdftex.def)             Requested size: 597.53821pt x 845.08372pt.
 [42 <./1-course_notes.pdf>]
<1-course_notes.pdf, id=563, page=41, 597.51233pt x 845.0471pt>
File: 1-course_notes.pdf Graphic file (type pdf)

<use 1-course_notes.pdf, page 41>
Package pdftex.def Info: 1-course_notes.pdf, page41 used on input line 172.
(pdftex.def)             Requested size: 597.53821pt x 845.08372pt.
File: 1-course_notes.pdf Graphic file (type pdf)
 <use 1-course_notes.pdf, page 41>
Package pdftex.def Info: 1-course_notes.pdf, page41 used on input line 172.
(pdftex.def)             Requested size: 597.53821pt x 845.08372pt.
File: 1-course_notes.pdf Graphic file (type pdf)

<use 1-course_notes.pdf, page 41>
Package pdftex.def Info: 1-course_notes.pdf, page41 used on input line 172.
(pdftex.def)             Requested size: 597.53821pt x 845.08372pt.
 [43 <./1-course_notes.pdf>]
<1-course_notes.pdf, id=576, page=42, 597.51233pt x 845.0471pt>
File: 1-course_notes.pdf Graphic file (type pdf)

<use 1-course_notes.pdf, page 42>
Package pdftex.def Info: 1-course_notes.pdf, page42 used on input line 172.
(pdftex.def)             Requested size: 597.53821pt x 845.08372pt.
File: 1-course_notes.pdf Graphic file (type pdf)
 <use 1-course_notes.pdf, page 42>
Package pdftex.def Info: 1-course_notes.pdf, page42 used on input line 172.
(pdftex.def)             Requested size: 597.53821pt x 845.08372pt.
File: 1-course_notes.pdf Graphic file (type pdf)

<use 1-course_notes.pdf, page 42>
Package pdftex.def Info: 1-course_notes.pdf, page42 used on input line 172.
(pdftex.def)             Requested size: 597.53821pt x 845.08372pt.
 [44 <./1-course_notes.pdf>]
<1-course_notes.pdf, id=588, page=43, 597.51233pt x 845.0471pt>
File: 1-course_notes.pdf Graphic file (type pdf)

<use 1-course_notes.pdf, page 43>
Package pdftex.def Info: 1-course_notes.pdf, page43 used on input line 172.
(pdftex.def)             Requested size: 597.53821pt x 845.08372pt.
File: 1-course_notes.pdf Graphic file (type pdf)
 <use 1-course_notes.pdf, page 43>
Package pdftex.def Info: 1-course_notes.pdf, page43 used on input line 172.
(pdftex.def)             Requested size: 597.53821pt x 845.08372pt.
File: 1-course_notes.pdf Graphic file (type pdf)

<use 1-course_notes.pdf, page 43>
Package pdftex.def Info: 1-course_notes.pdf, page43 used on input line 172.
(pdftex.def)             Requested size: 597.53821pt x 845.08372pt.
 [45 <./1-course_notes.pdf>]
<1-course_notes.pdf, id=593, page=44, 597.51233pt x 845.0471pt>
File: 1-course_notes.pdf Graphic file (type pdf)

<use 1-course_notes.pdf, page 44>
Package pdftex.def Info: 1-course_notes.pdf, page44 used on input line 172.
(pdftex.def)             Requested size: 597.53821pt x 845.08372pt.
File: 1-course_notes.pdf Graphic file (type pdf)
 <use 1-course_notes.pdf, page 44>
Package pdftex.def Info: 1-course_notes.pdf, page44 used on input line 172.
(pdftex.def)             Requested size: 597.53821pt x 845.08372pt.
File: 1-course_notes.pdf Graphic file (type pdf)

<use 1-course_notes.pdf, page 44>
Package pdftex.def Info: 1-course_notes.pdf, page44 used on input line 172.
(pdftex.def)             Requested size: 597.53821pt x 845.08372pt.
 [46 <./1-course_notes.pdf>]
<1-course_notes.pdf, id=598, page=45, 597.51233pt x 845.0471pt>
File: 1-course_notes.pdf Graphic file (type pdf)

<use 1-course_notes.pdf, page 45>
Package pdftex.def Info: 1-course_notes.pdf, page45 used on input line 172.
(pdftex.def)             Requested size: 597.53821pt x 845.08372pt.
File: 1-course_notes.pdf Graphic file (type pdf)
 <use 1-course_notes.pdf, page 45>
Package pdftex.def Info: 1-course_notes.pdf, page45 used on input line 172.
(pdftex.def)             Requested size: 597.53821pt x 845.08372pt.
File: 1-course_notes.pdf Graphic file (type pdf)

<use 1-course_notes.pdf, page 45>
Package pdftex.def Info: 1-course_notes.pdf, page45 used on input line 172.
(pdftex.def)             Requested size: 597.53821pt x 845.08372pt.
 [47 <./1-course_notes.pdf>]
<1-course_notes.pdf, id=608, page=46, 597.51233pt x 845.0471pt>
File: 1-course_notes.pdf Graphic file (type pdf)

<use 1-course_notes.pdf, page 46>
Package pdftex.def Info: 1-course_notes.pdf, page46 used on input line 172.
(pdftex.def)             Requested size: 597.53821pt x 845.08372pt.
File: 1-course_notes.pdf Graphic file (type pdf)
 <use 1-course_notes.pdf, page 46>
Package pdftex.def Info: 1-course_notes.pdf, page46 used on input line 172.
(pdftex.def)             Requested size: 597.53821pt x 845.08372pt.
File: 1-course_notes.pdf Graphic file (type pdf)

<use 1-course_notes.pdf, page 46>
Package pdftex.def Info: 1-course_notes.pdf, page46 used on input line 172.
(pdftex.def)             Requested size: 597.53821pt x 845.08372pt.
 [48 <./1-course_notes.pdf>]
<1-course_notes.pdf, id=618, page=47, 597.51233pt x 845.0471pt>
File: 1-course_notes.pdf Graphic file (type pdf)

<use 1-course_notes.pdf, page 47>
Package pdftex.def Info: 1-course_notes.pdf, page47 used on input line 172.
(pdftex.def)             Requested size: 597.53821pt x 845.08372pt.
File: 1-course_notes.pdf Graphic file (type pdf)
 <use 1-course_notes.pdf, page 47>
Package pdftex.def Info: 1-course_notes.pdf, page47 used on input line 172.
(pdftex.def)             Requested size: 597.53821pt x 845.08372pt.
File: 1-course_notes.pdf Graphic file (type pdf)

<use 1-course_notes.pdf, page 47>
Package pdftex.def Info: 1-course_notes.pdf, page47 used on input line 172.
(pdftex.def)             Requested size: 597.53821pt x 845.08372pt.
 [49 <./1-course_notes.pdf>]
<1-course_notes.pdf, id=624, page=48, 597.51233pt x 845.0471pt>
File: 1-course_notes.pdf Graphic file (type pdf)

<use 1-course_notes.pdf, page 48>
Package pdftex.def Info: 1-course_notes.pdf, page48 used on input line 172.
(pdftex.def)             Requested size: 597.53821pt x 845.08372pt.
File: 1-course_notes.pdf Graphic file (type pdf)
 <use 1-course_notes.pdf, page 48>
Package pdftex.def Info: 1-course_notes.pdf, page48 used on input line 172.
(pdftex.def)             Requested size: 597.53821pt x 845.08372pt.
File: 1-course_notes.pdf Graphic file (type pdf)

<use 1-course_notes.pdf, page 48>
Package pdftex.def Info: 1-course_notes.pdf, page48 used on input line 172.
(pdftex.def)             Requested size: 597.53821pt x 845.08372pt.
 [50 <./1-course_notes.pdf>]
<1-course_notes.pdf, id=629, page=49, 597.51233pt x 845.0471pt>
File: 1-course_notes.pdf Graphic file (type pdf)

<use 1-course_notes.pdf, page 49>
Package pdftex.def Info: 1-course_notes.pdf, page49 used on input line 172.
(pdftex.def)             Requested size: 597.53821pt x 845.08372pt.
File: 1-course_notes.pdf Graphic file (type pdf)
 <use 1-course_notes.pdf, page 49>
Package pdftex.def Info: 1-course_notes.pdf, page49 used on input line 172.
(pdftex.def)             Requested size: 597.53821pt x 845.08372pt.
File: 1-course_notes.pdf Graphic file (type pdf)

<use 1-course_notes.pdf, page 49>
Package pdftex.def Info: 1-course_notes.pdf, page49 used on input line 172.
(pdftex.def)             Requested size: 597.53821pt x 845.08372pt.
 [51 <./1-course_notes.pdf>]
<1-course_notes.pdf, id=634, page=50, 597.51233pt x 845.0471pt>
File: 1-course_notes.pdf Graphic file (type pdf)

<use 1-course_notes.pdf, page 50>
Package pdftex.def Info: 1-course_notes.pdf, page50 used on input line 172.
(pdftex.def)             Requested size: 597.53821pt x 845.08372pt.
File: 1-course_notes.pdf Graphic file (type pdf)
 <use 1-course_notes.pdf, page 50>
Package pdftex.def Info: 1-course_notes.pdf, page50 used on input line 172.
(pdftex.def)             Requested size: 597.53821pt x 845.08372pt.
File: 1-course_notes.pdf Graphic file (type pdf)

<use 1-course_notes.pdf, page 50>
Package pdftex.def Info: 1-course_notes.pdf, page50 used on input line 172.
(pdftex.def)             Requested size: 597.53821pt x 845.08372pt.
 [52 <./1-course_notes.pdf>]
<1-course_notes.pdf, id=639, page=51, 597.51233pt x 845.0471pt>
File: 1-course_notes.pdf Graphic file (type pdf)

<use 1-course_notes.pdf, page 51>
Package pdftex.def Info: 1-course_notes.pdf, page51 used on input line 172.
(pdftex.def)             Requested size: 597.53821pt x 845.08372pt.
File: 1-course_notes.pdf Graphic file (type pdf)
 <use 1-course_notes.pdf, page 51>
Package pdftex.def Info: 1-course_notes.pdf, page51 used on input line 172.
(pdftex.def)             Requested size: 597.53821pt x 845.08372pt.
File: 1-course_notes.pdf Graphic file (type pdf)

<use 1-course_notes.pdf, page 51>
Package pdftex.def Info: 1-course_notes.pdf, page51 used on input line 172.
(pdftex.def)             Requested size: 597.53821pt x 845.08372pt.
 [53 <./1-course_notes.pdf>]
<1-course_notes.pdf, id=644, page=52, 597.51233pt x 845.0471pt>
File: 1-course_notes.pdf Graphic file (type pdf)

<use 1-course_notes.pdf, page 52>
Package pdftex.def Info: 1-course_notes.pdf, page52 used on input line 172.
(pdftex.def)             Requested size: 597.53821pt x 845.08372pt.
File: 1-course_notes.pdf Graphic file (type pdf)
 <use 1-course_notes.pdf, page 52>
Package pdftex.def Info: 1-course_notes.pdf, page52 used on input line 172.
(pdftex.def)             Requested size: 597.53821pt x 845.08372pt.
File: 1-course_notes.pdf Graphic file (type pdf)

<use 1-course_notes.pdf, page 52>
Package pdftex.def Info: 1-course_notes.pdf, page52 used on input line 172.
(pdftex.def)             Requested size: 597.53821pt x 845.08372pt.
 [54 <./1-course_notes.pdf>]
<1-course_notes.pdf, id=649, page=53, 597.51233pt x 845.0471pt>
File: 1-course_notes.pdf Graphic file (type pdf)

<use 1-course_notes.pdf, page 53>
Package pdftex.def Info: 1-course_notes.pdf, page53 used on input line 172.
(pdftex.def)             Requested size: 597.53821pt x 845.08372pt.
File: 1-course_notes.pdf Graphic file (type pdf)
 <use 1-course_notes.pdf, page 53>
Package pdftex.def Info: 1-course_notes.pdf, page53 used on input line 172.
(pdftex.def)             Requested size: 597.53821pt x 845.08372pt.
File: 1-course_notes.pdf Graphic file (type pdf)

<use 1-course_notes.pdf, page 53>
Package pdftex.def Info: 1-course_notes.pdf, page53 used on input line 172.
(pdftex.def)             Requested size: 597.53821pt x 845.08372pt.
 [55 <./1-course_notes.pdf>]
<1-course_notes.pdf, id=655, page=54, 597.51233pt x 845.0471pt>
File: 1-course_notes.pdf Graphic file (type pdf)

<use 1-course_notes.pdf, page 54>
Package pdftex.def Info: 1-course_notes.pdf, page54 used on input line 172.
(pdftex.def)             Requested size: 597.53821pt x 845.08372pt.
File: 1-course_notes.pdf Graphic file (type pdf)
 <use 1-course_notes.pdf, page 54>
Package pdftex.def Info: 1-course_notes.pdf, page54 used on input line 172.
(pdftex.def)             Requested size: 597.53821pt x 845.08372pt.
File: 1-course_notes.pdf Graphic file (type pdf)

<use 1-course_notes.pdf, page 54>
Package pdftex.def Info: 1-course_notes.pdf, page54 used on input line 172.
(pdftex.def)             Requested size: 597.53821pt x 845.08372pt.
 [56 <./1-course_notes.pdf>]
<1-course_notes.pdf, id=660, page=55, 597.51233pt x 845.0471pt>
File: 1-course_notes.pdf Graphic file (type pdf)

<use 1-course_notes.pdf, page 55>
Package pdftex.def Info: 1-course_notes.pdf, page55 used on input line 172.
(pdftex.def)             Requested size: 597.53821pt x 845.08372pt.
File: 1-course_notes.pdf Graphic file (type pdf)
 <use 1-course_notes.pdf, page 55>
Package pdftex.def Info: 1-course_notes.pdf, page55 used on input line 172.
(pdftex.def)             Requested size: 597.53821pt x 845.08372pt.
File: 1-course_notes.pdf Graphic file (type pdf)

<use 1-course_notes.pdf, page 55>
Package pdftex.def Info: 1-course_notes.pdf, page55 used on input line 172.
(pdftex.def)             Requested size: 597.53821pt x 845.08372pt.
 [57 <./1-course_notes.pdf>]
<1-course_notes.pdf, id=665, page=56, 597.51233pt x 845.0471pt>
File: 1-course_notes.pdf Graphic file (type pdf)

<use 1-course_notes.pdf, page 56>
Package pdftex.def Info: 1-course_notes.pdf, page56 used on input line 172.
(pdftex.def)             Requested size: 597.53821pt x 845.08372pt.
File: 1-course_notes.pdf Graphic file (type pdf)
 <use 1-course_notes.pdf, page 56>
Package pdftex.def Info: 1-course_notes.pdf, page56 used on input line 172.
(pdftex.def)             Requested size: 597.53821pt x 845.08372pt.
File: 1-course_notes.pdf Graphic file (type pdf)

<use 1-course_notes.pdf, page 56>
Package pdftex.def Info: 1-course_notes.pdf, page56 used on input line 172.
(pdftex.def)             Requested size: 597.53821pt x 845.08372pt.
 [58 <./1-course_notes.pdf>]
<1-course_notes.pdf, id=670, page=57, 597.51233pt x 845.0471pt>
File: 1-course_notes.pdf Graphic file (type pdf)

<use 1-course_notes.pdf, page 57>
Package pdftex.def Info: 1-course_notes.pdf, page57 used on input line 172.
(pdftex.def)             Requested size: 597.53821pt x 845.08372pt.
File: 1-course_notes.pdf Graphic file (type pdf)
 <use 1-course_notes.pdf, page 57>
Package pdftex.def Info: 1-course_notes.pdf, page57 used on input line 172.
(pdftex.def)             Requested size: 597.53821pt x 845.08372pt.
File: 1-course_notes.pdf Graphic file (type pdf)

<use 1-course_notes.pdf, page 57>
Package pdftex.def Info: 1-course_notes.pdf, page57 used on input line 172.
(pdftex.def)             Requested size: 597.53821pt x 845.08372pt.
 [59 <./1-course_notes.pdf>]
<1-course_notes.pdf, id=680, page=58, 597.51233pt x 845.0471pt>
File: 1-course_notes.pdf Graphic file (type pdf)

<use 1-course_notes.pdf, page 58>
Package pdftex.def Info: 1-course_notes.pdf, page58 used on input line 172.
(pdftex.def)             Requested size: 597.53821pt x 845.08372pt.
File: 1-course_notes.pdf Graphic file (type pdf)
 <use 1-course_notes.pdf, page 58>
Package pdftex.def Info: 1-course_notes.pdf, page58 used on input line 172.
(pdftex.def)             Requested size: 597.53821pt x 845.08372pt.
File: 1-course_notes.pdf Graphic file (type pdf)

<use 1-course_notes.pdf, page 58>
Package pdftex.def Info: 1-course_notes.pdf, page58 used on input line 172.
(pdftex.def)             Requested size: 597.53821pt x 845.08372pt.
 [60 <./1-course_notes.pdf>]
<1-course_notes.pdf, id=685, page=59, 597.51233pt x 845.0471pt>
File: 1-course_notes.pdf Graphic file (type pdf)

<use 1-course_notes.pdf, page 59>
Package pdftex.def Info: 1-course_notes.pdf, page59 used on input line 172.
(pdftex.def)             Requested size: 597.53821pt x 845.08372pt.
File: 1-course_notes.pdf Graphic file (type pdf)
 <use 1-course_notes.pdf, page 59>
Package pdftex.def Info: 1-course_notes.pdf, page59 used on input line 172.
(pdftex.def)             Requested size: 597.53821pt x 845.08372pt.
File: 1-course_notes.pdf Graphic file (type pdf)

<use 1-course_notes.pdf, page 59>
Package pdftex.def Info: 1-course_notes.pdf, page59 used on input line 172.
(pdftex.def)             Requested size: 597.53821pt x 845.08372pt.
 [61 <./1-course_notes.pdf>]
<1-course_notes.pdf, id=691, page=60, 597.51233pt x 845.0471pt>
File: 1-course_notes.pdf Graphic file (type pdf)

<use 1-course_notes.pdf, page 60>
Package pdftex.def Info: 1-course_notes.pdf, page60 used on input line 172.
(pdftex.def)             Requested size: 597.53821pt x 845.08372pt.
File: 1-course_notes.pdf Graphic file (type pdf)
 <use 1-course_notes.pdf, page 60>
Package pdftex.def Info: 1-course_notes.pdf, page60 used on input line 172.
(pdftex.def)             Requested size: 597.53821pt x 845.08372pt.
File: 1-course_notes.pdf Graphic file (type pdf)

<use 1-course_notes.pdf, page 60>
Package pdftex.def Info: 1-course_notes.pdf, page60 used on input line 172.
(pdftex.def)             Requested size: 597.53821pt x 845.08372pt.
 [62 <./1-course_notes.pdf>]
<1-course_notes.pdf, id=696, page=61, 597.51233pt x 845.0471pt>
File: 1-course_notes.pdf Graphic file (type pdf)

<use 1-course_notes.pdf, page 61>
Package pdftex.def Info: 1-course_notes.pdf, page61 used on input line 172.
(pdftex.def)             Requested size: 597.53821pt x 845.08372pt.
File: 1-course_notes.pdf Graphic file (type pdf)
 <use 1-course_notes.pdf, page 61>
Package pdftex.def Info: 1-course_notes.pdf, page61 used on input line 172.
(pdftex.def)             Requested size: 597.53821pt x 845.08372pt.
File: 1-course_notes.pdf Graphic file (type pdf)

<use 1-course_notes.pdf, page 61>
Package pdftex.def Info: 1-course_notes.pdf, page61 used on input line 172.
(pdftex.def)             Requested size: 597.53821pt x 845.08372pt.
 [63 <./1-course_notes.pdf>]
<1-course_notes.pdf, id=701, page=62, 597.51233pt x 845.0471pt>
File: 1-course_notes.pdf Graphic file (type pdf)

<use 1-course_notes.pdf, page 62>
Package pdftex.def Info: 1-course_notes.pdf, page62 used on input line 172.
(pdftex.def)             Requested size: 597.53821pt x 845.08372pt.
File: 1-course_notes.pdf Graphic file (type pdf)
 <use 1-course_notes.pdf, page 62>
Package pdftex.def Info: 1-course_notes.pdf, page62 used on input line 172.
(pdftex.def)             Requested size: 597.53821pt x 845.08372pt.
File: 1-course_notes.pdf Graphic file (type pdf)

<use 1-course_notes.pdf, page 62>
Package pdftex.def Info: 1-course_notes.pdf, page62 used on input line 172.
(pdftex.def)             Requested size: 597.53821pt x 845.08372pt.
 [64 <./1-course_notes.pdf>]
<1-course_notes.pdf, id=706, page=63, 597.51233pt x 845.0471pt>
File: 1-course_notes.pdf Graphic file (type pdf)

<use 1-course_notes.pdf, page 63>
Package pdftex.def Info: 1-course_notes.pdf, page63 used on input line 172.
(pdftex.def)             Requested size: 597.53821pt x 845.08372pt.
File: 1-course_notes.pdf Graphic file (type pdf)
 <use 1-course_notes.pdf, page 63>
Package pdftex.def Info: 1-course_notes.pdf, page63 used on input line 172.
(pdftex.def)             Requested size: 597.53821pt x 845.08372pt.
File: 1-course_notes.pdf Graphic file (type pdf)

<use 1-course_notes.pdf, page 63>
Package pdftex.def Info: 1-course_notes.pdf, page63 used on input line 172.
(pdftex.def)             Requested size: 597.53821pt x 845.08372pt.
 [65 <./1-course_notes.pdf>]
<1-course_notes.pdf, id=711, page=64, 597.51233pt x 845.0471pt>
File: 1-course_notes.pdf Graphic file (type pdf)

<use 1-course_notes.pdf, page 64>
Package pdftex.def Info: 1-course_notes.pdf, page64 used on input line 172.
(pdftex.def)             Requested size: 597.53821pt x 845.08372pt.
File: 1-course_notes.pdf Graphic file (type pdf)
 <use 1-course_notes.pdf, page 64>
Package pdftex.def Info: 1-course_notes.pdf, page64 used on input line 172.
(pdftex.def)             Requested size: 597.53821pt x 845.08372pt.
File: 1-course_notes.pdf Graphic file (type pdf)

<use 1-course_notes.pdf, page 64>
Package pdftex.def Info: 1-course_notes.pdf, page64 used on input line 172.
(pdftex.def)             Requested size: 597.53821pt x 845.08372pt.
 [66 <./1-course_notes.pdf>]
<1-course_notes.pdf, id=724, page=65, 597.51233pt x 845.0471pt>
File: 1-course_notes.pdf Graphic file (type pdf)

<use 1-course_notes.pdf, page 65>
Package pdftex.def Info: 1-course_notes.pdf, page65 used on input line 172.
(pdftex.def)             Requested size: 597.53821pt x 845.08372pt.
File: 1-course_notes.pdf Graphic file (type pdf)
 <use 1-course_notes.pdf, page 65>
Package pdftex.def Info: 1-course_notes.pdf, page65 used on input line 172.
(pdftex.def)             Requested size: 597.53821pt x 845.08372pt.
File: 1-course_notes.pdf Graphic file (type pdf)

<use 1-course_notes.pdf, page 65>
Package pdftex.def Info: 1-course_notes.pdf, page65 used on input line 172.
(pdftex.def)             Requested size: 597.53821pt x 845.08372pt.
 [67 <./1-course_notes.pdf>]
<1-course_notes.pdf, id=730, page=66, 597.51233pt x 845.0471pt>
File: 1-course_notes.pdf Graphic file (type pdf)

<use 1-course_notes.pdf, page 66>
Package pdftex.def Info: 1-course_notes.pdf, page66 used on input line 172.
(pdftex.def)             Requested size: 597.53821pt x 845.08372pt.
File: 1-course_notes.pdf Graphic file (type pdf)
 <use 1-course_notes.pdf, page 66>
Package pdftex.def Info: 1-course_notes.pdf, page66 used on input line 172.
(pdftex.def)             Requested size: 597.53821pt x 845.08372pt.
File: 1-course_notes.pdf Graphic file (type pdf)

<use 1-course_notes.pdf, page 66>
Package pdftex.def Info: 1-course_notes.pdf, page66 used on input line 172.
(pdftex.def)             Requested size: 597.53821pt x 845.08372pt.
 [68 <./1-course_notes.pdf>]
<1-course_notes.pdf, id=735, page=67, 597.51233pt x 845.0471pt>
File: 1-course_notes.pdf Graphic file (type pdf)

<use 1-course_notes.pdf, page 67>
Package pdftex.def Info: 1-course_notes.pdf, page67 used on input line 172.
(pdftex.def)             Requested size: 597.53821pt x 845.08372pt.
File: 1-course_notes.pdf Graphic file (type pdf)
 <use 1-course_notes.pdf, page 67>
Package pdftex.def Info: 1-course_notes.pdf, page67 used on input line 172.
(pdftex.def)             Requested size: 597.53821pt x 845.08372pt.
File: 1-course_notes.pdf Graphic file (type pdf)

<use 1-course_notes.pdf, page 67>
Package pdftex.def Info: 1-course_notes.pdf, page67 used on input line 172.
(pdftex.def)             Requested size: 597.53821pt x 845.08372pt.
 [69 <./1-course_notes.pdf>]
<1-course_notes.pdf, id=750, page=68, 597.51233pt x 845.0471pt>
File: 1-course_notes.pdf Graphic file (type pdf)

<use 1-course_notes.pdf, page 68>
Package pdftex.def Info: 1-course_notes.pdf, page68 used on input line 172.
(pdftex.def)             Requested size: 597.53821pt x 845.08372pt.
File: 1-course_notes.pdf Graphic file (type pdf)
 <use 1-course_notes.pdf, page 68>
Package pdftex.def Info: 1-course_notes.pdf, page68 used on input line 172.
(pdftex.def)             Requested size: 597.53821pt x 845.08372pt.
File: 1-course_notes.pdf Graphic file (type pdf)

<use 1-course_notes.pdf, page 68>
Package pdftex.def Info: 1-course_notes.pdf, page68 used on input line 172.
(pdftex.def)             Requested size: 597.53821pt x 845.08372pt.
 [70 <./1-course_notes.pdf>]
<1-course_notes.pdf, id=760, page=69, 597.51233pt x 845.0471pt>
File: 1-course_notes.pdf Graphic file (type pdf)

<use 1-course_notes.pdf, page 69>
Package pdftex.def Info: 1-course_notes.pdf, page69 used on input line 172.
(pdftex.def)             Requested size: 597.53821pt x 845.08372pt.
File: 1-course_notes.pdf Graphic file (type pdf)
 <use 1-course_notes.pdf, page 69>
Package pdftex.def Info: 1-course_notes.pdf, page69 used on input line 172.
(pdftex.def)             Requested size: 597.53821pt x 845.08372pt.
File: 1-course_notes.pdf Graphic file (type pdf)

<use 1-course_notes.pdf, page 69>
Package pdftex.def Info: 1-course_notes.pdf, page69 used on input line 172.
(pdftex.def)             Requested size: 597.53821pt x 845.08372pt.
 [71 <./1-course_notes.pdf>]
<1-course_notes.pdf, id=765, page=70, 597.51233pt x 845.0471pt>
File: 1-course_notes.pdf Graphic file (type pdf)

<use 1-course_notes.pdf, page 70>
Package pdftex.def Info: 1-course_notes.pdf, page70 used on input line 172.
(pdftex.def)             Requested size: 597.53821pt x 845.08372pt.
File: 1-course_notes.pdf Graphic file (type pdf)
 <use 1-course_notes.pdf, page 70>
Package pdftex.def Info: 1-course_notes.pdf, page70 used on input line 172.
(pdftex.def)             Requested size: 597.53821pt x 845.08372pt.
File: 1-course_notes.pdf Graphic file (type pdf)

<use 1-course_notes.pdf, page 70>
Package pdftex.def Info: 1-course_notes.pdf, page70 used on input line 172.
(pdftex.def)             Requested size: 597.53821pt x 845.08372pt.
 [72 <./1-course_notes.pdf>]
<1-course_notes.pdf, id=777, page=71, 597.51233pt x 845.0471pt>
File: 1-course_notes.pdf Graphic file (type pdf)

<use 1-course_notes.pdf, page 71>
Package pdftex.def Info: 1-course_notes.pdf, page71 used on input line 172.
(pdftex.def)             Requested size: 597.53821pt x 845.08372pt.
File: 1-course_notes.pdf Graphic file (type pdf)
 <use 1-course_notes.pdf, page 71>
Package pdftex.def Info: 1-course_notes.pdf, page71 used on input line 172.
(pdftex.def)             Requested size: 597.53821pt x 845.08372pt.
File: 1-course_notes.pdf Graphic file (type pdf)

<use 1-course_notes.pdf, page 71>
Package pdftex.def Info: 1-course_notes.pdf, page71 used on input line 172.
(pdftex.def)             Requested size: 597.53821pt x 845.08372pt.
 [73 <./1-course_notes.pdf>]
<1-course_notes.pdf, id=783, page=72, 597.51233pt x 845.0471pt>
File: 1-course_notes.pdf Graphic file (type pdf)

<use 1-course_notes.pdf, page 72>
Package pdftex.def Info: 1-course_notes.pdf, page72 used on input line 172.
(pdftex.def)             Requested size: 597.53821pt x 845.08372pt.
File: 1-course_notes.pdf Graphic file (type pdf)
 <use 1-course_notes.pdf, page 72>
Package pdftex.def Info: 1-course_notes.pdf, page72 used on input line 172.
(pdftex.def)             Requested size: 597.53821pt x 845.08372pt.
File: 1-course_notes.pdf Graphic file (type pdf)

<use 1-course_notes.pdf, page 72>
Package pdftex.def Info: 1-course_notes.pdf, page72 used on input line 172.
(pdftex.def)             Requested size: 597.53821pt x 845.08372pt.
 [74 <./1-course_notes.pdf>]
<1-course_notes.pdf, id=788, page=73, 597.51233pt x 845.0471pt>
File: 1-course_notes.pdf Graphic file (type pdf)

<use 1-course_notes.pdf, page 73>
Package pdftex.def Info: 1-course_notes.pdf, page73 used on input line 172.
(pdftex.def)             Requested size: 597.53821pt x 845.08372pt.
File: 1-course_notes.pdf Graphic file (type pdf)
 <use 1-course_notes.pdf, page 73>
Package pdftex.def Info: 1-course_notes.pdf, page73 used on input line 172.
(pdftex.def)             Requested size: 597.53821pt x 845.08372pt.
File: 1-course_notes.pdf Graphic file (type pdf)

<use 1-course_notes.pdf, page 73>
Package pdftex.def Info: 1-course_notes.pdf, page73 used on input line 172.
(pdftex.def)             Requested size: 597.53821pt x 845.08372pt.
 [75 <./1-course_notes.pdf>]
<1-course_notes.pdf, id=793, page=74, 597.51233pt x 845.0471pt>
File: 1-course_notes.pdf Graphic file (type pdf)

<use 1-course_notes.pdf, page 74>
Package pdftex.def Info: 1-course_notes.pdf, page74 used on input line 172.
(pdftex.def)             Requested size: 597.53821pt x 845.08372pt.
File: 1-course_notes.pdf Graphic file (type pdf)
 <use 1-course_notes.pdf, page 74>
Package pdftex.def Info: 1-course_notes.pdf, page74 used on input line 172.
(pdftex.def)             Requested size: 597.53821pt x 845.08372pt.
File: 1-course_notes.pdf Graphic file (type pdf)

<use 1-course_notes.pdf, page 74>
Package pdftex.def Info: 1-course_notes.pdf, page74 used on input line 172.
(pdftex.def)             Requested size: 597.53821pt x 845.08372pt.
 [76 <./1-course_notes.pdf>]
<1-course_notes.pdf, id=798, page=75, 597.51233pt x 845.0471pt>
File: 1-course_notes.pdf Graphic file (type pdf)

<use 1-course_notes.pdf, page 75>
Package pdftex.def Info: 1-course_notes.pdf, page75 used on input line 172.
(pdftex.def)             Requested size: 597.53821pt x 845.08372pt.
File: 1-course_notes.pdf Graphic file (type pdf)
 <use 1-course_notes.pdf, page 75>
Package pdftex.def Info: 1-course_notes.pdf, page75 used on input line 172.
(pdftex.def)             Requested size: 597.53821pt x 845.08372pt.
File: 1-course_notes.pdf Graphic file (type pdf)

<use 1-course_notes.pdf, page 75>
Package pdftex.def Info: 1-course_notes.pdf, page75 used on input line 172.
(pdftex.def)             Requested size: 597.53821pt x 845.08372pt.
 [77 <./1-course_notes.pdf>]
<1-course_notes.pdf, id=808, page=76, 597.51233pt x 845.0471pt>
File: 1-course_notes.pdf Graphic file (type pdf)

<use 1-course_notes.pdf, page 76>
Package pdftex.def Info: 1-course_notes.pdf, page76 used on input line 172.
(pdftex.def)             Requested size: 597.53821pt x 845.08372pt.
File: 1-course_notes.pdf Graphic file (type pdf)
 <use 1-course_notes.pdf, page 76>
Package pdftex.def Info: 1-course_notes.pdf, page76 used on input line 172.
(pdftex.def)             Requested size: 597.53821pt x 845.08372pt.
File: 1-course_notes.pdf Graphic file (type pdf)

<use 1-course_notes.pdf, page 76>
Package pdftex.def Info: 1-course_notes.pdf, page76 used on input line 172.
(pdftex.def)             Requested size: 597.53821pt x 845.08372pt.
 [78 <./1-course_notes.pdf>]
<1-course_notes.pdf, id=813, page=77, 597.51233pt x 845.0471pt>
File: 1-course_notes.pdf Graphic file (type pdf)

<use 1-course_notes.pdf, page 77>
Package pdftex.def Info: 1-course_notes.pdf, page77 used on input line 172.
(pdftex.def)             Requested size: 597.53821pt x 845.08372pt.
File: 1-course_notes.pdf Graphic file (type pdf)
 <use 1-course_notes.pdf, page 77>
Package pdftex.def Info: 1-course_notes.pdf, page77 used on input line 172.
(pdftex.def)             Requested size: 597.53821pt x 845.08372pt.
File: 1-course_notes.pdf Graphic file (type pdf)

<use 1-course_notes.pdf, page 77>
Package pdftex.def Info: 1-course_notes.pdf, page77 used on input line 172.
(pdftex.def)             Requested size: 597.53821pt x 845.08372pt.
 [79 <./1-course_notes.pdf>]
<1-course_notes.pdf, id=833, page=78, 597.51233pt x 845.0471pt>
File: 1-course_notes.pdf Graphic file (type pdf)

<use 1-course_notes.pdf, page 78>
Package pdftex.def Info: 1-course_notes.pdf, page78 used on input line 172.
(pdftex.def)             Requested size: 597.53821pt x 845.08372pt.
File: 1-course_notes.pdf Graphic file (type pdf)
 <use 1-course_notes.pdf, page 78>
Package pdftex.def Info: 1-course_notes.pdf, page78 used on input line 172.
(pdftex.def)             Requested size: 597.53821pt x 845.08372pt.
File: 1-course_notes.pdf Graphic file (type pdf)

<use 1-course_notes.pdf, page 78>
Package pdftex.def Info: 1-course_notes.pdf, page78 used on input line 172.
(pdftex.def)             Requested size: 597.53821pt x 845.08372pt.
 [80 <./1-course_notes.pdf>]
<1-course_notes.pdf, id=838, page=79, 597.51233pt x 845.0471pt>
File: 1-course_notes.pdf Graphic file (type pdf)

<use 1-course_notes.pdf, page 79>
Package pdftex.def Info: 1-course_notes.pdf, page79 used on input line 172.
(pdftex.def)             Requested size: 597.53821pt x 845.08372pt.
File: 1-course_notes.pdf Graphic file (type pdf)
 <use 1-course_notes.pdf, page 79>
Package pdftex.def Info: 1-course_notes.pdf, page79 used on input line 172.
(pdftex.def)             Requested size: 597.53821pt x 845.08372pt.
File: 1-course_notes.pdf Graphic file (type pdf)

<use 1-course_notes.pdf, page 79>
Package pdftex.def Info: 1-course_notes.pdf, page79 used on input line 172.
(pdftex.def)             Requested size: 597.53821pt x 845.08372pt.
 [81 <./1-course_notes.pdf>]
<1-course_notes.pdf, id=843, page=80, 597.51233pt x 845.0471pt>
File: 1-course_notes.pdf Graphic file (type pdf)

<use 1-course_notes.pdf, page 80>
Package pdftex.def Info: 1-course_notes.pdf, page80 used on input line 172.
(pdftex.def)             Requested size: 597.53821pt x 845.08372pt.
File: 1-course_notes.pdf Graphic file (type pdf)
 <use 1-course_notes.pdf, page 80>
Package pdftex.def Info: 1-course_notes.pdf, page80 used on input line 172.
(pdftex.def)             Requested size: 597.53821pt x 845.08372pt.
File: 1-course_notes.pdf Graphic file (type pdf)

<use 1-course_notes.pdf, page 80>
Package pdftex.def Info: 1-course_notes.pdf, page80 used on input line 172.
(pdftex.def)             Requested size: 597.53821pt x 845.08372pt.
 [82 <./1-course_notes.pdf>]
<1-course_notes.pdf, id=848, page=81, 597.51233pt x 845.0471pt>
File: 1-course_notes.pdf Graphic file (type pdf)

<use 1-course_notes.pdf, page 81>
Package pdftex.def Info: 1-course_notes.pdf, page81 used on input line 172.
(pdftex.def)             Requested size: 597.53821pt x 845.08372pt.
File: 1-course_notes.pdf Graphic file (type pdf)
 <use 1-course_notes.pdf, page 81>
Package pdftex.def Info: 1-course_notes.pdf, page81 used on input line 172.
(pdftex.def)             Requested size: 597.53821pt x 845.08372pt.
File: 1-course_notes.pdf Graphic file (type pdf)

<use 1-course_notes.pdf, page 81>
Package pdftex.def Info: 1-course_notes.pdf, page81 used on input line 172.
(pdftex.def)             Requested size: 597.53821pt x 845.08372pt.
 [83 <./1-course_notes.pdf>]
<1-course_notes.pdf, id=853, page=82, 597.51233pt x 845.0471pt>
File: 1-course_notes.pdf Graphic file (type pdf)

<use 1-course_notes.pdf, page 82>
Package pdftex.def Info: 1-course_notes.pdf, page82 used on input line 172.
(pdftex.def)             Requested size: 597.53821pt x 845.08372pt.
File: 1-course_notes.pdf Graphic file (type pdf)
 <use 1-course_notes.pdf, page 82>
Package pdftex.def Info: 1-course_notes.pdf, page82 used on input line 172.
(pdftex.def)             Requested size: 597.53821pt x 845.08372pt.
File: 1-course_notes.pdf Graphic file (type pdf)

<use 1-course_notes.pdf, page 82>
Package pdftex.def Info: 1-course_notes.pdf, page82 used on input line 172.
(pdftex.def)             Requested size: 597.53821pt x 845.08372pt.
 [84 <./1-course_notes.pdf>]
<1-course_notes.pdf, id=859, page=83, 597.51233pt x 845.0471pt>
File: 1-course_notes.pdf Graphic file (type pdf)

<use 1-course_notes.pdf, page 83>
Package pdftex.def Info: 1-course_notes.pdf, page83 used on input line 172.
(pdftex.def)             Requested size: 597.53821pt x 845.08372pt.
File: 1-course_notes.pdf Graphic file (type pdf)
 <use 1-course_notes.pdf, page 83>
Package pdftex.def Info: 1-course_notes.pdf, page83 used on input line 172.
(pdftex.def)             Requested size: 597.53821pt x 845.08372pt.
File: 1-course_notes.pdf Graphic file (type pdf)

<use 1-course_notes.pdf, page 83>
Package pdftex.def Info: 1-course_notes.pdf, page83 used on input line 172.
(pdftex.def)             Requested size: 597.53821pt x 845.08372pt.
 [85 <./1-course_notes.pdf>]
<1-course_notes.pdf, id=870, page=84, 597.51233pt x 845.0471pt>
File: 1-course_notes.pdf Graphic file (type pdf)

<use 1-course_notes.pdf, page 84>
Package pdftex.def Info: 1-course_notes.pdf, page84 used on input line 172.
(pdftex.def)             Requested size: 597.53821pt x 845.08372pt.
File: 1-course_notes.pdf Graphic file (type pdf)
 <use 1-course_notes.pdf, page 84>
Package pdftex.def Info: 1-course_notes.pdf, page84 used on input line 172.
(pdftex.def)             Requested size: 597.53821pt x 845.08372pt.
File: 1-course_notes.pdf Graphic file (type pdf)

<use 1-course_notes.pdf, page 84>
Package pdftex.def Info: 1-course_notes.pdf, page84 used on input line 172.
(pdftex.def)             Requested size: 597.53821pt x 845.08372pt.
 [86 <./1-course_notes.pdf>]
<1-course_notes.pdf, id=879, page=85, 597.51233pt x 845.0471pt>
File: 1-course_notes.pdf Graphic file (type pdf)

<use 1-course_notes.pdf, page 85>
Package pdftex.def Info: 1-course_notes.pdf, page85 used on input line 172.
(pdftex.def)             Requested size: 597.53821pt x 845.08372pt.
File: 1-course_notes.pdf Graphic file (type pdf)
 <use 1-course_notes.pdf, page 85>
Package pdftex.def Info: 1-course_notes.pdf, page85 used on input line 172.
(pdftex.def)             Requested size: 597.53821pt x 845.08372pt.
File: 1-course_notes.pdf Graphic file (type pdf)

<use 1-course_notes.pdf, page 85>
Package pdftex.def Info: 1-course_notes.pdf, page85 used on input line 172.
(pdftex.def)             Requested size: 597.53821pt x 845.08372pt.
 [87 <./1-course_notes.pdf>]
<1-course_notes.pdf, id=884, page=86, 597.51233pt x 845.0471pt>
File: 1-course_notes.pdf Graphic file (type pdf)

<use 1-course_notes.pdf, page 86>
Package pdftex.def Info: 1-course_notes.pdf, page86 used on input line 172.
(pdftex.def)             Requested size: 597.53821pt x 845.08372pt.
File: 1-course_notes.pdf Graphic file (type pdf)
 <use 1-course_notes.pdf, page 86>
Package pdftex.def Info: 1-course_notes.pdf, page86 used on input line 172.
(pdftex.def)             Requested size: 597.53821pt x 845.08372pt.
File: 1-course_notes.pdf Graphic file (type pdf)

<use 1-course_notes.pdf, page 86>
Package pdftex.def Info: 1-course_notes.pdf, page86 used on input line 172.
(pdftex.def)             Requested size: 597.53821pt x 845.08372pt.
 [88 <./1-course_notes.pdf>]
<1-course_notes.pdf, id=889, page=87, 597.51233pt x 845.0471pt>
File: 1-course_notes.pdf Graphic file (type pdf)

<use 1-course_notes.pdf, page 87>
Package pdftex.def Info: 1-course_notes.pdf, page87 used on input line 172.
(pdftex.def)             Requested size: 597.53821pt x 845.08372pt.
File: 1-course_notes.pdf Graphic file (type pdf)
 <use 1-course_notes.pdf, page 87>
Package pdftex.def Info: 1-course_notes.pdf, page87 used on input line 172.
(pdftex.def)             Requested size: 597.53821pt x 845.08372pt.
File: 1-course_notes.pdf Graphic file (type pdf)

<use 1-course_notes.pdf, page 87>
Package pdftex.def Info: 1-course_notes.pdf, page87 used on input line 172.
(pdftex.def)             Requested size: 597.53821pt x 845.08372pt.
 [89 <./1-course_notes.pdf>]
<1-course_notes.pdf, id=894, page=88, 597.51233pt x 845.0471pt>
File: 1-course_notes.pdf Graphic file (type pdf)

<use 1-course_notes.pdf, page 88>
Package pdftex.def Info: 1-course_notes.pdf, page88 used on input line 172.
(pdftex.def)             Requested size: 597.53821pt x 845.08372pt.
File: 1-course_notes.pdf Graphic file (type pdf)
 <use 1-course_notes.pdf, page 88>
Package pdftex.def Info: 1-course_notes.pdf, page88 used on input line 172.
(pdftex.def)             Requested size: 597.53821pt x 845.08372pt.
File: 1-course_notes.pdf Graphic file (type pdf)

<use 1-course_notes.pdf, page 88>
Package pdftex.def Info: 1-course_notes.pdf, page88 used on input line 172.
(pdftex.def)             Requested size: 597.53821pt x 845.08372pt.
 [90 <./1-course_notes.pdf>]
<1-course_notes.pdf, id=904, page=89, 597.51233pt x 845.0471pt>
File: 1-course_notes.pdf Graphic file (type pdf)

<use 1-course_notes.pdf, page 89>
Package pdftex.def Info: 1-course_notes.pdf, page89 used on input line 172.
(pdftex.def)             Requested size: 597.53821pt x 845.08372pt.
File: 1-course_notes.pdf Graphic file (type pdf)
 <use 1-course_notes.pdf, page 89>
Package pdftex.def Info: 1-course_notes.pdf, page89 used on input line 172.
(pdftex.def)             Requested size: 597.53821pt x 845.08372pt.
File: 1-course_notes.pdf Graphic file (type pdf)

<use 1-course_notes.pdf, page 89>
Package pdftex.def Info: 1-course_notes.pdf, page89 used on input line 172.
(pdftex.def)             Requested size: 597.53821pt x 845.08372pt.
 [91 <./1-course_notes.pdf>]
<1-course_notes.pdf, id=910, page=90, 597.51233pt x 845.0471pt>
File: 1-course_notes.pdf Graphic file (type pdf)

<use 1-course_notes.pdf, page 90>
Package pdftex.def Info: 1-course_notes.pdf, page90 used on input line 172.
(pdftex.def)             Requested size: 597.53821pt x 845.08372pt.
File: 1-course_notes.pdf Graphic file (type pdf)
 <use 1-course_notes.pdf, page 90>
Package pdftex.def Info: 1-course_notes.pdf, page90 used on input line 172.
(pdftex.def)             Requested size: 597.53821pt x 845.08372pt.
File: 1-course_notes.pdf Graphic file (type pdf)

<use 1-course_notes.pdf, page 90>
Package pdftex.def Info: 1-course_notes.pdf, page90 used on input line 172.
(pdftex.def)             Requested size: 597.53821pt x 845.08372pt.
 [92 <./1-course_notes.pdf>]
<1-course_notes.pdf, id=915, page=91, 597.51233pt x 845.0471pt>
File: 1-course_notes.pdf Graphic file (type pdf)

<use 1-course_notes.pdf, page 91>
Package pdftex.def Info: 1-course_notes.pdf, page91 used on input line 172.
(pdftex.def)             Requested size: 597.53821pt x 845.08372pt.
File: 1-course_notes.pdf Graphic file (type pdf)
 <use 1-course_notes.pdf, page 91>
Package pdftex.def Info: 1-course_notes.pdf, page91 used on input line 172.
(pdftex.def)             Requested size: 597.53821pt x 845.08372pt.
File: 1-course_notes.pdf Graphic file (type pdf)

<use 1-course_notes.pdf, page 91>
Package pdftex.def Info: 1-course_notes.pdf, page91 used on input line 172.
(pdftex.def)             Requested size: 597.53821pt x 845.08372pt.
 [93 <./1-course_notes.pdf>]
<1-course_notes.pdf, id=921, page=92, 597.51233pt x 845.0471pt>
File: 1-course_notes.pdf Graphic file (type pdf)

<use 1-course_notes.pdf, page 92>
Package pdftex.def Info: 1-course_notes.pdf, page92 used on input line 172.
(pdftex.def)             Requested size: 597.53821pt x 845.08372pt.
File: 1-course_notes.pdf Graphic file (type pdf)
 <use 1-course_notes.pdf, page 92>
Package pdftex.def Info: 1-course_notes.pdf, page92 used on input line 172.
(pdftex.def)             Requested size: 597.53821pt x 845.08372pt.
File: 1-course_notes.pdf Graphic file (type pdf)

<use 1-course_notes.pdf, page 92>
Package pdftex.def Info: 1-course_notes.pdf, page92 used on input line 172.
(pdftex.def)             Requested size: 597.53821pt x 845.08372pt.
 [94 <./1-course_notes.pdf>]
<1-course_notes.pdf, id=926, page=93, 597.51233pt x 845.0471pt>
File: 1-course_notes.pdf Graphic file (type pdf)

<use 1-course_notes.pdf, page 93>
Package pdftex.def Info: 1-course_notes.pdf, page93 used on input line 172.
(pdftex.def)             Requested size: 597.53821pt x 845.08372pt.
File: 1-course_notes.pdf Graphic file (type pdf)
 <use 1-course_notes.pdf, page 93>
Package pdftex.def Info: 1-course_notes.pdf, page93 used on input line 172.
(pdftex.def)             Requested size: 597.53821pt x 845.08372pt.
File: 1-course_notes.pdf Graphic file (type pdf)

<use 1-course_notes.pdf, page 93>
Package pdftex.def Info: 1-course_notes.pdf, page93 used on input line 172.
(pdftex.def)             Requested size: 597.53821pt x 845.08372pt.
 [95 <./1-course_notes.pdf>]
<1-course_notes.pdf, id=931, page=94, 597.51233pt x 845.0471pt>
File: 1-course_notes.pdf Graphic file (type pdf)

<use 1-course_notes.pdf, page 94>
Package pdftex.def Info: 1-course_notes.pdf, page94 used on input line 172.
(pdftex.def)             Requested size: 597.53821pt x 845.08372pt.
File: 1-course_notes.pdf Graphic file (type pdf)
 <use 1-course_notes.pdf, page 94>
Package pdftex.def Info: 1-course_notes.pdf, page94 used on input line 172.
(pdftex.def)             Requested size: 597.53821pt x 845.08372pt.
File: 1-course_notes.pdf Graphic file (type pdf)

<use 1-course_notes.pdf, page 94>
Package pdftex.def Info: 1-course_notes.pdf, page94 used on input line 172.
(pdftex.def)             Requested size: 597.53821pt x 845.08372pt.
 [96 <./1-course_notes.pdf>]
<1-course_notes.pdf, id=937, page=95, 597.51233pt x 845.0471pt>
File: 1-course_notes.pdf Graphic file (type pdf)

<use 1-course_notes.pdf, page 95>
Package pdftex.def Info: 1-course_notes.pdf, page95 used on input line 172.
(pdftex.def)             Requested size: 597.53821pt x 845.08372pt.
File: 1-course_notes.pdf Graphic file (type pdf)
 <use 1-course_notes.pdf, page 95>
Package pdftex.def Info: 1-course_notes.pdf, page95 used on input line 172.
(pdftex.def)             Requested size: 597.53821pt x 845.08372pt.
File: 1-course_notes.pdf Graphic file (type pdf)

<use 1-course_notes.pdf, page 95>
Package pdftex.def Info: 1-course_notes.pdf, page95 used on input line 172.
(pdftex.def)             Requested size: 597.53821pt x 845.08372pt.
 [97 <./1-course_notes.pdf>]
<1-course_notes.pdf, id=947, page=96, 597.51233pt x 845.0471pt>
File: 1-course_notes.pdf Graphic file (type pdf)

<use 1-course_notes.pdf, page 96>
Package pdftex.def Info: 1-course_notes.pdf, page96 used on input line 172.
(pdftex.def)             Requested size: 597.53821pt x 845.08372pt.
File: 1-course_notes.pdf Graphic file (type pdf)
 <use 1-course_notes.pdf, page 96>
Package pdftex.def Info: 1-course_notes.pdf, page96 used on input line 172.
(pdftex.def)             Requested size: 597.53821pt x 845.08372pt.
File: 1-course_notes.pdf Graphic file (type pdf)

<use 1-course_notes.pdf, page 96>
Package pdftex.def Info: 1-course_notes.pdf, page96 used on input line 172.
(pdftex.def)             Requested size: 597.53821pt x 845.08372pt.
 [98 <./1-course_notes.pdf>]
<1-course_notes.pdf, id=954, page=97, 597.51233pt x 845.0471pt>
File: 1-course_notes.pdf Graphic file (type pdf)

<use 1-course_notes.pdf, page 97>
Package pdftex.def Info: 1-course_notes.pdf, page97 used on input line 172.
(pdftex.def)             Requested size: 597.53821pt x 845.08372pt.
File: 1-course_notes.pdf Graphic file (type pdf)
 <use 1-course_notes.pdf, page 97>
Package pdftex.def Info: 1-course_notes.pdf, page97 used on input line 172.
(pdftex.def)             Requested size: 597.53821pt x 845.08372pt.
File: 1-course_notes.pdf Graphic file (type pdf)

<use 1-course_notes.pdf, page 97>
Package pdftex.def Info: 1-course_notes.pdf, page97 used on input line 172.
(pdftex.def)             Requested size: 597.53821pt x 845.08372pt.
 [99 <./1-course_notes.pdf>]
<1-course_notes.pdf, id=959, page=98, 597.51233pt x 845.0471pt>
File: 1-course_notes.pdf Graphic file (type pdf)

<use 1-course_notes.pdf, page 98>
Package pdftex.def Info: 1-course_notes.pdf, page98 used on input line 172.
(pdftex.def)             Requested size: 597.53821pt x 845.08372pt.
File: 1-course_notes.pdf Graphic file (type pdf)
 <use 1-course_notes.pdf, page 98>
Package pdftex.def Info: 1-course_notes.pdf, page98 used on input line 172.
(pdftex.def)             Requested size: 597.53821pt x 845.08372pt.
File: 1-course_notes.pdf Graphic file (type pdf)

<use 1-course_notes.pdf, page 98>
Package pdftex.def Info: 1-course_notes.pdf, page98 used on input line 172.
(pdftex.def)             Requested size: 597.53821pt x 845.08372pt.
 [100 <./1-course_notes.pdf>]
<1-course_notes.pdf, id=964, page=99, 597.51233pt x 845.0471pt>
File: 1-course_notes.pdf Graphic file (type pdf)

<use 1-course_notes.pdf, page 99>
Package pdftex.def Info: 1-course_notes.pdf, page99 used on input line 172.
(pdftex.def)             Requested size: 597.53821pt x 845.08372pt.
File: 1-course_notes.pdf Graphic file (type pdf)
 <use 1-course_notes.pdf, page 99>
Package pdftex.def Info: 1-course_notes.pdf, page99 used on input line 172.
(pdftex.def)             Requested size: 597.53821pt x 845.08372pt.
File: 1-course_notes.pdf Graphic file (type pdf)

<use 1-course_notes.pdf, page 99>
Package pdftex.def Info: 1-course_notes.pdf, page99 used on input line 172.
(pdftex.def)             Requested size: 597.53821pt x 845.08372pt.
 [101 <./1-course_notes.pdf>]
<1-course_notes.pdf, id=969, page=100, 597.51233pt x 845.0471pt>
File: 1-course_notes.pdf Graphic file (type pdf)

<use 1-course_notes.pdf, page 100>
Package pdftex.def Info: 1-course_notes.pdf, page100 used on input line 172.
(pdftex.def)             Requested size: 597.53821pt x 845.08372pt.
File: 1-course_notes.pdf Graphic file (type pdf)
 <use 1-course_notes.pdf, page 100>
Package pdftex.def Info: 1-course_notes.pdf, page100 used on input line 172.
(pdftex.def)             Requested size: 597.53821pt x 845.08372pt.
File: 1-course_notes.pdf Graphic file (type pdf)

<use 1-course_notes.pdf, page 100>
Package pdftex.def Info: 1-course_notes.pdf, page100 used on input line 172.
(pdftex.def)             Requested size: 597.53821pt x 845.08372pt.
 [102 <./1-course_notes.pdf>]
<1-course_notes.pdf, id=974, page=101, 597.51233pt x 845.0471pt>
File: 1-course_notes.pdf Graphic file (type pdf)

<use 1-course_notes.pdf, page 101>
Package pdftex.def Info: 1-course_notes.pdf, page101 used on input line 172.
(pdftex.def)             Requested size: 597.53821pt x 845.08372pt.
File: 1-course_notes.pdf Graphic file (type pdf)
 <use 1-course_notes.pdf, page 101>
Package pdftex.def Info: 1-course_notes.pdf, page101 used on input line 172.
(pdftex.def)             Requested size: 597.53821pt x 845.08372pt.
File: 1-course_notes.pdf Graphic file (type pdf)

<use 1-course_notes.pdf, page 101>
Package pdftex.def Info: 1-course_notes.pdf, page101 used on input line 172.
(pdftex.def)             Requested size: 597.53821pt x 845.08372pt.
 [103 <./1-course_notes.pdf>]
<1-course_notes.pdf, id=980, page=102, 597.51233pt x 845.0471pt>
File: 1-course_notes.pdf Graphic file (type pdf)

<use 1-course_notes.pdf, page 102>
Package pdftex.def Info: 1-course_notes.pdf, page102 used on input line 172.
(pdftex.def)             Requested size: 597.53821pt x 845.08372pt.
File: 1-course_notes.pdf Graphic file (type pdf)
 <use 1-course_notes.pdf, page 102>
Package pdftex.def Info: 1-course_notes.pdf, page102 used on input line 172.
(pdftex.def)             Requested size: 597.53821pt x 845.08372pt.
File: 1-course_notes.pdf Graphic file (type pdf)

<use 1-course_notes.pdf, page 102>
Package pdftex.def Info: 1-course_notes.pdf, page102 used on input line 172.
(pdftex.def)             Requested size: 597.53821pt x 845.08372pt.
 [104 <./1-course_notes.pdf>]
<1-course_notes.pdf, id=985, page=103, 597.51233pt x 845.0471pt>
File: 1-course_notes.pdf Graphic file (type pdf)

<use 1-course_notes.pdf, page 103>
Package pdftex.def Info: 1-course_notes.pdf, page103 used on input line 172.
(pdftex.def)             Requested size: 597.53821pt x 845.08372pt.
File: 1-course_notes.pdf Graphic file (type pdf)
 <use 1-course_notes.pdf, page 103>
Package pdftex.def Info: 1-course_notes.pdf, page103 used on input line 172.
(pdftex.def)             Requested size: 597.53821pt x 845.08372pt.
File: 1-course_notes.pdf Graphic file (type pdf)

<use 1-course_notes.pdf, page 103>
Package pdftex.def Info: 1-course_notes.pdf, page103 used on input line 172.
(pdftex.def)             Requested size: 597.53821pt x 845.08372pt.
 [105 <./1-course_notes.pdf>]
<1-course_notes.pdf, id=990, page=104, 597.51233pt x 845.0471pt>
File: 1-course_notes.pdf Graphic file (type pdf)

<use 1-course_notes.pdf, page 104>
Package pdftex.def Info: 1-course_notes.pdf, page104 used on input line 172.
(pdftex.def)             Requested size: 597.53821pt x 845.08372pt.
File: 1-course_notes.pdf Graphic file (type pdf)
 <use 1-course_notes.pdf, page 104>
Package pdftex.def Info: 1-course_notes.pdf, page104 used on input line 172.
(pdftex.def)             Requested size: 597.53821pt x 845.08372pt.
File: 1-course_notes.pdf Graphic file (type pdf)

<use 1-course_notes.pdf, page 104>
Package pdftex.def Info: 1-course_notes.pdf, page104 used on input line 172.
(pdftex.def)             Requested size: 597.53821pt x 845.08372pt.
 [106 <./1-course_notes.pdf>]
<1-course_notes.pdf, id=995, page=105, 597.51233pt x 845.0471pt>
File: 1-course_notes.pdf Graphic file (type pdf)

<use 1-course_notes.pdf, page 105>
Package pdftex.def Info: 1-course_notes.pdf, page105 used on input line 172.
(pdftex.def)             Requested size: 597.53821pt x 845.08372pt.
File: 1-course_notes.pdf Graphic file (type pdf)
 <use 1-course_notes.pdf, page 105>
Package pdftex.def Info: 1-course_notes.pdf, page105 used on input line 172.
(pdftex.def)             Requested size: 597.53821pt x 845.08372pt.
File: 1-course_notes.pdf Graphic file (type pdf)

<use 1-course_notes.pdf, page 105>
Package pdftex.def Info: 1-course_notes.pdf, page105 used on input line 172.
(pdftex.def)             Requested size: 597.53821pt x 845.08372pt.
 [107 <./1-course_notes.pdf>]
<1-course_notes.pdf, id=1000, page=106, 597.51233pt x 845.0471pt>
File: 1-course_notes.pdf Graphic file (type pdf)

<use 1-course_notes.pdf, page 106>
Package pdftex.def Info: 1-course_notes.pdf, page106 used on input line 172.
(pdftex.def)             Requested size: 597.53821pt x 845.08372pt.
File: 1-course_notes.pdf Graphic file (type pdf)
 <use 1-course_notes.pdf, page 106>
Package pdftex.def Info: 1-course_notes.pdf, page106 used on input line 172.
(pdftex.def)             Requested size: 597.53821pt x 845.08372pt.
File: 1-course_notes.pdf Graphic file (type pdf)

<use 1-course_notes.pdf, page 106>
Package pdftex.def Info: 1-course_notes.pdf, page106 used on input line 172.
(pdftex.def)             Requested size: 597.53821pt x 845.08372pt.
 [108 <./1-course_notes.pdf>]
<1-course_notes.pdf, id=1005, page=107, 597.51233pt x 845.0471pt>
File: 1-course_notes.pdf Graphic file (type pdf)

<use 1-course_notes.pdf, page 107>
Package pdftex.def Info: 1-course_notes.pdf, page107 used on input line 172.
(pdftex.def)             Requested size: 597.53821pt x 845.08372pt.
File: 1-course_notes.pdf Graphic file (type pdf)
 <use 1-course_notes.pdf, page 107>
Package pdftex.def Info: 1-course_notes.pdf, page107 used on input line 172.
(pdftex.def)             Requested size: 597.53821pt x 845.08372pt.
File: 1-course_notes.pdf Graphic file (type pdf)

<use 1-course_notes.pdf, page 107>
Package pdftex.def Info: 1-course_notes.pdf, page107 used on input line 172.
(pdftex.def)             Requested size: 597.53821pt x 845.08372pt.
 [109 <./1-course_notes.pdf>]
<1-course_notes.pdf, id=1011, page=108, 597.51233pt x 845.0471pt>
File: 1-course_notes.pdf Graphic file (type pdf)

<use 1-course_notes.pdf, page 108>
Package pdftex.def Info: 1-course_notes.pdf, page108 used on input line 172.
(pdftex.def)             Requested size: 597.53821pt x 845.08372pt.
File: 1-course_notes.pdf Graphic file (type pdf)
 <use 1-course_notes.pdf, page 108>
Package pdftex.def Info: 1-course_notes.pdf, page108 used on input line 172.
(pdftex.def)             Requested size: 597.53821pt x 845.08372pt.
File: 1-course_notes.pdf Graphic file (type pdf)

<use 1-course_notes.pdf, page 108>
Package pdftex.def Info: 1-course_notes.pdf, page108 used on input line 172.
(pdftex.def)             Requested size: 597.53821pt x 845.08372pt.
 [110 <./1-course_notes.pdf>]
<1-course_notes.pdf, id=1016, page=109, 597.51233pt x 845.0471pt>
File: 1-course_notes.pdf Graphic file (type pdf)

<use 1-course_notes.pdf, page 109>
Package pdftex.def Info: 1-course_notes.pdf, page109 used on input line 172.
(pdftex.def)             Requested size: 597.53821pt x 845.08372pt.
File: 1-course_notes.pdf Graphic file (type pdf)
 <use 1-course_notes.pdf, page 109>
Package pdftex.def Info: 1-course_notes.pdf, page109 used on input line 172.
(pdftex.def)             Requested size: 597.53821pt x 845.08372pt.
File: 1-course_notes.pdf Graphic file (type pdf)

<use 1-course_notes.pdf, page 109>
Package pdftex.def Info: 1-course_notes.pdf, page109 used on input line 172.
(pdftex.def)             Requested size: 597.53821pt x 845.08372pt.
 [111 <./1-course_notes.pdf>]
<1-course_notes.pdf, id=1021, page=110, 597.51233pt x 845.0471pt>
File: 1-course_notes.pdf Graphic file (type pdf)

<use 1-course_notes.pdf, page 110>
Package pdftex.def Info: 1-course_notes.pdf, page110 used on input line 172.
(pdftex.def)             Requested size: 597.53821pt x 845.08372pt.
File: 1-course_notes.pdf Graphic file (type pdf)
 <use 1-course_notes.pdf, page 110>
Package pdftex.def Info: 1-course_notes.pdf, page110 used on input line 172.
(pdftex.def)             Requested size: 597.53821pt x 845.08372pt.
File: 1-course_notes.pdf Graphic file (type pdf)

<use 1-course_notes.pdf, page 110>
Package pdftex.def Info: 1-course_notes.pdf, page110 used on input line 172.
(pdftex.def)             Requested size: 597.53821pt x 845.08372pt.
 [112 <./1-course_notes.pdf>]
<1-course_notes.pdf, id=1026, page=111, 597.51233pt x 845.0471pt>
File: 1-course_notes.pdf Graphic file (type pdf)

<use 1-course_notes.pdf, page 111>
Package pdftex.def Info: 1-course_notes.pdf, page111 used on input line 172.
(pdftex.def)             Requested size: 597.53821pt x 845.08372pt.
File: 1-course_notes.pdf Graphic file (type pdf)
 <use 1-course_notes.pdf, page 111>
Package pdftex.def Info: 1-course_notes.pdf, page111 used on input line 172.
(pdftex.def)             Requested size: 597.53821pt x 845.08372pt.
File: 1-course_notes.pdf Graphic file (type pdf)

<use 1-course_notes.pdf, page 111>
Package pdftex.def Info: 1-course_notes.pdf, page111 used on input line 172.
(pdftex.def)             Requested size: 597.53821pt x 845.08372pt.
 [113 <./1-course_notes.pdf>]
<1-course_notes.pdf, id=1031, page=112, 597.51233pt x 845.0471pt>
File: 1-course_notes.pdf Graphic file (type pdf)

<use 1-course_notes.pdf, page 112>
Package pdftex.def Info: 1-course_notes.pdf, page112 used on input line 172.
(pdftex.def)             Requested size: 597.53821pt x 845.08372pt.
File: 1-course_notes.pdf Graphic file (type pdf)
 <use 1-course_notes.pdf, page 112>
Package pdftex.def Info: 1-course_notes.pdf, page112 used on input line 172.
(pdftex.def)             Requested size: 597.53821pt x 845.08372pt.
File: 1-course_notes.pdf Graphic file (type pdf)

<use 1-course_notes.pdf, page 112>
Package pdftex.def Info: 1-course_notes.pdf, page112 used on input line 172.
(pdftex.def)             Requested size: 597.53821pt x 845.08372pt.
 [114 <./1-course_notes.pdf>]
<1-course_notes.pdf, id=1041, page=113, 597.51233pt x 845.0471pt>
File: 1-course_notes.pdf Graphic file (type pdf)

<use 1-course_notes.pdf, page 113>
Package pdftex.def Info: 1-course_notes.pdf, page113 used on input line 172.
(pdftex.def)             Requested size: 597.53821pt x 845.08372pt.
File: 1-course_notes.pdf Graphic file (type pdf)
 <use 1-course_notes.pdf, page 113>
Package pdftex.def Info: 1-course_notes.pdf, page113 used on input line 172.
(pdftex.def)             Requested size: 597.53821pt x 845.08372pt.
File: 1-course_notes.pdf Graphic file (type pdf)

<use 1-course_notes.pdf, page 113>
Package pdftex.def Info: 1-course_notes.pdf, page113 used on input line 172.
(pdftex.def)             Requested size: 597.53821pt x 845.08372pt.
 [115 <./1-course_notes.pdf>]
<1-course_notes.pdf, id=1047, page=114, 597.51233pt x 845.0471pt>
File: 1-course_notes.pdf Graphic file (type pdf)

<use 1-course_notes.pdf, page 114>
Package pdftex.def Info: 1-course_notes.pdf, page114 used on input line 172.
(pdftex.def)             Requested size: 597.53821pt x 845.08372pt.
File: 1-course_notes.pdf Graphic file (type pdf)
 <use 1-course_notes.pdf, page 114>
Package pdftex.def Info: 1-course_notes.pdf, page114 used on input line 172.
(pdftex.def)             Requested size: 597.53821pt x 845.08372pt.
File: 1-course_notes.pdf Graphic file (type pdf)

<use 1-course_notes.pdf, page 114>
Package pdftex.def Info: 1-course_notes.pdf, page114 used on input line 172.
(pdftex.def)             Requested size: 597.53821pt x 845.08372pt.
 [116 <./1-course_notes.pdf>]
<1-course_notes.pdf, id=1052, page=115, 597.51233pt x 845.0471pt>
File: 1-course_notes.pdf Graphic file (type pdf)

<use 1-course_notes.pdf, page 115>
Package pdftex.def Info: 1-course_notes.pdf, page115 used on input line 172.
(pdftex.def)             Requested size: 597.53821pt x 845.08372pt.
File: 1-course_notes.pdf Graphic file (type pdf)
 <use 1-course_notes.pdf, page 115>
Package pdftex.def Info: 1-course_notes.pdf, page115 used on input line 172.
(pdftex.def)             Requested size: 597.53821pt x 845.08372pt.
File: 1-course_notes.pdf Graphic file (type pdf)

<use 1-course_notes.pdf, page 115>
Package pdftex.def Info: 1-course_notes.pdf, page115 used on input line 172.
(pdftex.def)             Requested size: 597.53821pt x 845.08372pt.
 [117 <./1-course_notes.pdf>]
<1-course_notes.pdf, id=1057, page=116, 597.51233pt x 845.0471pt>
File: 1-course_notes.pdf Graphic file (type pdf)

<use 1-course_notes.pdf, page 116>
Package pdftex.def Info: 1-course_notes.pdf, page116 used on input line 172.
(pdftex.def)             Requested size: 597.53821pt x 845.08372pt.
File: 1-course_notes.pdf Graphic file (type pdf)
 <use 1-course_notes.pdf, page 116>
Package pdftex.def Info: 1-course_notes.pdf, page116 used on input line 172.
(pdftex.def)             Requested size: 597.53821pt x 845.08372pt.
File: 1-course_notes.pdf Graphic file (type pdf)

<use 1-course_notes.pdf, page 116>
Package pdftex.def Info: 1-course_notes.pdf, page116 used on input line 172.
(pdftex.def)             Requested size: 597.53821pt x 845.08372pt.
 [118 <./1-course_notes.pdf>]
<1-course_notes.pdf, id=1062, page=117, 597.51233pt x 845.0471pt>
File: 1-course_notes.pdf Graphic file (type pdf)

<use 1-course_notes.pdf, page 117>
Package pdftex.def Info: 1-course_notes.pdf, page117 used on input line 172.
(pdftex.def)             Requested size: 597.53821pt x 845.08372pt.
File: 1-course_notes.pdf Graphic file (type pdf)
 <use 1-course_notes.pdf, page 117>
Package pdftex.def Info: 1-course_notes.pdf, page117 used on input line 172.
(pdftex.def)             Requested size: 597.53821pt x 845.08372pt.
File: 1-course_notes.pdf Graphic file (type pdf)

<use 1-course_notes.pdf, page 117>
Package pdftex.def Info: 1-course_notes.pdf, page117 used on input line 172.
(pdftex.def)             Requested size: 597.53821pt x 845.08372pt.
 [119 <./1-course_notes.pdf>]
<1-course_notes.pdf, id=1067, page=118, 597.51233pt x 845.0471pt>
File: 1-course_notes.pdf Graphic file (type pdf)

<use 1-course_notes.pdf, page 118>
Package pdftex.def Info: 1-course_notes.pdf, page118 used on input line 172.
(pdftex.def)             Requested size: 597.53821pt x 845.08372pt.
File: 1-course_notes.pdf Graphic file (type pdf)
 <use 1-course_notes.pdf, page 118>
Package pdftex.def Info: 1-course_notes.pdf, page118 used on input line 172.
(pdftex.def)             Requested size: 597.53821pt x 845.08372pt.
File: 1-course_notes.pdf Graphic file (type pdf)

<use 1-course_notes.pdf, page 118>
Package pdftex.def Info: 1-course_notes.pdf, page118 used on input line 172.
(pdftex.def)             Requested size: 597.53821pt x 845.08372pt.
 [120 <./1-course_notes.pdf>]
<1-course_notes.pdf, id=1072, page=119, 597.51233pt x 845.0471pt>
File: 1-course_notes.pdf Graphic file (type pdf)

<use 1-course_notes.pdf, page 119>
Package pdftex.def Info: 1-course_notes.pdf, page119 used on input line 172.
(pdftex.def)             Requested size: 597.53821pt x 845.08372pt.
File: 1-course_notes.pdf Graphic file (type pdf)
 <use 1-course_notes.pdf, page 119>
Package pdftex.def Info: 1-course_notes.pdf, page119 used on input line 172.
(pdftex.def)             Requested size: 597.53821pt x 845.08372pt.
File: 1-course_notes.pdf Graphic file (type pdf)

<use 1-course_notes.pdf, page 119>
Package pdftex.def Info: 1-course_notes.pdf, page119 used on input line 172.
(pdftex.def)             Requested size: 597.53821pt x 845.08372pt.
 [121 <./1-course_notes.pdf>]
<1-course_notes.pdf, id=1078, page=120, 597.51233pt x 845.0471pt>
File: 1-course_notes.pdf Graphic file (type pdf)

<use 1-course_notes.pdf, page 120>
Package pdftex.def Info: 1-course_notes.pdf, page120 used on input line 172.
(pdftex.def)             Requested size: 597.53821pt x 845.08372pt.
File: 1-course_notes.pdf Graphic file (type pdf)
 <use 1-course_notes.pdf, page 120>
Package pdftex.def Info: 1-course_notes.pdf, page120 used on input line 172.
(pdftex.def)             Requested size: 597.53821pt x 845.08372pt.
File: 1-course_notes.pdf Graphic file (type pdf)

<use 1-course_notes.pdf, page 120>
Package pdftex.def Info: 1-course_notes.pdf, page120 used on input line 172.
(pdftex.def)             Requested size: 597.53821pt x 845.08372pt.
 [122 <./1-course_notes.pdf>]
<1-course_notes.pdf, id=1083, page=121, 597.51233pt x 845.0471pt>
File: 1-course_notes.pdf Graphic file (type pdf)

<use 1-course_notes.pdf, page 121>
Package pdftex.def Info: 1-course_notes.pdf, page121 used on input line 172.
(pdftex.def)             Requested size: 597.53821pt x 845.08372pt.
File: 1-course_notes.pdf Graphic file (type pdf)
 <use 1-course_notes.pdf, page 121>
Package pdftex.def Info: 1-course_notes.pdf, page121 used on input line 172.
(pdftex.def)             Requested size: 597.53821pt x 845.08372pt.
File: 1-course_notes.pdf Graphic file (type pdf)

<use 1-course_notes.pdf, page 121>
Package pdftex.def Info: 1-course_notes.pdf, page121 used on input line 172.
(pdftex.def)             Requested size: 597.53821pt x 845.08372pt.
 [123 <./1-course_notes.pdf>]
<1-course_notes.pdf, id=1116, page=122, 597.51233pt x 845.0471pt>
File: 1-course_notes.pdf Graphic file (type pdf)

<use 1-course_notes.pdf, page 122>
Package pdftex.def Info: 1-course_notes.pdf, page122 used on input line 172.
(pdftex.def)             Requested size: 597.53821pt x 845.08372pt.
File: 1-course_notes.pdf Graphic file (type pdf)
 <use 1-course_notes.pdf, page 122>
Package pdftex.def Info: 1-course_notes.pdf, page122 used on input line 172.
(pdftex.def)             Requested size: 597.53821pt x 845.08372pt.
File: 1-course_notes.pdf Graphic file (type pdf)

<use 1-course_notes.pdf, page 122>
Package pdftex.def Info: 1-course_notes.pdf, page122 used on input line 172.
(pdftex.def)             Requested size: 597.53821pt x 845.08372pt.
 [124 <./1-course_notes.pdf>]
<1-course_notes.pdf, id=1121, page=123, 597.51233pt x 845.0471pt>
File: 1-course_notes.pdf Graphic file (type pdf)

<use 1-course_notes.pdf, page 123>
Package pdftex.def Info: 1-course_notes.pdf, page123 used on input line 172.
(pdftex.def)             Requested size: 597.53821pt x 845.08372pt.
File: 1-course_notes.pdf Graphic file (type pdf)
 <use 1-course_notes.pdf, page 123>
Package pdftex.def Info: 1-course_notes.pdf, page123 used on input line 172.
(pdftex.def)             Requested size: 597.53821pt x 845.08372pt.
File: 1-course_notes.pdf Graphic file (type pdf)

<use 1-course_notes.pdf, page 123>
Package pdftex.def Info: 1-course_notes.pdf, page123 used on input line 172.
(pdftex.def)             Requested size: 597.53821pt x 845.08372pt.
 [125 <./1-course_notes.pdf>]
<1-course_notes.pdf, id=1126, page=124, 597.51233pt x 845.0471pt>
File: 1-course_notes.pdf Graphic file (type pdf)

<use 1-course_notes.pdf, page 124>
Package pdftex.def Info: 1-course_notes.pdf, page124 used on input line 172.
(pdftex.def)             Requested size: 597.53821pt x 845.08372pt.
File: 1-course_notes.pdf Graphic file (type pdf)
 <use 1-course_notes.pdf, page 124>
Package pdftex.def Info: 1-course_notes.pdf, page124 used on input line 172.
(pdftex.def)             Requested size: 597.53821pt x 845.08372pt.
File: 1-course_notes.pdf Graphic file (type pdf)

<use 1-course_notes.pdf, page 124>
Package pdftex.def Info: 1-course_notes.pdf, page124 used on input line 172.
(pdftex.def)             Requested size: 597.53821pt x 845.08372pt.
 [126 <./1-course_notes.pdf>]
<1-course_notes.pdf, id=1138, page=125, 597.51233pt x 845.0471pt>
File: 1-course_notes.pdf Graphic file (type pdf)

<use 1-course_notes.pdf, page 125>
Package pdftex.def Info: 1-course_notes.pdf, page125 used on input line 172.
(pdftex.def)             Requested size: 597.53821pt x 845.08372pt.
File: 1-course_notes.pdf Graphic file (type pdf)
 <use 1-course_notes.pdf, page 125>
Package pdftex.def Info: 1-course_notes.pdf, page125 used on input line 172.
(pdftex.def)             Requested size: 597.53821pt x 845.08372pt.
File: 1-course_notes.pdf Graphic file (type pdf)

<use 1-course_notes.pdf, page 125>
Package pdftex.def Info: 1-course_notes.pdf, page125 used on input line 172.
(pdftex.def)             Requested size: 597.53821pt x 845.08372pt.
 [127 <./1-course_notes.pdf>]
<1-course_notes.pdf, id=1144, page=126, 597.51233pt x 845.0471pt>
File: 1-course_notes.pdf Graphic file (type pdf)

<use 1-course_notes.pdf, page 126>
Package pdftex.def Info: 1-course_notes.pdf, page126 used on input line 172.
(pdftex.def)             Requested size: 597.53821pt x 845.08372pt.
File: 1-course_notes.pdf Graphic file (type pdf)
 <use 1-course_notes.pdf, page 126>
Package pdftex.def Info: 1-course_notes.pdf, page126 used on input line 172.
(pdftex.def)             Requested size: 597.53821pt x 845.08372pt.
File: 1-course_notes.pdf Graphic file (type pdf)

<use 1-course_notes.pdf, page 126>
Package pdftex.def Info: 1-course_notes.pdf, page126 used on input line 172.
(pdftex.def)             Requested size: 597.53821pt x 845.08372pt.
 [128 <./1-course_notes.pdf>]
<1-course_notes.pdf, id=1149, page=127, 597.51233pt x 845.0471pt>
File: 1-course_notes.pdf Graphic file (type pdf)

<use 1-course_notes.pdf, page 127>
Package pdftex.def Info: 1-course_notes.pdf, page127 used on input line 172.
(pdftex.def)             Requested size: 597.53821pt x 845.08372pt.
File: 1-course_notes.pdf Graphic file (type pdf)
 <use 1-course_notes.pdf, page 127>
Package pdftex.def Info: 1-course_notes.pdf, page127 used on input line 172.
(pdftex.def)             Requested size: 597.53821pt x 845.08372pt.
File: 1-course_notes.pdf Graphic file (type pdf)

<use 1-course_notes.pdf, page 127>
Package pdftex.def Info: 1-course_notes.pdf, page127 used on input line 172.
(pdftex.def)             Requested size: 597.53821pt x 845.08372pt.
 [129 <./1-course_notes.pdf>] [130

]
<2-the-practice-of-reproducilble-research.pdf, id=1158, 597.50786pt x 845.04686
pt>
File: 2-the-practice-of-reproducilble-research.pdf Graphic file (type pdf)
 <use 2-the-practice-of-reproducilble-research.pdf>
Package pdftex.def Info: 2-the-practice-of-reproducilble-research.pdf used on i
nput line 176.
(pdftex.def)             Requested size: 597.5064pt x 845.0448pt.
File: 2-the-practice-of-reproducilble-research.pdf Graphic file (type pdf)

<use 2-the-practice-of-reproducilble-research.pdf>
Package pdftex.def Info: 2-the-practice-of-reproducilble-research.pdf used on i
nput line 176.
(pdftex.def)             Requested size: 597.5064pt x 845.0448pt.

<2-the-practice-of-reproducilble-research.pdf, id=1161, page=1, 597.50786pt x 8
45.04686pt>
File: 2-the-practice-of-reproducilble-research.pdf Graphic file (type pdf)
 <use 2-the-practice-of-reproducilble-research.pdf, page 1>
Package pdftex.def Info: 2-the-practice-of-reproducilble-research.pdf, page1 us
ed on input line 176.
(pdftex.def)             Requested size: 597.5064pt x 845.0448pt.
File: 2-the-practice-of-reproducilble-research.pdf Graphic file (type pdf)

<use 2-the-practice-of-reproducilble-research.pdf, page 1>
Package pdftex.def Info: 2-the-practice-of-reproducilble-research.pdf, page1 us
ed on input line 176.
(pdftex.def)             Requested size: 597.53374pt x 845.08348pt.
File: 2-the-practice-of-reproducilble-research.pdf Graphic file (type pdf)

<use 2-the-practice-of-reproducilble-research.pdf, page 1>
Package pdftex.def Info: 2-the-practice-of-reproducilble-research.pdf, page1 us
ed on input line 176.
(pdftex.def)             Requested size: 597.53374pt x 845.08348pt.
File: 2-the-practice-of-reproducilble-research.pdf Graphic file (type pdf)

<use 2-the-practice-of-reproducilble-research.pdf, page 1>
Package pdftex.def Info: 2-the-practice-of-reproducilble-research.pdf, page1 us
ed on input line 176.
(pdftex.def)             Requested size: 597.53374pt x 845.08348pt.
File: 2-the-practice-of-reproducilble-research.pdf Graphic file (type pdf)

<use 2-the-practice-of-reproducilble-research.pdf, page 1>
Package pdftex.def Info: 2-the-practice-of-reproducilble-research.pdf, page1 us
ed on input line 176.
(pdftex.def)             Requested size: 597.53374pt x 845.08348pt.
 [131

 <./2-the-practice-of-reproducilble-research.pdf>]
<2-the-practice-of-reproducilble-research.pdf, id=1168, page=2, 597.50786pt x 8
45.04686pt>
File: 2-the-practice-of-reproducilble-research.pdf Graphic file (type pdf)
 <use 2-the-practice-of-reproducilble-research.pdf, page 2>
Package pdftex.def Info: 2-the-practice-of-reproducilble-research.pdf, page2 us
ed on input line 176.
(pdftex.def)             Requested size: 597.53374pt x 845.08348pt.
File: 2-the-practice-of-reproducilble-research.pdf Graphic file (type pdf)

<use 2-the-practice-of-reproducilble-research.pdf, page 2>
Package pdftex.def Info: 2-the-practice-of-reproducilble-research.pdf, page2 us
ed on input line 176.
(pdftex.def)             Requested size: 597.53374pt x 845.08348pt.
File: 2-the-practice-of-reproducilble-research.pdf Graphic file (type pdf)

<use 2-the-practice-of-reproducilble-research.pdf, page 2>
Package pdftex.def Info: 2-the-practice-of-reproducilble-research.pdf, page2 us
ed on input line 176.
(pdftex.def)             Requested size: 597.53374pt x 845.08348pt.
 [132 <./2-the-practice-of-reproducilble-research.pdf>]
<2-the-practice-of-reproducilble-research.pdf, id=1187, page=3, 597.50786pt x 8
45.04686pt>
File: 2-the-practice-of-reproducilble-research.pdf Graphic file (type pdf)
 <use 2-the-practice-of-reproducilble-research.pdf, page 3>
Package pdftex.def Info: 2-the-practice-of-reproducilble-research.pdf, page3 us
ed on input line 176.
(pdftex.def)             Requested size: 597.53374pt x 845.08348pt.
File: 2-the-practice-of-reproducilble-research.pdf Graphic file (type pdf)

<use 2-the-practice-of-reproducilble-research.pdf, page 3>
Package pdftex.def Info: 2-the-practice-of-reproducilble-research.pdf, page3 us
ed on input line 176.
(pdftex.def)             Requested size: 597.53374pt x 845.08348pt.
File: 2-the-practice-of-reproducilble-research.pdf Graphic file (type pdf)

<use 2-the-practice-of-reproducilble-research.pdf, page 3>
Package pdftex.def Info: 2-the-practice-of-reproducilble-research.pdf, page3 us
ed on input line 176.
(pdftex.def)             Requested size: 597.53374pt x 845.08348pt.
 [133 <./2-the-practice-of-reproducilble-research.pdf>]
<2-the-practice-of-reproducilble-research.pdf, id=1193, page=4, 597.50786pt x 8
45.04686pt>
File: 2-the-practice-of-reproducilble-research.pdf Graphic file (type pdf)
 <use 2-the-practice-of-reproducilble-research.pdf, page 4>
Package pdftex.def Info: 2-the-practice-of-reproducilble-research.pdf, page4 us
ed on input line 176.
(pdftex.def)             Requested size: 597.53374pt x 845.08348pt.
File: 2-the-practice-of-reproducilble-research.pdf Graphic file (type pdf)

<use 2-the-practice-of-reproducilble-research.pdf, page 4>
Package pdftex.def Info: 2-the-practice-of-reproducilble-research.pdf, page4 us
ed on input line 176.
(pdftex.def)             Requested size: 597.53374pt x 845.08348pt.
File: 2-the-practice-of-reproducilble-research.pdf Graphic file (type pdf)

<use 2-the-practice-of-reproducilble-research.pdf, page 4>
Package pdftex.def Info: 2-the-practice-of-reproducilble-research.pdf, page4 us
ed on input line 176.
(pdftex.def)             Requested size: 597.53374pt x 845.08348pt.
 [134 <./2-the-practice-of-reproducilble-research.pdf>]
<2-the-practice-of-reproducilble-research.pdf, id=1198, page=5, 597.50786pt x 8
45.04686pt>
File: 2-the-practice-of-reproducilble-research.pdf Graphic file (type pdf)
 <use 2-the-practice-of-reproducilble-research.pdf, page 5>
Package pdftex.def Info: 2-the-practice-of-reproducilble-research.pdf, page5 us
ed on input line 176.
(pdftex.def)             Requested size: 597.53374pt x 845.08348pt.
File: 2-the-practice-of-reproducilble-research.pdf Graphic file (type pdf)

<use 2-the-practice-of-reproducilble-research.pdf, page 5>
Package pdftex.def Info: 2-the-practice-of-reproducilble-research.pdf, page5 us
ed on input line 176.
(pdftex.def)             Requested size: 597.53374pt x 845.08348pt.
File: 2-the-practice-of-reproducilble-research.pdf Graphic file (type pdf)

<use 2-the-practice-of-reproducilble-research.pdf, page 5>
Package pdftex.def Info: 2-the-practice-of-reproducilble-research.pdf, page5 us
ed on input line 176.
(pdftex.def)             Requested size: 597.53374pt x 845.08348pt.
 [135 <./2-the-practice-of-reproducilble-research.pdf>]
<2-the-practice-of-reproducilble-research.pdf, id=1209, page=6, 597.50786pt x 8
45.04686pt>
File: 2-the-practice-of-reproducilble-research.pdf Graphic file (type pdf)
 <use 2-the-practice-of-reproducilble-research.pdf, page 6>
Package pdftex.def Info: 2-the-practice-of-reproducilble-research.pdf, page6 us
ed on input line 176.
(pdftex.def)             Requested size: 597.53374pt x 845.08348pt.
File: 2-the-practice-of-reproducilble-research.pdf Graphic file (type pdf)

<use 2-the-practice-of-reproducilble-research.pdf, page 6>
Package pdftex.def Info: 2-the-practice-of-reproducilble-research.pdf, page6 us
ed on input line 176.
(pdftex.def)             Requested size: 597.53374pt x 845.08348pt.
File: 2-the-practice-of-reproducilble-research.pdf Graphic file (type pdf)

<use 2-the-practice-of-reproducilble-research.pdf, page 6>
Package pdftex.def Info: 2-the-practice-of-reproducilble-research.pdf, page6 us
ed on input line 176.
(pdftex.def)             Requested size: 597.53374pt x 845.08348pt.
 [136 <./2-the-practice-of-reproducilble-research.pdf>]
<2-the-practice-of-reproducilble-research.pdf, id=1214, page=7, 597.50786pt x 8
45.04686pt>
File: 2-the-practice-of-reproducilble-research.pdf Graphic file (type pdf)
 <use 2-the-practice-of-reproducilble-research.pdf, page 7>
Package pdftex.def Info: 2-the-practice-of-reproducilble-research.pdf, page7 us
ed on input line 176.
(pdftex.def)             Requested size: 597.53374pt x 845.08348pt.
File: 2-the-practice-of-reproducilble-research.pdf Graphic file (type pdf)

<use 2-the-practice-of-reproducilble-research.pdf, page 7>
Package pdftex.def Info: 2-the-practice-of-reproducilble-research.pdf, page7 us
ed on input line 176.
(pdftex.def)             Requested size: 597.53374pt x 845.08348pt.
File: 2-the-practice-of-reproducilble-research.pdf Graphic file (type pdf)

<use 2-the-practice-of-reproducilble-research.pdf, page 7>
Package pdftex.def Info: 2-the-practice-of-reproducilble-research.pdf, page7 us
ed on input line 176.
(pdftex.def)             Requested size: 597.53374pt x 845.08348pt.
 [137 <./2-the-practice-of-reproducilble-research.pdf>]
<2-the-practice-of-reproducilble-research.pdf, id=1219, page=8, 597.50786pt x 8
45.04686pt>
File: 2-the-practice-of-reproducilble-research.pdf Graphic file (type pdf)
 <use 2-the-practice-of-reproducilble-research.pdf, page 8>
Package pdftex.def Info: 2-the-practice-of-reproducilble-research.pdf, page8 us
ed on input line 176.
(pdftex.def)             Requested size: 597.53374pt x 845.08348pt.
File: 2-the-practice-of-reproducilble-research.pdf Graphic file (type pdf)

<use 2-the-practice-of-reproducilble-research.pdf, page 8>
Package pdftex.def Info: 2-the-practice-of-reproducilble-research.pdf, page8 us
ed on input line 176.
(pdftex.def)             Requested size: 597.53374pt x 845.08348pt.
File: 2-the-practice-of-reproducilble-research.pdf Graphic file (type pdf)

<use 2-the-practice-of-reproducilble-research.pdf, page 8>
Package pdftex.def Info: 2-the-practice-of-reproducilble-research.pdf, page8 us
ed on input line 176.
(pdftex.def)             Requested size: 597.53374pt x 845.08348pt.
 [138 <./2-the-practice-of-reproducilble-research.pdf>]
<2-the-practice-of-reproducilble-research.pdf, id=1224, page=9, 597.50786pt x 8
45.04686pt>
File: 2-the-practice-of-reproducilble-research.pdf Graphic file (type pdf)
 <use 2-the-practice-of-reproducilble-research.pdf, page 9>
Package pdftex.def Info: 2-the-practice-of-reproducilble-research.pdf, page9 us
ed on input line 176.
(pdftex.def)             Requested size: 597.53374pt x 845.08348pt.
File: 2-the-practice-of-reproducilble-research.pdf Graphic file (type pdf)

<use 2-the-practice-of-reproducilble-research.pdf, page 9>
Package pdftex.def Info: 2-the-practice-of-reproducilble-research.pdf, page9 us
ed on input line 176.
(pdftex.def)             Requested size: 597.53374pt x 845.08348pt.
File: 2-the-practice-of-reproducilble-research.pdf Graphic file (type pdf)

<use 2-the-practice-of-reproducilble-research.pdf, page 9>
Package pdftex.def Info: 2-the-practice-of-reproducilble-research.pdf, page9 us
ed on input line 176.
(pdftex.def)             Requested size: 597.53374pt x 845.08348pt.
 [139 <./2-the-practice-of-reproducilble-research.pdf>]
<2-the-practice-of-reproducilble-research.pdf, id=1230, page=10, 597.50786pt x 
845.04686pt>
File: 2-the-practice-of-reproducilble-research.pdf Graphic file (type pdf)
 <use 2-the-practice-of-reproducilble-research.pdf, page 10>
Package pdftex.def Info: 2-the-practice-of-reproducilble-research.pdf, page10 u
sed on input line 176.
(pdftex.def)             Requested size: 597.53374pt x 845.08348pt.
File: 2-the-practice-of-reproducilble-research.pdf Graphic file (type pdf)

<use 2-the-practice-of-reproducilble-research.pdf, page 10>
Package pdftex.def Info: 2-the-practice-of-reproducilble-research.pdf, page10 u
sed on input line 176.
(pdftex.def)             Requested size: 597.53374pt x 845.08348pt.
File: 2-the-practice-of-reproducilble-research.pdf Graphic file (type pdf)

<use 2-the-practice-of-reproducilble-research.pdf, page 10>
Package pdftex.def Info: 2-the-practice-of-reproducilble-research.pdf, page10 u
sed on input line 176.
(pdftex.def)             Requested size: 597.53374pt x 845.08348pt.
 [140 <./2-the-practice-of-reproducilble-research.pdf>]
<2-the-practice-of-reproducilble-research.pdf, id=1235, page=11, 597.50786pt x 
845.04686pt>
File: 2-the-practice-of-reproducilble-research.pdf Graphic file (type pdf)
 <use 2-the-practice-of-reproducilble-research.pdf, page 11>
Package pdftex.def Info: 2-the-practice-of-reproducilble-research.pdf, page11 u
sed on input line 176.
(pdftex.def)             Requested size: 597.53374pt x 845.08348pt.
File: 2-the-practice-of-reproducilble-research.pdf Graphic file (type pdf)

<use 2-the-practice-of-reproducilble-research.pdf, page 11>
Package pdftex.def Info: 2-the-practice-of-reproducilble-research.pdf, page11 u
sed on input line 176.
(pdftex.def)             Requested size: 597.53374pt x 845.08348pt.
File: 2-the-practice-of-reproducilble-research.pdf Graphic file (type pdf)

<use 2-the-practice-of-reproducilble-research.pdf, page 11>
Package pdftex.def Info: 2-the-practice-of-reproducilble-research.pdf, page11 u
sed on input line 176.
(pdftex.def)             Requested size: 597.53374pt x 845.08348pt.
 [141 <./2-the-practice-of-reproducilble-research.pdf>]
<2-the-practice-of-reproducilble-research.pdf, id=1240, page=12, 597.50786pt x 
845.04686pt>
File: 2-the-practice-of-reproducilble-research.pdf Graphic file (type pdf)
 <use 2-the-practice-of-reproducilble-research.pdf, page 12>
Package pdftex.def Info: 2-the-practice-of-reproducilble-research.pdf, page12 u
sed on input line 176.
(pdftex.def)             Requested size: 597.53374pt x 845.08348pt.
File: 2-the-practice-of-reproducilble-research.pdf Graphic file (type pdf)

<use 2-the-practice-of-reproducilble-research.pdf, page 12>
Package pdftex.def Info: 2-the-practice-of-reproducilble-research.pdf, page12 u
sed on input line 176.
(pdftex.def)             Requested size: 597.53374pt x 845.08348pt.
File: 2-the-practice-of-reproducilble-research.pdf Graphic file (type pdf)

<use 2-the-practice-of-reproducilble-research.pdf, page 12>
Package pdftex.def Info: 2-the-practice-of-reproducilble-research.pdf, page12 u
sed on input line 176.
(pdftex.def)             Requested size: 597.53374pt x 845.08348pt.
 [142 <./2-the-practice-of-reproducilble-research.pdf>]
<2-the-practice-of-reproducilble-research.pdf, id=1245, page=13, 597.50786pt x 
845.04686pt>
File: 2-the-practice-of-reproducilble-research.pdf Graphic file (type pdf)
 <use 2-the-practice-of-reproducilble-research.pdf, page 13>
Package pdftex.def Info: 2-the-practice-of-reproducilble-research.pdf, page13 u
sed on input line 176.
(pdftex.def)             Requested size: 597.53374pt x 845.08348pt.
File: 2-the-practice-of-reproducilble-research.pdf Graphic file (type pdf)

<use 2-the-practice-of-reproducilble-research.pdf, page 13>
Package pdftex.def Info: 2-the-practice-of-reproducilble-research.pdf, page13 u
sed on input line 176.
(pdftex.def)             Requested size: 597.53374pt x 845.08348pt.
File: 2-the-practice-of-reproducilble-research.pdf Graphic file (type pdf)

<use 2-the-practice-of-reproducilble-research.pdf, page 13>
Package pdftex.def Info: 2-the-practice-of-reproducilble-research.pdf, page13 u
sed on input line 176.
(pdftex.def)             Requested size: 597.53374pt x 845.08348pt.
 [143 <./2-the-practice-of-reproducilble-research.pdf>]
<2-the-practice-of-reproducilble-research.pdf, id=1250, page=14, 597.50786pt x 
845.04686pt>
File: 2-the-practice-of-reproducilble-research.pdf Graphic file (type pdf)
 <use 2-the-practice-of-reproducilble-research.pdf, page 14>
Package pdftex.def Info: 2-the-practice-of-reproducilble-research.pdf, page14 u
sed on input line 176.
(pdftex.def)             Requested size: 597.53374pt x 845.08348pt.
File: 2-the-practice-of-reproducilble-research.pdf Graphic file (type pdf)

<use 2-the-practice-of-reproducilble-research.pdf, page 14>
Package pdftex.def Info: 2-the-practice-of-reproducilble-research.pdf, page14 u
sed on input line 176.
(pdftex.def)             Requested size: 597.53374pt x 845.08348pt.
File: 2-the-practice-of-reproducilble-research.pdf Graphic file (type pdf)

<use 2-the-practice-of-reproducilble-research.pdf, page 14>
Package pdftex.def Info: 2-the-practice-of-reproducilble-research.pdf, page14 u
sed on input line 176.
(pdftex.def)             Requested size: 597.53374pt x 845.08348pt.
 [144 <./2-the-practice-of-reproducilble-research.pdf>]
<2-the-practice-of-reproducilble-research.pdf, id=1255, page=15, 597.50786pt x 
845.04686pt>
File: 2-the-practice-of-reproducilble-research.pdf Graphic file (type pdf)
 <use 2-the-practice-of-reproducilble-research.pdf, page 15>
Package pdftex.def Info: 2-the-practice-of-reproducilble-research.pdf, page15 u
sed on input line 176.
(pdftex.def)             Requested size: 597.53374pt x 845.08348pt.
File: 2-the-practice-of-reproducilble-research.pdf Graphic file (type pdf)

<use 2-the-practice-of-reproducilble-research.pdf, page 15>
Package pdftex.def Info: 2-the-practice-of-reproducilble-research.pdf, page15 u
sed on input line 176.
(pdftex.def)             Requested size: 597.53374pt x 845.08348pt.
File: 2-the-practice-of-reproducilble-research.pdf Graphic file (type pdf)

<use 2-the-practice-of-reproducilble-research.pdf, page 15>
Package pdftex.def Info: 2-the-practice-of-reproducilble-research.pdf, page15 u
sed on input line 176.
(pdftex.def)             Requested size: 597.53374pt x 845.08348pt.
 [145 <./2-the-practice-of-reproducilble-research.pdf>]
<2-the-practice-of-reproducilble-research.pdf, id=1262, page=16, 597.50786pt x 
845.04686pt>
File: 2-the-practice-of-reproducilble-research.pdf Graphic file (type pdf)
 <use 2-the-practice-of-reproducilble-research.pdf, page 16>
Package pdftex.def Info: 2-the-practice-of-reproducilble-research.pdf, page16 u
sed on input line 176.
(pdftex.def)             Requested size: 597.53374pt x 845.08348pt.
File: 2-the-practice-of-reproducilble-research.pdf Graphic file (type pdf)

<use 2-the-practice-of-reproducilble-research.pdf, page 16>
Package pdftex.def Info: 2-the-practice-of-reproducilble-research.pdf, page16 u
sed on input line 176.
(pdftex.def)             Requested size: 597.53374pt x 845.08348pt.
File: 2-the-practice-of-reproducilble-research.pdf Graphic file (type pdf)

<use 2-the-practice-of-reproducilble-research.pdf, page 16>
Package pdftex.def Info: 2-the-practice-of-reproducilble-research.pdf, page16 u
sed on input line 176.
(pdftex.def)             Requested size: 597.53374pt x 845.08348pt.
 [146 <./2-the-practice-of-reproducilble-research.pdf>]
<2-the-practice-of-reproducilble-research.pdf, id=1267, page=17, 597.50786pt x 
845.04686pt>
File: 2-the-practice-of-reproducilble-research.pdf Graphic file (type pdf)
 <use 2-the-practice-of-reproducilble-research.pdf, page 17>
Package pdftex.def Info: 2-the-practice-of-reproducilble-research.pdf, page17 u
sed on input line 176.
(pdftex.def)             Requested size: 597.53374pt x 845.08348pt.
File: 2-the-practice-of-reproducilble-research.pdf Graphic file (type pdf)

<use 2-the-practice-of-reproducilble-research.pdf, page 17>
Package pdftex.def Info: 2-the-practice-of-reproducilble-research.pdf, page17 u
sed on input line 176.
(pdftex.def)             Requested size: 597.53374pt x 845.08348pt.
File: 2-the-practice-of-reproducilble-research.pdf Graphic file (type pdf)

<use 2-the-practice-of-reproducilble-research.pdf, page 17>
Package pdftex.def Info: 2-the-practice-of-reproducilble-research.pdf, page17 u
sed on input line 176.
(pdftex.def)             Requested size: 597.53374pt x 845.08348pt.
 [147 <./2-the-practice-of-reproducilble-research.pdf>]
<2-the-practice-of-reproducilble-research.pdf, id=1272, page=18, 597.50786pt x 
845.04686pt>
File: 2-the-practice-of-reproducilble-research.pdf Graphic file (type pdf)
 <use 2-the-practice-of-reproducilble-research.pdf, page 18>
Package pdftex.def Info: 2-the-practice-of-reproducilble-research.pdf, page18 u
sed on input line 176.
(pdftex.def)             Requested size: 597.53374pt x 845.08348pt.
File: 2-the-practice-of-reproducilble-research.pdf Graphic file (type pdf)

<use 2-the-practice-of-reproducilble-research.pdf, page 18>
Package pdftex.def Info: 2-the-practice-of-reproducilble-research.pdf, page18 u
sed on input line 176.
(pdftex.def)             Requested size: 597.53374pt x 845.08348pt.
File: 2-the-practice-of-reproducilble-research.pdf Graphic file (type pdf)

<use 2-the-practice-of-reproducilble-research.pdf, page 18>
Package pdftex.def Info: 2-the-practice-of-reproducilble-research.pdf, page18 u
sed on input line 176.
(pdftex.def)             Requested size: 597.53374pt x 845.08348pt.
 [148 <./2-the-practice-of-reproducilble-research.pdf>]
<2-the-practice-of-reproducilble-research.pdf, id=1277, page=19, 597.50786pt x 
845.04686pt>
File: 2-the-practice-of-reproducilble-research.pdf Graphic file (type pdf)
 <use 2-the-practice-of-reproducilble-research.pdf, page 19>
Package pdftex.def Info: 2-the-practice-of-reproducilble-research.pdf, page19 u
sed on input line 176.
(pdftex.def)             Requested size: 597.53374pt x 845.08348pt.
File: 2-the-practice-of-reproducilble-research.pdf Graphic file (type pdf)

<use 2-the-practice-of-reproducilble-research.pdf, page 19>
Package pdftex.def Info: 2-the-practice-of-reproducilble-research.pdf, page19 u
sed on input line 176.
(pdftex.def)             Requested size: 597.53374pt x 845.08348pt.
File: 2-the-practice-of-reproducilble-research.pdf Graphic file (type pdf)

<use 2-the-practice-of-reproducilble-research.pdf, page 19>
Package pdftex.def Info: 2-the-practice-of-reproducilble-research.pdf, page19 u
sed on input line 176.
(pdftex.def)             Requested size: 597.53374pt x 845.08348pt.
 [149 <./2-the-practice-of-reproducilble-research.pdf>]
<2-the-practice-of-reproducilble-research.pdf, id=1282, page=20, 597.50786pt x 
845.04686pt>
File: 2-the-practice-of-reproducilble-research.pdf Graphic file (type pdf)
 <use 2-the-practice-of-reproducilble-research.pdf, page 20>
Package pdftex.def Info: 2-the-practice-of-reproducilble-research.pdf, page20 u
sed on input line 176.
(pdftex.def)             Requested size: 597.53374pt x 845.08348pt.
File: 2-the-practice-of-reproducilble-research.pdf Graphic file (type pdf)

<use 2-the-practice-of-reproducilble-research.pdf, page 20>
Package pdftex.def Info: 2-the-practice-of-reproducilble-research.pdf, page20 u
sed on input line 176.
(pdftex.def)             Requested size: 597.53374pt x 845.08348pt.
File: 2-the-practice-of-reproducilble-research.pdf Graphic file (type pdf)

<use 2-the-practice-of-reproducilble-research.pdf, page 20>
Package pdftex.def Info: 2-the-practice-of-reproducilble-research.pdf, page20 u
sed on input line 176.
(pdftex.def)             Requested size: 597.53374pt x 845.08348pt.
 [150 <./2-the-practice-of-reproducilble-research.pdf>]
<2-the-practice-of-reproducilble-research.pdf, id=1287, page=21, 597.50786pt x 
845.04686pt>
File: 2-the-practice-of-reproducilble-research.pdf Graphic file (type pdf)
 <use 2-the-practice-of-reproducilble-research.pdf, page 21>
Package pdftex.def Info: 2-the-practice-of-reproducilble-research.pdf, page21 u
sed on input line 176.
(pdftex.def)             Requested size: 597.53374pt x 845.08348pt.
File: 2-the-practice-of-reproducilble-research.pdf Graphic file (type pdf)

<use 2-the-practice-of-reproducilble-research.pdf, page 21>
Package pdftex.def Info: 2-the-practice-of-reproducilble-research.pdf, page21 u
sed on input line 176.
(pdftex.def)             Requested size: 597.53374pt x 845.08348pt.
File: 2-the-practice-of-reproducilble-research.pdf Graphic file (type pdf)

<use 2-the-practice-of-reproducilble-research.pdf, page 21>
Package pdftex.def Info: 2-the-practice-of-reproducilble-research.pdf, page21 u
sed on input line 176.
(pdftex.def)             Requested size: 597.53374pt x 845.08348pt.
 [151 <./2-the-practice-of-reproducilble-research.pdf>]
<2-the-practice-of-reproducilble-research.pdf, id=1293, page=22, 597.50786pt x 
845.04686pt>
File: 2-the-practice-of-reproducilble-research.pdf Graphic file (type pdf)
 <use 2-the-practice-of-reproducilble-research.pdf, page 22>
Package pdftex.def Info: 2-the-practice-of-reproducilble-research.pdf, page22 u
sed on input line 176.
(pdftex.def)             Requested size: 597.53374pt x 845.08348pt.
File: 2-the-practice-of-reproducilble-research.pdf Graphic file (type pdf)

<use 2-the-practice-of-reproducilble-research.pdf, page 22>
Package pdftex.def Info: 2-the-practice-of-reproducilble-research.pdf, page22 u
sed on input line 176.
(pdftex.def)             Requested size: 597.53374pt x 845.08348pt.
File: 2-the-practice-of-reproducilble-research.pdf Graphic file (type pdf)

<use 2-the-practice-of-reproducilble-research.pdf, page 22>
Package pdftex.def Info: 2-the-practice-of-reproducilble-research.pdf, page22 u
sed on input line 176.
(pdftex.def)             Requested size: 597.53374pt x 845.08348pt.
 [152 <./2-the-practice-of-reproducilble-research.pdf>]
<2-the-practice-of-reproducilble-research.pdf, id=1298, page=23, 597.50786pt x 
845.04686pt>
File: 2-the-practice-of-reproducilble-research.pdf Graphic file (type pdf)
 <use 2-the-practice-of-reproducilble-research.pdf, page 23>
Package pdftex.def Info: 2-the-practice-of-reproducilble-research.pdf, page23 u
sed on input line 176.
(pdftex.def)             Requested size: 597.53374pt x 845.08348pt.
File: 2-the-practice-of-reproducilble-research.pdf Graphic file (type pdf)

<use 2-the-practice-of-reproducilble-research.pdf, page 23>
Package pdftex.def Info: 2-the-practice-of-reproducilble-research.pdf, page23 u
sed on input line 176.
(pdftex.def)             Requested size: 597.53374pt x 845.08348pt.
File: 2-the-practice-of-reproducilble-research.pdf Graphic file (type pdf)

<use 2-the-practice-of-reproducilble-research.pdf, page 23>
Package pdftex.def Info: 2-the-practice-of-reproducilble-research.pdf, page23 u
sed on input line 176.
(pdftex.def)             Requested size: 597.53374pt x 845.08348pt.
 [153 <./2-the-practice-of-reproducilble-research.pdf>]
<2-the-practice-of-reproducilble-research.pdf, id=1303, page=24, 597.50786pt x 
845.04686pt>
File: 2-the-practice-of-reproducilble-research.pdf Graphic file (type pdf)
 <use 2-the-practice-of-reproducilble-research.pdf, page 24>
Package pdftex.def Info: 2-the-practice-of-reproducilble-research.pdf, page24 u
sed on input line 176.
(pdftex.def)             Requested size: 597.53374pt x 845.08348pt.
File: 2-the-practice-of-reproducilble-research.pdf Graphic file (type pdf)

<use 2-the-practice-of-reproducilble-research.pdf, page 24>
Package pdftex.def Info: 2-the-practice-of-reproducilble-research.pdf, page24 u
sed on input line 176.
(pdftex.def)             Requested size: 597.53374pt x 845.08348pt.
File: 2-the-practice-of-reproducilble-research.pdf Graphic file (type pdf)

<use 2-the-practice-of-reproducilble-research.pdf, page 24>
Package pdftex.def Info: 2-the-practice-of-reproducilble-research.pdf, page24 u
sed on input line 176.
(pdftex.def)             Requested size: 597.53374pt x 845.08348pt.
 [154 <./2-the-practice-of-reproducilble-research.pdf>]
<2-the-practice-of-reproducilble-research.pdf, id=1308, page=25, 597.50786pt x 
845.04686pt>
File: 2-the-practice-of-reproducilble-research.pdf Graphic file (type pdf)
 <use 2-the-practice-of-reproducilble-research.pdf, page 25>
Package pdftex.def Info: 2-the-practice-of-reproducilble-research.pdf, page25 u
sed on input line 176.
(pdftex.def)             Requested size: 597.53374pt x 845.08348pt.
File: 2-the-practice-of-reproducilble-research.pdf Graphic file (type pdf)

<use 2-the-practice-of-reproducilble-research.pdf, page 25>
Package pdftex.def Info: 2-the-practice-of-reproducilble-research.pdf, page25 u
sed on input line 176.
(pdftex.def)             Requested size: 597.53374pt x 845.08348pt.
File: 2-the-practice-of-reproducilble-research.pdf Graphic file (type pdf)

<use 2-the-practice-of-reproducilble-research.pdf, page 25>
Package pdftex.def Info: 2-the-practice-of-reproducilble-research.pdf, page25 u
sed on input line 176.
(pdftex.def)             Requested size: 597.53374pt x 845.08348pt.
 [155 <./2-the-practice-of-reproducilble-research.pdf>]
<2-the-practice-of-reproducilble-research.pdf, id=1313, page=26, 597.50786pt x 
845.04686pt>
File: 2-the-practice-of-reproducilble-research.pdf Graphic file (type pdf)
 <use 2-the-practice-of-reproducilble-research.pdf, page 26>
Package pdftex.def Info: 2-the-practice-of-reproducilble-research.pdf, page26 u
sed on input line 176.
(pdftex.def)             Requested size: 597.53374pt x 845.08348pt.
File: 2-the-practice-of-reproducilble-research.pdf Graphic file (type pdf)

<use 2-the-practice-of-reproducilble-research.pdf, page 26>
Package pdftex.def Info: 2-the-practice-of-reproducilble-research.pdf, page26 u
sed on input line 176.
(pdftex.def)             Requested size: 597.53374pt x 845.08348pt.
File: 2-the-practice-of-reproducilble-research.pdf Graphic file (type pdf)

<use 2-the-practice-of-reproducilble-research.pdf, page 26>
Package pdftex.def Info: 2-the-practice-of-reproducilble-research.pdf, page26 u
sed on input line 176.
(pdftex.def)             Requested size: 597.53374pt x 845.08348pt.
 [156 <./2-the-practice-of-reproducilble-research.pdf>]
<2-the-practice-of-reproducilble-research.pdf, id=1318, page=27, 597.50786pt x 
845.04686pt>
File: 2-the-practice-of-reproducilble-research.pdf Graphic file (type pdf)
 <use 2-the-practice-of-reproducilble-research.pdf, page 27>
Package pdftex.def Info: 2-the-practice-of-reproducilble-research.pdf, page27 u
sed on input line 176.
(pdftex.def)             Requested size: 597.53374pt x 845.08348pt.
File: 2-the-practice-of-reproducilble-research.pdf Graphic file (type pdf)

<use 2-the-practice-of-reproducilble-research.pdf, page 27>
Package pdftex.def Info: 2-the-practice-of-reproducilble-research.pdf, page27 u
sed on input line 176.
(pdftex.def)             Requested size: 597.53374pt x 845.08348pt.
File: 2-the-practice-of-reproducilble-research.pdf Graphic file (type pdf)

<use 2-the-practice-of-reproducilble-research.pdf, page 27>
Package pdftex.def Info: 2-the-practice-of-reproducilble-research.pdf, page27 u
sed on input line 176.
(pdftex.def)             Requested size: 597.53374pt x 845.08348pt.
 [157 <./2-the-practice-of-reproducilble-research.pdf>]
<2-the-practice-of-reproducilble-research.pdf, id=1324, page=28, 597.50786pt x 
845.04686pt>
File: 2-the-practice-of-reproducilble-research.pdf Graphic file (type pdf)
 <use 2-the-practice-of-reproducilble-research.pdf, page 28>
Package pdftex.def Info: 2-the-practice-of-reproducilble-research.pdf, page28 u
sed on input line 176.
(pdftex.def)             Requested size: 597.53374pt x 845.08348pt.
File: 2-the-practice-of-reproducilble-research.pdf Graphic file (type pdf)

<use 2-the-practice-of-reproducilble-research.pdf, page 28>
Package pdftex.def Info: 2-the-practice-of-reproducilble-research.pdf, page28 u
sed on input line 176.
(pdftex.def)             Requested size: 597.53374pt x 845.08348pt.
File: 2-the-practice-of-reproducilble-research.pdf Graphic file (type pdf)

<use 2-the-practice-of-reproducilble-research.pdf, page 28>
Package pdftex.def Info: 2-the-practice-of-reproducilble-research.pdf, page28 u
sed on input line 176.
(pdftex.def)             Requested size: 597.53374pt x 845.08348pt.
 [158 <./2-the-practice-of-reproducilble-research.pdf>]
<2-the-practice-of-reproducilble-research.pdf, id=1329, page=29, 597.50786pt x 
845.04686pt>
File: 2-the-practice-of-reproducilble-research.pdf Graphic file (type pdf)
 <use 2-the-practice-of-reproducilble-research.pdf, page 29>
Package pdftex.def Info: 2-the-practice-of-reproducilble-research.pdf, page29 u
sed on input line 176.
(pdftex.def)             Requested size: 597.53374pt x 845.08348pt.
File: 2-the-practice-of-reproducilble-research.pdf Graphic file (type pdf)

<use 2-the-practice-of-reproducilble-research.pdf, page 29>
Package pdftex.def Info: 2-the-practice-of-reproducilble-research.pdf, page29 u
sed on input line 176.
(pdftex.def)             Requested size: 597.53374pt x 845.08348pt.
File: 2-the-practice-of-reproducilble-research.pdf Graphic file (type pdf)

<use 2-the-practice-of-reproducilble-research.pdf, page 29>
Package pdftex.def Info: 2-the-practice-of-reproducilble-research.pdf, page29 u
sed on input line 176.
(pdftex.def)             Requested size: 597.53374pt x 845.08348pt.
 [159 <./2-the-practice-of-reproducilble-research.pdf>]
<2-the-practice-of-reproducilble-research.pdf, id=1334, page=30, 597.50786pt x 
845.04686pt>
File: 2-the-practice-of-reproducilble-research.pdf Graphic file (type pdf)
 <use 2-the-practice-of-reproducilble-research.pdf, page 30>
Package pdftex.def Info: 2-the-practice-of-reproducilble-research.pdf, page30 u
sed on input line 176.
(pdftex.def)             Requested size: 597.53374pt x 845.08348pt.
File: 2-the-practice-of-reproducilble-research.pdf Graphic file (type pdf)

<use 2-the-practice-of-reproducilble-research.pdf, page 30>
Package pdftex.def Info: 2-the-practice-of-reproducilble-research.pdf, page30 u
sed on input line 176.
(pdftex.def)             Requested size: 597.53374pt x 845.08348pt.
File: 2-the-practice-of-reproducilble-research.pdf Graphic file (type pdf)

<use 2-the-practice-of-reproducilble-research.pdf, page 30>
Package pdftex.def Info: 2-the-practice-of-reproducilble-research.pdf, page30 u
sed on input line 176.
(pdftex.def)             Requested size: 597.53374pt x 845.08348pt.
 [160 <./2-the-practice-of-reproducilble-research.pdf>]
<2-the-practice-of-reproducilble-research.pdf, id=1339, page=31, 597.50786pt x 
845.04686pt>
File: 2-the-practice-of-reproducilble-research.pdf Graphic file (type pdf)
 <use 2-the-practice-of-reproducilble-research.pdf, page 31>
Package pdftex.def Info: 2-the-practice-of-reproducilble-research.pdf, page31 u
sed on input line 176.
(pdftex.def)             Requested size: 597.53374pt x 845.08348pt.
File: 2-the-practice-of-reproducilble-research.pdf Graphic file (type pdf)

<use 2-the-practice-of-reproducilble-research.pdf, page 31>
Package pdftex.def Info: 2-the-practice-of-reproducilble-research.pdf, page31 u
sed on input line 176.
(pdftex.def)             Requested size: 597.53374pt x 845.08348pt.
File: 2-the-practice-of-reproducilble-research.pdf Graphic file (type pdf)

<use 2-the-practice-of-reproducilble-research.pdf, page 31>
Package pdftex.def Info: 2-the-practice-of-reproducilble-research.pdf, page31 u
sed on input line 176.
(pdftex.def)             Requested size: 597.53374pt x 845.08348pt.
 [161 <./2-the-practice-of-reproducilble-research.pdf>]
<2-the-practice-of-reproducilble-research.pdf, id=1344, page=32, 597.50786pt x 
845.04686pt>
File: 2-the-practice-of-reproducilble-research.pdf Graphic file (type pdf)
 <use 2-the-practice-of-reproducilble-research.pdf, page 32>
Package pdftex.def Info: 2-the-practice-of-reproducilble-research.pdf, page32 u
sed on input line 176.
(pdftex.def)             Requested size: 597.53374pt x 845.08348pt.
File: 2-the-practice-of-reproducilble-research.pdf Graphic file (type pdf)

<use 2-the-practice-of-reproducilble-research.pdf, page 32>
Package pdftex.def Info: 2-the-practice-of-reproducilble-research.pdf, page32 u
sed on input line 176.
(pdftex.def)             Requested size: 597.53374pt x 845.08348pt.
File: 2-the-practice-of-reproducilble-research.pdf Graphic file (type pdf)

<use 2-the-practice-of-reproducilble-research.pdf, page 32>
Package pdftex.def Info: 2-the-practice-of-reproducilble-research.pdf, page32 u
sed on input line 176.
(pdftex.def)             Requested size: 597.53374pt x 845.08348pt.
 [162 <./2-the-practice-of-reproducilble-research.pdf>]
<2-the-practice-of-reproducilble-research.pdf, id=1355, page=33, 597.50786pt x 
845.04686pt>
File: 2-the-practice-of-reproducilble-research.pdf Graphic file (type pdf)
 <use 2-the-practice-of-reproducilble-research.pdf, page 33>
Package pdftex.def Info: 2-the-practice-of-reproducilble-research.pdf, page33 u
sed on input line 176.
(pdftex.def)             Requested size: 597.53374pt x 845.08348pt.
File: 2-the-practice-of-reproducilble-research.pdf Graphic file (type pdf)

<use 2-the-practice-of-reproducilble-research.pdf, page 33>
Package pdftex.def Info: 2-the-practice-of-reproducilble-research.pdf, page33 u
sed on input line 176.
(pdftex.def)             Requested size: 597.53374pt x 845.08348pt.
File: 2-the-practice-of-reproducilble-research.pdf Graphic file (type pdf)

<use 2-the-practice-of-reproducilble-research.pdf, page 33>
Package pdftex.def Info: 2-the-practice-of-reproducilble-research.pdf, page33 u
sed on input line 176.
(pdftex.def)             Requested size: 597.53374pt x 845.08348pt.
 [163 <./2-the-practice-of-reproducilble-research.pdf>]
<2-the-practice-of-reproducilble-research.pdf, id=1361, page=34, 597.50786pt x 
845.04686pt>
File: 2-the-practice-of-reproducilble-research.pdf Graphic file (type pdf)
 <use 2-the-practice-of-reproducilble-research.pdf, page 34>
Package pdftex.def Info: 2-the-practice-of-reproducilble-research.pdf, page34 u
sed on input line 176.
(pdftex.def)             Requested size: 597.53374pt x 845.08348pt.
File: 2-the-practice-of-reproducilble-research.pdf Graphic file (type pdf)

<use 2-the-practice-of-reproducilble-research.pdf, page 34>
Package pdftex.def Info: 2-the-practice-of-reproducilble-research.pdf, page34 u
sed on input line 176.
(pdftex.def)             Requested size: 597.53374pt x 845.08348pt.
File: 2-the-practice-of-reproducilble-research.pdf Graphic file (type pdf)

<use 2-the-practice-of-reproducilble-research.pdf, page 34>
Package pdftex.def Info: 2-the-practice-of-reproducilble-research.pdf, page34 u
sed on input line 176.
(pdftex.def)             Requested size: 597.53374pt x 845.08348pt.
 [164 <./2-the-practice-of-reproducilble-research.pdf>]
<2-the-practice-of-reproducilble-research.pdf, id=1366, page=35, 597.50786pt x 
845.04686pt>
File: 2-the-practice-of-reproducilble-research.pdf Graphic file (type pdf)
 <use 2-the-practice-of-reproducilble-research.pdf, page 35>
Package pdftex.def Info: 2-the-practice-of-reproducilble-research.pdf, page35 u
sed on input line 176.
(pdftex.def)             Requested size: 597.53374pt x 845.08348pt.
File: 2-the-practice-of-reproducilble-research.pdf Graphic file (type pdf)

<use 2-the-practice-of-reproducilble-research.pdf, page 35>
Package pdftex.def Info: 2-the-practice-of-reproducilble-research.pdf, page35 u
sed on input line 176.
(pdftex.def)             Requested size: 597.53374pt x 845.08348pt.
File: 2-the-practice-of-reproducilble-research.pdf Graphic file (type pdf)

<use 2-the-practice-of-reproducilble-research.pdf, page 35>
Package pdftex.def Info: 2-the-practice-of-reproducilble-research.pdf, page35 u
sed on input line 176.
(pdftex.def)             Requested size: 597.53374pt x 845.08348pt.
 [165 <./2-the-practice-of-reproducilble-research.pdf>]
<2-the-practice-of-reproducilble-research.pdf, id=1371, page=36, 597.50786pt x 
845.04686pt>
File: 2-the-practice-of-reproducilble-research.pdf Graphic file (type pdf)
 <use 2-the-practice-of-reproducilble-research.pdf, page 36>
Package pdftex.def Info: 2-the-practice-of-reproducilble-research.pdf, page36 u
sed on input line 176.
(pdftex.def)             Requested size: 597.53374pt x 845.08348pt.
File: 2-the-practice-of-reproducilble-research.pdf Graphic file (type pdf)

<use 2-the-practice-of-reproducilble-research.pdf, page 36>
Package pdftex.def Info: 2-the-practice-of-reproducilble-research.pdf, page36 u
sed on input line 176.
(pdftex.def)             Requested size: 597.53374pt x 845.08348pt.
File: 2-the-practice-of-reproducilble-research.pdf Graphic file (type pdf)

<use 2-the-practice-of-reproducilble-research.pdf, page 36>
Package pdftex.def Info: 2-the-practice-of-reproducilble-research.pdf, page36 u
sed on input line 176.
(pdftex.def)             Requested size: 597.53374pt x 845.08348pt.
 [166 <./2-the-practice-of-reproducilble-research.pdf>]
<2-the-practice-of-reproducilble-research.pdf, id=1376, page=37, 597.50786pt x 
845.04686pt>
File: 2-the-practice-of-reproducilble-research.pdf Graphic file (type pdf)
 <use 2-the-practice-of-reproducilble-research.pdf, page 37>
Package pdftex.def Info: 2-the-practice-of-reproducilble-research.pdf, page37 u
sed on input line 176.
(pdftex.def)             Requested size: 597.53374pt x 845.08348pt.
File: 2-the-practice-of-reproducilble-research.pdf Graphic file (type pdf)

<use 2-the-practice-of-reproducilble-research.pdf, page 37>
Package pdftex.def Info: 2-the-practice-of-reproducilble-research.pdf, page37 u
sed on input line 176.
(pdftex.def)             Requested size: 597.53374pt x 845.08348pt.
File: 2-the-practice-of-reproducilble-research.pdf Graphic file (type pdf)

<use 2-the-practice-of-reproducilble-research.pdf, page 37>
Package pdftex.def Info: 2-the-practice-of-reproducilble-research.pdf, page37 u
sed on input line 176.
(pdftex.def)             Requested size: 597.53374pt x 845.08348pt.
 [167 <./2-the-practice-of-reproducilble-research.pdf>]
<2-the-practice-of-reproducilble-research.pdf, id=1381, page=38, 597.50786pt x 
845.04686pt>
File: 2-the-practice-of-reproducilble-research.pdf Graphic file (type pdf)
 <use 2-the-practice-of-reproducilble-research.pdf, page 38>
Package pdftex.def Info: 2-the-practice-of-reproducilble-research.pdf, page38 u
sed on input line 176.
(pdftex.def)             Requested size: 597.53374pt x 845.08348pt.
File: 2-the-practice-of-reproducilble-research.pdf Graphic file (type pdf)

<use 2-the-practice-of-reproducilble-research.pdf, page 38>
Package pdftex.def Info: 2-the-practice-of-reproducilble-research.pdf, page38 u
sed on input line 176.
(pdftex.def)             Requested size: 597.53374pt x 845.08348pt.
File: 2-the-practice-of-reproducilble-research.pdf Graphic file (type pdf)

<use 2-the-practice-of-reproducilble-research.pdf, page 38>
Package pdftex.def Info: 2-the-practice-of-reproducilble-research.pdf, page38 u
sed on input line 176.
(pdftex.def)             Requested size: 597.53374pt x 845.08348pt.
 [168 <./2-the-practice-of-reproducilble-research.pdf>]
<2-the-practice-of-reproducilble-research.pdf, id=1386, page=39, 597.50786pt x 
845.04686pt>
File: 2-the-practice-of-reproducilble-research.pdf Graphic file (type pdf)
 <use 2-the-practice-of-reproducilble-research.pdf, page 39>
Package pdftex.def Info: 2-the-practice-of-reproducilble-research.pdf, page39 u
sed on input line 176.
(pdftex.def)             Requested size: 597.53374pt x 845.08348pt.
File: 2-the-practice-of-reproducilble-research.pdf Graphic file (type pdf)

<use 2-the-practice-of-reproducilble-research.pdf, page 39>
Package pdftex.def Info: 2-the-practice-of-reproducilble-research.pdf, page39 u
sed on input line 176.
(pdftex.def)             Requested size: 597.53374pt x 845.08348pt.
File: 2-the-practice-of-reproducilble-research.pdf Graphic file (type pdf)

<use 2-the-practice-of-reproducilble-research.pdf, page 39>
Package pdftex.def Info: 2-the-practice-of-reproducilble-research.pdf, page39 u
sed on input line 176.
(pdftex.def)             Requested size: 597.53374pt x 845.08348pt.
 [169 <./2-the-practice-of-reproducilble-research.pdf>]
<2-the-practice-of-reproducilble-research.pdf, id=1392, page=40, 597.50786pt x 
845.04686pt>
File: 2-the-practice-of-reproducilble-research.pdf Graphic file (type pdf)
 <use 2-the-practice-of-reproducilble-research.pdf, page 40>
Package pdftex.def Info: 2-the-practice-of-reproducilble-research.pdf, page40 u
sed on input line 176.
(pdftex.def)             Requested size: 597.53374pt x 845.08348pt.
File: 2-the-practice-of-reproducilble-research.pdf Graphic file (type pdf)

<use 2-the-practice-of-reproducilble-research.pdf, page 40>
Package pdftex.def Info: 2-the-practice-of-reproducilble-research.pdf, page40 u
sed on input line 176.
(pdftex.def)             Requested size: 597.53374pt x 845.08348pt.
File: 2-the-practice-of-reproducilble-research.pdf Graphic file (type pdf)

<use 2-the-practice-of-reproducilble-research.pdf, page 40>
Package pdftex.def Info: 2-the-practice-of-reproducilble-research.pdf, page40 u
sed on input line 176.
(pdftex.def)             Requested size: 597.53374pt x 845.08348pt.
 [170 <./2-the-practice-of-reproducilble-research.pdf>]
<2-the-practice-of-reproducilble-research.pdf, id=1397, page=41, 597.50786pt x 
845.04686pt>
File: 2-the-practice-of-reproducilble-research.pdf Graphic file (type pdf)
 <use 2-the-practice-of-reproducilble-research.pdf, page 41>
Package pdftex.def Info: 2-the-practice-of-reproducilble-research.pdf, page41 u
sed on input line 176.
(pdftex.def)             Requested size: 597.53374pt x 845.08348pt.
File: 2-the-practice-of-reproducilble-research.pdf Graphic file (type pdf)

<use 2-the-practice-of-reproducilble-research.pdf, page 41>
Package pdftex.def Info: 2-the-practice-of-reproducilble-research.pdf, page41 u
sed on input line 176.
(pdftex.def)             Requested size: 597.53374pt x 845.08348pt.
File: 2-the-practice-of-reproducilble-research.pdf Graphic file (type pdf)

<use 2-the-practice-of-reproducilble-research.pdf, page 41>
Package pdftex.def Info: 2-the-practice-of-reproducilble-research.pdf, page41 u
sed on input line 176.
(pdftex.def)             Requested size: 597.53374pt x 845.08348pt.
 [171 <./2-the-practice-of-reproducilble-research.pdf>]
<2-the-practice-of-reproducilble-research.pdf, id=1402, page=42, 597.50786pt x 
845.04686pt>
File: 2-the-practice-of-reproducilble-research.pdf Graphic file (type pdf)
 <use 2-the-practice-of-reproducilble-research.pdf, page 42>
Package pdftex.def Info: 2-the-practice-of-reproducilble-research.pdf, page42 u
sed on input line 176.
(pdftex.def)             Requested size: 597.53374pt x 845.08348pt.
File: 2-the-practice-of-reproducilble-research.pdf Graphic file (type pdf)

<use 2-the-practice-of-reproducilble-research.pdf, page 42>
Package pdftex.def Info: 2-the-practice-of-reproducilble-research.pdf, page42 u
sed on input line 176.
(pdftex.def)             Requested size: 597.53374pt x 845.08348pt.
File: 2-the-practice-of-reproducilble-research.pdf Graphic file (type pdf)

<use 2-the-practice-of-reproducilble-research.pdf, page 42>
Package pdftex.def Info: 2-the-practice-of-reproducilble-research.pdf, page42 u
sed on input line 176.
(pdftex.def)             Requested size: 597.53374pt x 845.08348pt.
 [172 <./2-the-practice-of-reproducilble-research.pdf>]
<2-the-practice-of-reproducilble-research.pdf, id=1407, page=43, 597.50786pt x 
845.04686pt>
File: 2-the-practice-of-reproducilble-research.pdf Graphic file (type pdf)
 <use 2-the-practice-of-reproducilble-research.pdf, page 43>
Package pdftex.def Info: 2-the-practice-of-reproducilble-research.pdf, page43 u
sed on input line 176.
(pdftex.def)             Requested size: 597.53374pt x 845.08348pt.
File: 2-the-practice-of-reproducilble-research.pdf Graphic file (type pdf)

<use 2-the-practice-of-reproducilble-research.pdf, page 43>
Package pdftex.def Info: 2-the-practice-of-reproducilble-research.pdf, page43 u
sed on input line 176.
(pdftex.def)             Requested size: 597.53374pt x 845.08348pt.
File: 2-the-practice-of-reproducilble-research.pdf Graphic file (type pdf)

<use 2-the-practice-of-reproducilble-research.pdf, page 43>
Package pdftex.def Info: 2-the-practice-of-reproducilble-research.pdf, page43 u
sed on input line 176.
(pdftex.def)             Requested size: 597.53374pt x 845.08348pt.
 [173 <./2-the-practice-of-reproducilble-research.pdf>]
<2-the-practice-of-reproducilble-research.pdf, id=1412, page=44, 597.50786pt x 
845.04686pt>
File: 2-the-practice-of-reproducilble-research.pdf Graphic file (type pdf)
 <use 2-the-practice-of-reproducilble-research.pdf, page 44>
Package pdftex.def Info: 2-the-practice-of-reproducilble-research.pdf, page44 u
sed on input line 176.
(pdftex.def)             Requested size: 597.53374pt x 845.08348pt.
File: 2-the-practice-of-reproducilble-research.pdf Graphic file (type pdf)

<use 2-the-practice-of-reproducilble-research.pdf, page 44>
Package pdftex.def Info: 2-the-practice-of-reproducilble-research.pdf, page44 u
sed on input line 176.
(pdftex.def)             Requested size: 597.53374pt x 845.08348pt.
File: 2-the-practice-of-reproducilble-research.pdf Graphic file (type pdf)

<use 2-the-practice-of-reproducilble-research.pdf, page 44>
Package pdftex.def Info: 2-the-practice-of-reproducilble-research.pdf, page44 u
sed on input line 176.
(pdftex.def)             Requested size: 597.53374pt x 845.08348pt.
 [174 <./2-the-practice-of-reproducilble-research.pdf>]
<2-the-practice-of-reproducilble-research.pdf, id=1417, page=45, 597.50786pt x 
845.04686pt>
File: 2-the-practice-of-reproducilble-research.pdf Graphic file (type pdf)
 <use 2-the-practice-of-reproducilble-research.pdf, page 45>
Package pdftex.def Info: 2-the-practice-of-reproducilble-research.pdf, page45 u
sed on input line 176.
(pdftex.def)             Requested size: 597.53374pt x 845.08348pt.
File: 2-the-practice-of-reproducilble-research.pdf Graphic file (type pdf)

<use 2-the-practice-of-reproducilble-research.pdf, page 45>
Package pdftex.def Info: 2-the-practice-of-reproducilble-research.pdf, page45 u
sed on input line 176.
(pdftex.def)             Requested size: 597.53374pt x 845.08348pt.
File: 2-the-practice-of-reproducilble-research.pdf Graphic file (type pdf)

<use 2-the-practice-of-reproducilble-research.pdf, page 45>
Package pdftex.def Info: 2-the-practice-of-reproducilble-research.pdf, page45 u
sed on input line 176.
(pdftex.def)             Requested size: 597.53374pt x 845.08348pt.
 [175 <./2-the-practice-of-reproducilble-research.pdf>]
<2-the-practice-of-reproducilble-research.pdf, id=1423, page=46, 597.50786pt x 
845.04686pt>
File: 2-the-practice-of-reproducilble-research.pdf Graphic file (type pdf)
 <use 2-the-practice-of-reproducilble-research.pdf, page 46>
Package pdftex.def Info: 2-the-practice-of-reproducilble-research.pdf, page46 u
sed on input line 176.
(pdftex.def)             Requested size: 597.53374pt x 845.08348pt.
File: 2-the-practice-of-reproducilble-research.pdf Graphic file (type pdf)

<use 2-the-practice-of-reproducilble-research.pdf, page 46>
Package pdftex.def Info: 2-the-practice-of-reproducilble-research.pdf, page46 u
sed on input line 176.
(pdftex.def)             Requested size: 597.53374pt x 845.08348pt.
File: 2-the-practice-of-reproducilble-research.pdf Graphic file (type pdf)

<use 2-the-practice-of-reproducilble-research.pdf, page 46>
Package pdftex.def Info: 2-the-practice-of-reproducilble-research.pdf, page46 u
sed on input line 176.
(pdftex.def)             Requested size: 597.53374pt x 845.08348pt.
 [176 <./2-the-practice-of-reproducilble-research.pdf>]
<2-the-practice-of-reproducilble-research.pdf, id=1429, page=47, 597.50786pt x 
845.04686pt>
File: 2-the-practice-of-reproducilble-research.pdf Graphic file (type pdf)
 <use 2-the-practice-of-reproducilble-research.pdf, page 47>
Package pdftex.def Info: 2-the-practice-of-reproducilble-research.pdf, page47 u
sed on input line 176.
(pdftex.def)             Requested size: 597.53374pt x 845.08348pt.
File: 2-the-practice-of-reproducilble-research.pdf Graphic file (type pdf)

<use 2-the-practice-of-reproducilble-research.pdf, page 47>
Package pdftex.def Info: 2-the-practice-of-reproducilble-research.pdf, page47 u
sed on input line 176.
(pdftex.def)             Requested size: 597.53374pt x 845.08348pt.
File: 2-the-practice-of-reproducilble-research.pdf Graphic file (type pdf)

<use 2-the-practice-of-reproducilble-research.pdf, page 47>
Package pdftex.def Info: 2-the-practice-of-reproducilble-research.pdf, page47 u
sed on input line 176.
(pdftex.def)             Requested size: 597.53374pt x 845.08348pt.
 [177 <./2-the-practice-of-reproducilble-research.pdf>]
<2-the-practice-of-reproducilble-research.pdf, id=1435, page=48, 597.50786pt x 
845.04686pt>
File: 2-the-practice-of-reproducilble-research.pdf Graphic file (type pdf)
 <use 2-the-practice-of-reproducilble-research.pdf, page 48>
Package pdftex.def Info: 2-the-practice-of-reproducilble-research.pdf, page48 u
sed on input line 176.
(pdftex.def)             Requested size: 597.53374pt x 845.08348pt.
File: 2-the-practice-of-reproducilble-research.pdf Graphic file (type pdf)

<use 2-the-practice-of-reproducilble-research.pdf, page 48>
Package pdftex.def Info: 2-the-practice-of-reproducilble-research.pdf, page48 u
sed on input line 176.
(pdftex.def)             Requested size: 597.53374pt x 845.08348pt.
File: 2-the-practice-of-reproducilble-research.pdf Graphic file (type pdf)

<use 2-the-practice-of-reproducilble-research.pdf, page 48>
Package pdftex.def Info: 2-the-practice-of-reproducilble-research.pdf, page48 u
sed on input line 176.
(pdftex.def)             Requested size: 597.53374pt x 845.08348pt.
 [178 <./2-the-practice-of-reproducilble-research.pdf>]
<2-the-practice-of-reproducilble-research.pdf, id=1440, page=49, 597.50786pt x 
845.04686pt>
File: 2-the-practice-of-reproducilble-research.pdf Graphic file (type pdf)
 <use 2-the-practice-of-reproducilble-research.pdf, page 49>
Package pdftex.def Info: 2-the-practice-of-reproducilble-research.pdf, page49 u
sed on input line 176.
(pdftex.def)             Requested size: 597.53374pt x 845.08348pt.
File: 2-the-practice-of-reproducilble-research.pdf Graphic file (type pdf)

<use 2-the-practice-of-reproducilble-research.pdf, page 49>
Package pdftex.def Info: 2-the-practice-of-reproducilble-research.pdf, page49 u
sed on input line 176.
(pdftex.def)             Requested size: 597.53374pt x 845.08348pt.
File: 2-the-practice-of-reproducilble-research.pdf Graphic file (type pdf)

<use 2-the-practice-of-reproducilble-research.pdf, page 49>
Package pdftex.def Info: 2-the-practice-of-reproducilble-research.pdf, page49 u
sed on input line 176.
(pdftex.def)             Requested size: 597.53374pt x 845.08348pt.
 [179 <./2-the-practice-of-reproducilble-research.pdf>]
<2-the-practice-of-reproducilble-research.pdf, id=1445, page=50, 597.50786pt x 
845.04686pt>
File: 2-the-practice-of-reproducilble-research.pdf Graphic file (type pdf)
 <use 2-the-practice-of-reproducilble-research.pdf, page 50>
Package pdftex.def Info: 2-the-practice-of-reproducilble-research.pdf, page50 u
sed on input line 176.
(pdftex.def)             Requested size: 597.53374pt x 845.08348pt.
File: 2-the-practice-of-reproducilble-research.pdf Graphic file (type pdf)

<use 2-the-practice-of-reproducilble-research.pdf, page 50>
Package pdftex.def Info: 2-the-practice-of-reproducilble-research.pdf, page50 u
sed on input line 176.
(pdftex.def)             Requested size: 597.53374pt x 845.08348pt.
File: 2-the-practice-of-reproducilble-research.pdf Graphic file (type pdf)

<use 2-the-practice-of-reproducilble-research.pdf, page 50>
Package pdftex.def Info: 2-the-practice-of-reproducilble-research.pdf, page50 u
sed on input line 176.
(pdftex.def)             Requested size: 597.53374pt x 845.08348pt.
 [180 <./2-the-practice-of-reproducilble-research.pdf>]
<2-the-practice-of-reproducilble-research.pdf, id=1450, page=51, 597.50786pt x 
845.04686pt>
File: 2-the-practice-of-reproducilble-research.pdf Graphic file (type pdf)
 <use 2-the-practice-of-reproducilble-research.pdf, page 51>
Package pdftex.def Info: 2-the-practice-of-reproducilble-research.pdf, page51 u
sed on input line 176.
(pdftex.def)             Requested size: 597.53374pt x 845.08348pt.
File: 2-the-practice-of-reproducilble-research.pdf Graphic file (type pdf)

<use 2-the-practice-of-reproducilble-research.pdf, page 51>
Package pdftex.def Info: 2-the-practice-of-reproducilble-research.pdf, page51 u
sed on input line 176.
(pdftex.def)             Requested size: 597.53374pt x 845.08348pt.
File: 2-the-practice-of-reproducilble-research.pdf Graphic file (type pdf)

<use 2-the-practice-of-reproducilble-research.pdf, page 51>
Package pdftex.def Info: 2-the-practice-of-reproducilble-research.pdf, page51 u
sed on input line 176.
(pdftex.def)             Requested size: 597.53374pt x 845.08348pt.
 [181 <./2-the-practice-of-reproducilble-research.pdf>]
<2-the-practice-of-reproducilble-research.pdf, id=1456, page=52, 597.50786pt x 
845.04686pt>
File: 2-the-practice-of-reproducilble-research.pdf Graphic file (type pdf)
 <use 2-the-practice-of-reproducilble-research.pdf, page 52>
Package pdftex.def Info: 2-the-practice-of-reproducilble-research.pdf, page52 u
sed on input line 176.
(pdftex.def)             Requested size: 597.53374pt x 845.08348pt.
File: 2-the-practice-of-reproducilble-research.pdf Graphic file (type pdf)

<use 2-the-practice-of-reproducilble-research.pdf, page 52>
Package pdftex.def Info: 2-the-practice-of-reproducilble-research.pdf, page52 u
sed on input line 176.
(pdftex.def)             Requested size: 597.53374pt x 845.08348pt.
File: 2-the-practice-of-reproducilble-research.pdf Graphic file (type pdf)

<use 2-the-practice-of-reproducilble-research.pdf, page 52>
Package pdftex.def Info: 2-the-practice-of-reproducilble-research.pdf, page52 u
sed on input line 176.
(pdftex.def)             Requested size: 597.53374pt x 845.08348pt.
 [182 <./2-the-practice-of-reproducilble-research.pdf>]
<2-the-practice-of-reproducilble-research.pdf, id=1461, page=53, 597.50786pt x 
845.04686pt>
File: 2-the-practice-of-reproducilble-research.pdf Graphic file (type pdf)
 <use 2-the-practice-of-reproducilble-research.pdf, page 53>
Package pdftex.def Info: 2-the-practice-of-reproducilble-research.pdf, page53 u
sed on input line 176.
(pdftex.def)             Requested size: 597.53374pt x 845.08348pt.
File: 2-the-practice-of-reproducilble-research.pdf Graphic file (type pdf)

<use 2-the-practice-of-reproducilble-research.pdf, page 53>
Package pdftex.def Info: 2-the-practice-of-reproducilble-research.pdf, page53 u
sed on input line 176.
(pdftex.def)             Requested size: 597.53374pt x 845.08348pt.
File: 2-the-practice-of-reproducilble-research.pdf Graphic file (type pdf)

<use 2-the-practice-of-reproducilble-research.pdf, page 53>
Package pdftex.def Info: 2-the-practice-of-reproducilble-research.pdf, page53 u
sed on input line 176.
(pdftex.def)             Requested size: 597.53374pt x 845.08348pt.
 [183 <./2-the-practice-of-reproducilble-research.pdf>]
<2-the-practice-of-reproducilble-research.pdf, id=1466, page=54, 597.50786pt x 
845.04686pt>
File: 2-the-practice-of-reproducilble-research.pdf Graphic file (type pdf)
 <use 2-the-practice-of-reproducilble-research.pdf, page 54>
Package pdftex.def Info: 2-the-practice-of-reproducilble-research.pdf, page54 u
sed on input line 176.
(pdftex.def)             Requested size: 597.53374pt x 845.08348pt.
File: 2-the-practice-of-reproducilble-research.pdf Graphic file (type pdf)

<use 2-the-practice-of-reproducilble-research.pdf, page 54>
Package pdftex.def Info: 2-the-practice-of-reproducilble-research.pdf, page54 u
sed on input line 176.
(pdftex.def)             Requested size: 597.53374pt x 845.08348pt.
File: 2-the-practice-of-reproducilble-research.pdf Graphic file (type pdf)

<use 2-the-practice-of-reproducilble-research.pdf, page 54>
Package pdftex.def Info: 2-the-practice-of-reproducilble-research.pdf, page54 u
sed on input line 176.
(pdftex.def)             Requested size: 597.53374pt x 845.08348pt.
 [184 <./2-the-practice-of-reproducilble-research.pdf>]
<2-the-practice-of-reproducilble-research.pdf, id=1471, page=55, 597.50786pt x 
845.04686pt>
File: 2-the-practice-of-reproducilble-research.pdf Graphic file (type pdf)
 <use 2-the-practice-of-reproducilble-research.pdf, page 55>
Package pdftex.def Info: 2-the-practice-of-reproducilble-research.pdf, page55 u
sed on input line 176.
(pdftex.def)             Requested size: 597.53374pt x 845.08348pt.
File: 2-the-practice-of-reproducilble-research.pdf Graphic file (type pdf)

<use 2-the-practice-of-reproducilble-research.pdf, page 55>
Package pdftex.def Info: 2-the-practice-of-reproducilble-research.pdf, page55 u
sed on input line 176.
(pdftex.def)             Requested size: 597.53374pt x 845.08348pt.
File: 2-the-practice-of-reproducilble-research.pdf Graphic file (type pdf)

<use 2-the-practice-of-reproducilble-research.pdf, page 55>
Package pdftex.def Info: 2-the-practice-of-reproducilble-research.pdf, page55 u
sed on input line 176.
(pdftex.def)             Requested size: 597.53374pt x 845.08348pt.
 [185 <./2-the-practice-of-reproducilble-research.pdf>]
<2-the-practice-of-reproducilble-research.pdf, id=1476, page=56, 597.50786pt x 
845.04686pt>
File: 2-the-practice-of-reproducilble-research.pdf Graphic file (type pdf)
 <use 2-the-practice-of-reproducilble-research.pdf, page 56>
Package pdftex.def Info: 2-the-practice-of-reproducilble-research.pdf, page56 u
sed on input line 176.
(pdftex.def)             Requested size: 597.53374pt x 845.08348pt.
File: 2-the-practice-of-reproducilble-research.pdf Graphic file (type pdf)

<use 2-the-practice-of-reproducilble-research.pdf, page 56>
Package pdftex.def Info: 2-the-practice-of-reproducilble-research.pdf, page56 u
sed on input line 176.
(pdftex.def)             Requested size: 597.53374pt x 845.08348pt.
File: 2-the-practice-of-reproducilble-research.pdf Graphic file (type pdf)

<use 2-the-practice-of-reproducilble-research.pdf, page 56>
Package pdftex.def Info: 2-the-practice-of-reproducilble-research.pdf, page56 u
sed on input line 176.
(pdftex.def)             Requested size: 597.53374pt x 845.08348pt.
 [186 <./2-the-practice-of-reproducilble-research.pdf>]
<2-the-practice-of-reproducilble-research.pdf, id=1481, page=57, 597.50786pt x 
845.04686pt>
File: 2-the-practice-of-reproducilble-research.pdf Graphic file (type pdf)
 <use 2-the-practice-of-reproducilble-research.pdf, page 57>
Package pdftex.def Info: 2-the-practice-of-reproducilble-research.pdf, page57 u
sed on input line 176.
(pdftex.def)             Requested size: 597.53374pt x 845.08348pt.
File: 2-the-practice-of-reproducilble-research.pdf Graphic file (type pdf)

<use 2-the-practice-of-reproducilble-research.pdf, page 57>
Package pdftex.def Info: 2-the-practice-of-reproducilble-research.pdf, page57 u
sed on input line 176.
(pdftex.def)             Requested size: 597.53374pt x 845.08348pt.
File: 2-the-practice-of-reproducilble-research.pdf Graphic file (type pdf)

<use 2-the-practice-of-reproducilble-research.pdf, page 57>
Package pdftex.def Info: 2-the-practice-of-reproducilble-research.pdf, page57 u
sed on input line 176.
(pdftex.def)             Requested size: 597.53374pt x 845.08348pt.
 [187 <./2-the-practice-of-reproducilble-research.pdf>]
<2-the-practice-of-reproducilble-research.pdf, id=1487, page=58, 597.50786pt x 
845.04686pt>
File: 2-the-practice-of-reproducilble-research.pdf Graphic file (type pdf)
 <use 2-the-practice-of-reproducilble-research.pdf, page 58>
Package pdftex.def Info: 2-the-practice-of-reproducilble-research.pdf, page58 u
sed on input line 176.
(pdftex.def)             Requested size: 597.53374pt x 845.08348pt.
File: 2-the-practice-of-reproducilble-research.pdf Graphic file (type pdf)

<use 2-the-practice-of-reproducilble-research.pdf, page 58>
Package pdftex.def Info: 2-the-practice-of-reproducilble-research.pdf, page58 u
sed on input line 176.
(pdftex.def)             Requested size: 597.53374pt x 845.08348pt.
File: 2-the-practice-of-reproducilble-research.pdf Graphic file (type pdf)

<use 2-the-practice-of-reproducilble-research.pdf, page 58>
Package pdftex.def Info: 2-the-practice-of-reproducilble-research.pdf, page58 u
sed on input line 176.
(pdftex.def)             Requested size: 597.53374pt x 845.08348pt.
 [188 <./2-the-practice-of-reproducilble-research.pdf>]
<2-the-practice-of-reproducilble-research.pdf, id=1492, page=59, 597.50786pt x 
845.04686pt>
File: 2-the-practice-of-reproducilble-research.pdf Graphic file (type pdf)
 <use 2-the-practice-of-reproducilble-research.pdf, page 59>
Package pdftex.def Info: 2-the-practice-of-reproducilble-research.pdf, page59 u
sed on input line 176.
(pdftex.def)             Requested size: 597.53374pt x 845.08348pt.
File: 2-the-practice-of-reproducilble-research.pdf Graphic file (type pdf)

<use 2-the-practice-of-reproducilble-research.pdf, page 59>
Package pdftex.def Info: 2-the-practice-of-reproducilble-research.pdf, page59 u
sed on input line 176.
(pdftex.def)             Requested size: 597.53374pt x 845.08348pt.
File: 2-the-practice-of-reproducilble-research.pdf Graphic file (type pdf)

<use 2-the-practice-of-reproducilble-research.pdf, page 59>
Package pdftex.def Info: 2-the-practice-of-reproducilble-research.pdf, page59 u
sed on input line 176.
(pdftex.def)             Requested size: 597.53374pt x 845.08348pt.
 [189 <./2-the-practice-of-reproducilble-research.pdf>]
<2-the-practice-of-reproducilble-research.pdf, id=1498, page=60, 597.50786pt x 
845.04686pt>
File: 2-the-practice-of-reproducilble-research.pdf Graphic file (type pdf)
 <use 2-the-practice-of-reproducilble-research.pdf, page 60>
Package pdftex.def Info: 2-the-practice-of-reproducilble-research.pdf, page60 u
sed on input line 176.
(pdftex.def)             Requested size: 597.53374pt x 845.08348pt.
File: 2-the-practice-of-reproducilble-research.pdf Graphic file (type pdf)

<use 2-the-practice-of-reproducilble-research.pdf, page 60>
Package pdftex.def Info: 2-the-practice-of-reproducilble-research.pdf, page60 u
sed on input line 176.
(pdftex.def)             Requested size: 597.53374pt x 845.08348pt.
File: 2-the-practice-of-reproducilble-research.pdf Graphic file (type pdf)

<use 2-the-practice-of-reproducilble-research.pdf, page 60>
Package pdftex.def Info: 2-the-practice-of-reproducilble-research.pdf, page60 u
sed on input line 176.
(pdftex.def)             Requested size: 597.53374pt x 845.08348pt.
 [190 <./2-the-practice-of-reproducilble-research.pdf>]
<2-the-practice-of-reproducilble-research.pdf, id=1503, page=61, 597.50786pt x 
845.04686pt>
File: 2-the-practice-of-reproducilble-research.pdf Graphic file (type pdf)
 <use 2-the-practice-of-reproducilble-research.pdf, page 61>
Package pdftex.def Info: 2-the-practice-of-reproducilble-research.pdf, page61 u
sed on input line 176.
(pdftex.def)             Requested size: 597.53374pt x 845.08348pt.
File: 2-the-practice-of-reproducilble-research.pdf Graphic file (type pdf)

<use 2-the-practice-of-reproducilble-research.pdf, page 61>
Package pdftex.def Info: 2-the-practice-of-reproducilble-research.pdf, page61 u
sed on input line 176.
(pdftex.def)             Requested size: 597.53374pt x 845.08348pt.
File: 2-the-practice-of-reproducilble-research.pdf Graphic file (type pdf)

<use 2-the-practice-of-reproducilble-research.pdf, page 61>
Package pdftex.def Info: 2-the-practice-of-reproducilble-research.pdf, page61 u
sed on input line 176.
(pdftex.def)             Requested size: 597.53374pt x 845.08348pt.
 [191 <./2-the-practice-of-reproducilble-research.pdf>]
<2-the-practice-of-reproducilble-research.pdf, id=1508, page=62, 597.50786pt x 
845.04686pt>
File: 2-the-practice-of-reproducilble-research.pdf Graphic file (type pdf)
 <use 2-the-practice-of-reproducilble-research.pdf, page 62>
Package pdftex.def Info: 2-the-practice-of-reproducilble-research.pdf, page62 u
sed on input line 176.
(pdftex.def)             Requested size: 597.53374pt x 845.08348pt.
File: 2-the-practice-of-reproducilble-research.pdf Graphic file (type pdf)

<use 2-the-practice-of-reproducilble-research.pdf, page 62>
Package pdftex.def Info: 2-the-practice-of-reproducilble-research.pdf, page62 u
sed on input line 176.
(pdftex.def)             Requested size: 597.53374pt x 845.08348pt.
File: 2-the-practice-of-reproducilble-research.pdf Graphic file (type pdf)

<use 2-the-practice-of-reproducilble-research.pdf, page 62>
Package pdftex.def Info: 2-the-practice-of-reproducilble-research.pdf, page62 u
sed on input line 176.
(pdftex.def)             Requested size: 597.53374pt x 845.08348pt.
 [192 <./2-the-practice-of-reproducilble-research.pdf>]
<2-the-practice-of-reproducilble-research.pdf, id=1513, page=63, 597.50786pt x 
845.04686pt>
File: 2-the-practice-of-reproducilble-research.pdf Graphic file (type pdf)
 <use 2-the-practice-of-reproducilble-research.pdf, page 63>
Package pdftex.def Info: 2-the-practice-of-reproducilble-research.pdf, page63 u
sed on input line 176.
(pdftex.def)             Requested size: 597.53374pt x 845.08348pt.
File: 2-the-practice-of-reproducilble-research.pdf Graphic file (type pdf)

<use 2-the-practice-of-reproducilble-research.pdf, page 63>
Package pdftex.def Info: 2-the-practice-of-reproducilble-research.pdf, page63 u
sed on input line 176.
(pdftex.def)             Requested size: 597.53374pt x 845.08348pt.
File: 2-the-practice-of-reproducilble-research.pdf Graphic file (type pdf)

<use 2-the-practice-of-reproducilble-research.pdf, page 63>
Package pdftex.def Info: 2-the-practice-of-reproducilble-research.pdf, page63 u
sed on input line 176.
(pdftex.def)             Requested size: 597.53374pt x 845.08348pt.
 [193 <./2-the-practice-of-reproducilble-research.pdf>]
<2-the-practice-of-reproducilble-research.pdf, id=1520, page=64, 597.50786pt x 
845.04686pt>
File: 2-the-practice-of-reproducilble-research.pdf Graphic file (type pdf)
 <use 2-the-practice-of-reproducilble-research.pdf, page 64>
Package pdftex.def Info: 2-the-practice-of-reproducilble-research.pdf, page64 u
sed on input line 176.
(pdftex.def)             Requested size: 597.53374pt x 845.08348pt.
File: 2-the-practice-of-reproducilble-research.pdf Graphic file (type pdf)

<use 2-the-practice-of-reproducilble-research.pdf, page 64>
Package pdftex.def Info: 2-the-practice-of-reproducilble-research.pdf, page64 u
sed on input line 176.
(pdftex.def)             Requested size: 597.53374pt x 845.08348pt.
File: 2-the-practice-of-reproducilble-research.pdf Graphic file (type pdf)

<use 2-the-practice-of-reproducilble-research.pdf, page 64>
Package pdftex.def Info: 2-the-practice-of-reproducilble-research.pdf, page64 u
sed on input line 176.
(pdftex.def)             Requested size: 597.53374pt x 845.08348pt.
 [194 <./2-the-practice-of-reproducilble-research.pdf>]
<2-the-practice-of-reproducilble-research.pdf, id=1525, page=65, 597.50786pt x 
845.04686pt>
File: 2-the-practice-of-reproducilble-research.pdf Graphic file (type pdf)
 <use 2-the-practice-of-reproducilble-research.pdf, page 65>
Package pdftex.def Info: 2-the-practice-of-reproducilble-research.pdf, page65 u
sed on input line 176.
(pdftex.def)             Requested size: 597.53374pt x 845.08348pt.
File: 2-the-practice-of-reproducilble-research.pdf Graphic file (type pdf)

<use 2-the-practice-of-reproducilble-research.pdf, page 65>
Package pdftex.def Info: 2-the-practice-of-reproducilble-research.pdf, page65 u
sed on input line 176.
(pdftex.def)             Requested size: 597.53374pt x 845.08348pt.
File: 2-the-practice-of-reproducilble-research.pdf Graphic file (type pdf)

<use 2-the-practice-of-reproducilble-research.pdf, page 65>
Package pdftex.def Info: 2-the-practice-of-reproducilble-research.pdf, page65 u
sed on input line 176.
(pdftex.def)             Requested size: 597.53374pt x 845.08348pt.
 [195 <./2-the-practice-of-reproducilble-research.pdf>]
<2-the-practice-of-reproducilble-research.pdf, id=1530, page=66, 597.50786pt x 
845.04686pt>
File: 2-the-practice-of-reproducilble-research.pdf Graphic file (type pdf)
 <use 2-the-practice-of-reproducilble-research.pdf, page 66>
Package pdftex.def Info: 2-the-practice-of-reproducilble-research.pdf, page66 u
sed on input line 176.
(pdftex.def)             Requested size: 597.53374pt x 845.08348pt.
File: 2-the-practice-of-reproducilble-research.pdf Graphic file (type pdf)

<use 2-the-practice-of-reproducilble-research.pdf, page 66>
Package pdftex.def Info: 2-the-practice-of-reproducilble-research.pdf, page66 u
sed on input line 176.
(pdftex.def)             Requested size: 597.53374pt x 845.08348pt.
File: 2-the-practice-of-reproducilble-research.pdf Graphic file (type pdf)

<use 2-the-practice-of-reproducilble-research.pdf, page 66>
Package pdftex.def Info: 2-the-practice-of-reproducilble-research.pdf, page66 u
sed on input line 176.
(pdftex.def)             Requested size: 597.53374pt x 845.08348pt.
 [196 <./2-the-practice-of-reproducilble-research.pdf>]
<2-the-practice-of-reproducilble-research.pdf, id=1535, page=67, 597.50786pt x 
845.04686pt>
File: 2-the-practice-of-reproducilble-research.pdf Graphic file (type pdf)
 <use 2-the-practice-of-reproducilble-research.pdf, page 67>
Package pdftex.def Info: 2-the-practice-of-reproducilble-research.pdf, page67 u
sed on input line 176.
(pdftex.def)             Requested size: 597.53374pt x 845.08348pt.
File: 2-the-practice-of-reproducilble-research.pdf Graphic file (type pdf)

<use 2-the-practice-of-reproducilble-research.pdf, page 67>
Package pdftex.def Info: 2-the-practice-of-reproducilble-research.pdf, page67 u
sed on input line 176.
(pdftex.def)             Requested size: 597.53374pt x 845.08348pt.
File: 2-the-practice-of-reproducilble-research.pdf Graphic file (type pdf)

<use 2-the-practice-of-reproducilble-research.pdf, page 67>
Package pdftex.def Info: 2-the-practice-of-reproducilble-research.pdf, page67 u
sed on input line 176.
(pdftex.def)             Requested size: 597.53374pt x 845.08348pt.
 [197 <./2-the-practice-of-reproducilble-research.pdf>]
<2-the-practice-of-reproducilble-research.pdf, id=1540, page=68, 597.50786pt x 
845.04686pt>
File: 2-the-practice-of-reproducilble-research.pdf Graphic file (type pdf)
 <use 2-the-practice-of-reproducilble-research.pdf, page 68>
Package pdftex.def Info: 2-the-practice-of-reproducilble-research.pdf, page68 u
sed on input line 176.
(pdftex.def)             Requested size: 597.53374pt x 845.08348pt.
File: 2-the-practice-of-reproducilble-research.pdf Graphic file (type pdf)

<use 2-the-practice-of-reproducilble-research.pdf, page 68>
Package pdftex.def Info: 2-the-practice-of-reproducilble-research.pdf, page68 u
sed on input line 176.
(pdftex.def)             Requested size: 597.53374pt x 845.08348pt.
File: 2-the-practice-of-reproducilble-research.pdf Graphic file (type pdf)

<use 2-the-practice-of-reproducilble-research.pdf, page 68>
Package pdftex.def Info: 2-the-practice-of-reproducilble-research.pdf, page68 u
sed on input line 176.
(pdftex.def)             Requested size: 597.53374pt x 845.08348pt.
 [198 <./2-the-practice-of-reproducilble-research.pdf>]
<2-the-practice-of-reproducilble-research.pdf, id=1545, page=69, 597.50786pt x 
845.04686pt>
File: 2-the-practice-of-reproducilble-research.pdf Graphic file (type pdf)
 <use 2-the-practice-of-reproducilble-research.pdf, page 69>
Package pdftex.def Info: 2-the-practice-of-reproducilble-research.pdf, page69 u
sed on input line 176.
(pdftex.def)             Requested size: 597.53374pt x 845.08348pt.
File: 2-the-practice-of-reproducilble-research.pdf Graphic file (type pdf)

<use 2-the-practice-of-reproducilble-research.pdf, page 69>
Package pdftex.def Info: 2-the-practice-of-reproducilble-research.pdf, page69 u
sed on input line 176.
(pdftex.def)             Requested size: 597.53374pt x 845.08348pt.
File: 2-the-practice-of-reproducilble-research.pdf Graphic file (type pdf)

<use 2-the-practice-of-reproducilble-research.pdf, page 69>
Package pdftex.def Info: 2-the-practice-of-reproducilble-research.pdf, page69 u
sed on input line 176.
(pdftex.def)             Requested size: 597.53374pt x 845.08348pt.
 [199 <./2-the-practice-of-reproducilble-research.pdf>]
<2-the-practice-of-reproducilble-research.pdf, id=1551, page=70, 597.50786pt x 
845.04686pt>
File: 2-the-practice-of-reproducilble-research.pdf Graphic file (type pdf)
 <use 2-the-practice-of-reproducilble-research.pdf, page 70>
Package pdftex.def Info: 2-the-practice-of-reproducilble-research.pdf, page70 u
sed on input line 176.
(pdftex.def)             Requested size: 597.53374pt x 845.08348pt.
File: 2-the-practice-of-reproducilble-research.pdf Graphic file (type pdf)

<use 2-the-practice-of-reproducilble-research.pdf, page 70>
Package pdftex.def Info: 2-the-practice-of-reproducilble-research.pdf, page70 u
sed on input line 176.
(pdftex.def)             Requested size: 597.53374pt x 845.08348pt.
File: 2-the-practice-of-reproducilble-research.pdf Graphic file (type pdf)

<use 2-the-practice-of-reproducilble-research.pdf, page 70>
Package pdftex.def Info: 2-the-practice-of-reproducilble-research.pdf, page70 u
sed on input line 176.
(pdftex.def)             Requested size: 597.53374pt x 845.08348pt.
 [200 <./2-the-practice-of-reproducilble-research.pdf>]
<2-the-practice-of-reproducilble-research.pdf, id=1556, page=71, 597.50786pt x 
845.04686pt>
File: 2-the-practice-of-reproducilble-research.pdf Graphic file (type pdf)
 <use 2-the-practice-of-reproducilble-research.pdf, page 71>
Package pdftex.def Info: 2-the-practice-of-reproducilble-research.pdf, page71 u
sed on input line 176.
(pdftex.def)             Requested size: 597.53374pt x 845.08348pt.
File: 2-the-practice-of-reproducilble-research.pdf Graphic file (type pdf)

<use 2-the-practice-of-reproducilble-research.pdf, page 71>
Package pdftex.def Info: 2-the-practice-of-reproducilble-research.pdf, page71 u
sed on input line 176.
(pdftex.def)             Requested size: 597.53374pt x 845.08348pt.
File: 2-the-practice-of-reproducilble-research.pdf Graphic file (type pdf)

<use 2-the-practice-of-reproducilble-research.pdf, page 71>
Package pdftex.def Info: 2-the-practice-of-reproducilble-research.pdf, page71 u
sed on input line 176.
(pdftex.def)             Requested size: 597.53374pt x 845.08348pt.
 [201 <./2-the-practice-of-reproducilble-research.pdf>]
<2-the-practice-of-reproducilble-research.pdf, id=1561, page=72, 597.50786pt x 
845.04686pt>
File: 2-the-practice-of-reproducilble-research.pdf Graphic file (type pdf)
 <use 2-the-practice-of-reproducilble-research.pdf, page 72>
Package pdftex.def Info: 2-the-practice-of-reproducilble-research.pdf, page72 u
sed on input line 176.
(pdftex.def)             Requested size: 597.53374pt x 845.08348pt.
File: 2-the-practice-of-reproducilble-research.pdf Graphic file (type pdf)

<use 2-the-practice-of-reproducilble-research.pdf, page 72>
Package pdftex.def Info: 2-the-practice-of-reproducilble-research.pdf, page72 u
sed on input line 176.
(pdftex.def)             Requested size: 597.53374pt x 845.08348pt.
File: 2-the-practice-of-reproducilble-research.pdf Graphic file (type pdf)

<use 2-the-practice-of-reproducilble-research.pdf, page 72>
Package pdftex.def Info: 2-the-practice-of-reproducilble-research.pdf, page72 u
sed on input line 176.
(pdftex.def)             Requested size: 597.53374pt x 845.08348pt.
 [202 <./2-the-practice-of-reproducilble-research.pdf>]
<2-the-practice-of-reproducilble-research.pdf, id=1566, page=73, 597.50786pt x 
845.04686pt>
File: 2-the-practice-of-reproducilble-research.pdf Graphic file (type pdf)
 <use 2-the-practice-of-reproducilble-research.pdf, page 73>
Package pdftex.def Info: 2-the-practice-of-reproducilble-research.pdf, page73 u
sed on input line 176.
(pdftex.def)             Requested size: 597.53374pt x 845.08348pt.
File: 2-the-practice-of-reproducilble-research.pdf Graphic file (type pdf)

<use 2-the-practice-of-reproducilble-research.pdf, page 73>
Package pdftex.def Info: 2-the-practice-of-reproducilble-research.pdf, page73 u
sed on input line 176.
(pdftex.def)             Requested size: 597.53374pt x 845.08348pt.
File: 2-the-practice-of-reproducilble-research.pdf Graphic file (type pdf)

<use 2-the-practice-of-reproducilble-research.pdf, page 73>
Package pdftex.def Info: 2-the-practice-of-reproducilble-research.pdf, page73 u
sed on input line 176.
(pdftex.def)             Requested size: 597.53374pt x 845.08348pt.
 [203 <./2-the-practice-of-reproducilble-research.pdf>]
<2-the-practice-of-reproducilble-research.pdf, id=1571, page=74, 597.50786pt x 
845.04686pt>
File: 2-the-practice-of-reproducilble-research.pdf Graphic file (type pdf)
 <use 2-the-practice-of-reproducilble-research.pdf, page 74>
Package pdftex.def Info: 2-the-practice-of-reproducilble-research.pdf, page74 u
sed on input line 176.
(pdftex.def)             Requested size: 597.53374pt x 845.08348pt.
File: 2-the-practice-of-reproducilble-research.pdf Graphic file (type pdf)

<use 2-the-practice-of-reproducilble-research.pdf, page 74>
Package pdftex.def Info: 2-the-practice-of-reproducilble-research.pdf, page74 u
sed on input line 176.
(pdftex.def)             Requested size: 597.53374pt x 845.08348pt.
File: 2-the-practice-of-reproducilble-research.pdf Graphic file (type pdf)

<use 2-the-practice-of-reproducilble-research.pdf, page 74>
Package pdftex.def Info: 2-the-practice-of-reproducilble-research.pdf, page74 u
sed on input line 176.
(pdftex.def)             Requested size: 597.53374pt x 845.08348pt.
 [204 <./2-the-practice-of-reproducilble-research.pdf>]
<2-the-practice-of-reproducilble-research.pdf, id=1576, page=75, 597.50786pt x 
845.04686pt>
File: 2-the-practice-of-reproducilble-research.pdf Graphic file (type pdf)
 <use 2-the-practice-of-reproducilble-research.pdf, page 75>
Package pdftex.def Info: 2-the-practice-of-reproducilble-research.pdf, page75 u
sed on input line 176.
(pdftex.def)             Requested size: 597.53374pt x 845.08348pt.
File: 2-the-practice-of-reproducilble-research.pdf Graphic file (type pdf)

<use 2-the-practice-of-reproducilble-research.pdf, page 75>
Package pdftex.def Info: 2-the-practice-of-reproducilble-research.pdf, page75 u
sed on input line 176.
(pdftex.def)             Requested size: 597.53374pt x 845.08348pt.
File: 2-the-practice-of-reproducilble-research.pdf Graphic file (type pdf)

<use 2-the-practice-of-reproducilble-research.pdf, page 75>
Package pdftex.def Info: 2-the-practice-of-reproducilble-research.pdf, page75 u
sed on input line 176.
(pdftex.def)             Requested size: 597.53374pt x 845.08348pt.
 [205 <./2-the-practice-of-reproducilble-research.pdf>]
<2-the-practice-of-reproducilble-research.pdf, id=1582, page=76, 597.50786pt x 
845.04686pt>
File: 2-the-practice-of-reproducilble-research.pdf Graphic file (type pdf)
 <use 2-the-practice-of-reproducilble-research.pdf, page 76>
Package pdftex.def Info: 2-the-practice-of-reproducilble-research.pdf, page76 u
sed on input line 176.
(pdftex.def)             Requested size: 597.53374pt x 845.08348pt.
File: 2-the-practice-of-reproducilble-research.pdf Graphic file (type pdf)

<use 2-the-practice-of-reproducilble-research.pdf, page 76>
Package pdftex.def Info: 2-the-practice-of-reproducilble-research.pdf, page76 u
sed on input line 176.
(pdftex.def)             Requested size: 597.53374pt x 845.08348pt.
File: 2-the-practice-of-reproducilble-research.pdf Graphic file (type pdf)

<use 2-the-practice-of-reproducilble-research.pdf, page 76>
Package pdftex.def Info: 2-the-practice-of-reproducilble-research.pdf, page76 u
sed on input line 176.
(pdftex.def)             Requested size: 597.53374pt x 845.08348pt.
 [206 <./2-the-practice-of-reproducilble-research.pdf>]
<2-the-practice-of-reproducilble-research.pdf, id=1587, page=77, 597.50786pt x 
845.04686pt>
File: 2-the-practice-of-reproducilble-research.pdf Graphic file (type pdf)
 <use 2-the-practice-of-reproducilble-research.pdf, page 77>
Package pdftex.def Info: 2-the-practice-of-reproducilble-research.pdf, page77 u
sed on input line 176.
(pdftex.def)             Requested size: 597.53374pt x 845.08348pt.
File: 2-the-practice-of-reproducilble-research.pdf Graphic file (type pdf)

<use 2-the-practice-of-reproducilble-research.pdf, page 77>
Package pdftex.def Info: 2-the-practice-of-reproducilble-research.pdf, page77 u
sed on input line 176.
(pdftex.def)             Requested size: 597.53374pt x 845.08348pt.
File: 2-the-practice-of-reproducilble-research.pdf Graphic file (type pdf)

<use 2-the-practice-of-reproducilble-research.pdf, page 77>
Package pdftex.def Info: 2-the-practice-of-reproducilble-research.pdf, page77 u
sed on input line 176.
(pdftex.def)             Requested size: 597.53374pt x 845.08348pt.
 [207 <./2-the-practice-of-reproducilble-research.pdf>]
<2-the-practice-of-reproducilble-research.pdf, id=1592, page=78, 597.50786pt x 
845.04686pt>
File: 2-the-practice-of-reproducilble-research.pdf Graphic file (type pdf)
 <use 2-the-practice-of-reproducilble-research.pdf, page 78>
Package pdftex.def Info: 2-the-practice-of-reproducilble-research.pdf, page78 u
sed on input line 176.
(pdftex.def)             Requested size: 597.53374pt x 845.08348pt.
File: 2-the-practice-of-reproducilble-research.pdf Graphic file (type pdf)

<use 2-the-practice-of-reproducilble-research.pdf, page 78>
Package pdftex.def Info: 2-the-practice-of-reproducilble-research.pdf, page78 u
sed on input line 176.
(pdftex.def)             Requested size: 597.53374pt x 845.08348pt.
File: 2-the-practice-of-reproducilble-research.pdf Graphic file (type pdf)

<use 2-the-practice-of-reproducilble-research.pdf, page 78>
Package pdftex.def Info: 2-the-practice-of-reproducilble-research.pdf, page78 u
sed on input line 176.
(pdftex.def)             Requested size: 597.53374pt x 845.08348pt.
 [208 <./2-the-practice-of-reproducilble-research.pdf>]
<2-the-practice-of-reproducilble-research.pdf, id=1597, page=79, 597.50786pt x 
845.04686pt>
File: 2-the-practice-of-reproducilble-research.pdf Graphic file (type pdf)
 <use 2-the-practice-of-reproducilble-research.pdf, page 79>
Package pdftex.def Info: 2-the-practice-of-reproducilble-research.pdf, page79 u
sed on input line 176.
(pdftex.def)             Requested size: 597.53374pt x 845.08348pt.
File: 2-the-practice-of-reproducilble-research.pdf Graphic file (type pdf)

<use 2-the-practice-of-reproducilble-research.pdf, page 79>
Package pdftex.def Info: 2-the-practice-of-reproducilble-research.pdf, page79 u
sed on input line 176.
(pdftex.def)             Requested size: 597.53374pt x 845.08348pt.
File: 2-the-practice-of-reproducilble-research.pdf Graphic file (type pdf)

<use 2-the-practice-of-reproducilble-research.pdf, page 79>
Package pdftex.def Info: 2-the-practice-of-reproducilble-research.pdf, page79 u
sed on input line 176.
(pdftex.def)             Requested size: 597.53374pt x 845.08348pt.
 [209 <./2-the-practice-of-reproducilble-research.pdf>]
<2-the-practice-of-reproducilble-research.pdf, id=1602, page=80, 597.50786pt x 
845.04686pt>
File: 2-the-practice-of-reproducilble-research.pdf Graphic file (type pdf)
 <use 2-the-practice-of-reproducilble-research.pdf, page 80>
Package pdftex.def Info: 2-the-practice-of-reproducilble-research.pdf, page80 u
sed on input line 176.
(pdftex.def)             Requested size: 597.53374pt x 845.08348pt.
File: 2-the-practice-of-reproducilble-research.pdf Graphic file (type pdf)

<use 2-the-practice-of-reproducilble-research.pdf, page 80>
Package pdftex.def Info: 2-the-practice-of-reproducilble-research.pdf, page80 u
sed on input line 176.
(pdftex.def)             Requested size: 597.53374pt x 845.08348pt.
File: 2-the-practice-of-reproducilble-research.pdf Graphic file (type pdf)

<use 2-the-practice-of-reproducilble-research.pdf, page 80>
Package pdftex.def Info: 2-the-practice-of-reproducilble-research.pdf, page80 u
sed on input line 176.
(pdftex.def)             Requested size: 597.53374pt x 845.08348pt.
 [210 <./2-the-practice-of-reproducilble-research.pdf>]
<2-the-practice-of-reproducilble-research.pdf, id=1608, page=81, 597.50786pt x 
845.04686pt>
File: 2-the-practice-of-reproducilble-research.pdf Graphic file (type pdf)
 <use 2-the-practice-of-reproducilble-research.pdf, page 81>
Package pdftex.def Info: 2-the-practice-of-reproducilble-research.pdf, page81 u
sed on input line 176.
(pdftex.def)             Requested size: 597.53374pt x 845.08348pt.
File: 2-the-practice-of-reproducilble-research.pdf Graphic file (type pdf)

<use 2-the-practice-of-reproducilble-research.pdf, page 81>
Package pdftex.def Info: 2-the-practice-of-reproducilble-research.pdf, page81 u
sed on input line 176.
(pdftex.def)             Requested size: 597.53374pt x 845.08348pt.
File: 2-the-practice-of-reproducilble-research.pdf Graphic file (type pdf)

<use 2-the-practice-of-reproducilble-research.pdf, page 81>
Package pdftex.def Info: 2-the-practice-of-reproducilble-research.pdf, page81 u
sed on input line 176.
(pdftex.def)             Requested size: 597.53374pt x 845.08348pt.
 [211 <./2-the-practice-of-reproducilble-research.pdf>]
<2-the-practice-of-reproducilble-research.pdf, id=1614, page=82, 597.50786pt x 
845.04686pt>
File: 2-the-practice-of-reproducilble-research.pdf Graphic file (type pdf)
 <use 2-the-practice-of-reproducilble-research.pdf, page 82>
Package pdftex.def Info: 2-the-practice-of-reproducilble-research.pdf, page82 u
sed on input line 176.
(pdftex.def)             Requested size: 597.53374pt x 845.08348pt.
File: 2-the-practice-of-reproducilble-research.pdf Graphic file (type pdf)

<use 2-the-practice-of-reproducilble-research.pdf, page 82>
Package pdftex.def Info: 2-the-practice-of-reproducilble-research.pdf, page82 u
sed on input line 176.
(pdftex.def)             Requested size: 597.53374pt x 845.08348pt.
File: 2-the-practice-of-reproducilble-research.pdf Graphic file (type pdf)

<use 2-the-practice-of-reproducilble-research.pdf, page 82>
Package pdftex.def Info: 2-the-practice-of-reproducilble-research.pdf, page82 u
sed on input line 176.
(pdftex.def)             Requested size: 597.53374pt x 845.08348pt.
 [212 <./2-the-practice-of-reproducilble-research.pdf>]
<2-the-practice-of-reproducilble-research.pdf, id=1625, page=83, 597.50786pt x 
845.04686pt>
File: 2-the-practice-of-reproducilble-research.pdf Graphic file (type pdf)
 <use 2-the-practice-of-reproducilble-research.pdf, page 83>
Package pdftex.def Info: 2-the-practice-of-reproducilble-research.pdf, page83 u
sed on input line 176.
(pdftex.def)             Requested size: 597.53374pt x 845.08348pt.
File: 2-the-practice-of-reproducilble-research.pdf Graphic file (type pdf)

<use 2-the-practice-of-reproducilble-research.pdf, page 83>
Package pdftex.def Info: 2-the-practice-of-reproducilble-research.pdf, page83 u
sed on input line 176.
(pdftex.def)             Requested size: 597.53374pt x 845.08348pt.
File: 2-the-practice-of-reproducilble-research.pdf Graphic file (type pdf)

<use 2-the-practice-of-reproducilble-research.pdf, page 83>
Package pdftex.def Info: 2-the-practice-of-reproducilble-research.pdf, page83 u
sed on input line 176.
(pdftex.def)             Requested size: 597.53374pt x 845.08348pt.
 [213 <./2-the-practice-of-reproducilble-research.pdf>]
<2-the-practice-of-reproducilble-research.pdf, id=1630, page=84, 597.50786pt x 
845.04686pt>
File: 2-the-practice-of-reproducilble-research.pdf Graphic file (type pdf)
 <use 2-the-practice-of-reproducilble-research.pdf, page 84>
Package pdftex.def Info: 2-the-practice-of-reproducilble-research.pdf, page84 u
sed on input line 176.
(pdftex.def)             Requested size: 597.53374pt x 845.08348pt.
File: 2-the-practice-of-reproducilble-research.pdf Graphic file (type pdf)

<use 2-the-practice-of-reproducilble-research.pdf, page 84>
Package pdftex.def Info: 2-the-practice-of-reproducilble-research.pdf, page84 u
sed on input line 176.
(pdftex.def)             Requested size: 597.53374pt x 845.08348pt.
File: 2-the-practice-of-reproducilble-research.pdf Graphic file (type pdf)

<use 2-the-practice-of-reproducilble-research.pdf, page 84>
Package pdftex.def Info: 2-the-practice-of-reproducilble-research.pdf, page84 u
sed on input line 176.
(pdftex.def)             Requested size: 597.53374pt x 845.08348pt.
 [214 <./2-the-practice-of-reproducilble-research.pdf>]
<2-the-practice-of-reproducilble-research.pdf, id=1635, page=85, 597.50786pt x 
845.04686pt>
File: 2-the-practice-of-reproducilble-research.pdf Graphic file (type pdf)
 <use 2-the-practice-of-reproducilble-research.pdf, page 85>
Package pdftex.def Info: 2-the-practice-of-reproducilble-research.pdf, page85 u
sed on input line 176.
(pdftex.def)             Requested size: 597.53374pt x 845.08348pt.
File: 2-the-practice-of-reproducilble-research.pdf Graphic file (type pdf)

<use 2-the-practice-of-reproducilble-research.pdf, page 85>
Package pdftex.def Info: 2-the-practice-of-reproducilble-research.pdf, page85 u
sed on input line 176.
(pdftex.def)             Requested size: 597.53374pt x 845.08348pt.
File: 2-the-practice-of-reproducilble-research.pdf Graphic file (type pdf)

<use 2-the-practice-of-reproducilble-research.pdf, page 85>
Package pdftex.def Info: 2-the-practice-of-reproducilble-research.pdf, page85 u
sed on input line 176.
(pdftex.def)             Requested size: 597.53374pt x 845.08348pt.
 [215 <./2-the-practice-of-reproducilble-research.pdf>]
<2-the-practice-of-reproducilble-research.pdf, id=1640, page=86, 597.50786pt x 
845.04686pt>
File: 2-the-practice-of-reproducilble-research.pdf Graphic file (type pdf)
 <use 2-the-practice-of-reproducilble-research.pdf, page 86>
Package pdftex.def Info: 2-the-practice-of-reproducilble-research.pdf, page86 u
sed on input line 176.
(pdftex.def)             Requested size: 597.53374pt x 845.08348pt.
File: 2-the-practice-of-reproducilble-research.pdf Graphic file (type pdf)

<use 2-the-practice-of-reproducilble-research.pdf, page 86>
Package pdftex.def Info: 2-the-practice-of-reproducilble-research.pdf, page86 u
sed on input line 176.
(pdftex.def)             Requested size: 597.53374pt x 845.08348pt.
File: 2-the-practice-of-reproducilble-research.pdf Graphic file (type pdf)

<use 2-the-practice-of-reproducilble-research.pdf, page 86>
Package pdftex.def Info: 2-the-practice-of-reproducilble-research.pdf, page86 u
sed on input line 176.
(pdftex.def)             Requested size: 597.53374pt x 845.08348pt.
 [216 <./2-the-practice-of-reproducilble-research.pdf>]
<2-the-practice-of-reproducilble-research.pdf, id=1645, page=87, 597.50786pt x 
845.04686pt>
File: 2-the-practice-of-reproducilble-research.pdf Graphic file (type pdf)
 <use 2-the-practice-of-reproducilble-research.pdf, page 87>
Package pdftex.def Info: 2-the-practice-of-reproducilble-research.pdf, page87 u
sed on input line 176.
(pdftex.def)             Requested size: 597.53374pt x 845.08348pt.
File: 2-the-practice-of-reproducilble-research.pdf Graphic file (type pdf)

<use 2-the-practice-of-reproducilble-research.pdf, page 87>
Package pdftex.def Info: 2-the-practice-of-reproducilble-research.pdf, page87 u
sed on input line 176.
(pdftex.def)             Requested size: 597.53374pt x 845.08348pt.
File: 2-the-practice-of-reproducilble-research.pdf Graphic file (type pdf)

<use 2-the-practice-of-reproducilble-research.pdf, page 87>
Package pdftex.def Info: 2-the-practice-of-reproducilble-research.pdf, page87 u
sed on input line 176.
(pdftex.def)             Requested size: 597.53374pt x 845.08348pt.
 [217 <./2-the-practice-of-reproducilble-research.pdf>]
<2-the-practice-of-reproducilble-research.pdf, id=1651, page=88, 597.50786pt x 
845.04686pt>
File: 2-the-practice-of-reproducilble-research.pdf Graphic file (type pdf)
 <use 2-the-practice-of-reproducilble-research.pdf, page 88>
Package pdftex.def Info: 2-the-practice-of-reproducilble-research.pdf, page88 u
sed on input line 176.
(pdftex.def)             Requested size: 597.53374pt x 845.08348pt.
File: 2-the-practice-of-reproducilble-research.pdf Graphic file (type pdf)

<use 2-the-practice-of-reproducilble-research.pdf, page 88>
Package pdftex.def Info: 2-the-practice-of-reproducilble-research.pdf, page88 u
sed on input line 176.
(pdftex.def)             Requested size: 597.53374pt x 845.08348pt.
File: 2-the-practice-of-reproducilble-research.pdf Graphic file (type pdf)

<use 2-the-practice-of-reproducilble-research.pdf, page 88>
Package pdftex.def Info: 2-the-practice-of-reproducilble-research.pdf, page88 u
sed on input line 176.
(pdftex.def)             Requested size: 597.53374pt x 845.08348pt.
 [218 <./2-the-practice-of-reproducilble-research.pdf>]
<2-the-practice-of-reproducilble-research.pdf, id=1656, page=89, 597.50786pt x 
845.04686pt>
File: 2-the-practice-of-reproducilble-research.pdf Graphic file (type pdf)
 <use 2-the-practice-of-reproducilble-research.pdf, page 89>
Package pdftex.def Info: 2-the-practice-of-reproducilble-research.pdf, page89 u
sed on input line 176.
(pdftex.def)             Requested size: 597.53374pt x 845.08348pt.
File: 2-the-practice-of-reproducilble-research.pdf Graphic file (type pdf)

<use 2-the-practice-of-reproducilble-research.pdf, page 89>
Package pdftex.def Info: 2-the-practice-of-reproducilble-research.pdf, page89 u
sed on input line 176.
(pdftex.def)             Requested size: 597.53374pt x 845.08348pt.
File: 2-the-practice-of-reproducilble-research.pdf Graphic file (type pdf)

<use 2-the-practice-of-reproducilble-research.pdf, page 89>
Package pdftex.def Info: 2-the-practice-of-reproducilble-research.pdf, page89 u
sed on input line 176.
(pdftex.def)             Requested size: 597.53374pt x 845.08348pt.
 [219 <./2-the-practice-of-reproducilble-research.pdf>]
<2-the-practice-of-reproducilble-research.pdf, id=1661, page=90, 597.50786pt x 
845.04686pt>
File: 2-the-practice-of-reproducilble-research.pdf Graphic file (type pdf)
 <use 2-the-practice-of-reproducilble-research.pdf, page 90>
Package pdftex.def Info: 2-the-practice-of-reproducilble-research.pdf, page90 u
sed on input line 176.
(pdftex.def)             Requested size: 597.53374pt x 845.08348pt.
File: 2-the-practice-of-reproducilble-research.pdf Graphic file (type pdf)

<use 2-the-practice-of-reproducilble-research.pdf, page 90>
Package pdftex.def Info: 2-the-practice-of-reproducilble-research.pdf, page90 u
sed on input line 176.
(pdftex.def)             Requested size: 597.53374pt x 845.08348pt.
File: 2-the-practice-of-reproducilble-research.pdf Graphic file (type pdf)

<use 2-the-practice-of-reproducilble-research.pdf, page 90>
Package pdftex.def Info: 2-the-practice-of-reproducilble-research.pdf, page90 u
sed on input line 176.
(pdftex.def)             Requested size: 597.53374pt x 845.08348pt.
 [220 <./2-the-practice-of-reproducilble-research.pdf>]
<2-the-practice-of-reproducilble-research.pdf, id=1666, page=91, 597.50786pt x 
845.04686pt>
File: 2-the-practice-of-reproducilble-research.pdf Graphic file (type pdf)
 <use 2-the-practice-of-reproducilble-research.pdf, page 91>
Package pdftex.def Info: 2-the-practice-of-reproducilble-research.pdf, page91 u
sed on input line 176.
(pdftex.def)             Requested size: 597.53374pt x 845.08348pt.
File: 2-the-practice-of-reproducilble-research.pdf Graphic file (type pdf)

<use 2-the-practice-of-reproducilble-research.pdf, page 91>
Package pdftex.def Info: 2-the-practice-of-reproducilble-research.pdf, page91 u
sed on input line 176.
(pdftex.def)             Requested size: 597.53374pt x 845.08348pt.
File: 2-the-practice-of-reproducilble-research.pdf Graphic file (type pdf)

<use 2-the-practice-of-reproducilble-research.pdf, page 91>
Package pdftex.def Info: 2-the-practice-of-reproducilble-research.pdf, page91 u
sed on input line 176.
(pdftex.def)             Requested size: 597.53374pt x 845.08348pt.
 [221 <./2-the-practice-of-reproducilble-research.pdf>]
<2-the-practice-of-reproducilble-research.pdf, id=1671, page=92, 597.50786pt x 
845.04686pt>
File: 2-the-practice-of-reproducilble-research.pdf Graphic file (type pdf)
 <use 2-the-practice-of-reproducilble-research.pdf, page 92>
Package pdftex.def Info: 2-the-practice-of-reproducilble-research.pdf, page92 u
sed on input line 176.
(pdftex.def)             Requested size: 597.53374pt x 845.08348pt.
File: 2-the-practice-of-reproducilble-research.pdf Graphic file (type pdf)

<use 2-the-practice-of-reproducilble-research.pdf, page 92>
Package pdftex.def Info: 2-the-practice-of-reproducilble-research.pdf, page92 u
sed on input line 176.
(pdftex.def)             Requested size: 597.53374pt x 845.08348pt.
File: 2-the-practice-of-reproducilble-research.pdf Graphic file (type pdf)

<use 2-the-practice-of-reproducilble-research.pdf, page 92>
Package pdftex.def Info: 2-the-practice-of-reproducilble-research.pdf, page92 u
sed on input line 176.
(pdftex.def)             Requested size: 597.53374pt x 845.08348pt.
 [222 <./2-the-practice-of-reproducilble-research.pdf>]
<2-the-practice-of-reproducilble-research.pdf, id=1676, page=93, 597.50786pt x 
845.04686pt>
File: 2-the-practice-of-reproducilble-research.pdf Graphic file (type pdf)
 <use 2-the-practice-of-reproducilble-research.pdf, page 93>
Package pdftex.def Info: 2-the-practice-of-reproducilble-research.pdf, page93 u
sed on input line 176.
(pdftex.def)             Requested size: 597.53374pt x 845.08348pt.
File: 2-the-practice-of-reproducilble-research.pdf Graphic file (type pdf)

<use 2-the-practice-of-reproducilble-research.pdf, page 93>
Package pdftex.def Info: 2-the-practice-of-reproducilble-research.pdf, page93 u
sed on input line 176.
(pdftex.def)             Requested size: 597.53374pt x 845.08348pt.
File: 2-the-practice-of-reproducilble-research.pdf Graphic file (type pdf)

<use 2-the-practice-of-reproducilble-research.pdf, page 93>
Package pdftex.def Info: 2-the-practice-of-reproducilble-research.pdf, page93 u
sed on input line 176.
(pdftex.def)             Requested size: 597.53374pt x 845.08348pt.
 [223 <./2-the-practice-of-reproducilble-research.pdf>]
<2-the-practice-of-reproducilble-research.pdf, id=1682, page=94, 597.50786pt x 
845.04686pt>
File: 2-the-practice-of-reproducilble-research.pdf Graphic file (type pdf)
 <use 2-the-practice-of-reproducilble-research.pdf, page 94>
Package pdftex.def Info: 2-the-practice-of-reproducilble-research.pdf, page94 u
sed on input line 176.
(pdftex.def)             Requested size: 597.53374pt x 845.08348pt.
File: 2-the-practice-of-reproducilble-research.pdf Graphic file (type pdf)

<use 2-the-practice-of-reproducilble-research.pdf, page 94>
Package pdftex.def Info: 2-the-practice-of-reproducilble-research.pdf, page94 u
sed on input line 176.
(pdftex.def)             Requested size: 597.53374pt x 845.08348pt.
File: 2-the-practice-of-reproducilble-research.pdf Graphic file (type pdf)

<use 2-the-practice-of-reproducilble-research.pdf, page 94>
Package pdftex.def Info: 2-the-practice-of-reproducilble-research.pdf, page94 u
sed on input line 176.
(pdftex.def)             Requested size: 597.53374pt x 845.08348pt.
 [224 <./2-the-practice-of-reproducilble-research.pdf>]
<2-the-practice-of-reproducilble-research.pdf, id=1687, page=95, 597.50786pt x 
845.04686pt>
File: 2-the-practice-of-reproducilble-research.pdf Graphic file (type pdf)
 <use 2-the-practice-of-reproducilble-research.pdf, page 95>
Package pdftex.def Info: 2-the-practice-of-reproducilble-research.pdf, page95 u
sed on input line 176.
(pdftex.def)             Requested size: 597.53374pt x 845.08348pt.
File: 2-the-practice-of-reproducilble-research.pdf Graphic file (type pdf)

<use 2-the-practice-of-reproducilble-research.pdf, page 95>
Package pdftex.def Info: 2-the-practice-of-reproducilble-research.pdf, page95 u
sed on input line 176.
(pdftex.def)             Requested size: 597.53374pt x 845.08348pt.
File: 2-the-practice-of-reproducilble-research.pdf Graphic file (type pdf)

<use 2-the-practice-of-reproducilble-research.pdf, page 95>
Package pdftex.def Info: 2-the-practice-of-reproducilble-research.pdf, page95 u
sed on input line 176.
(pdftex.def)             Requested size: 597.53374pt x 845.08348pt.
 [225 <./2-the-practice-of-reproducilble-research.pdf>]
<2-the-practice-of-reproducilble-research.pdf, id=1692, page=96, 597.50786pt x 
845.04686pt>
File: 2-the-practice-of-reproducilble-research.pdf Graphic file (type pdf)
 <use 2-the-practice-of-reproducilble-research.pdf, page 96>
Package pdftex.def Info: 2-the-practice-of-reproducilble-research.pdf, page96 u
sed on input line 176.
(pdftex.def)             Requested size: 597.53374pt x 845.08348pt.
File: 2-the-practice-of-reproducilble-research.pdf Graphic file (type pdf)

<use 2-the-practice-of-reproducilble-research.pdf, page 96>
Package pdftex.def Info: 2-the-practice-of-reproducilble-research.pdf, page96 u
sed on input line 176.
(pdftex.def)             Requested size: 597.53374pt x 845.08348pt.
File: 2-the-practice-of-reproducilble-research.pdf Graphic file (type pdf)

<use 2-the-practice-of-reproducilble-research.pdf, page 96>
Package pdftex.def Info: 2-the-practice-of-reproducilble-research.pdf, page96 u
sed on input line 176.
(pdftex.def)             Requested size: 597.53374pt x 845.08348pt.
 [226 <./2-the-practice-of-reproducilble-research.pdf>]
<2-the-practice-of-reproducilble-research.pdf, id=1697, page=97, 597.50786pt x 
845.04686pt>
File: 2-the-practice-of-reproducilble-research.pdf Graphic file (type pdf)
 <use 2-the-practice-of-reproducilble-research.pdf, page 97>
Package pdftex.def Info: 2-the-practice-of-reproducilble-research.pdf, page97 u
sed on input line 176.
(pdftex.def)             Requested size: 597.53374pt x 845.08348pt.
File: 2-the-practice-of-reproducilble-research.pdf Graphic file (type pdf)

<use 2-the-practice-of-reproducilble-research.pdf, page 97>
Package pdftex.def Info: 2-the-practice-of-reproducilble-research.pdf, page97 u
sed on input line 176.
(pdftex.def)             Requested size: 597.53374pt x 845.08348pt.
File: 2-the-practice-of-reproducilble-research.pdf Graphic file (type pdf)

<use 2-the-practice-of-reproducilble-research.pdf, page 97>
Package pdftex.def Info: 2-the-practice-of-reproducilble-research.pdf, page97 u
sed on input line 176.
(pdftex.def)             Requested size: 597.53374pt x 845.08348pt.
 [227 <./2-the-practice-of-reproducilble-research.pdf>]
<2-the-practice-of-reproducilble-research.pdf, id=1702, page=98, 597.50786pt x 
845.04686pt>
File: 2-the-practice-of-reproducilble-research.pdf Graphic file (type pdf)
 <use 2-the-practice-of-reproducilble-research.pdf, page 98>
Package pdftex.def Info: 2-the-practice-of-reproducilble-research.pdf, page98 u
sed on input line 176.
(pdftex.def)             Requested size: 597.53374pt x 845.08348pt.
File: 2-the-practice-of-reproducilble-research.pdf Graphic file (type pdf)

<use 2-the-practice-of-reproducilble-research.pdf, page 98>
Package pdftex.def Info: 2-the-practice-of-reproducilble-research.pdf, page98 u
sed on input line 176.
(pdftex.def)             Requested size: 597.53374pt x 845.08348pt.
File: 2-the-practice-of-reproducilble-research.pdf Graphic file (type pdf)

<use 2-the-practice-of-reproducilble-research.pdf, page 98>
Package pdftex.def Info: 2-the-practice-of-reproducilble-research.pdf, page98 u
sed on input line 176.
(pdftex.def)             Requested size: 597.53374pt x 845.08348pt.
 [228 <./2-the-practice-of-reproducilble-research.pdf>]
<2-the-practice-of-reproducilble-research.pdf, id=1707, page=99, 597.50786pt x 
845.04686pt>
File: 2-the-practice-of-reproducilble-research.pdf Graphic file (type pdf)
 <use 2-the-practice-of-reproducilble-research.pdf, page 99>
Package pdftex.def Info: 2-the-practice-of-reproducilble-research.pdf, page99 u
sed on input line 176.
(pdftex.def)             Requested size: 597.53374pt x 845.08348pt.
File: 2-the-practice-of-reproducilble-research.pdf Graphic file (type pdf)

<use 2-the-practice-of-reproducilble-research.pdf, page 99>
Package pdftex.def Info: 2-the-practice-of-reproducilble-research.pdf, page99 u
sed on input line 176.
(pdftex.def)             Requested size: 597.53374pt x 845.08348pt.
File: 2-the-practice-of-reproducilble-research.pdf Graphic file (type pdf)

<use 2-the-practice-of-reproducilble-research.pdf, page 99>
Package pdftex.def Info: 2-the-practice-of-reproducilble-research.pdf, page99 u
sed on input line 176.
(pdftex.def)             Requested size: 597.53374pt x 845.08348pt.
 [229 <./2-the-practice-of-reproducilble-research.pdf>]
<2-the-practice-of-reproducilble-research.pdf, id=1713, page=100, 597.50786pt x
 845.04686pt>
File: 2-the-practice-of-reproducilble-research.pdf Graphic file (type pdf)
 <use 2-the-practice-of-reproducilble-research.pdf, page 100>
Package pdftex.def Info: 2-the-practice-of-reproducilble-research.pdf, page100 
used on input line 176.
(pdftex.def)             Requested size: 597.53374pt x 845.08348pt.
File: 2-the-practice-of-reproducilble-research.pdf Graphic file (type pdf)

<use 2-the-practice-of-reproducilble-research.pdf, page 100>
Package pdftex.def Info: 2-the-practice-of-reproducilble-research.pdf, page100 
used on input line 176.
(pdftex.def)             Requested size: 597.53374pt x 845.08348pt.
File: 2-the-practice-of-reproducilble-research.pdf Graphic file (type pdf)

<use 2-the-practice-of-reproducilble-research.pdf, page 100>
Package pdftex.def Info: 2-the-practice-of-reproducilble-research.pdf, page100 
used on input line 176.
(pdftex.def)             Requested size: 597.53374pt x 845.08348pt.
 [230 <./2-the-practice-of-reproducilble-research.pdf>]
<2-the-practice-of-reproducilble-research.pdf, id=1718, page=101, 597.50786pt x
 845.04686pt>
File: 2-the-practice-of-reproducilble-research.pdf Graphic file (type pdf)
 <use 2-the-practice-of-reproducilble-research.pdf, page 101>
Package pdftex.def Info: 2-the-practice-of-reproducilble-research.pdf, page101 
used on input line 176.
(pdftex.def)             Requested size: 597.53374pt x 845.08348pt.
File: 2-the-practice-of-reproducilble-research.pdf Graphic file (type pdf)

<use 2-the-practice-of-reproducilble-research.pdf, page 101>
Package pdftex.def Info: 2-the-practice-of-reproducilble-research.pdf, page101 
used on input line 176.
(pdftex.def)             Requested size: 597.53374pt x 845.08348pt.
File: 2-the-practice-of-reproducilble-research.pdf Graphic file (type pdf)

<use 2-the-practice-of-reproducilble-research.pdf, page 101>
Package pdftex.def Info: 2-the-practice-of-reproducilble-research.pdf, page101 
used on input line 176.
(pdftex.def)             Requested size: 597.53374pt x 845.08348pt.
 [231 <./2-the-practice-of-reproducilble-research.pdf>]
<2-the-practice-of-reproducilble-research.pdf, id=1723, page=102, 597.50786pt x
 845.04686pt>
File: 2-the-practice-of-reproducilble-research.pdf Graphic file (type pdf)
 <use 2-the-practice-of-reproducilble-research.pdf, page 102>
Package pdftex.def Info: 2-the-practice-of-reproducilble-research.pdf, page102 
used on input line 176.
(pdftex.def)             Requested size: 597.53374pt x 845.08348pt.
File: 2-the-practice-of-reproducilble-research.pdf Graphic file (type pdf)

<use 2-the-practice-of-reproducilble-research.pdf, page 102>
Package pdftex.def Info: 2-the-practice-of-reproducilble-research.pdf, page102 
used on input line 176.
(pdftex.def)             Requested size: 597.53374pt x 845.08348pt.
File: 2-the-practice-of-reproducilble-research.pdf Graphic file (type pdf)

<use 2-the-practice-of-reproducilble-research.pdf, page 102>
Package pdftex.def Info: 2-the-practice-of-reproducilble-research.pdf, page102 
used on input line 176.
(pdftex.def)             Requested size: 597.53374pt x 845.08348pt.
 [232 <./2-the-practice-of-reproducilble-research.pdf>]
<2-the-practice-of-reproducilble-research.pdf, id=1728, page=103, 597.50786pt x
 845.04686pt>
File: 2-the-practice-of-reproducilble-research.pdf Graphic file (type pdf)
 <use 2-the-practice-of-reproducilble-research.pdf, page 103>
Package pdftex.def Info: 2-the-practice-of-reproducilble-research.pdf, page103 
used on input line 176.
(pdftex.def)             Requested size: 597.53374pt x 845.08348pt.
File: 2-the-practice-of-reproducilble-research.pdf Graphic file (type pdf)

<use 2-the-practice-of-reproducilble-research.pdf, page 103>
Package pdftex.def Info: 2-the-practice-of-reproducilble-research.pdf, page103 
used on input line 176.
(pdftex.def)             Requested size: 597.53374pt x 845.08348pt.
File: 2-the-practice-of-reproducilble-research.pdf Graphic file (type pdf)

<use 2-the-practice-of-reproducilble-research.pdf, page 103>
Package pdftex.def Info: 2-the-practice-of-reproducilble-research.pdf, page103 
used on input line 176.
(pdftex.def)             Requested size: 597.53374pt x 845.08348pt.
 [233 <./2-the-practice-of-reproducilble-research.pdf>]
<2-the-practice-of-reproducilble-research.pdf, id=1735, page=104, 597.50786pt x
 845.04686pt>
File: 2-the-practice-of-reproducilble-research.pdf Graphic file (type pdf)
 <use 2-the-practice-of-reproducilble-research.pdf, page 104>
Package pdftex.def Info: 2-the-practice-of-reproducilble-research.pdf, page104 
used on input line 176.
(pdftex.def)             Requested size: 597.53374pt x 845.08348pt.
File: 2-the-practice-of-reproducilble-research.pdf Graphic file (type pdf)

<use 2-the-practice-of-reproducilble-research.pdf, page 104>
Package pdftex.def Info: 2-the-practice-of-reproducilble-research.pdf, page104 
used on input line 176.
(pdftex.def)             Requested size: 597.53374pt x 845.08348pt.
File: 2-the-practice-of-reproducilble-research.pdf Graphic file (type pdf)

<use 2-the-practice-of-reproducilble-research.pdf, page 104>
Package pdftex.def Info: 2-the-practice-of-reproducilble-research.pdf, page104 
used on input line 176.
(pdftex.def)             Requested size: 597.53374pt x 845.08348pt.
 [234 <./2-the-practice-of-reproducilble-research.pdf>]
<2-the-practice-of-reproducilble-research.pdf, id=1740, page=105, 597.50786pt x
 845.04686pt>
File: 2-the-practice-of-reproducilble-research.pdf Graphic file (type pdf)
 <use 2-the-practice-of-reproducilble-research.pdf, page 105>
Package pdftex.def Info: 2-the-practice-of-reproducilble-research.pdf, page105 
used on input line 176.
(pdftex.def)             Requested size: 597.53374pt x 845.08348pt.
File: 2-the-practice-of-reproducilble-research.pdf Graphic file (type pdf)

<use 2-the-practice-of-reproducilble-research.pdf, page 105>
Package pdftex.def Info: 2-the-practice-of-reproducilble-research.pdf, page105 
used on input line 176.
(pdftex.def)             Requested size: 597.53374pt x 845.08348pt.
File: 2-the-practice-of-reproducilble-research.pdf Graphic file (type pdf)

<use 2-the-practice-of-reproducilble-research.pdf, page 105>
Package pdftex.def Info: 2-the-practice-of-reproducilble-research.pdf, page105 
used on input line 176.
(pdftex.def)             Requested size: 597.53374pt x 845.08348pt.
 [235 <./2-the-practice-of-reproducilble-research.pdf>]
<2-the-practice-of-reproducilble-research.pdf, id=1746, page=106, 597.50786pt x
 845.04686pt>
File: 2-the-practice-of-reproducilble-research.pdf Graphic file (type pdf)
 <use 2-the-practice-of-reproducilble-research.pdf, page 106>
Package pdftex.def Info: 2-the-practice-of-reproducilble-research.pdf, page106 
used on input line 176.
(pdftex.def)             Requested size: 597.53374pt x 845.08348pt.
File: 2-the-practice-of-reproducilble-research.pdf Graphic file (type pdf)

<use 2-the-practice-of-reproducilble-research.pdf, page 106>
Package pdftex.def Info: 2-the-practice-of-reproducilble-research.pdf, page106 
used on input line 176.
(pdftex.def)             Requested size: 597.53374pt x 845.08348pt.
File: 2-the-practice-of-reproducilble-research.pdf Graphic file (type pdf)

<use 2-the-practice-of-reproducilble-research.pdf, page 106>
Package pdftex.def Info: 2-the-practice-of-reproducilble-research.pdf, page106 
used on input line 176.
(pdftex.def)             Requested size: 597.53374pt x 845.08348pt.
 [236 <./2-the-practice-of-reproducilble-research.pdf>]
<2-the-practice-of-reproducilble-research.pdf, id=1751, page=107, 597.50786pt x
 845.04686pt>
File: 2-the-practice-of-reproducilble-research.pdf Graphic file (type pdf)
 <use 2-the-practice-of-reproducilble-research.pdf, page 107>
Package pdftex.def Info: 2-the-practice-of-reproducilble-research.pdf, page107 
used on input line 176.
(pdftex.def)             Requested size: 597.53374pt x 845.08348pt.
File: 2-the-practice-of-reproducilble-research.pdf Graphic file (type pdf)

<use 2-the-practice-of-reproducilble-research.pdf, page 107>
Package pdftex.def Info: 2-the-practice-of-reproducilble-research.pdf, page107 
used on input line 176.
(pdftex.def)             Requested size: 597.53374pt x 845.08348pt.
File: 2-the-practice-of-reproducilble-research.pdf Graphic file (type pdf)

<use 2-the-practice-of-reproducilble-research.pdf, page 107>
Package pdftex.def Info: 2-the-practice-of-reproducilble-research.pdf, page107 
used on input line 176.
(pdftex.def)             Requested size: 597.53374pt x 845.08348pt.
 [237 <./2-the-practice-of-reproducilble-research.pdf>]
<2-the-practice-of-reproducilble-research.pdf, id=1756, page=108, 597.50786pt x
 845.04686pt>
File: 2-the-practice-of-reproducilble-research.pdf Graphic file (type pdf)
 <use 2-the-practice-of-reproducilble-research.pdf, page 108>
Package pdftex.def Info: 2-the-practice-of-reproducilble-research.pdf, page108 
used on input line 176.
(pdftex.def)             Requested size: 597.53374pt x 845.08348pt.
File: 2-the-practice-of-reproducilble-research.pdf Graphic file (type pdf)

<use 2-the-practice-of-reproducilble-research.pdf, page 108>
Package pdftex.def Info: 2-the-practice-of-reproducilble-research.pdf, page108 
used on input line 176.
(pdftex.def)             Requested size: 597.53374pt x 845.08348pt.
File: 2-the-practice-of-reproducilble-research.pdf Graphic file (type pdf)

<use 2-the-practice-of-reproducilble-research.pdf, page 108>
Package pdftex.def Info: 2-the-practice-of-reproducilble-research.pdf, page108 
used on input line 176.
(pdftex.def)             Requested size: 597.53374pt x 845.08348pt.
 [238 <./2-the-practice-of-reproducilble-research.pdf>]
<2-the-practice-of-reproducilble-research.pdf, id=1761, page=109, 597.50786pt x
 845.04686pt>
File: 2-the-practice-of-reproducilble-research.pdf Graphic file (type pdf)
 <use 2-the-practice-of-reproducilble-research.pdf, page 109>
Package pdftex.def Info: 2-the-practice-of-reproducilble-research.pdf, page109 
used on input line 176.
(pdftex.def)             Requested size: 597.53374pt x 845.08348pt.
File: 2-the-practice-of-reproducilble-research.pdf Graphic file (type pdf)

<use 2-the-practice-of-reproducilble-research.pdf, page 109>
Package pdftex.def Info: 2-the-practice-of-reproducilble-research.pdf, page109 
used on input line 176.
(pdftex.def)             Requested size: 597.53374pt x 845.08348pt.
File: 2-the-practice-of-reproducilble-research.pdf Graphic file (type pdf)

<use 2-the-practice-of-reproducilble-research.pdf, page 109>
Package pdftex.def Info: 2-the-practice-of-reproducilble-research.pdf, page109 
used on input line 176.
(pdftex.def)             Requested size: 597.53374pt x 845.08348pt.
 [239 <./2-the-practice-of-reproducilble-research.pdf>]
<2-the-practice-of-reproducilble-research.pdf, id=1768, page=110, 597.50786pt x
 845.04686pt>
File: 2-the-practice-of-reproducilble-research.pdf Graphic file (type pdf)
 <use 2-the-practice-of-reproducilble-research.pdf, page 110>
Package pdftex.def Info: 2-the-practice-of-reproducilble-research.pdf, page110 
used on input line 176.
(pdftex.def)             Requested size: 597.53374pt x 845.08348pt.
File: 2-the-practice-of-reproducilble-research.pdf Graphic file (type pdf)

<use 2-the-practice-of-reproducilble-research.pdf, page 110>
Package pdftex.def Info: 2-the-practice-of-reproducilble-research.pdf, page110 
used on input line 176.
(pdftex.def)             Requested size: 597.53374pt x 845.08348pt.
File: 2-the-practice-of-reproducilble-research.pdf Graphic file (type pdf)

<use 2-the-practice-of-reproducilble-research.pdf, page 110>
Package pdftex.def Info: 2-the-practice-of-reproducilble-research.pdf, page110 
used on input line 176.
(pdftex.def)             Requested size: 597.53374pt x 845.08348pt.
 [240 <./2-the-practice-of-reproducilble-research.pdf>]
<2-the-practice-of-reproducilble-research.pdf, id=1773, page=111, 597.50786pt x
 845.04686pt>
File: 2-the-practice-of-reproducilble-research.pdf Graphic file (type pdf)
 <use 2-the-practice-of-reproducilble-research.pdf, page 111>
Package pdftex.def Info: 2-the-practice-of-reproducilble-research.pdf, page111 
used on input line 176.
(pdftex.def)             Requested size: 597.53374pt x 845.08348pt.
File: 2-the-practice-of-reproducilble-research.pdf Graphic file (type pdf)

<use 2-the-practice-of-reproducilble-research.pdf, page 111>
Package pdftex.def Info: 2-the-practice-of-reproducilble-research.pdf, page111 
used on input line 176.
(pdftex.def)             Requested size: 597.53374pt x 845.08348pt.
File: 2-the-practice-of-reproducilble-research.pdf Graphic file (type pdf)

<use 2-the-practice-of-reproducilble-research.pdf, page 111>
Package pdftex.def Info: 2-the-practice-of-reproducilble-research.pdf, page111 
used on input line 176.
(pdftex.def)             Requested size: 597.53374pt x 845.08348pt.
 [241 <./2-the-practice-of-reproducilble-research.pdf>]
<2-the-practice-of-reproducilble-research.pdf, id=1779, page=112, 597.50786pt x
 845.04686pt>
File: 2-the-practice-of-reproducilble-research.pdf Graphic file (type pdf)
 <use 2-the-practice-of-reproducilble-research.pdf, page 112>
Package pdftex.def Info: 2-the-practice-of-reproducilble-research.pdf, page112 
used on input line 176.
(pdftex.def)             Requested size: 597.53374pt x 845.08348pt.
File: 2-the-practice-of-reproducilble-research.pdf Graphic file (type pdf)

<use 2-the-practice-of-reproducilble-research.pdf, page 112>
Package pdftex.def Info: 2-the-practice-of-reproducilble-research.pdf, page112 
used on input line 176.
(pdftex.def)             Requested size: 597.53374pt x 845.08348pt.
File: 2-the-practice-of-reproducilble-research.pdf Graphic file (type pdf)

<use 2-the-practice-of-reproducilble-research.pdf, page 112>
Package pdftex.def Info: 2-the-practice-of-reproducilble-research.pdf, page112 
used on input line 176.
(pdftex.def)             Requested size: 597.53374pt x 845.08348pt.
 [242 <./2-the-practice-of-reproducilble-research.pdf>]
<2-the-practice-of-reproducilble-research.pdf, id=1785, page=113, 597.50786pt x
 845.04686pt>
File: 2-the-practice-of-reproducilble-research.pdf Graphic file (type pdf)
 <use 2-the-practice-of-reproducilble-research.pdf, page 113>
Package pdftex.def Info: 2-the-practice-of-reproducilble-research.pdf, page113 
used on input line 176.
(pdftex.def)             Requested size: 597.53374pt x 845.08348pt.
File: 2-the-practice-of-reproducilble-research.pdf Graphic file (type pdf)

<use 2-the-practice-of-reproducilble-research.pdf, page 113>
Package pdftex.def Info: 2-the-practice-of-reproducilble-research.pdf, page113 
used on input line 176.
(pdftex.def)             Requested size: 597.53374pt x 845.08348pt.
File: 2-the-practice-of-reproducilble-research.pdf Graphic file (type pdf)

<use 2-the-practice-of-reproducilble-research.pdf, page 113>
Package pdftex.def Info: 2-the-practice-of-reproducilble-research.pdf, page113 
used on input line 176.
(pdftex.def)             Requested size: 597.53374pt x 845.08348pt.
 [243 <./2-the-practice-of-reproducilble-research.pdf>]
<2-the-practice-of-reproducilble-research.pdf, id=1790, page=114, 597.50786pt x
 845.04686pt>
File: 2-the-practice-of-reproducilble-research.pdf Graphic file (type pdf)
 <use 2-the-practice-of-reproducilble-research.pdf, page 114>
Package pdftex.def Info: 2-the-practice-of-reproducilble-research.pdf, page114 
used on input line 176.
(pdftex.def)             Requested size: 597.53374pt x 845.08348pt.
File: 2-the-practice-of-reproducilble-research.pdf Graphic file (type pdf)

<use 2-the-practice-of-reproducilble-research.pdf, page 114>
Package pdftex.def Info: 2-the-practice-of-reproducilble-research.pdf, page114 
used on input line 176.
(pdftex.def)             Requested size: 597.53374pt x 845.08348pt.
File: 2-the-practice-of-reproducilble-research.pdf Graphic file (type pdf)

<use 2-the-practice-of-reproducilble-research.pdf, page 114>
Package pdftex.def Info: 2-the-practice-of-reproducilble-research.pdf, page114 
used on input line 176.
(pdftex.def)             Requested size: 597.53374pt x 845.08348pt.
 [244 <./2-the-practice-of-reproducilble-research.pdf>]
<2-the-practice-of-reproducilble-research.pdf, id=1795, page=115, 597.50786pt x
 845.04686pt>
File: 2-the-practice-of-reproducilble-research.pdf Graphic file (type pdf)
 <use 2-the-practice-of-reproducilble-research.pdf, page 115>
Package pdftex.def Info: 2-the-practice-of-reproducilble-research.pdf, page115 
used on input line 176.
(pdftex.def)             Requested size: 597.53374pt x 845.08348pt.
File: 2-the-practice-of-reproducilble-research.pdf Graphic file (type pdf)

<use 2-the-practice-of-reproducilble-research.pdf, page 115>
Package pdftex.def Info: 2-the-practice-of-reproducilble-research.pdf, page115 
used on input line 176.
(pdftex.def)             Requested size: 597.53374pt x 845.08348pt.
File: 2-the-practice-of-reproducilble-research.pdf Graphic file (type pdf)

<use 2-the-practice-of-reproducilble-research.pdf, page 115>
Package pdftex.def Info: 2-the-practice-of-reproducilble-research.pdf, page115 
used on input line 176.
(pdftex.def)             Requested size: 597.53374pt x 845.08348pt.
 [245 <./2-the-practice-of-reproducilble-research.pdf>]
<2-the-practice-of-reproducilble-research.pdf, id=1802, page=116, 597.50786pt x
 845.04686pt>
File: 2-the-practice-of-reproducilble-research.pdf Graphic file (type pdf)
 <use 2-the-practice-of-reproducilble-research.pdf, page 116>
Package pdftex.def Info: 2-the-practice-of-reproducilble-research.pdf, page116 
used on input line 176.
(pdftex.def)             Requested size: 597.53374pt x 845.08348pt.
File: 2-the-practice-of-reproducilble-research.pdf Graphic file (type pdf)

<use 2-the-practice-of-reproducilble-research.pdf, page 116>
Package pdftex.def Info: 2-the-practice-of-reproducilble-research.pdf, page116 
used on input line 176.
(pdftex.def)             Requested size: 597.53374pt x 845.08348pt.
File: 2-the-practice-of-reproducilble-research.pdf Graphic file (type pdf)

<use 2-the-practice-of-reproducilble-research.pdf, page 116>
Package pdftex.def Info: 2-the-practice-of-reproducilble-research.pdf, page116 
used on input line 176.
(pdftex.def)             Requested size: 597.53374pt x 845.08348pt.
 [246 <./2-the-practice-of-reproducilble-research.pdf>]
<2-the-practice-of-reproducilble-research.pdf, id=1807, page=117, 597.50786pt x
 845.04686pt>
File: 2-the-practice-of-reproducilble-research.pdf Graphic file (type pdf)
 <use 2-the-practice-of-reproducilble-research.pdf, page 117>
Package pdftex.def Info: 2-the-practice-of-reproducilble-research.pdf, page117 
used on input line 176.
(pdftex.def)             Requested size: 597.53374pt x 845.08348pt.
File: 2-the-practice-of-reproducilble-research.pdf Graphic file (type pdf)

<use 2-the-practice-of-reproducilble-research.pdf, page 117>
Package pdftex.def Info: 2-the-practice-of-reproducilble-research.pdf, page117 
used on input line 176.
(pdftex.def)             Requested size: 597.53374pt x 845.08348pt.
File: 2-the-practice-of-reproducilble-research.pdf Graphic file (type pdf)

<use 2-the-practice-of-reproducilble-research.pdf, page 117>
Package pdftex.def Info: 2-the-practice-of-reproducilble-research.pdf, page117 
used on input line 176.
(pdftex.def)             Requested size: 597.53374pt x 845.08348pt.
 [247 <./2-the-practice-of-reproducilble-research.pdf>]
<2-the-practice-of-reproducilble-research.pdf, id=1813, page=118, 597.50786pt x
 845.04686pt>
File: 2-the-practice-of-reproducilble-research.pdf Graphic file (type pdf)
 <use 2-the-practice-of-reproducilble-research.pdf, page 118>
Package pdftex.def Info: 2-the-practice-of-reproducilble-research.pdf, page118 
used on input line 176.
(pdftex.def)             Requested size: 597.53374pt x 845.08348pt.
File: 2-the-practice-of-reproducilble-research.pdf Graphic file (type pdf)

<use 2-the-practice-of-reproducilble-research.pdf, page 118>
Package pdftex.def Info: 2-the-practice-of-reproducilble-research.pdf, page118 
used on input line 176.
(pdftex.def)             Requested size: 597.53374pt x 845.08348pt.
File: 2-the-practice-of-reproducilble-research.pdf Graphic file (type pdf)

<use 2-the-practice-of-reproducilble-research.pdf, page 118>
Package pdftex.def Info: 2-the-practice-of-reproducilble-research.pdf, page118 
used on input line 176.
(pdftex.def)             Requested size: 597.53374pt x 845.08348pt.
 [248 <./2-the-practice-of-reproducilble-research.pdf>]
<2-the-practice-of-reproducilble-research.pdf, id=1818, page=119, 597.50786pt x
 845.04686pt>
File: 2-the-practice-of-reproducilble-research.pdf Graphic file (type pdf)
 <use 2-the-practice-of-reproducilble-research.pdf, page 119>
Package pdftex.def Info: 2-the-practice-of-reproducilble-research.pdf, page119 
used on input line 176.
(pdftex.def)             Requested size: 597.53374pt x 845.08348pt.
File: 2-the-practice-of-reproducilble-research.pdf Graphic file (type pdf)

<use 2-the-practice-of-reproducilble-research.pdf, page 119>
Package pdftex.def Info: 2-the-practice-of-reproducilble-research.pdf, page119 
used on input line 176.
(pdftex.def)             Requested size: 597.53374pt x 845.08348pt.
File: 2-the-practice-of-reproducilble-research.pdf Graphic file (type pdf)

<use 2-the-practice-of-reproducilble-research.pdf, page 119>
Package pdftex.def Info: 2-the-practice-of-reproducilble-research.pdf, page119 
used on input line 176.
(pdftex.def)             Requested size: 597.53374pt x 845.08348pt.
 [249 <./2-the-practice-of-reproducilble-research.pdf>]
<2-the-practice-of-reproducilble-research.pdf, id=1823, page=120, 597.50786pt x
 845.04686pt>
File: 2-the-practice-of-reproducilble-research.pdf Graphic file (type pdf)
 <use 2-the-practice-of-reproducilble-research.pdf, page 120>
Package pdftex.def Info: 2-the-practice-of-reproducilble-research.pdf, page120 
used on input line 176.
(pdftex.def)             Requested size: 597.53374pt x 845.08348pt.
File: 2-the-practice-of-reproducilble-research.pdf Graphic file (type pdf)

<use 2-the-practice-of-reproducilble-research.pdf, page 120>
Package pdftex.def Info: 2-the-practice-of-reproducilble-research.pdf, page120 
used on input line 176.
(pdftex.def)             Requested size: 597.53374pt x 845.08348pt.
File: 2-the-practice-of-reproducilble-research.pdf Graphic file (type pdf)

<use 2-the-practice-of-reproducilble-research.pdf, page 120>
Package pdftex.def Info: 2-the-practice-of-reproducilble-research.pdf, page120 
used on input line 176.
(pdftex.def)             Requested size: 597.53374pt x 845.08348pt.
 [250 <./2-the-practice-of-reproducilble-research.pdf>]
<2-the-practice-of-reproducilble-research.pdf, id=1828, page=121, 597.50786pt x
 845.04686pt>
File: 2-the-practice-of-reproducilble-research.pdf Graphic file (type pdf)
 <use 2-the-practice-of-reproducilble-research.pdf, page 121>
Package pdftex.def Info: 2-the-practice-of-reproducilble-research.pdf, page121 
used on input line 176.
(pdftex.def)             Requested size: 597.53374pt x 845.08348pt.
File: 2-the-practice-of-reproducilble-research.pdf Graphic file (type pdf)

<use 2-the-practice-of-reproducilble-research.pdf, page 121>
Package pdftex.def Info: 2-the-practice-of-reproducilble-research.pdf, page121 
used on input line 176.
(pdftex.def)             Requested size: 597.53374pt x 845.08348pt.
File: 2-the-practice-of-reproducilble-research.pdf Graphic file (type pdf)

<use 2-the-practice-of-reproducilble-research.pdf, page 121>
Package pdftex.def Info: 2-the-practice-of-reproducilble-research.pdf, page121 
used on input line 176.
(pdftex.def)             Requested size: 597.53374pt x 845.08348pt.
 [251 <./2-the-practice-of-reproducilble-research.pdf>]
<2-the-practice-of-reproducilble-research.pdf, id=1833, page=122, 597.50786pt x
 845.04686pt>
File: 2-the-practice-of-reproducilble-research.pdf Graphic file (type pdf)
 <use 2-the-practice-of-reproducilble-research.pdf, page 122>
Package pdftex.def Info: 2-the-practice-of-reproducilble-research.pdf, page122 
used on input line 176.
(pdftex.def)             Requested size: 597.53374pt x 845.08348pt.
File: 2-the-practice-of-reproducilble-research.pdf Graphic file (type pdf)

<use 2-the-practice-of-reproducilble-research.pdf, page 122>
Package pdftex.def Info: 2-the-practice-of-reproducilble-research.pdf, page122 
used on input line 176.
(pdftex.def)             Requested size: 597.53374pt x 845.08348pt.
File: 2-the-practice-of-reproducilble-research.pdf Graphic file (type pdf)

<use 2-the-practice-of-reproducilble-research.pdf, page 122>
Package pdftex.def Info: 2-the-practice-of-reproducilble-research.pdf, page122 
used on input line 176.
(pdftex.def)             Requested size: 597.53374pt x 845.08348pt.
 [252 <./2-the-practice-of-reproducilble-research.pdf>]
<2-the-practice-of-reproducilble-research.pdf, id=1838, page=123, 597.50786pt x
 845.04686pt>
File: 2-the-practice-of-reproducilble-research.pdf Graphic file (type pdf)
 <use 2-the-practice-of-reproducilble-research.pdf, page 123>
Package pdftex.def Info: 2-the-practice-of-reproducilble-research.pdf, page123 
used on input line 176.
(pdftex.def)             Requested size: 597.53374pt x 845.08348pt.
File: 2-the-practice-of-reproducilble-research.pdf Graphic file (type pdf)

<use 2-the-practice-of-reproducilble-research.pdf, page 123>
Package pdftex.def Info: 2-the-practice-of-reproducilble-research.pdf, page123 
used on input line 176.
(pdftex.def)             Requested size: 597.53374pt x 845.08348pt.
File: 2-the-practice-of-reproducilble-research.pdf Graphic file (type pdf)

<use 2-the-practice-of-reproducilble-research.pdf, page 123>
Package pdftex.def Info: 2-the-practice-of-reproducilble-research.pdf, page123 
used on input line 176.
(pdftex.def)             Requested size: 597.53374pt x 845.08348pt.
 [253 <./2-the-practice-of-reproducilble-research.pdf>]
<2-the-practice-of-reproducilble-research.pdf, id=1846, page=124, 597.50786pt x
 845.04686pt>
File: 2-the-practice-of-reproducilble-research.pdf Graphic file (type pdf)
 <use 2-the-practice-of-reproducilble-research.pdf, page 124>
Package pdftex.def Info: 2-the-practice-of-reproducilble-research.pdf, page124 
used on input line 176.
(pdftex.def)             Requested size: 597.53374pt x 845.08348pt.
File: 2-the-practice-of-reproducilble-research.pdf Graphic file (type pdf)

<use 2-the-practice-of-reproducilble-research.pdf, page 124>
Package pdftex.def Info: 2-the-practice-of-reproducilble-research.pdf, page124 
used on input line 176.
(pdftex.def)             Requested size: 597.53374pt x 845.08348pt.
File: 2-the-practice-of-reproducilble-research.pdf Graphic file (type pdf)

<use 2-the-practice-of-reproducilble-research.pdf, page 124>
Package pdftex.def Info: 2-the-practice-of-reproducilble-research.pdf, page124 
used on input line 176.
(pdftex.def)             Requested size: 597.53374pt x 845.08348pt.
 [254 <./2-the-practice-of-reproducilble-research.pdf>]
<2-the-practice-of-reproducilble-research.pdf, id=1851, page=125, 597.50786pt x
 845.04686pt>
File: 2-the-practice-of-reproducilble-research.pdf Graphic file (type pdf)
 <use 2-the-practice-of-reproducilble-research.pdf, page 125>
Package pdftex.def Info: 2-the-practice-of-reproducilble-research.pdf, page125 
used on input line 176.
(pdftex.def)             Requested size: 597.53374pt x 845.08348pt.
File: 2-the-practice-of-reproducilble-research.pdf Graphic file (type pdf)

<use 2-the-practice-of-reproducilble-research.pdf, page 125>
Package pdftex.def Info: 2-the-practice-of-reproducilble-research.pdf, page125 
used on input line 176.
(pdftex.def)             Requested size: 597.53374pt x 845.08348pt.
File: 2-the-practice-of-reproducilble-research.pdf Graphic file (type pdf)

<use 2-the-practice-of-reproducilble-research.pdf, page 125>
Package pdftex.def Info: 2-the-practice-of-reproducilble-research.pdf, page125 
used on input line 176.
(pdftex.def)             Requested size: 597.53374pt x 845.08348pt.
 [255 <./2-the-practice-of-reproducilble-research.pdf>]
<2-the-practice-of-reproducilble-research.pdf, id=1856, page=126, 597.50786pt x
 845.04686pt>
File: 2-the-practice-of-reproducilble-research.pdf Graphic file (type pdf)
 <use 2-the-practice-of-reproducilble-research.pdf, page 126>
Package pdftex.def Info: 2-the-practice-of-reproducilble-research.pdf, page126 
used on input line 176.
(pdftex.def)             Requested size: 597.53374pt x 845.08348pt.
File: 2-the-practice-of-reproducilble-research.pdf Graphic file (type pdf)

<use 2-the-practice-of-reproducilble-research.pdf, page 126>
Package pdftex.def Info: 2-the-practice-of-reproducilble-research.pdf, page126 
used on input line 176.
(pdftex.def)             Requested size: 597.53374pt x 845.08348pt.
File: 2-the-practice-of-reproducilble-research.pdf Graphic file (type pdf)

<use 2-the-practice-of-reproducilble-research.pdf, page 126>
Package pdftex.def Info: 2-the-practice-of-reproducilble-research.pdf, page126 
used on input line 176.
(pdftex.def)             Requested size: 597.53374pt x 845.08348pt.
 [256 <./2-the-practice-of-reproducilble-research.pdf>]
<2-the-practice-of-reproducilble-research.pdf, id=1861, page=127, 597.50786pt x
 845.04686pt>
File: 2-the-practice-of-reproducilble-research.pdf Graphic file (type pdf)
 <use 2-the-practice-of-reproducilble-research.pdf, page 127>
Package pdftex.def Info: 2-the-practice-of-reproducilble-research.pdf, page127 
used on input line 176.
(pdftex.def)             Requested size: 597.53374pt x 845.08348pt.
File: 2-the-practice-of-reproducilble-research.pdf Graphic file (type pdf)

<use 2-the-practice-of-reproducilble-research.pdf, page 127>
Package pdftex.def Info: 2-the-practice-of-reproducilble-research.pdf, page127 
used on input line 176.
(pdftex.def)             Requested size: 597.53374pt x 845.08348pt.
File: 2-the-practice-of-reproducilble-research.pdf Graphic file (type pdf)

<use 2-the-practice-of-reproducilble-research.pdf, page 127>
Package pdftex.def Info: 2-the-practice-of-reproducilble-research.pdf, page127 
used on input line 176.
(pdftex.def)             Requested size: 597.53374pt x 845.08348pt.
 [257 <./2-the-practice-of-reproducilble-research.pdf>]
<2-the-practice-of-reproducilble-research.pdf, id=1866, page=128, 597.50786pt x
 845.04686pt>
File: 2-the-practice-of-reproducilble-research.pdf Graphic file (type pdf)
 <use 2-the-practice-of-reproducilble-research.pdf, page 128>
Package pdftex.def Info: 2-the-practice-of-reproducilble-research.pdf, page128 
used on input line 176.
(pdftex.def)             Requested size: 597.53374pt x 845.08348pt.
File: 2-the-practice-of-reproducilble-research.pdf Graphic file (type pdf)

<use 2-the-practice-of-reproducilble-research.pdf, page 128>
Package pdftex.def Info: 2-the-practice-of-reproducilble-research.pdf, page128 
used on input line 176.
(pdftex.def)             Requested size: 597.53374pt x 845.08348pt.
File: 2-the-practice-of-reproducilble-research.pdf Graphic file (type pdf)

<use 2-the-practice-of-reproducilble-research.pdf, page 128>
Package pdftex.def Info: 2-the-practice-of-reproducilble-research.pdf, page128 
used on input line 176.
(pdftex.def)             Requested size: 597.53374pt x 845.08348pt.
 [258 <./2-the-practice-of-reproducilble-research.pdf>]
<2-the-practice-of-reproducilble-research.pdf, id=1871, page=129, 597.50786pt x
 845.04686pt>
File: 2-the-practice-of-reproducilble-research.pdf Graphic file (type pdf)
 <use 2-the-practice-of-reproducilble-research.pdf, page 129>
Package pdftex.def Info: 2-the-practice-of-reproducilble-research.pdf, page129 
used on input line 176.
(pdftex.def)             Requested size: 597.53374pt x 845.08348pt.
File: 2-the-practice-of-reproducilble-research.pdf Graphic file (type pdf)

<use 2-the-practice-of-reproducilble-research.pdf, page 129>
Package pdftex.def Info: 2-the-practice-of-reproducilble-research.pdf, page129 
used on input line 176.
(pdftex.def)             Requested size: 597.53374pt x 845.08348pt.
File: 2-the-practice-of-reproducilble-research.pdf Graphic file (type pdf)

<use 2-the-practice-of-reproducilble-research.pdf, page 129>
Package pdftex.def Info: 2-the-practice-of-reproducilble-research.pdf, page129 
used on input line 176.
(pdftex.def)             Requested size: 597.53374pt x 845.08348pt.
 [259 <./2-the-practice-of-reproducilble-research.pdf>]
<2-the-practice-of-reproducilble-research.pdf, id=1879, page=130, 597.50786pt x
 845.04686pt>
File: 2-the-practice-of-reproducilble-research.pdf Graphic file (type pdf)
 <use 2-the-practice-of-reproducilble-research.pdf, page 130>
Package pdftex.def Info: 2-the-practice-of-reproducilble-research.pdf, page130 
used on input line 176.
(pdftex.def)             Requested size: 597.53374pt x 845.08348pt.
File: 2-the-practice-of-reproducilble-research.pdf Graphic file (type pdf)

<use 2-the-practice-of-reproducilble-research.pdf, page 130>
Package pdftex.def Info: 2-the-practice-of-reproducilble-research.pdf, page130 
used on input line 176.
(pdftex.def)             Requested size: 597.53374pt x 845.08348pt.
File: 2-the-practice-of-reproducilble-research.pdf Graphic file (type pdf)

<use 2-the-practice-of-reproducilble-research.pdf, page 130>
Package pdftex.def Info: 2-the-practice-of-reproducilble-research.pdf, page130 
used on input line 176.
(pdftex.def)             Requested size: 597.53374pt x 845.08348pt.
 [260 <./2-the-practice-of-reproducilble-research.pdf>]
<2-the-practice-of-reproducilble-research.pdf, id=1884, page=131, 597.50786pt x
 845.04686pt>
File: 2-the-practice-of-reproducilble-research.pdf Graphic file (type pdf)
 <use 2-the-practice-of-reproducilble-research.pdf, page 131>
Package pdftex.def Info: 2-the-practice-of-reproducilble-research.pdf, page131 
used on input line 176.
(pdftex.def)             Requested size: 597.53374pt x 845.08348pt.
File: 2-the-practice-of-reproducilble-research.pdf Graphic file (type pdf)

<use 2-the-practice-of-reproducilble-research.pdf, page 131>
Package pdftex.def Info: 2-the-practice-of-reproducilble-research.pdf, page131 
used on input line 176.
(pdftex.def)             Requested size: 597.53374pt x 845.08348pt.
File: 2-the-practice-of-reproducilble-research.pdf Graphic file (type pdf)

<use 2-the-practice-of-reproducilble-research.pdf, page 131>
Package pdftex.def Info: 2-the-practice-of-reproducilble-research.pdf, page131 
used on input line 176.
(pdftex.def)             Requested size: 597.53374pt x 845.08348pt.
 [261 <./2-the-practice-of-reproducilble-research.pdf>]
<2-the-practice-of-reproducilble-research.pdf, id=1889, page=132, 597.50786pt x
 845.04686pt>
File: 2-the-practice-of-reproducilble-research.pdf Graphic file (type pdf)
 <use 2-the-practice-of-reproducilble-research.pdf, page 132>
Package pdftex.def Info: 2-the-practice-of-reproducilble-research.pdf, page132 
used on input line 176.
(pdftex.def)             Requested size: 597.53374pt x 845.08348pt.
File: 2-the-practice-of-reproducilble-research.pdf Graphic file (type pdf)

<use 2-the-practice-of-reproducilble-research.pdf, page 132>
Package pdftex.def Info: 2-the-practice-of-reproducilble-research.pdf, page132 
used on input line 176.
(pdftex.def)             Requested size: 597.53374pt x 845.08348pt.
File: 2-the-practice-of-reproducilble-research.pdf Graphic file (type pdf)

<use 2-the-practice-of-reproducilble-research.pdf, page 132>
Package pdftex.def Info: 2-the-practice-of-reproducilble-research.pdf, page132 
used on input line 176.
(pdftex.def)             Requested size: 597.53374pt x 845.08348pt.
 [262 <./2-the-practice-of-reproducilble-research.pdf>]
<2-the-practice-of-reproducilble-research.pdf, id=1894, page=133, 597.50786pt x
 845.04686pt>
File: 2-the-practice-of-reproducilble-research.pdf Graphic file (type pdf)
 <use 2-the-practice-of-reproducilble-research.pdf, page 133>
Package pdftex.def Info: 2-the-practice-of-reproducilble-research.pdf, page133 
used on input line 176.
(pdftex.def)             Requested size: 597.53374pt x 845.08348pt.
File: 2-the-practice-of-reproducilble-research.pdf Graphic file (type pdf)

<use 2-the-practice-of-reproducilble-research.pdf, page 133>
Package pdftex.def Info: 2-the-practice-of-reproducilble-research.pdf, page133 
used on input line 176.
(pdftex.def)             Requested size: 597.53374pt x 845.08348pt.
File: 2-the-practice-of-reproducilble-research.pdf Graphic file (type pdf)

<use 2-the-practice-of-reproducilble-research.pdf, page 133>
Package pdftex.def Info: 2-the-practice-of-reproducilble-research.pdf, page133 
used on input line 176.
(pdftex.def)             Requested size: 597.53374pt x 845.08348pt.
 [263 <./2-the-practice-of-reproducilble-research.pdf>]
<2-the-practice-of-reproducilble-research.pdf, id=1899, page=134, 597.50786pt x
 845.04686pt>
File: 2-the-practice-of-reproducilble-research.pdf Graphic file (type pdf)
 <use 2-the-practice-of-reproducilble-research.pdf, page 134>
Package pdftex.def Info: 2-the-practice-of-reproducilble-research.pdf, page134 
used on input line 176.
(pdftex.def)             Requested size: 597.53374pt x 845.08348pt.
File: 2-the-practice-of-reproducilble-research.pdf Graphic file (type pdf)

<use 2-the-practice-of-reproducilble-research.pdf, page 134>
Package pdftex.def Info: 2-the-practice-of-reproducilble-research.pdf, page134 
used on input line 176.
(pdftex.def)             Requested size: 597.53374pt x 845.08348pt.
File: 2-the-practice-of-reproducilble-research.pdf Graphic file (type pdf)

<use 2-the-practice-of-reproducilble-research.pdf, page 134>
Package pdftex.def Info: 2-the-practice-of-reproducilble-research.pdf, page134 
used on input line 176.
(pdftex.def)             Requested size: 597.53374pt x 845.08348pt.
 [264 <./2-the-practice-of-reproducilble-research.pdf>]
<2-the-practice-of-reproducilble-research.pdf, id=1906, page=135, 597.50786pt x
 845.04686pt>
File: 2-the-practice-of-reproducilble-research.pdf Graphic file (type pdf)
 <use 2-the-practice-of-reproducilble-research.pdf, page 135>
Package pdftex.def Info: 2-the-practice-of-reproducilble-research.pdf, page135 
used on input line 176.
(pdftex.def)             Requested size: 597.53374pt x 845.08348pt.
File: 2-the-practice-of-reproducilble-research.pdf Graphic file (type pdf)

<use 2-the-practice-of-reproducilble-research.pdf, page 135>
Package pdftex.def Info: 2-the-practice-of-reproducilble-research.pdf, page135 
used on input line 176.
(pdftex.def)             Requested size: 597.53374pt x 845.08348pt.
File: 2-the-practice-of-reproducilble-research.pdf Graphic file (type pdf)

<use 2-the-practice-of-reproducilble-research.pdf, page 135>
Package pdftex.def Info: 2-the-practice-of-reproducilble-research.pdf, page135 
used on input line 176.
(pdftex.def)             Requested size: 597.53374pt x 845.08348pt.
 [265 <./2-the-practice-of-reproducilble-research.pdf>]
<2-the-practice-of-reproducilble-research.pdf, id=1912, page=136, 597.50786pt x
 845.04686pt>
File: 2-the-practice-of-reproducilble-research.pdf Graphic file (type pdf)
 <use 2-the-practice-of-reproducilble-research.pdf, page 136>
Package pdftex.def Info: 2-the-practice-of-reproducilble-research.pdf, page136 
used on input line 176.
(pdftex.def)             Requested size: 597.53374pt x 845.08348pt.
File: 2-the-practice-of-reproducilble-research.pdf Graphic file (type pdf)

<use 2-the-practice-of-reproducilble-research.pdf, page 136>
Package pdftex.def Info: 2-the-practice-of-reproducilble-research.pdf, page136 
used on input line 176.
(pdftex.def)             Requested size: 597.53374pt x 845.08348pt.
File: 2-the-practice-of-reproducilble-research.pdf Graphic file (type pdf)

<use 2-the-practice-of-reproducilble-research.pdf, page 136>
Package pdftex.def Info: 2-the-practice-of-reproducilble-research.pdf, page136 
used on input line 176.
(pdftex.def)             Requested size: 597.53374pt x 845.08348pt.
 [266 <./2-the-practice-of-reproducilble-research.pdf>]
<2-the-practice-of-reproducilble-research.pdf, id=1917, page=137, 597.50786pt x
 845.04686pt>
File: 2-the-practice-of-reproducilble-research.pdf Graphic file (type pdf)
 <use 2-the-practice-of-reproducilble-research.pdf, page 137>
Package pdftex.def Info: 2-the-practice-of-reproducilble-research.pdf, page137 
used on input line 176.
(pdftex.def)             Requested size: 597.53374pt x 845.08348pt.
File: 2-the-practice-of-reproducilble-research.pdf Graphic file (type pdf)

<use 2-the-practice-of-reproducilble-research.pdf, page 137>
Package pdftex.def Info: 2-the-practice-of-reproducilble-research.pdf, page137 
used on input line 176.
(pdftex.def)             Requested size: 597.53374pt x 845.08348pt.
File: 2-the-practice-of-reproducilble-research.pdf Graphic file (type pdf)

<use 2-the-practice-of-reproducilble-research.pdf, page 137>
Package pdftex.def Info: 2-the-practice-of-reproducilble-research.pdf, page137 
used on input line 176.
(pdftex.def)             Requested size: 597.53374pt x 845.08348pt.
 [267 <./2-the-practice-of-reproducilble-research.pdf>]
<2-the-practice-of-reproducilble-research.pdf, id=1922, page=138, 597.50786pt x
 845.04686pt>
File: 2-the-practice-of-reproducilble-research.pdf Graphic file (type pdf)
 <use 2-the-practice-of-reproducilble-research.pdf, page 138>
Package pdftex.def Info: 2-the-practice-of-reproducilble-research.pdf, page138 
used on input line 176.
(pdftex.def)             Requested size: 597.53374pt x 845.08348pt.
File: 2-the-practice-of-reproducilble-research.pdf Graphic file (type pdf)

<use 2-the-practice-of-reproducilble-research.pdf, page 138>
Package pdftex.def Info: 2-the-practice-of-reproducilble-research.pdf, page138 
used on input line 176.
(pdftex.def)             Requested size: 597.53374pt x 845.08348pt.
File: 2-the-practice-of-reproducilble-research.pdf Graphic file (type pdf)

<use 2-the-practice-of-reproducilble-research.pdf, page 138>
Package pdftex.def Info: 2-the-practice-of-reproducilble-research.pdf, page138 
used on input line 176.
(pdftex.def)             Requested size: 597.53374pt x 845.08348pt.
 [268 <./2-the-practice-of-reproducilble-research.pdf>]
<2-the-practice-of-reproducilble-research.pdf, id=1927, page=139, 597.50786pt x
 845.04686pt>
File: 2-the-practice-of-reproducilble-research.pdf Graphic file (type pdf)
 <use 2-the-practice-of-reproducilble-research.pdf, page 139>
Package pdftex.def Info: 2-the-practice-of-reproducilble-research.pdf, page139 
used on input line 176.
(pdftex.def)             Requested size: 597.53374pt x 845.08348pt.
File: 2-the-practice-of-reproducilble-research.pdf Graphic file (type pdf)

<use 2-the-practice-of-reproducilble-research.pdf, page 139>
Package pdftex.def Info: 2-the-practice-of-reproducilble-research.pdf, page139 
used on input line 176.
(pdftex.def)             Requested size: 597.53374pt x 845.08348pt.
File: 2-the-practice-of-reproducilble-research.pdf Graphic file (type pdf)

<use 2-the-practice-of-reproducilble-research.pdf, page 139>
Package pdftex.def Info: 2-the-practice-of-reproducilble-research.pdf, page139 
used on input line 176.
(pdftex.def)             Requested size: 597.53374pt x 845.08348pt.
 [269 <./2-the-practice-of-reproducilble-research.pdf>]
<2-the-practice-of-reproducilble-research.pdf, id=1932, page=140, 597.50786pt x
 845.04686pt>
File: 2-the-practice-of-reproducilble-research.pdf Graphic file (type pdf)
 <use 2-the-practice-of-reproducilble-research.pdf, page 140>
Package pdftex.def Info: 2-the-practice-of-reproducilble-research.pdf, page140 
used on input line 176.
(pdftex.def)             Requested size: 597.53374pt x 845.08348pt.
File: 2-the-practice-of-reproducilble-research.pdf Graphic file (type pdf)

<use 2-the-practice-of-reproducilble-research.pdf, page 140>
Package pdftex.def Info: 2-the-practice-of-reproducilble-research.pdf, page140 
used on input line 176.
(pdftex.def)             Requested size: 597.53374pt x 845.08348pt.
File: 2-the-practice-of-reproducilble-research.pdf Graphic file (type pdf)

<use 2-the-practice-of-reproducilble-research.pdf, page 140>
Package pdftex.def Info: 2-the-practice-of-reproducilble-research.pdf, page140 
used on input line 176.
(pdftex.def)             Requested size: 597.53374pt x 845.08348pt.
 [270 <./2-the-practice-of-reproducilble-research.pdf>]
<2-the-practice-of-reproducilble-research.pdf, id=1937, page=141, 597.50786pt x
 845.04686pt>
File: 2-the-practice-of-reproducilble-research.pdf Graphic file (type pdf)
 <use 2-the-practice-of-reproducilble-research.pdf, page 141>
Package pdftex.def Info: 2-the-practice-of-reproducilble-research.pdf, page141 
used on input line 176.
(pdftex.def)             Requested size: 597.53374pt x 845.08348pt.
File: 2-the-practice-of-reproducilble-research.pdf Graphic file (type pdf)

<use 2-the-practice-of-reproducilble-research.pdf, page 141>
Package pdftex.def Info: 2-the-practice-of-reproducilble-research.pdf, page141 
used on input line 176.
(pdftex.def)             Requested size: 597.53374pt x 845.08348pt.
File: 2-the-practice-of-reproducilble-research.pdf Graphic file (type pdf)

<use 2-the-practice-of-reproducilble-research.pdf, page 141>
Package pdftex.def Info: 2-the-practice-of-reproducilble-research.pdf, page141 
used on input line 176.
(pdftex.def)             Requested size: 597.53374pt x 845.08348pt.
 [271 <./2-the-practice-of-reproducilble-research.pdf>]
<2-the-practice-of-reproducilble-research.pdf, id=1945, page=142, 597.50786pt x
 845.04686pt>
File: 2-the-practice-of-reproducilble-research.pdf Graphic file (type pdf)
 <use 2-the-practice-of-reproducilble-research.pdf, page 142>
Package pdftex.def Info: 2-the-practice-of-reproducilble-research.pdf, page142 
used on input line 176.
(pdftex.def)             Requested size: 597.53374pt x 845.08348pt.
File: 2-the-practice-of-reproducilble-research.pdf Graphic file (type pdf)

<use 2-the-practice-of-reproducilble-research.pdf, page 142>
Package pdftex.def Info: 2-the-practice-of-reproducilble-research.pdf, page142 
used on input line 176.
(pdftex.def)             Requested size: 597.53374pt x 845.08348pt.
File: 2-the-practice-of-reproducilble-research.pdf Graphic file (type pdf)

<use 2-the-practice-of-reproducilble-research.pdf, page 142>
Package pdftex.def Info: 2-the-practice-of-reproducilble-research.pdf, page142 
used on input line 176.
(pdftex.def)             Requested size: 597.53374pt x 845.08348pt.
 [272 <./2-the-practice-of-reproducilble-research.pdf>]
<2-the-practice-of-reproducilble-research.pdf, id=1950, page=143, 597.50786pt x
 845.04686pt>
File: 2-the-practice-of-reproducilble-research.pdf Graphic file (type pdf)
 <use 2-the-practice-of-reproducilble-research.pdf, page 143>
Package pdftex.def Info: 2-the-practice-of-reproducilble-research.pdf, page143 
used on input line 176.
(pdftex.def)             Requested size: 597.53374pt x 845.08348pt.
File: 2-the-practice-of-reproducilble-research.pdf Graphic file (type pdf)

<use 2-the-practice-of-reproducilble-research.pdf, page 143>
Package pdftex.def Info: 2-the-practice-of-reproducilble-research.pdf, page143 
used on input line 176.
(pdftex.def)             Requested size: 597.53374pt x 845.08348pt.
File: 2-the-practice-of-reproducilble-research.pdf Graphic file (type pdf)

<use 2-the-practice-of-reproducilble-research.pdf, page 143>
Package pdftex.def Info: 2-the-practice-of-reproducilble-research.pdf, page143 
used on input line 176.
(pdftex.def)             Requested size: 597.53374pt x 845.08348pt.
 [273 <./2-the-practice-of-reproducilble-research.pdf>]
<2-the-practice-of-reproducilble-research.pdf, id=1955, page=144, 597.50786pt x
 845.04686pt>
File: 2-the-practice-of-reproducilble-research.pdf Graphic file (type pdf)
 <use 2-the-practice-of-reproducilble-research.pdf, page 144>
Package pdftex.def Info: 2-the-practice-of-reproducilble-research.pdf, page144 
used on input line 176.
(pdftex.def)             Requested size: 597.53374pt x 845.08348pt.
File: 2-the-practice-of-reproducilble-research.pdf Graphic file (type pdf)

<use 2-the-practice-of-reproducilble-research.pdf, page 144>
Package pdftex.def Info: 2-the-practice-of-reproducilble-research.pdf, page144 
used on input line 176.
(pdftex.def)             Requested size: 597.53374pt x 845.08348pt.
File: 2-the-practice-of-reproducilble-research.pdf Graphic file (type pdf)

<use 2-the-practice-of-reproducilble-research.pdf, page 144>
Package pdftex.def Info: 2-the-practice-of-reproducilble-research.pdf, page144 
used on input line 176.
(pdftex.def)             Requested size: 597.53374pt x 845.08348pt.
 [274 <./2-the-practice-of-reproducilble-research.pdf>]
<2-the-practice-of-reproducilble-research.pdf, id=1960, page=145, 597.50786pt x
 845.04686pt>
File: 2-the-practice-of-reproducilble-research.pdf Graphic file (type pdf)
 <use 2-the-practice-of-reproducilble-research.pdf, page 145>
Package pdftex.def Info: 2-the-practice-of-reproducilble-research.pdf, page145 
used on input line 176.
(pdftex.def)             Requested size: 597.53374pt x 845.08348pt.
File: 2-the-practice-of-reproducilble-research.pdf Graphic file (type pdf)

<use 2-the-practice-of-reproducilble-research.pdf, page 145>
Package pdftex.def Info: 2-the-practice-of-reproducilble-research.pdf, page145 
used on input line 176.
(pdftex.def)             Requested size: 597.53374pt x 845.08348pt.
File: 2-the-practice-of-reproducilble-research.pdf Graphic file (type pdf)

<use 2-the-practice-of-reproducilble-research.pdf, page 145>
Package pdftex.def Info: 2-the-practice-of-reproducilble-research.pdf, page145 
used on input line 176.
(pdftex.def)             Requested size: 597.53374pt x 845.08348pt.
 [275 <./2-the-practice-of-reproducilble-research.pdf>]
<2-the-practice-of-reproducilble-research.pdf, id=1966, page=146, 597.50786pt x
 845.04686pt>
File: 2-the-practice-of-reproducilble-research.pdf Graphic file (type pdf)
 <use 2-the-practice-of-reproducilble-research.pdf, page 146>
Package pdftex.def Info: 2-the-practice-of-reproducilble-research.pdf, page146 
used on input line 176.
(pdftex.def)             Requested size: 597.53374pt x 845.08348pt.
File: 2-the-practice-of-reproducilble-research.pdf Graphic file (type pdf)

<use 2-the-practice-of-reproducilble-research.pdf, page 146>
Package pdftex.def Info: 2-the-practice-of-reproducilble-research.pdf, page146 
used on input line 176.
(pdftex.def)             Requested size: 597.53374pt x 845.08348pt.
File: 2-the-practice-of-reproducilble-research.pdf Graphic file (type pdf)

<use 2-the-practice-of-reproducilble-research.pdf, page 146>
Package pdftex.def Info: 2-the-practice-of-reproducilble-research.pdf, page146 
used on input line 176.
(pdftex.def)             Requested size: 597.53374pt x 845.08348pt.
 [276 <./2-the-practice-of-reproducilble-research.pdf>]
<2-the-practice-of-reproducilble-research.pdf, id=1971, page=147, 597.50786pt x
 845.04686pt>
File: 2-the-practice-of-reproducilble-research.pdf Graphic file (type pdf)
 <use 2-the-practice-of-reproducilble-research.pdf, page 147>
Package pdftex.def Info: 2-the-practice-of-reproducilble-research.pdf, page147 
used on input line 176.
(pdftex.def)             Requested size: 597.53374pt x 845.08348pt.
File: 2-the-practice-of-reproducilble-research.pdf Graphic file (type pdf)

<use 2-the-practice-of-reproducilble-research.pdf, page 147>
Package pdftex.def Info: 2-the-practice-of-reproducilble-research.pdf, page147 
used on input line 176.
(pdftex.def)             Requested size: 597.53374pt x 845.08348pt.
File: 2-the-practice-of-reproducilble-research.pdf Graphic file (type pdf)

<use 2-the-practice-of-reproducilble-research.pdf, page 147>
Package pdftex.def Info: 2-the-practice-of-reproducilble-research.pdf, page147 
used on input line 176.
(pdftex.def)             Requested size: 597.53374pt x 845.08348pt.
 [277 <./2-the-practice-of-reproducilble-research.pdf>]
<2-the-practice-of-reproducilble-research.pdf, id=1977, page=148, 597.50786pt x
 845.04686pt>
File: 2-the-practice-of-reproducilble-research.pdf Graphic file (type pdf)
 <use 2-the-practice-of-reproducilble-research.pdf, page 148>
Package pdftex.def Info: 2-the-practice-of-reproducilble-research.pdf, page148 
used on input line 176.
(pdftex.def)             Requested size: 597.53374pt x 845.08348pt.
File: 2-the-practice-of-reproducilble-research.pdf Graphic file (type pdf)

<use 2-the-practice-of-reproducilble-research.pdf, page 148>
Package pdftex.def Info: 2-the-practice-of-reproducilble-research.pdf, page148 
used on input line 176.
(pdftex.def)             Requested size: 597.53374pt x 845.08348pt.
File: 2-the-practice-of-reproducilble-research.pdf Graphic file (type pdf)

<use 2-the-practice-of-reproducilble-research.pdf, page 148>
Package pdftex.def Info: 2-the-practice-of-reproducilble-research.pdf, page148 
used on input line 176.
(pdftex.def)             Requested size: 597.53374pt x 845.08348pt.
 [278 <./2-the-practice-of-reproducilble-research.pdf>]
<2-the-practice-of-reproducilble-research.pdf, id=1982, page=149, 597.50786pt x
 845.04686pt>
File: 2-the-practice-of-reproducilble-research.pdf Graphic file (type pdf)
 <use 2-the-practice-of-reproducilble-research.pdf, page 149>
Package pdftex.def Info: 2-the-practice-of-reproducilble-research.pdf, page149 
used on input line 176.
(pdftex.def)             Requested size: 597.53374pt x 845.08348pt.
File: 2-the-practice-of-reproducilble-research.pdf Graphic file (type pdf)

<use 2-the-practice-of-reproducilble-research.pdf, page 149>
Package pdftex.def Info: 2-the-practice-of-reproducilble-research.pdf, page149 
used on input line 176.
(pdftex.def)             Requested size: 597.53374pt x 845.08348pt.
File: 2-the-practice-of-reproducilble-research.pdf Graphic file (type pdf)

<use 2-the-practice-of-reproducilble-research.pdf, page 149>
Package pdftex.def Info: 2-the-practice-of-reproducilble-research.pdf, page149 
used on input line 176.
(pdftex.def)             Requested size: 597.53374pt x 845.08348pt.
 [279 <./2-the-practice-of-reproducilble-research.pdf>]
<2-the-practice-of-reproducilble-research.pdf, id=1987, page=150, 597.50786pt x
 845.04686pt>
File: 2-the-practice-of-reproducilble-research.pdf Graphic file (type pdf)
 <use 2-the-practice-of-reproducilble-research.pdf, page 150>
Package pdftex.def Info: 2-the-practice-of-reproducilble-research.pdf, page150 
used on input line 176.
(pdftex.def)             Requested size: 597.53374pt x 845.08348pt.
File: 2-the-practice-of-reproducilble-research.pdf Graphic file (type pdf)

<use 2-the-practice-of-reproducilble-research.pdf, page 150>
Package pdftex.def Info: 2-the-practice-of-reproducilble-research.pdf, page150 
used on input line 176.
(pdftex.def)             Requested size: 597.53374pt x 845.08348pt.
File: 2-the-practice-of-reproducilble-research.pdf Graphic file (type pdf)

<use 2-the-practice-of-reproducilble-research.pdf, page 150>
Package pdftex.def Info: 2-the-practice-of-reproducilble-research.pdf, page150 
used on input line 176.
(pdftex.def)             Requested size: 597.53374pt x 845.08348pt.
 [280 <./2-the-practice-of-reproducilble-research.pdf>]
<2-the-practice-of-reproducilble-research.pdf, id=1994, page=151, 597.50786pt x
 845.04686pt>
File: 2-the-practice-of-reproducilble-research.pdf Graphic file (type pdf)
 <use 2-the-practice-of-reproducilble-research.pdf, page 151>
Package pdftex.def Info: 2-the-practice-of-reproducilble-research.pdf, page151 
used on input line 176.
(pdftex.def)             Requested size: 597.53374pt x 845.08348pt.
File: 2-the-practice-of-reproducilble-research.pdf Graphic file (type pdf)

<use 2-the-practice-of-reproducilble-research.pdf, page 151>
Package pdftex.def Info: 2-the-practice-of-reproducilble-research.pdf, page151 
used on input line 176.
(pdftex.def)             Requested size: 597.53374pt x 845.08348pt.
File: 2-the-practice-of-reproducilble-research.pdf Graphic file (type pdf)

<use 2-the-practice-of-reproducilble-research.pdf, page 151>
Package pdftex.def Info: 2-the-practice-of-reproducilble-research.pdf, page151 
used on input line 176.
(pdftex.def)             Requested size: 597.53374pt x 845.08348pt.
 [281 <./2-the-practice-of-reproducilble-research.pdf>]
<2-the-practice-of-reproducilble-research.pdf, id=1999, page=152, 597.50786pt x
 845.04686pt>
File: 2-the-practice-of-reproducilble-research.pdf Graphic file (type pdf)
 <use 2-the-practice-of-reproducilble-research.pdf, page 152>
Package pdftex.def Info: 2-the-practice-of-reproducilble-research.pdf, page152 
used on input line 176.
(pdftex.def)             Requested size: 597.53374pt x 845.08348pt.
File: 2-the-practice-of-reproducilble-research.pdf Graphic file (type pdf)

<use 2-the-practice-of-reproducilble-research.pdf, page 152>
Package pdftex.def Info: 2-the-practice-of-reproducilble-research.pdf, page152 
used on input line 176.
(pdftex.def)             Requested size: 597.53374pt x 845.08348pt.
File: 2-the-practice-of-reproducilble-research.pdf Graphic file (type pdf)

<use 2-the-practice-of-reproducilble-research.pdf, page 152>
Package pdftex.def Info: 2-the-practice-of-reproducilble-research.pdf, page152 
used on input line 176.
(pdftex.def)             Requested size: 597.53374pt x 845.08348pt.
 [282 <./2-the-practice-of-reproducilble-research.pdf>]
<2-the-practice-of-reproducilble-research.pdf, id=2004, page=153, 597.50786pt x
 845.04686pt>
File: 2-the-practice-of-reproducilble-research.pdf Graphic file (type pdf)
 <use 2-the-practice-of-reproducilble-research.pdf, page 153>
Package pdftex.def Info: 2-the-practice-of-reproducilble-research.pdf, page153 
used on input line 176.
(pdftex.def)             Requested size: 597.53374pt x 845.08348pt.
File: 2-the-practice-of-reproducilble-research.pdf Graphic file (type pdf)

<use 2-the-practice-of-reproducilble-research.pdf, page 153>
Package pdftex.def Info: 2-the-practice-of-reproducilble-research.pdf, page153 
used on input line 176.
(pdftex.def)             Requested size: 597.53374pt x 845.08348pt.
File: 2-the-practice-of-reproducilble-research.pdf Graphic file (type pdf)

<use 2-the-practice-of-reproducilble-research.pdf, page 153>
Package pdftex.def Info: 2-the-practice-of-reproducilble-research.pdf, page153 
used on input line 176.
(pdftex.def)             Requested size: 597.53374pt x 845.08348pt.
 [283 <./2-the-practice-of-reproducilble-research.pdf>]
<2-the-practice-of-reproducilble-research.pdf, id=2010, page=154, 597.50786pt x
 845.04686pt>
File: 2-the-practice-of-reproducilble-research.pdf Graphic file (type pdf)
 <use 2-the-practice-of-reproducilble-research.pdf, page 154>
Package pdftex.def Info: 2-the-practice-of-reproducilble-research.pdf, page154 
used on input line 176.
(pdftex.def)             Requested size: 597.53374pt x 845.08348pt.
File: 2-the-practice-of-reproducilble-research.pdf Graphic file (type pdf)

<use 2-the-practice-of-reproducilble-research.pdf, page 154>
Package pdftex.def Info: 2-the-practice-of-reproducilble-research.pdf, page154 
used on input line 176.
(pdftex.def)             Requested size: 597.53374pt x 845.08348pt.
File: 2-the-practice-of-reproducilble-research.pdf Graphic file (type pdf)

<use 2-the-practice-of-reproducilble-research.pdf, page 154>
Package pdftex.def Info: 2-the-practice-of-reproducilble-research.pdf, page154 
used on input line 176.
(pdftex.def)             Requested size: 597.53374pt x 845.08348pt.
 [284 <./2-the-practice-of-reproducilble-research.pdf>]
<2-the-practice-of-reproducilble-research.pdf, id=2017, page=155, 597.50786pt x
 845.04686pt>
File: 2-the-practice-of-reproducilble-research.pdf Graphic file (type pdf)
 <use 2-the-practice-of-reproducilble-research.pdf, page 155>
Package pdftex.def Info: 2-the-practice-of-reproducilble-research.pdf, page155 
used on input line 176.
(pdftex.def)             Requested size: 597.53374pt x 845.08348pt.
File: 2-the-practice-of-reproducilble-research.pdf Graphic file (type pdf)

<use 2-the-practice-of-reproducilble-research.pdf, page 155>
Package pdftex.def Info: 2-the-practice-of-reproducilble-research.pdf, page155 
used on input line 176.
(pdftex.def)             Requested size: 597.53374pt x 845.08348pt.
File: 2-the-practice-of-reproducilble-research.pdf Graphic file (type pdf)

<use 2-the-practice-of-reproducilble-research.pdf, page 155>
Package pdftex.def Info: 2-the-practice-of-reproducilble-research.pdf, page155 
used on input line 176.
(pdftex.def)             Requested size: 597.53374pt x 845.08348pt.
 [285 <./2-the-practice-of-reproducilble-research.pdf>]
<2-the-practice-of-reproducilble-research.pdf, id=2022, page=156, 597.50786pt x
 845.04686pt>
File: 2-the-practice-of-reproducilble-research.pdf Graphic file (type pdf)
 <use 2-the-practice-of-reproducilble-research.pdf, page 156>
Package pdftex.def Info: 2-the-practice-of-reproducilble-research.pdf, page156 
used on input line 176.
(pdftex.def)             Requested size: 597.53374pt x 845.08348pt.
File: 2-the-practice-of-reproducilble-research.pdf Graphic file (type pdf)

<use 2-the-practice-of-reproducilble-research.pdf, page 156>
Package pdftex.def Info: 2-the-practice-of-reproducilble-research.pdf, page156 
used on input line 176.
(pdftex.def)             Requested size: 597.53374pt x 845.08348pt.
File: 2-the-practice-of-reproducilble-research.pdf Graphic file (type pdf)

<use 2-the-practice-of-reproducilble-research.pdf, page 156>
Package pdftex.def Info: 2-the-practice-of-reproducilble-research.pdf, page156 
used on input line 176.
(pdftex.def)             Requested size: 597.53374pt x 845.08348pt.
 [286 <./2-the-practice-of-reproducilble-research.pdf>]
<2-the-practice-of-reproducilble-research.pdf, id=2027, page=157, 597.50786pt x
 845.04686pt>
File: 2-the-practice-of-reproducilble-research.pdf Graphic file (type pdf)
 <use 2-the-practice-of-reproducilble-research.pdf, page 157>
Package pdftex.def Info: 2-the-practice-of-reproducilble-research.pdf, page157 
used on input line 176.
(pdftex.def)             Requested size: 597.53374pt x 845.08348pt.
File: 2-the-practice-of-reproducilble-research.pdf Graphic file (type pdf)

<use 2-the-practice-of-reproducilble-research.pdf, page 157>
Package pdftex.def Info: 2-the-practice-of-reproducilble-research.pdf, page157 
used on input line 176.
(pdftex.def)             Requested size: 597.53374pt x 845.08348pt.
File: 2-the-practice-of-reproducilble-research.pdf Graphic file (type pdf)

<use 2-the-practice-of-reproducilble-research.pdf, page 157>
Package pdftex.def Info: 2-the-practice-of-reproducilble-research.pdf, page157 
used on input line 176.
(pdftex.def)             Requested size: 597.53374pt x 845.08348pt.
 [287 <./2-the-practice-of-reproducilble-research.pdf>]
<2-the-practice-of-reproducilble-research.pdf, id=2032, page=158, 597.50786pt x
 845.04686pt>
File: 2-the-practice-of-reproducilble-research.pdf Graphic file (type pdf)
 <use 2-the-practice-of-reproducilble-research.pdf, page 158>
Package pdftex.def Info: 2-the-practice-of-reproducilble-research.pdf, page158 
used on input line 176.
(pdftex.def)             Requested size: 597.53374pt x 845.08348pt.
File: 2-the-practice-of-reproducilble-research.pdf Graphic file (type pdf)

<use 2-the-practice-of-reproducilble-research.pdf, page 158>
Package pdftex.def Info: 2-the-practice-of-reproducilble-research.pdf, page158 
used on input line 176.
(pdftex.def)             Requested size: 597.53374pt x 845.08348pt.
File: 2-the-practice-of-reproducilble-research.pdf Graphic file (type pdf)

<use 2-the-practice-of-reproducilble-research.pdf, page 158>
Package pdftex.def Info: 2-the-practice-of-reproducilble-research.pdf, page158 
used on input line 176.
(pdftex.def)             Requested size: 597.53374pt x 845.08348pt.
 [288 <./2-the-practice-of-reproducilble-research.pdf>]
<2-the-practice-of-reproducilble-research.pdf, id=2037, page=159, 597.50786pt x
 845.04686pt>
File: 2-the-practice-of-reproducilble-research.pdf Graphic file (type pdf)
 <use 2-the-practice-of-reproducilble-research.pdf, page 159>
Package pdftex.def Info: 2-the-practice-of-reproducilble-research.pdf, page159 
used on input line 176.
(pdftex.def)             Requested size: 597.53374pt x 845.08348pt.
File: 2-the-practice-of-reproducilble-research.pdf Graphic file (type pdf)

<use 2-the-practice-of-reproducilble-research.pdf, page 159>
Package pdftex.def Info: 2-the-practice-of-reproducilble-research.pdf, page159 
used on input line 176.
(pdftex.def)             Requested size: 597.53374pt x 845.08348pt.
File: 2-the-practice-of-reproducilble-research.pdf Graphic file (type pdf)

<use 2-the-practice-of-reproducilble-research.pdf, page 159>
Package pdftex.def Info: 2-the-practice-of-reproducilble-research.pdf, page159 
used on input line 176.
(pdftex.def)             Requested size: 597.53374pt x 845.08348pt.
 [289 <./2-the-practice-of-reproducilble-research.pdf>]
<2-the-practice-of-reproducilble-research.pdf, id=2044, page=160, 597.50786pt x
 845.04686pt>
File: 2-the-practice-of-reproducilble-research.pdf Graphic file (type pdf)
 <use 2-the-practice-of-reproducilble-research.pdf, page 160>
Package pdftex.def Info: 2-the-practice-of-reproducilble-research.pdf, page160 
used on input line 176.
(pdftex.def)             Requested size: 597.53374pt x 845.08348pt.
File: 2-the-practice-of-reproducilble-research.pdf Graphic file (type pdf)

<use 2-the-practice-of-reproducilble-research.pdf, page 160>
Package pdftex.def Info: 2-the-practice-of-reproducilble-research.pdf, page160 
used on input line 176.
(pdftex.def)             Requested size: 597.53374pt x 845.08348pt.
File: 2-the-practice-of-reproducilble-research.pdf Graphic file (type pdf)

<use 2-the-practice-of-reproducilble-research.pdf, page 160>
Package pdftex.def Info: 2-the-practice-of-reproducilble-research.pdf, page160 
used on input line 176.
(pdftex.def)             Requested size: 597.53374pt x 845.08348pt.
 [290 <./2-the-practice-of-reproducilble-research.pdf>]
<2-the-practice-of-reproducilble-research.pdf, id=2049, page=161, 597.50786pt x
 845.04686pt>
File: 2-the-practice-of-reproducilble-research.pdf Graphic file (type pdf)
 <use 2-the-practice-of-reproducilble-research.pdf, page 161>
Package pdftex.def Info: 2-the-practice-of-reproducilble-research.pdf, page161 
used on input line 176.
(pdftex.def)             Requested size: 597.53374pt x 845.08348pt.
File: 2-the-practice-of-reproducilble-research.pdf Graphic file (type pdf)

<use 2-the-practice-of-reproducilble-research.pdf, page 161>
Package pdftex.def Info: 2-the-practice-of-reproducilble-research.pdf, page161 
used on input line 176.
(pdftex.def)             Requested size: 597.53374pt x 845.08348pt.
File: 2-the-practice-of-reproducilble-research.pdf Graphic file (type pdf)

<use 2-the-practice-of-reproducilble-research.pdf, page 161>
Package pdftex.def Info: 2-the-practice-of-reproducilble-research.pdf, page161 
used on input line 176.
(pdftex.def)             Requested size: 597.53374pt x 845.08348pt.
 [291 <./2-the-practice-of-reproducilble-research.pdf>]
<2-the-practice-of-reproducilble-research.pdf, id=2054, page=162, 597.50786pt x
 845.04686pt>
File: 2-the-practice-of-reproducilble-research.pdf Graphic file (type pdf)
 <use 2-the-practice-of-reproducilble-research.pdf, page 162>
Package pdftex.def Info: 2-the-practice-of-reproducilble-research.pdf, page162 
used on input line 176.
(pdftex.def)             Requested size: 597.53374pt x 845.08348pt.
File: 2-the-practice-of-reproducilble-research.pdf Graphic file (type pdf)

<use 2-the-practice-of-reproducilble-research.pdf, page 162>
Package pdftex.def Info: 2-the-practice-of-reproducilble-research.pdf, page162 
used on input line 176.
(pdftex.def)             Requested size: 597.53374pt x 845.08348pt.
File: 2-the-practice-of-reproducilble-research.pdf Graphic file (type pdf)

<use 2-the-practice-of-reproducilble-research.pdf, page 162>
Package pdftex.def Info: 2-the-practice-of-reproducilble-research.pdf, page162 
used on input line 176.
(pdftex.def)             Requested size: 597.53374pt x 845.08348pt.
 [292 <./2-the-practice-of-reproducilble-research.pdf>]
<2-the-practice-of-reproducilble-research.pdf, id=2059, page=163, 597.50786pt x
 845.04686pt>
File: 2-the-practice-of-reproducilble-research.pdf Graphic file (type pdf)
 <use 2-the-practice-of-reproducilble-research.pdf, page 163>
Package pdftex.def Info: 2-the-practice-of-reproducilble-research.pdf, page163 
used on input line 176.
(pdftex.def)             Requested size: 597.53374pt x 845.08348pt.
File: 2-the-practice-of-reproducilble-research.pdf Graphic file (type pdf)

<use 2-the-practice-of-reproducilble-research.pdf, page 163>
Package pdftex.def Info: 2-the-practice-of-reproducilble-research.pdf, page163 
used on input line 176.
(pdftex.def)             Requested size: 597.53374pt x 845.08348pt.
File: 2-the-practice-of-reproducilble-research.pdf Graphic file (type pdf)

<use 2-the-practice-of-reproducilble-research.pdf, page 163>
Package pdftex.def Info: 2-the-practice-of-reproducilble-research.pdf, page163 
used on input line 176.
(pdftex.def)             Requested size: 597.53374pt x 845.08348pt.
 [293 <./2-the-practice-of-reproducilble-research.pdf>]
<2-the-practice-of-reproducilble-research.pdf, id=2064, page=164, 597.50786pt x
 845.04686pt>
File: 2-the-practice-of-reproducilble-research.pdf Graphic file (type pdf)
 <use 2-the-practice-of-reproducilble-research.pdf, page 164>
Package pdftex.def Info: 2-the-practice-of-reproducilble-research.pdf, page164 
used on input line 176.
(pdftex.def)             Requested size: 597.53374pt x 845.08348pt.
File: 2-the-practice-of-reproducilble-research.pdf Graphic file (type pdf)

<use 2-the-practice-of-reproducilble-research.pdf, page 164>
Package pdftex.def Info: 2-the-practice-of-reproducilble-research.pdf, page164 
used on input line 176.
(pdftex.def)             Requested size: 597.53374pt x 845.08348pt.
File: 2-the-practice-of-reproducilble-research.pdf Graphic file (type pdf)

<use 2-the-practice-of-reproducilble-research.pdf, page 164>
Package pdftex.def Info: 2-the-practice-of-reproducilble-research.pdf, page164 
used on input line 176.
(pdftex.def)             Requested size: 597.53374pt x 845.08348pt.
 [294 <./2-the-practice-of-reproducilble-research.pdf>]
<2-the-practice-of-reproducilble-research.pdf, id=2069, page=165, 597.50786pt x
 845.04686pt>
File: 2-the-practice-of-reproducilble-research.pdf Graphic file (type pdf)
 <use 2-the-practice-of-reproducilble-research.pdf, page 165>
Package pdftex.def Info: 2-the-practice-of-reproducilble-research.pdf, page165 
used on input line 176.
(pdftex.def)             Requested size: 597.53374pt x 845.08348pt.
File: 2-the-practice-of-reproducilble-research.pdf Graphic file (type pdf)

<use 2-the-practice-of-reproducilble-research.pdf, page 165>
Package pdftex.def Info: 2-the-practice-of-reproducilble-research.pdf, page165 
used on input line 176.
(pdftex.def)             Requested size: 597.53374pt x 845.08348pt.
File: 2-the-practice-of-reproducilble-research.pdf Graphic file (type pdf)

<use 2-the-practice-of-reproducilble-research.pdf, page 165>
Package pdftex.def Info: 2-the-practice-of-reproducilble-research.pdf, page165 
used on input line 176.
(pdftex.def)             Requested size: 597.53374pt x 845.08348pt.
 [295 <./2-the-practice-of-reproducilble-research.pdf>]
<2-the-practice-of-reproducilble-research.pdf, id=2075, page=166, 597.50786pt x
 845.04686pt>
File: 2-the-practice-of-reproducilble-research.pdf Graphic file (type pdf)
 <use 2-the-practice-of-reproducilble-research.pdf, page 166>
Package pdftex.def Info: 2-the-practice-of-reproducilble-research.pdf, page166 
used on input line 176.
(pdftex.def)             Requested size: 597.53374pt x 845.08348pt.
File: 2-the-practice-of-reproducilble-research.pdf Graphic file (type pdf)

<use 2-the-practice-of-reproducilble-research.pdf, page 166>
Package pdftex.def Info: 2-the-practice-of-reproducilble-research.pdf, page166 
used on input line 176.
(pdftex.def)             Requested size: 597.53374pt x 845.08348pt.
File: 2-the-practice-of-reproducilble-research.pdf Graphic file (type pdf)

<use 2-the-practice-of-reproducilble-research.pdf, page 166>
Package pdftex.def Info: 2-the-practice-of-reproducilble-research.pdf, page166 
used on input line 176.
(pdftex.def)             Requested size: 597.53374pt x 845.08348pt.
 [296 <./2-the-practice-of-reproducilble-research.pdf>]
<2-the-practice-of-reproducilble-research.pdf, id=2082, page=167, 597.50786pt x
 845.04686pt>
File: 2-the-practice-of-reproducilble-research.pdf Graphic file (type pdf)
 <use 2-the-practice-of-reproducilble-research.pdf, page 167>
Package pdftex.def Info: 2-the-practice-of-reproducilble-research.pdf, page167 
used on input line 176.
(pdftex.def)             Requested size: 597.53374pt x 845.08348pt.
File: 2-the-practice-of-reproducilble-research.pdf Graphic file (type pdf)

<use 2-the-practice-of-reproducilble-research.pdf, page 167>
Package pdftex.def Info: 2-the-practice-of-reproducilble-research.pdf, page167 
used on input line 176.
(pdftex.def)             Requested size: 597.53374pt x 845.08348pt.
File: 2-the-practice-of-reproducilble-research.pdf Graphic file (type pdf)

<use 2-the-practice-of-reproducilble-research.pdf, page 167>
Package pdftex.def Info: 2-the-practice-of-reproducilble-research.pdf, page167 
used on input line 176.
(pdftex.def)             Requested size: 597.53374pt x 845.08348pt.
 [297 <./2-the-practice-of-reproducilble-research.pdf>]
<2-the-practice-of-reproducilble-research.pdf, id=2087, page=168, 597.50786pt x
 845.04686pt>
File: 2-the-practice-of-reproducilble-research.pdf Graphic file (type pdf)
 <use 2-the-practice-of-reproducilble-research.pdf, page 168>
Package pdftex.def Info: 2-the-practice-of-reproducilble-research.pdf, page168 
used on input line 176.
(pdftex.def)             Requested size: 597.53374pt x 845.08348pt.
File: 2-the-practice-of-reproducilble-research.pdf Graphic file (type pdf)

<use 2-the-practice-of-reproducilble-research.pdf, page 168>
Package pdftex.def Info: 2-the-practice-of-reproducilble-research.pdf, page168 
used on input line 176.
(pdftex.def)             Requested size: 597.53374pt x 845.08348pt.
File: 2-the-practice-of-reproducilble-research.pdf Graphic file (type pdf)

<use 2-the-practice-of-reproducilble-research.pdf, page 168>
Package pdftex.def Info: 2-the-practice-of-reproducilble-research.pdf, page168 
used on input line 176.
(pdftex.def)             Requested size: 597.53374pt x 845.08348pt.
 [298 <./2-the-practice-of-reproducilble-research.pdf>]
<2-the-practice-of-reproducilble-research.pdf, id=2092, page=169, 597.50786pt x
 845.04686pt>
File: 2-the-practice-of-reproducilble-research.pdf Graphic file (type pdf)
 <use 2-the-practice-of-reproducilble-research.pdf, page 169>
Package pdftex.def Info: 2-the-practice-of-reproducilble-research.pdf, page169 
used on input line 176.
(pdftex.def)             Requested size: 597.53374pt x 845.08348pt.
File: 2-the-practice-of-reproducilble-research.pdf Graphic file (type pdf)

<use 2-the-practice-of-reproducilble-research.pdf, page 169>
Package pdftex.def Info: 2-the-practice-of-reproducilble-research.pdf, page169 
used on input line 176.
(pdftex.def)             Requested size: 597.53374pt x 845.08348pt.
File: 2-the-practice-of-reproducilble-research.pdf Graphic file (type pdf)

<use 2-the-practice-of-reproducilble-research.pdf, page 169>
Package pdftex.def Info: 2-the-practice-of-reproducilble-research.pdf, page169 
used on input line 176.
(pdftex.def)             Requested size: 597.53374pt x 845.08348pt.
 [299 <./2-the-practice-of-reproducilble-research.pdf>]
<2-the-practice-of-reproducilble-research.pdf, id=2097, page=170, 597.50786pt x
 845.04686pt>
File: 2-the-practice-of-reproducilble-research.pdf Graphic file (type pdf)
 <use 2-the-practice-of-reproducilble-research.pdf, page 170>
Package pdftex.def Info: 2-the-practice-of-reproducilble-research.pdf, page170 
used on input line 176.
(pdftex.def)             Requested size: 597.53374pt x 845.08348pt.
File: 2-the-practice-of-reproducilble-research.pdf Graphic file (type pdf)

<use 2-the-practice-of-reproducilble-research.pdf, page 170>
Package pdftex.def Info: 2-the-practice-of-reproducilble-research.pdf, page170 
used on input line 176.
(pdftex.def)             Requested size: 597.53374pt x 845.08348pt.
File: 2-the-practice-of-reproducilble-research.pdf Graphic file (type pdf)

<use 2-the-practice-of-reproducilble-research.pdf, page 170>
Package pdftex.def Info: 2-the-practice-of-reproducilble-research.pdf, page170 
used on input line 176.
(pdftex.def)             Requested size: 597.53374pt x 845.08348pt.
 [300 <./2-the-practice-of-reproducilble-research.pdf>]
<2-the-practice-of-reproducilble-research.pdf, id=2102, page=171, 597.50786pt x
 845.04686pt>
File: 2-the-practice-of-reproducilble-research.pdf Graphic file (type pdf)
 <use 2-the-practice-of-reproducilble-research.pdf, page 171>
Package pdftex.def Info: 2-the-practice-of-reproducilble-research.pdf, page171 
used on input line 176.
(pdftex.def)             Requested size: 597.53374pt x 845.08348pt.
File: 2-the-practice-of-reproducilble-research.pdf Graphic file (type pdf)

<use 2-the-practice-of-reproducilble-research.pdf, page 171>
Package pdftex.def Info: 2-the-practice-of-reproducilble-research.pdf, page171 
used on input line 176.
(pdftex.def)             Requested size: 597.53374pt x 845.08348pt.
File: 2-the-practice-of-reproducilble-research.pdf Graphic file (type pdf)

<use 2-the-practice-of-reproducilble-research.pdf, page 171>
Package pdftex.def Info: 2-the-practice-of-reproducilble-research.pdf, page171 
used on input line 176.
(pdftex.def)             Requested size: 597.53374pt x 845.08348pt.
 [301 <./2-the-practice-of-reproducilble-research.pdf>]
<2-the-practice-of-reproducilble-research.pdf, id=2108, page=172, 597.50786pt x
 845.04686pt>
File: 2-the-practice-of-reproducilble-research.pdf Graphic file (type pdf)
 <use 2-the-practice-of-reproducilble-research.pdf, page 172>
Package pdftex.def Info: 2-the-practice-of-reproducilble-research.pdf, page172 
used on input line 176.
(pdftex.def)             Requested size: 597.53374pt x 845.08348pt.
File: 2-the-practice-of-reproducilble-research.pdf Graphic file (type pdf)

<use 2-the-practice-of-reproducilble-research.pdf, page 172>
Package pdftex.def Info: 2-the-practice-of-reproducilble-research.pdf, page172 
used on input line 176.
(pdftex.def)             Requested size: 597.53374pt x 845.08348pt.
File: 2-the-practice-of-reproducilble-research.pdf Graphic file (type pdf)

<use 2-the-practice-of-reproducilble-research.pdf, page 172>
Package pdftex.def Info: 2-the-practice-of-reproducilble-research.pdf, page172 
used on input line 176.
(pdftex.def)             Requested size: 597.53374pt x 845.08348pt.
 [302 <./2-the-practice-of-reproducilble-research.pdf>]
<2-the-practice-of-reproducilble-research.pdf, id=2113, page=173, 597.50786pt x
 845.04686pt>
File: 2-the-practice-of-reproducilble-research.pdf Graphic file (type pdf)
 <use 2-the-practice-of-reproducilble-research.pdf, page 173>
Package pdftex.def Info: 2-the-practice-of-reproducilble-research.pdf, page173 
used on input line 176.
(pdftex.def)             Requested size: 597.53374pt x 845.08348pt.
File: 2-the-practice-of-reproducilble-research.pdf Graphic file (type pdf)

<use 2-the-practice-of-reproducilble-research.pdf, page 173>
Package pdftex.def Info: 2-the-practice-of-reproducilble-research.pdf, page173 
used on input line 176.
(pdftex.def)             Requested size: 597.53374pt x 845.08348pt.
File: 2-the-practice-of-reproducilble-research.pdf Graphic file (type pdf)

<use 2-the-practice-of-reproducilble-research.pdf, page 173>
Package pdftex.def Info: 2-the-practice-of-reproducilble-research.pdf, page173 
used on input line 176.
(pdftex.def)             Requested size: 597.53374pt x 845.08348pt.
 [303 <./2-the-practice-of-reproducilble-research.pdf>]
<2-the-practice-of-reproducilble-research.pdf, id=2118, page=174, 597.50786pt x
 845.04686pt>
File: 2-the-practice-of-reproducilble-research.pdf Graphic file (type pdf)
 <use 2-the-practice-of-reproducilble-research.pdf, page 174>
Package pdftex.def Info: 2-the-practice-of-reproducilble-research.pdf, page174 
used on input line 176.
(pdftex.def)             Requested size: 597.53374pt x 845.08348pt.
File: 2-the-practice-of-reproducilble-research.pdf Graphic file (type pdf)

<use 2-the-practice-of-reproducilble-research.pdf, page 174>
Package pdftex.def Info: 2-the-practice-of-reproducilble-research.pdf, page174 
used on input line 176.
(pdftex.def)             Requested size: 597.53374pt x 845.08348pt.
File: 2-the-practice-of-reproducilble-research.pdf Graphic file (type pdf)

<use 2-the-practice-of-reproducilble-research.pdf, page 174>
Package pdftex.def Info: 2-the-practice-of-reproducilble-research.pdf, page174 
used on input line 176.
(pdftex.def)             Requested size: 597.53374pt x 845.08348pt.
 [304 <./2-the-practice-of-reproducilble-research.pdf>]
<2-the-practice-of-reproducilble-research.pdf, id=2123, page=175, 597.50786pt x
 845.04686pt>
File: 2-the-practice-of-reproducilble-research.pdf Graphic file (type pdf)
 <use 2-the-practice-of-reproducilble-research.pdf, page 175>
Package pdftex.def Info: 2-the-practice-of-reproducilble-research.pdf, page175 
used on input line 176.
(pdftex.def)             Requested size: 597.53374pt x 845.08348pt.
File: 2-the-practice-of-reproducilble-research.pdf Graphic file (type pdf)

<use 2-the-practice-of-reproducilble-research.pdf, page 175>
Package pdftex.def Info: 2-the-practice-of-reproducilble-research.pdf, page175 
used on input line 176.
(pdftex.def)             Requested size: 597.53374pt x 845.08348pt.
File: 2-the-practice-of-reproducilble-research.pdf Graphic file (type pdf)

<use 2-the-practice-of-reproducilble-research.pdf, page 175>
Package pdftex.def Info: 2-the-practice-of-reproducilble-research.pdf, page175 
used on input line 176.
(pdftex.def)             Requested size: 597.53374pt x 845.08348pt.
 [305 <./2-the-practice-of-reproducilble-research.pdf>]
<2-the-practice-of-reproducilble-research.pdf, id=2128, page=176, 597.50786pt x
 845.04686pt>
File: 2-the-practice-of-reproducilble-research.pdf Graphic file (type pdf)
 <use 2-the-practice-of-reproducilble-research.pdf, page 176>
Package pdftex.def Info: 2-the-practice-of-reproducilble-research.pdf, page176 
used on input line 176.
(pdftex.def)             Requested size: 597.53374pt x 845.08348pt.
File: 2-the-practice-of-reproducilble-research.pdf Graphic file (type pdf)

<use 2-the-practice-of-reproducilble-research.pdf, page 176>
Package pdftex.def Info: 2-the-practice-of-reproducilble-research.pdf, page176 
used on input line 176.
(pdftex.def)             Requested size: 597.53374pt x 845.08348pt.
File: 2-the-practice-of-reproducilble-research.pdf Graphic file (type pdf)

<use 2-the-practice-of-reproducilble-research.pdf, page 176>
Package pdftex.def Info: 2-the-practice-of-reproducilble-research.pdf, page176 
used on input line 176.
(pdftex.def)             Requested size: 597.53374pt x 845.08348pt.
 [306 <./2-the-practice-of-reproducilble-research.pdf>]
<2-the-practice-of-reproducilble-research.pdf, id=2135, page=177, 597.50786pt x
 845.04686pt>
File: 2-the-practice-of-reproducilble-research.pdf Graphic file (type pdf)
 <use 2-the-practice-of-reproducilble-research.pdf, page 177>
Package pdftex.def Info: 2-the-practice-of-reproducilble-research.pdf, page177 
used on input line 176.
(pdftex.def)             Requested size: 597.53374pt x 845.08348pt.
File: 2-the-practice-of-reproducilble-research.pdf Graphic file (type pdf)

<use 2-the-practice-of-reproducilble-research.pdf, page 177>
Package pdftex.def Info: 2-the-practice-of-reproducilble-research.pdf, page177 
used on input line 176.
(pdftex.def)             Requested size: 597.53374pt x 845.08348pt.
File: 2-the-practice-of-reproducilble-research.pdf Graphic file (type pdf)

<use 2-the-practice-of-reproducilble-research.pdf, page 177>
Package pdftex.def Info: 2-the-practice-of-reproducilble-research.pdf, page177 
used on input line 176.
(pdftex.def)             Requested size: 597.53374pt x 845.08348pt.
 [307 <./2-the-practice-of-reproducilble-research.pdf>]
<2-the-practice-of-reproducilble-research.pdf, id=2141, page=178, 597.50786pt x
 845.04686pt>
File: 2-the-practice-of-reproducilble-research.pdf Graphic file (type pdf)
 <use 2-the-practice-of-reproducilble-research.pdf, page 178>
Package pdftex.def Info: 2-the-practice-of-reproducilble-research.pdf, page178 
used on input line 176.
(pdftex.def)             Requested size: 597.53374pt x 845.08348pt.
File: 2-the-practice-of-reproducilble-research.pdf Graphic file (type pdf)

<use 2-the-practice-of-reproducilble-research.pdf, page 178>
Package pdftex.def Info: 2-the-practice-of-reproducilble-research.pdf, page178 
used on input line 176.
(pdftex.def)             Requested size: 597.53374pt x 845.08348pt.
File: 2-the-practice-of-reproducilble-research.pdf Graphic file (type pdf)

<use 2-the-practice-of-reproducilble-research.pdf, page 178>
Package pdftex.def Info: 2-the-practice-of-reproducilble-research.pdf, page178 
used on input line 176.
(pdftex.def)             Requested size: 597.53374pt x 845.08348pt.
 [308 <./2-the-practice-of-reproducilble-research.pdf>]
<2-the-practice-of-reproducilble-research.pdf, id=2146, page=179, 597.50786pt x
 845.04686pt>
File: 2-the-practice-of-reproducilble-research.pdf Graphic file (type pdf)
 <use 2-the-practice-of-reproducilble-research.pdf, page 179>
Package pdftex.def Info: 2-the-practice-of-reproducilble-research.pdf, page179 
used on input line 176.
(pdftex.def)             Requested size: 597.53374pt x 845.08348pt.
File: 2-the-practice-of-reproducilble-research.pdf Graphic file (type pdf)

<use 2-the-practice-of-reproducilble-research.pdf, page 179>
Package pdftex.def Info: 2-the-practice-of-reproducilble-research.pdf, page179 
used on input line 176.
(pdftex.def)             Requested size: 597.53374pt x 845.08348pt.
File: 2-the-practice-of-reproducilble-research.pdf Graphic file (type pdf)

<use 2-the-practice-of-reproducilble-research.pdf, page 179>
Package pdftex.def Info: 2-the-practice-of-reproducilble-research.pdf, page179 
used on input line 176.
(pdftex.def)             Requested size: 597.53374pt x 845.08348pt.
 [309 <./2-the-practice-of-reproducilble-research.pdf>]
<2-the-practice-of-reproducilble-research.pdf, id=2152, page=180, 597.50786pt x
 845.04686pt>
File: 2-the-practice-of-reproducilble-research.pdf Graphic file (type pdf)
 <use 2-the-practice-of-reproducilble-research.pdf, page 180>
Package pdftex.def Info: 2-the-practice-of-reproducilble-research.pdf, page180 
used on input line 176.
(pdftex.def)             Requested size: 597.53374pt x 845.08348pt.
File: 2-the-practice-of-reproducilble-research.pdf Graphic file (type pdf)

<use 2-the-practice-of-reproducilble-research.pdf, page 180>
Package pdftex.def Info: 2-the-practice-of-reproducilble-research.pdf, page180 
used on input line 176.
(pdftex.def)             Requested size: 597.53374pt x 845.08348pt.
File: 2-the-practice-of-reproducilble-research.pdf Graphic file (type pdf)

<use 2-the-practice-of-reproducilble-research.pdf, page 180>
Package pdftex.def Info: 2-the-practice-of-reproducilble-research.pdf, page180 
used on input line 176.
(pdftex.def)             Requested size: 597.53374pt x 845.08348pt.
 [310 <./2-the-practice-of-reproducilble-research.pdf>]
<2-the-practice-of-reproducilble-research.pdf, id=2157, page=181, 597.50786pt x
 845.04686pt>
File: 2-the-practice-of-reproducilble-research.pdf Graphic file (type pdf)
 <use 2-the-practice-of-reproducilble-research.pdf, page 181>
Package pdftex.def Info: 2-the-practice-of-reproducilble-research.pdf, page181 
used on input line 176.
(pdftex.def)             Requested size: 597.53374pt x 845.08348pt.
File: 2-the-practice-of-reproducilble-research.pdf Graphic file (type pdf)

<use 2-the-practice-of-reproducilble-research.pdf, page 181>
Package pdftex.def Info: 2-the-practice-of-reproducilble-research.pdf, page181 
used on input line 176.
(pdftex.def)             Requested size: 597.53374pt x 845.08348pt.
File: 2-the-practice-of-reproducilble-research.pdf Graphic file (type pdf)

<use 2-the-practice-of-reproducilble-research.pdf, page 181>
Package pdftex.def Info: 2-the-practice-of-reproducilble-research.pdf, page181 
used on input line 176.
(pdftex.def)             Requested size: 597.53374pt x 845.08348pt.
 [311 <./2-the-practice-of-reproducilble-research.pdf>]
<2-the-practice-of-reproducilble-research.pdf, id=2162, page=182, 597.50786pt x
 845.04686pt>
File: 2-the-practice-of-reproducilble-research.pdf Graphic file (type pdf)
 <use 2-the-practice-of-reproducilble-research.pdf, page 182>
Package pdftex.def Info: 2-the-practice-of-reproducilble-research.pdf, page182 
used on input line 176.
(pdftex.def)             Requested size: 597.53374pt x 845.08348pt.
File: 2-the-practice-of-reproducilble-research.pdf Graphic file (type pdf)

<use 2-the-practice-of-reproducilble-research.pdf, page 182>
Package pdftex.def Info: 2-the-practice-of-reproducilble-research.pdf, page182 
used on input line 176.
(pdftex.def)             Requested size: 597.53374pt x 845.08348pt.
File: 2-the-practice-of-reproducilble-research.pdf Graphic file (type pdf)

<use 2-the-practice-of-reproducilble-research.pdf, page 182>
Package pdftex.def Info: 2-the-practice-of-reproducilble-research.pdf, page182 
used on input line 176.
(pdftex.def)             Requested size: 597.53374pt x 845.08348pt.
 [312 <./2-the-practice-of-reproducilble-research.pdf>]
<2-the-practice-of-reproducilble-research.pdf, id=2167, page=183, 597.50786pt x
 845.04686pt>
File: 2-the-practice-of-reproducilble-research.pdf Graphic file (type pdf)
 <use 2-the-practice-of-reproducilble-research.pdf, page 183>
Package pdftex.def Info: 2-the-practice-of-reproducilble-research.pdf, page183 
used on input line 176.
(pdftex.def)             Requested size: 597.53374pt x 845.08348pt.
File: 2-the-practice-of-reproducilble-research.pdf Graphic file (type pdf)

<use 2-the-practice-of-reproducilble-research.pdf, page 183>
Package pdftex.def Info: 2-the-practice-of-reproducilble-research.pdf, page183 
used on input line 176.
(pdftex.def)             Requested size: 597.53374pt x 845.08348pt.
File: 2-the-practice-of-reproducilble-research.pdf Graphic file (type pdf)

<use 2-the-practice-of-reproducilble-research.pdf, page 183>
Package pdftex.def Info: 2-the-practice-of-reproducilble-research.pdf, page183 
used on input line 176.
(pdftex.def)             Requested size: 597.53374pt x 845.08348pt.
 [313 <./2-the-practice-of-reproducilble-research.pdf>]
<2-the-practice-of-reproducilble-research.pdf, id=2173, page=184, 597.50786pt x
 845.04686pt>
File: 2-the-practice-of-reproducilble-research.pdf Graphic file (type pdf)
 <use 2-the-practice-of-reproducilble-research.pdf, page 184>
Package pdftex.def Info: 2-the-practice-of-reproducilble-research.pdf, page184 
used on input line 176.
(pdftex.def)             Requested size: 597.53374pt x 845.08348pt.
File: 2-the-practice-of-reproducilble-research.pdf Graphic file (type pdf)

<use 2-the-practice-of-reproducilble-research.pdf, page 184>
Package pdftex.def Info: 2-the-practice-of-reproducilble-research.pdf, page184 
used on input line 176.
(pdftex.def)             Requested size: 597.53374pt x 845.08348pt.
File: 2-the-practice-of-reproducilble-research.pdf Graphic file (type pdf)

<use 2-the-practice-of-reproducilble-research.pdf, page 184>
Package pdftex.def Info: 2-the-practice-of-reproducilble-research.pdf, page184 
used on input line 176.
(pdftex.def)             Requested size: 597.53374pt x 845.08348pt.
 [314 <./2-the-practice-of-reproducilble-research.pdf>]
<2-the-practice-of-reproducilble-research.pdf, id=2178, page=185, 597.50786pt x
 845.04686pt>
File: 2-the-practice-of-reproducilble-research.pdf Graphic file (type pdf)
 <use 2-the-practice-of-reproducilble-research.pdf, page 185>
Package pdftex.def Info: 2-the-practice-of-reproducilble-research.pdf, page185 
used on input line 176.
(pdftex.def)             Requested size: 597.53374pt x 845.08348pt.
File: 2-the-practice-of-reproducilble-research.pdf Graphic file (type pdf)

<use 2-the-practice-of-reproducilble-research.pdf, page 185>
Package pdftex.def Info: 2-the-practice-of-reproducilble-research.pdf, page185 
used on input line 176.
(pdftex.def)             Requested size: 597.53374pt x 845.08348pt.
File: 2-the-practice-of-reproducilble-research.pdf Graphic file (type pdf)

<use 2-the-practice-of-reproducilble-research.pdf, page 185>
Package pdftex.def Info: 2-the-practice-of-reproducilble-research.pdf, page185 
used on input line 176.
(pdftex.def)             Requested size: 597.53374pt x 845.08348pt.
 [315 <./2-the-practice-of-reproducilble-research.pdf>]
<2-the-practice-of-reproducilble-research.pdf, id=2185, page=186, 597.50786pt x
 845.04686pt>
File: 2-the-practice-of-reproducilble-research.pdf Graphic file (type pdf)
 <use 2-the-practice-of-reproducilble-research.pdf, page 186>
Package pdftex.def Info: 2-the-practice-of-reproducilble-research.pdf, page186 
used on input line 176.
(pdftex.def)             Requested size: 597.53374pt x 845.08348pt.
File: 2-the-practice-of-reproducilble-research.pdf Graphic file (type pdf)

<use 2-the-practice-of-reproducilble-research.pdf, page 186>
Package pdftex.def Info: 2-the-practice-of-reproducilble-research.pdf, page186 
used on input line 176.
(pdftex.def)             Requested size: 597.53374pt x 845.08348pt.
File: 2-the-practice-of-reproducilble-research.pdf Graphic file (type pdf)

<use 2-the-practice-of-reproducilble-research.pdf, page 186>
Package pdftex.def Info: 2-the-practice-of-reproducilble-research.pdf, page186 
used on input line 176.
(pdftex.def)             Requested size: 597.53374pt x 845.08348pt.
 [316 <./2-the-practice-of-reproducilble-research.pdf>]
<2-the-practice-of-reproducilble-research.pdf, id=2190, page=187, 597.50786pt x
 845.04686pt>
File: 2-the-practice-of-reproducilble-research.pdf Graphic file (type pdf)
 <use 2-the-practice-of-reproducilble-research.pdf, page 187>
Package pdftex.def Info: 2-the-practice-of-reproducilble-research.pdf, page187 
used on input line 176.
(pdftex.def)             Requested size: 597.53374pt x 845.08348pt.
File: 2-the-practice-of-reproducilble-research.pdf Graphic file (type pdf)

<use 2-the-practice-of-reproducilble-research.pdf, page 187>
Package pdftex.def Info: 2-the-practice-of-reproducilble-research.pdf, page187 
used on input line 176.
(pdftex.def)             Requested size: 597.53374pt x 845.08348pt.
File: 2-the-practice-of-reproducilble-research.pdf Graphic file (type pdf)

<use 2-the-practice-of-reproducilble-research.pdf, page 187>
Package pdftex.def Info: 2-the-practice-of-reproducilble-research.pdf, page187 
used on input line 176.
(pdftex.def)             Requested size: 597.53374pt x 845.08348pt.
 [317 <./2-the-practice-of-reproducilble-research.pdf>]
<2-the-practice-of-reproducilble-research.pdf, id=2195, page=188, 597.50786pt x
 845.04686pt>
File: 2-the-practice-of-reproducilble-research.pdf Graphic file (type pdf)
 <use 2-the-practice-of-reproducilble-research.pdf, page 188>
Package pdftex.def Info: 2-the-practice-of-reproducilble-research.pdf, page188 
used on input line 176.
(pdftex.def)             Requested size: 597.53374pt x 845.08348pt.
File: 2-the-practice-of-reproducilble-research.pdf Graphic file (type pdf)

<use 2-the-practice-of-reproducilble-research.pdf, page 188>
Package pdftex.def Info: 2-the-practice-of-reproducilble-research.pdf, page188 
used on input line 176.
(pdftex.def)             Requested size: 597.53374pt x 845.08348pt.
File: 2-the-practice-of-reproducilble-research.pdf Graphic file (type pdf)

<use 2-the-practice-of-reproducilble-research.pdf, page 188>
Package pdftex.def Info: 2-the-practice-of-reproducilble-research.pdf, page188 
used on input line 176.
(pdftex.def)             Requested size: 597.53374pt x 845.08348pt.
 [318 <./2-the-practice-of-reproducilble-research.pdf>]
<2-the-practice-of-reproducilble-research.pdf, id=2200, page=189, 597.50786pt x
 845.04686pt>
File: 2-the-practice-of-reproducilble-research.pdf Graphic file (type pdf)
 <use 2-the-practice-of-reproducilble-research.pdf, page 189>
Package pdftex.def Info: 2-the-practice-of-reproducilble-research.pdf, page189 
used on input line 176.
(pdftex.def)             Requested size: 597.53374pt x 845.08348pt.
File: 2-the-practice-of-reproducilble-research.pdf Graphic file (type pdf)

<use 2-the-practice-of-reproducilble-research.pdf, page 189>
Package pdftex.def Info: 2-the-practice-of-reproducilble-research.pdf, page189 
used on input line 176.
(pdftex.def)             Requested size: 597.53374pt x 845.08348pt.
File: 2-the-practice-of-reproducilble-research.pdf Graphic file (type pdf)

<use 2-the-practice-of-reproducilble-research.pdf, page 189>
Package pdftex.def Info: 2-the-practice-of-reproducilble-research.pdf, page189 
used on input line 176.
(pdftex.def)             Requested size: 597.53374pt x 845.08348pt.
 [319 <./2-the-practice-of-reproducilble-research.pdf>]
<2-the-practice-of-reproducilble-research.pdf, id=2206, page=190, 597.50786pt x
 845.04686pt>
File: 2-the-practice-of-reproducilble-research.pdf Graphic file (type pdf)
 <use 2-the-practice-of-reproducilble-research.pdf, page 190>
Package pdftex.def Info: 2-the-practice-of-reproducilble-research.pdf, page190 
used on input line 176.
(pdftex.def)             Requested size: 597.53374pt x 845.08348pt.
File: 2-the-practice-of-reproducilble-research.pdf Graphic file (type pdf)

<use 2-the-practice-of-reproducilble-research.pdf, page 190>
Package pdftex.def Info: 2-the-practice-of-reproducilble-research.pdf, page190 
used on input line 176.
(pdftex.def)             Requested size: 597.53374pt x 845.08348pt.
File: 2-the-practice-of-reproducilble-research.pdf Graphic file (type pdf)

<use 2-the-practice-of-reproducilble-research.pdf, page 190>
Package pdftex.def Info: 2-the-practice-of-reproducilble-research.pdf, page190 
used on input line 176.
(pdftex.def)             Requested size: 597.53374pt x 845.08348pt.
 [320 <./2-the-practice-of-reproducilble-research.pdf>]
<2-the-practice-of-reproducilble-research.pdf, id=2211, page=191, 597.50786pt x
 845.04686pt>
File: 2-the-practice-of-reproducilble-research.pdf Graphic file (type pdf)
 <use 2-the-practice-of-reproducilble-research.pdf, page 191>
Package pdftex.def Info: 2-the-practice-of-reproducilble-research.pdf, page191 
used on input line 176.
(pdftex.def)             Requested size: 597.53374pt x 845.08348pt.
File: 2-the-practice-of-reproducilble-research.pdf Graphic file (type pdf)

<use 2-the-practice-of-reproducilble-research.pdf, page 191>
Package pdftex.def Info: 2-the-practice-of-reproducilble-research.pdf, page191 
used on input line 176.
(pdftex.def)             Requested size: 597.53374pt x 845.08348pt.
File: 2-the-practice-of-reproducilble-research.pdf Graphic file (type pdf)

<use 2-the-practice-of-reproducilble-research.pdf, page 191>
Package pdftex.def Info: 2-the-practice-of-reproducilble-research.pdf, page191 
used on input line 176.
(pdftex.def)             Requested size: 597.53374pt x 845.08348pt.
 [321 <./2-the-practice-of-reproducilble-research.pdf>]
<2-the-practice-of-reproducilble-research.pdf, id=2216, page=192, 597.50786pt x
 845.04686pt>
File: 2-the-practice-of-reproducilble-research.pdf Graphic file (type pdf)
 <use 2-the-practice-of-reproducilble-research.pdf, page 192>
Package pdftex.def Info: 2-the-practice-of-reproducilble-research.pdf, page192 
used on input line 176.
(pdftex.def)             Requested size: 597.53374pt x 845.08348pt.
File: 2-the-practice-of-reproducilble-research.pdf Graphic file (type pdf)

<use 2-the-practice-of-reproducilble-research.pdf, page 192>
Package pdftex.def Info: 2-the-practice-of-reproducilble-research.pdf, page192 
used on input line 176.
(pdftex.def)             Requested size: 597.53374pt x 845.08348pt.
File: 2-the-practice-of-reproducilble-research.pdf Graphic file (type pdf)

<use 2-the-practice-of-reproducilble-research.pdf, page 192>
Package pdftex.def Info: 2-the-practice-of-reproducilble-research.pdf, page192 
used on input line 176.
(pdftex.def)             Requested size: 597.53374pt x 845.08348pt.
 [322 <./2-the-practice-of-reproducilble-research.pdf>]
<2-the-practice-of-reproducilble-research.pdf, id=2223, page=193, 597.50786pt x
 845.04686pt>
File: 2-the-practice-of-reproducilble-research.pdf Graphic file (type pdf)
 <use 2-the-practice-of-reproducilble-research.pdf, page 193>
Package pdftex.def Info: 2-the-practice-of-reproducilble-research.pdf, page193 
used on input line 176.
(pdftex.def)             Requested size: 597.53374pt x 845.08348pt.
File: 2-the-practice-of-reproducilble-research.pdf Graphic file (type pdf)

<use 2-the-practice-of-reproducilble-research.pdf, page 193>
Package pdftex.def Info: 2-the-practice-of-reproducilble-research.pdf, page193 
used on input line 176.
(pdftex.def)             Requested size: 597.53374pt x 845.08348pt.
File: 2-the-practice-of-reproducilble-research.pdf Graphic file (type pdf)

<use 2-the-practice-of-reproducilble-research.pdf, page 193>
Package pdftex.def Info: 2-the-practice-of-reproducilble-research.pdf, page193 
used on input line 176.
(pdftex.def)             Requested size: 597.53374pt x 845.08348pt.
 [323 <./2-the-practice-of-reproducilble-research.pdf>]
<2-the-practice-of-reproducilble-research.pdf, id=2228, page=194, 597.50786pt x
 845.04686pt>
File: 2-the-practice-of-reproducilble-research.pdf Graphic file (type pdf)
 <use 2-the-practice-of-reproducilble-research.pdf, page 194>
Package pdftex.def Info: 2-the-practice-of-reproducilble-research.pdf, page194 
used on input line 176.
(pdftex.def)             Requested size: 597.53374pt x 845.08348pt.
File: 2-the-practice-of-reproducilble-research.pdf Graphic file (type pdf)

<use 2-the-practice-of-reproducilble-research.pdf, page 194>
Package pdftex.def Info: 2-the-practice-of-reproducilble-research.pdf, page194 
used on input line 176.
(pdftex.def)             Requested size: 597.53374pt x 845.08348pt.
File: 2-the-practice-of-reproducilble-research.pdf Graphic file (type pdf)

<use 2-the-practice-of-reproducilble-research.pdf, page 194>
Package pdftex.def Info: 2-the-practice-of-reproducilble-research.pdf, page194 
used on input line 176.
(pdftex.def)             Requested size: 597.53374pt x 845.08348pt.
 [324 <./2-the-practice-of-reproducilble-research.pdf>]
<2-the-practice-of-reproducilble-research.pdf, id=2233, page=195, 597.50786pt x
 845.04686pt>
File: 2-the-practice-of-reproducilble-research.pdf Graphic file (type pdf)
 <use 2-the-practice-of-reproducilble-research.pdf, page 195>
Package pdftex.def Info: 2-the-practice-of-reproducilble-research.pdf, page195 
used on input line 176.
(pdftex.def)             Requested size: 597.53374pt x 845.08348pt.
File: 2-the-practice-of-reproducilble-research.pdf Graphic file (type pdf)

<use 2-the-practice-of-reproducilble-research.pdf, page 195>
Package pdftex.def Info: 2-the-practice-of-reproducilble-research.pdf, page195 
used on input line 176.
(pdftex.def)             Requested size: 597.53374pt x 845.08348pt.
File: 2-the-practice-of-reproducilble-research.pdf Graphic file (type pdf)

<use 2-the-practice-of-reproducilble-research.pdf, page 195>
Package pdftex.def Info: 2-the-practice-of-reproducilble-research.pdf, page195 
used on input line 176.
(pdftex.def)             Requested size: 597.53374pt x 845.08348pt.
 [325 <./2-the-practice-of-reproducilble-research.pdf>]
<2-the-practice-of-reproducilble-research.pdf, id=2239, page=196, 597.50786pt x
 845.04686pt>
File: 2-the-practice-of-reproducilble-research.pdf Graphic file (type pdf)
 <use 2-the-practice-of-reproducilble-research.pdf, page 196>
Package pdftex.def Info: 2-the-practice-of-reproducilble-research.pdf, page196 
used on input line 176.
(pdftex.def)             Requested size: 597.53374pt x 845.08348pt.
File: 2-the-practice-of-reproducilble-research.pdf Graphic file (type pdf)

<use 2-the-practice-of-reproducilble-research.pdf, page 196>
Package pdftex.def Info: 2-the-practice-of-reproducilble-research.pdf, page196 
used on input line 176.
(pdftex.def)             Requested size: 597.53374pt x 845.08348pt.
File: 2-the-practice-of-reproducilble-research.pdf Graphic file (type pdf)

<use 2-the-practice-of-reproducilble-research.pdf, page 196>
Package pdftex.def Info: 2-the-practice-of-reproducilble-research.pdf, page196 
used on input line 176.
(pdftex.def)             Requested size: 597.53374pt x 845.08348pt.
 [326 <./2-the-practice-of-reproducilble-research.pdf>]
<2-the-practice-of-reproducilble-research.pdf, id=2244, page=197, 597.50786pt x
 845.04686pt>
File: 2-the-practice-of-reproducilble-research.pdf Graphic file (type pdf)
 <use 2-the-practice-of-reproducilble-research.pdf, page 197>
Package pdftex.def Info: 2-the-practice-of-reproducilble-research.pdf, page197 
used on input line 176.
(pdftex.def)             Requested size: 597.53374pt x 845.08348pt.
File: 2-the-practice-of-reproducilble-research.pdf Graphic file (type pdf)

<use 2-the-practice-of-reproducilble-research.pdf, page 197>
Package pdftex.def Info: 2-the-practice-of-reproducilble-research.pdf, page197 
used on input line 176.
(pdftex.def)             Requested size: 597.53374pt x 845.08348pt.
File: 2-the-practice-of-reproducilble-research.pdf Graphic file (type pdf)

<use 2-the-practice-of-reproducilble-research.pdf, page 197>
Package pdftex.def Info: 2-the-practice-of-reproducilble-research.pdf, page197 
used on input line 176.
(pdftex.def)             Requested size: 597.53374pt x 845.08348pt.
 [327 <./2-the-practice-of-reproducilble-research.pdf>]
<2-the-practice-of-reproducilble-research.pdf, id=2249, page=198, 597.50786pt x
 845.04686pt>
File: 2-the-practice-of-reproducilble-research.pdf Graphic file (type pdf)
 <use 2-the-practice-of-reproducilble-research.pdf, page 198>
Package pdftex.def Info: 2-the-practice-of-reproducilble-research.pdf, page198 
used on input line 176.
(pdftex.def)             Requested size: 597.53374pt x 845.08348pt.
File: 2-the-practice-of-reproducilble-research.pdf Graphic file (type pdf)

<use 2-the-practice-of-reproducilble-research.pdf, page 198>
Package pdftex.def Info: 2-the-practice-of-reproducilble-research.pdf, page198 
used on input line 176.
(pdftex.def)             Requested size: 597.53374pt x 845.08348pt.
File: 2-the-practice-of-reproducilble-research.pdf Graphic file (type pdf)

<use 2-the-practice-of-reproducilble-research.pdf, page 198>
Package pdftex.def Info: 2-the-practice-of-reproducilble-research.pdf, page198 
used on input line 176.
(pdftex.def)             Requested size: 597.53374pt x 845.08348pt.
 [328 <./2-the-practice-of-reproducilble-research.pdf>]
<2-the-practice-of-reproducilble-research.pdf, id=2254, page=199, 597.50786pt x
 845.04686pt>
File: 2-the-practice-of-reproducilble-research.pdf Graphic file (type pdf)
 <use 2-the-practice-of-reproducilble-research.pdf, page 199>
Package pdftex.def Info: 2-the-practice-of-reproducilble-research.pdf, page199 
used on input line 176.
(pdftex.def)             Requested size: 597.53374pt x 845.08348pt.
File: 2-the-practice-of-reproducilble-research.pdf Graphic file (type pdf)

<use 2-the-practice-of-reproducilble-research.pdf, page 199>
Package pdftex.def Info: 2-the-practice-of-reproducilble-research.pdf, page199 
used on input line 176.
(pdftex.def)             Requested size: 597.53374pt x 845.08348pt.
File: 2-the-practice-of-reproducilble-research.pdf Graphic file (type pdf)

<use 2-the-practice-of-reproducilble-research.pdf, page 199>
Package pdftex.def Info: 2-the-practice-of-reproducilble-research.pdf, page199 
used on input line 176.
(pdftex.def)             Requested size: 597.53374pt x 845.08348pt.
 [329 <./2-the-practice-of-reproducilble-research.pdf>]
<2-the-practice-of-reproducilble-research.pdf, id=2259, page=200, 597.50786pt x
 845.04686pt>
File: 2-the-practice-of-reproducilble-research.pdf Graphic file (type pdf)
 <use 2-the-practice-of-reproducilble-research.pdf, page 200>
Package pdftex.def Info: 2-the-practice-of-reproducilble-research.pdf, page200 
used on input line 176.
(pdftex.def)             Requested size: 597.53374pt x 845.08348pt.
File: 2-the-practice-of-reproducilble-research.pdf Graphic file (type pdf)

<use 2-the-practice-of-reproducilble-research.pdf, page 200>
Package pdftex.def Info: 2-the-practice-of-reproducilble-research.pdf, page200 
used on input line 176.
(pdftex.def)             Requested size: 597.53374pt x 845.08348pt.
File: 2-the-practice-of-reproducilble-research.pdf Graphic file (type pdf)

<use 2-the-practice-of-reproducilble-research.pdf, page 200>
Package pdftex.def Info: 2-the-practice-of-reproducilble-research.pdf, page200 
used on input line 176.
(pdftex.def)             Requested size: 597.53374pt x 845.08348pt.
 [330 <./2-the-practice-of-reproducilble-research.pdf>]
<2-the-practice-of-reproducilble-research.pdf, id=2264, page=201, 597.50786pt x
 845.04686pt>
File: 2-the-practice-of-reproducilble-research.pdf Graphic file (type pdf)
 <use 2-the-practice-of-reproducilble-research.pdf, page 201>
Package pdftex.def Info: 2-the-practice-of-reproducilble-research.pdf, page201 
used on input line 176.
(pdftex.def)             Requested size: 597.53374pt x 845.08348pt.
File: 2-the-practice-of-reproducilble-research.pdf Graphic file (type pdf)

<use 2-the-practice-of-reproducilble-research.pdf, page 201>
Package pdftex.def Info: 2-the-practice-of-reproducilble-research.pdf, page201 
used on input line 176.
(pdftex.def)             Requested size: 597.53374pt x 845.08348pt.
File: 2-the-practice-of-reproducilble-research.pdf Graphic file (type pdf)

<use 2-the-practice-of-reproducilble-research.pdf, page 201>
Package pdftex.def Info: 2-the-practice-of-reproducilble-research.pdf, page201 
used on input line 176.
(pdftex.def)             Requested size: 597.53374pt x 845.08348pt.
 [331 <./2-the-practice-of-reproducilble-research.pdf>]
<2-the-practice-of-reproducilble-research.pdf, id=2270, page=202, 597.50786pt x
 845.04686pt>
File: 2-the-practice-of-reproducilble-research.pdf Graphic file (type pdf)
 <use 2-the-practice-of-reproducilble-research.pdf, page 202>
Package pdftex.def Info: 2-the-practice-of-reproducilble-research.pdf, page202 
used on input line 176.
(pdftex.def)             Requested size: 597.53374pt x 845.08348pt.
File: 2-the-practice-of-reproducilble-research.pdf Graphic file (type pdf)

<use 2-the-practice-of-reproducilble-research.pdf, page 202>
Package pdftex.def Info: 2-the-practice-of-reproducilble-research.pdf, page202 
used on input line 176.
(pdftex.def)             Requested size: 597.53374pt x 845.08348pt.
File: 2-the-practice-of-reproducilble-research.pdf Graphic file (type pdf)

<use 2-the-practice-of-reproducilble-research.pdf, page 202>
Package pdftex.def Info: 2-the-practice-of-reproducilble-research.pdf, page202 
used on input line 176.
(pdftex.def)             Requested size: 597.53374pt x 845.08348pt.
 [332 <./2-the-practice-of-reproducilble-research.pdf>]
<2-the-practice-of-reproducilble-research.pdf, id=2275, page=203, 597.50786pt x
 845.04686pt>
File: 2-the-practice-of-reproducilble-research.pdf Graphic file (type pdf)
 <use 2-the-practice-of-reproducilble-research.pdf, page 203>
Package pdftex.def Info: 2-the-practice-of-reproducilble-research.pdf, page203 
used on input line 176.
(pdftex.def)             Requested size: 597.53374pt x 845.08348pt.
File: 2-the-practice-of-reproducilble-research.pdf Graphic file (type pdf)

<use 2-the-practice-of-reproducilble-research.pdf, page 203>
Package pdftex.def Info: 2-the-practice-of-reproducilble-research.pdf, page203 
used on input line 176.
(pdftex.def)             Requested size: 597.53374pt x 845.08348pt.
File: 2-the-practice-of-reproducilble-research.pdf Graphic file (type pdf)

<use 2-the-practice-of-reproducilble-research.pdf, page 203>
Package pdftex.def Info: 2-the-practice-of-reproducilble-research.pdf, page203 
used on input line 176.
(pdftex.def)             Requested size: 597.53374pt x 845.08348pt.
 [333 <./2-the-practice-of-reproducilble-research.pdf>]
<2-the-practice-of-reproducilble-research.pdf, id=2280, page=204, 597.50786pt x
 845.04686pt>
File: 2-the-practice-of-reproducilble-research.pdf Graphic file (type pdf)
 <use 2-the-practice-of-reproducilble-research.pdf, page 204>
Package pdftex.def Info: 2-the-practice-of-reproducilble-research.pdf, page204 
used on input line 176.
(pdftex.def)             Requested size: 597.53374pt x 845.08348pt.
File: 2-the-practice-of-reproducilble-research.pdf Graphic file (type pdf)

<use 2-the-practice-of-reproducilble-research.pdf, page 204>
Package pdftex.def Info: 2-the-practice-of-reproducilble-research.pdf, page204 
used on input line 176.
(pdftex.def)             Requested size: 597.53374pt x 845.08348pt.
File: 2-the-practice-of-reproducilble-research.pdf Graphic file (type pdf)

<use 2-the-practice-of-reproducilble-research.pdf, page 204>
Package pdftex.def Info: 2-the-practice-of-reproducilble-research.pdf, page204 
used on input line 176.
(pdftex.def)             Requested size: 597.53374pt x 845.08348pt.
 [334 <./2-the-practice-of-reproducilble-research.pdf>]
<2-the-practice-of-reproducilble-research.pdf, id=2285, page=205, 597.50786pt x
 845.04686pt>
File: 2-the-practice-of-reproducilble-research.pdf Graphic file (type pdf)
 <use 2-the-practice-of-reproducilble-research.pdf, page 205>
Package pdftex.def Info: 2-the-practice-of-reproducilble-research.pdf, page205 
used on input line 176.
(pdftex.def)             Requested size: 597.53374pt x 845.08348pt.
File: 2-the-practice-of-reproducilble-research.pdf Graphic file (type pdf)

<use 2-the-practice-of-reproducilble-research.pdf, page 205>
Package pdftex.def Info: 2-the-practice-of-reproducilble-research.pdf, page205 
used on input line 176.
(pdftex.def)             Requested size: 597.53374pt x 845.08348pt.
File: 2-the-practice-of-reproducilble-research.pdf Graphic file (type pdf)

<use 2-the-practice-of-reproducilble-research.pdf, page 205>
Package pdftex.def Info: 2-the-practice-of-reproducilble-research.pdf, page205 
used on input line 176.
(pdftex.def)             Requested size: 597.53374pt x 845.08348pt.
 [335 <./2-the-practice-of-reproducilble-research.pdf>]
<2-the-practice-of-reproducilble-research.pdf, id=2292, page=206, 597.50786pt x
 845.04686pt>
File: 2-the-practice-of-reproducilble-research.pdf Graphic file (type pdf)
 <use 2-the-practice-of-reproducilble-research.pdf, page 206>
Package pdftex.def Info: 2-the-practice-of-reproducilble-research.pdf, page206 
used on input line 176.
(pdftex.def)             Requested size: 597.53374pt x 845.08348pt.
File: 2-the-practice-of-reproducilble-research.pdf Graphic file (type pdf)

<use 2-the-practice-of-reproducilble-research.pdf, page 206>
Package pdftex.def Info: 2-the-practice-of-reproducilble-research.pdf, page206 
used on input line 176.
(pdftex.def)             Requested size: 597.53374pt x 845.08348pt.
File: 2-the-practice-of-reproducilble-research.pdf Graphic file (type pdf)

<use 2-the-practice-of-reproducilble-research.pdf, page 206>
Package pdftex.def Info: 2-the-practice-of-reproducilble-research.pdf, page206 
used on input line 176.
(pdftex.def)             Requested size: 597.53374pt x 845.08348pt.
 [336 <./2-the-practice-of-reproducilble-research.pdf>]
<2-the-practice-of-reproducilble-research.pdf, id=2297, page=207, 597.50786pt x
 845.04686pt>
File: 2-the-practice-of-reproducilble-research.pdf Graphic file (type pdf)
 <use 2-the-practice-of-reproducilble-research.pdf, page 207>
Package pdftex.def Info: 2-the-practice-of-reproducilble-research.pdf, page207 
used on input line 176.
(pdftex.def)             Requested size: 597.53374pt x 845.08348pt.
File: 2-the-practice-of-reproducilble-research.pdf Graphic file (type pdf)

<use 2-the-practice-of-reproducilble-research.pdf, page 207>
Package pdftex.def Info: 2-the-practice-of-reproducilble-research.pdf, page207 
used on input line 176.
(pdftex.def)             Requested size: 597.53374pt x 845.08348pt.
File: 2-the-practice-of-reproducilble-research.pdf Graphic file (type pdf)

<use 2-the-practice-of-reproducilble-research.pdf, page 207>
Package pdftex.def Info: 2-the-practice-of-reproducilble-research.pdf, page207 
used on input line 176.
(pdftex.def)             Requested size: 597.53374pt x 845.08348pt.
 [337 <./2-the-practice-of-reproducilble-research.pdf>]
<2-the-practice-of-reproducilble-research.pdf, id=2303, page=208, 597.50786pt x
 845.04686pt>
File: 2-the-practice-of-reproducilble-research.pdf Graphic file (type pdf)
 <use 2-the-practice-of-reproducilble-research.pdf, page 208>
Package pdftex.def Info: 2-the-practice-of-reproducilble-research.pdf, page208 
used on input line 176.
(pdftex.def)             Requested size: 597.53374pt x 845.08348pt.
File: 2-the-practice-of-reproducilble-research.pdf Graphic file (type pdf)

<use 2-the-practice-of-reproducilble-research.pdf, page 208>
Package pdftex.def Info: 2-the-practice-of-reproducilble-research.pdf, page208 
used on input line 176.
(pdftex.def)             Requested size: 597.53374pt x 845.08348pt.
File: 2-the-practice-of-reproducilble-research.pdf Graphic file (type pdf)

<use 2-the-practice-of-reproducilble-research.pdf, page 208>
Package pdftex.def Info: 2-the-practice-of-reproducilble-research.pdf, page208 
used on input line 176.
(pdftex.def)             Requested size: 597.53374pt x 845.08348pt.
 [338 <./2-the-practice-of-reproducilble-research.pdf>]
<2-the-practice-of-reproducilble-research.pdf, id=2308, page=209, 597.50786pt x
 845.04686pt>
File: 2-the-practice-of-reproducilble-research.pdf Graphic file (type pdf)
 <use 2-the-practice-of-reproducilble-research.pdf, page 209>
Package pdftex.def Info: 2-the-practice-of-reproducilble-research.pdf, page209 
used on input line 176.
(pdftex.def)             Requested size: 597.53374pt x 845.08348pt.
File: 2-the-practice-of-reproducilble-research.pdf Graphic file (type pdf)

<use 2-the-practice-of-reproducilble-research.pdf, page 209>
Package pdftex.def Info: 2-the-practice-of-reproducilble-research.pdf, page209 
used on input line 176.
(pdftex.def)             Requested size: 597.53374pt x 845.08348pt.
File: 2-the-practice-of-reproducilble-research.pdf Graphic file (type pdf)

<use 2-the-practice-of-reproducilble-research.pdf, page 209>
Package pdftex.def Info: 2-the-practice-of-reproducilble-research.pdf, page209 
used on input line 176.
(pdftex.def)             Requested size: 597.53374pt x 845.08348pt.
 [339 <./2-the-practice-of-reproducilble-research.pdf>]
<2-the-practice-of-reproducilble-research.pdf, id=2315, page=210, 597.50786pt x
 845.04686pt>
File: 2-the-practice-of-reproducilble-research.pdf Graphic file (type pdf)
 <use 2-the-practice-of-reproducilble-research.pdf, page 210>
Package pdftex.def Info: 2-the-practice-of-reproducilble-research.pdf, page210 
used on input line 176.
(pdftex.def)             Requested size: 597.53374pt x 845.08348pt.
File: 2-the-practice-of-reproducilble-research.pdf Graphic file (type pdf)

<use 2-the-practice-of-reproducilble-research.pdf, page 210>
Package pdftex.def Info: 2-the-practice-of-reproducilble-research.pdf, page210 
used on input line 176.
(pdftex.def)             Requested size: 597.53374pt x 845.08348pt.
File: 2-the-practice-of-reproducilble-research.pdf Graphic file (type pdf)

<use 2-the-practice-of-reproducilble-research.pdf, page 210>
Package pdftex.def Info: 2-the-practice-of-reproducilble-research.pdf, page210 
used on input line 176.
(pdftex.def)             Requested size: 597.53374pt x 845.08348pt.
 [340 <./2-the-practice-of-reproducilble-research.pdf>]
<2-the-practice-of-reproducilble-research.pdf, id=2320, page=211, 597.50786pt x
 845.04686pt>
File: 2-the-practice-of-reproducilble-research.pdf Graphic file (type pdf)
 <use 2-the-practice-of-reproducilble-research.pdf, page 211>
Package pdftex.def Info: 2-the-practice-of-reproducilble-research.pdf, page211 
used on input line 176.
(pdftex.def)             Requested size: 597.53374pt x 845.08348pt.
File: 2-the-practice-of-reproducilble-research.pdf Graphic file (type pdf)

<use 2-the-practice-of-reproducilble-research.pdf, page 211>
Package pdftex.def Info: 2-the-practice-of-reproducilble-research.pdf, page211 
used on input line 176.
(pdftex.def)             Requested size: 597.53374pt x 845.08348pt.
File: 2-the-practice-of-reproducilble-research.pdf Graphic file (type pdf)

<use 2-the-practice-of-reproducilble-research.pdf, page 211>
Package pdftex.def Info: 2-the-practice-of-reproducilble-research.pdf, page211 
used on input line 176.
(pdftex.def)             Requested size: 597.53374pt x 845.08348pt.
 [341 <./2-the-practice-of-reproducilble-research.pdf>]
<2-the-practice-of-reproducilble-research.pdf, id=2325, page=212, 597.50786pt x
 845.04686pt>
File: 2-the-practice-of-reproducilble-research.pdf Graphic file (type pdf)
 <use 2-the-practice-of-reproducilble-research.pdf, page 212>
Package pdftex.def Info: 2-the-practice-of-reproducilble-research.pdf, page212 
used on input line 176.
(pdftex.def)             Requested size: 597.53374pt x 845.08348pt.
File: 2-the-practice-of-reproducilble-research.pdf Graphic file (type pdf)

<use 2-the-practice-of-reproducilble-research.pdf, page 212>
Package pdftex.def Info: 2-the-practice-of-reproducilble-research.pdf, page212 
used on input line 176.
(pdftex.def)             Requested size: 597.53374pt x 845.08348pt.
File: 2-the-practice-of-reproducilble-research.pdf Graphic file (type pdf)

<use 2-the-practice-of-reproducilble-research.pdf, page 212>
Package pdftex.def Info: 2-the-practice-of-reproducilble-research.pdf, page212 
used on input line 176.
(pdftex.def)             Requested size: 597.53374pt x 845.08348pt.
 [342 <./2-the-practice-of-reproducilble-research.pdf>]
<2-the-practice-of-reproducilble-research.pdf, id=2331, page=213, 597.50786pt x
 845.04686pt>
File: 2-the-practice-of-reproducilble-research.pdf Graphic file (type pdf)
 <use 2-the-practice-of-reproducilble-research.pdf, page 213>
Package pdftex.def Info: 2-the-practice-of-reproducilble-research.pdf, page213 
used on input line 176.
(pdftex.def)             Requested size: 597.53374pt x 845.08348pt.
File: 2-the-practice-of-reproducilble-research.pdf Graphic file (type pdf)

<use 2-the-practice-of-reproducilble-research.pdf, page 213>
Package pdftex.def Info: 2-the-practice-of-reproducilble-research.pdf, page213 
used on input line 176.
(pdftex.def)             Requested size: 597.53374pt x 845.08348pt.
File: 2-the-practice-of-reproducilble-research.pdf Graphic file (type pdf)

<use 2-the-practice-of-reproducilble-research.pdf, page 213>
Package pdftex.def Info: 2-the-practice-of-reproducilble-research.pdf, page213 
used on input line 176.
(pdftex.def)             Requested size: 597.53374pt x 845.08348pt.
 [343 <./2-the-practice-of-reproducilble-research.pdf>]
<2-the-practice-of-reproducilble-research.pdf, id=2337, page=214, 597.50786pt x
 845.04686pt>
File: 2-the-practice-of-reproducilble-research.pdf Graphic file (type pdf)
 <use 2-the-practice-of-reproducilble-research.pdf, page 214>
Package pdftex.def Info: 2-the-practice-of-reproducilble-research.pdf, page214 
used on input line 176.
(pdftex.def)             Requested size: 597.53374pt x 845.08348pt.
File: 2-the-practice-of-reproducilble-research.pdf Graphic file (type pdf)

<use 2-the-practice-of-reproducilble-research.pdf, page 214>
Package pdftex.def Info: 2-the-practice-of-reproducilble-research.pdf, page214 
used on input line 176.
(pdftex.def)             Requested size: 597.53374pt x 845.08348pt.
File: 2-the-practice-of-reproducilble-research.pdf Graphic file (type pdf)

<use 2-the-practice-of-reproducilble-research.pdf, page 214>
Package pdftex.def Info: 2-the-practice-of-reproducilble-research.pdf, page214 
used on input line 176.
(pdftex.def)             Requested size: 597.53374pt x 845.08348pt.
 [344 <./2-the-practice-of-reproducilble-research.pdf>]
<2-the-practice-of-reproducilble-research.pdf, id=2342, page=215, 597.50786pt x
 845.04686pt>
File: 2-the-practice-of-reproducilble-research.pdf Graphic file (type pdf)
 <use 2-the-practice-of-reproducilble-research.pdf, page 215>
Package pdftex.def Info: 2-the-practice-of-reproducilble-research.pdf, page215 
used on input line 176.
(pdftex.def)             Requested size: 597.53374pt x 845.08348pt.
File: 2-the-practice-of-reproducilble-research.pdf Graphic file (type pdf)

<use 2-the-practice-of-reproducilble-research.pdf, page 215>
Package pdftex.def Info: 2-the-practice-of-reproducilble-research.pdf, page215 
used on input line 176.
(pdftex.def)             Requested size: 597.53374pt x 845.08348pt.
File: 2-the-practice-of-reproducilble-research.pdf Graphic file (type pdf)

<use 2-the-practice-of-reproducilble-research.pdf, page 215>
Package pdftex.def Info: 2-the-practice-of-reproducilble-research.pdf, page215 
used on input line 176.
(pdftex.def)             Requested size: 597.53374pt x 845.08348pt.
 [345 <./2-the-practice-of-reproducilble-research.pdf>]
<2-the-practice-of-reproducilble-research.pdf, id=2349, page=216, 597.50786pt x
 845.04686pt>
File: 2-the-practice-of-reproducilble-research.pdf Graphic file (type pdf)
 <use 2-the-practice-of-reproducilble-research.pdf, page 216>
Package pdftex.def Info: 2-the-practice-of-reproducilble-research.pdf, page216 
used on input line 176.
(pdftex.def)             Requested size: 597.53374pt x 845.08348pt.
File: 2-the-practice-of-reproducilble-research.pdf Graphic file (type pdf)

<use 2-the-practice-of-reproducilble-research.pdf, page 216>
Package pdftex.def Info: 2-the-practice-of-reproducilble-research.pdf, page216 
used on input line 176.
(pdftex.def)             Requested size: 597.53374pt x 845.08348pt.
File: 2-the-practice-of-reproducilble-research.pdf Graphic file (type pdf)

<use 2-the-practice-of-reproducilble-research.pdf, page 216>
Package pdftex.def Info: 2-the-practice-of-reproducilble-research.pdf, page216 
used on input line 176.
(pdftex.def)             Requested size: 597.53374pt x 845.08348pt.
 [346 <./2-the-practice-of-reproducilble-research.pdf>]
<2-the-practice-of-reproducilble-research.pdf, id=2354, page=217, 597.50786pt x
 845.04686pt>
File: 2-the-practice-of-reproducilble-research.pdf Graphic file (type pdf)
 <use 2-the-practice-of-reproducilble-research.pdf, page 217>
Package pdftex.def Info: 2-the-practice-of-reproducilble-research.pdf, page217 
used on input line 176.
(pdftex.def)             Requested size: 597.53374pt x 845.08348pt.
File: 2-the-practice-of-reproducilble-research.pdf Graphic file (type pdf)

<use 2-the-practice-of-reproducilble-research.pdf, page 217>
Package pdftex.def Info: 2-the-practice-of-reproducilble-research.pdf, page217 
used on input line 176.
(pdftex.def)             Requested size: 597.53374pt x 845.08348pt.
File: 2-the-practice-of-reproducilble-research.pdf Graphic file (type pdf)

<use 2-the-practice-of-reproducilble-research.pdf, page 217>
Package pdftex.def Info: 2-the-practice-of-reproducilble-research.pdf, page217 
used on input line 176.
(pdftex.def)             Requested size: 597.53374pt x 845.08348pt.
 [347 <./2-the-practice-of-reproducilble-research.pdf>]
<2-the-practice-of-reproducilble-research.pdf, id=2359, page=218, 597.50786pt x
 845.04686pt>
File: 2-the-practice-of-reproducilble-research.pdf Graphic file (type pdf)
 <use 2-the-practice-of-reproducilble-research.pdf, page 218>
Package pdftex.def Info: 2-the-practice-of-reproducilble-research.pdf, page218 
used on input line 176.
(pdftex.def)             Requested size: 597.53374pt x 845.08348pt.
File: 2-the-practice-of-reproducilble-research.pdf Graphic file (type pdf)

<use 2-the-practice-of-reproducilble-research.pdf, page 218>
Package pdftex.def Info: 2-the-practice-of-reproducilble-research.pdf, page218 
used on input line 176.
(pdftex.def)             Requested size: 597.53374pt x 845.08348pt.
File: 2-the-practice-of-reproducilble-research.pdf Graphic file (type pdf)

<use 2-the-practice-of-reproducilble-research.pdf, page 218>
Package pdftex.def Info: 2-the-practice-of-reproducilble-research.pdf, page218 
used on input line 176.
(pdftex.def)             Requested size: 597.53374pt x 845.08348pt.
 [348 <./2-the-practice-of-reproducilble-research.pdf>]
<2-the-practice-of-reproducilble-research.pdf, id=2364, page=219, 597.50786pt x
 845.04686pt>
File: 2-the-practice-of-reproducilble-research.pdf Graphic file (type pdf)
 <use 2-the-practice-of-reproducilble-research.pdf, page 219>
Package pdftex.def Info: 2-the-practice-of-reproducilble-research.pdf, page219 
used on input line 176.
(pdftex.def)             Requested size: 597.53374pt x 845.08348pt.
File: 2-the-practice-of-reproducilble-research.pdf Graphic file (type pdf)

<use 2-the-practice-of-reproducilble-research.pdf, page 219>
Package pdftex.def Info: 2-the-practice-of-reproducilble-research.pdf, page219 
used on input line 176.
(pdftex.def)             Requested size: 597.53374pt x 845.08348pt.
File: 2-the-practice-of-reproducilble-research.pdf Graphic file (type pdf)

<use 2-the-practice-of-reproducilble-research.pdf, page 219>
Package pdftex.def Info: 2-the-practice-of-reproducilble-research.pdf, page219 
used on input line 176.
(pdftex.def)             Requested size: 597.53374pt x 845.08348pt.
 [349 <./2-the-practice-of-reproducilble-research.pdf>]
<2-the-practice-of-reproducilble-research.pdf, id=2372, page=220, 597.50786pt x
 845.04686pt>
File: 2-the-practice-of-reproducilble-research.pdf Graphic file (type pdf)
 <use 2-the-practice-of-reproducilble-research.pdf, page 220>
Package pdftex.def Info: 2-the-practice-of-reproducilble-research.pdf, page220 
used on input line 176.
(pdftex.def)             Requested size: 597.53374pt x 845.08348pt.
File: 2-the-practice-of-reproducilble-research.pdf Graphic file (type pdf)

<use 2-the-practice-of-reproducilble-research.pdf, page 220>
Package pdftex.def Info: 2-the-practice-of-reproducilble-research.pdf, page220 
used on input line 176.
(pdftex.def)             Requested size: 597.53374pt x 845.08348pt.
File: 2-the-practice-of-reproducilble-research.pdf Graphic file (type pdf)

<use 2-the-practice-of-reproducilble-research.pdf, page 220>
Package pdftex.def Info: 2-the-practice-of-reproducilble-research.pdf, page220 
used on input line 176.
(pdftex.def)             Requested size: 597.53374pt x 845.08348pt.
 [350 <./2-the-practice-of-reproducilble-research.pdf>]
<2-the-practice-of-reproducilble-research.pdf, id=2377, page=221, 597.50786pt x
 845.04686pt>
File: 2-the-practice-of-reproducilble-research.pdf Graphic file (type pdf)
 <use 2-the-practice-of-reproducilble-research.pdf, page 221>
Package pdftex.def Info: 2-the-practice-of-reproducilble-research.pdf, page221 
used on input line 176.
(pdftex.def)             Requested size: 597.53374pt x 845.08348pt.
File: 2-the-practice-of-reproducilble-research.pdf Graphic file (type pdf)

<use 2-the-practice-of-reproducilble-research.pdf, page 221>
Package pdftex.def Info: 2-the-practice-of-reproducilble-research.pdf, page221 
used on input line 176.
(pdftex.def)             Requested size: 597.53374pt x 845.08348pt.
File: 2-the-practice-of-reproducilble-research.pdf Graphic file (type pdf)

<use 2-the-practice-of-reproducilble-research.pdf, page 221>
Package pdftex.def Info: 2-the-practice-of-reproducilble-research.pdf, page221 
used on input line 176.
(pdftex.def)             Requested size: 597.53374pt x 845.08348pt.
 [351 <./2-the-practice-of-reproducilble-research.pdf>]
<2-the-practice-of-reproducilble-research.pdf, id=2382, page=222, 597.50786pt x
 845.04686pt>
File: 2-the-practice-of-reproducilble-research.pdf Graphic file (type pdf)
 <use 2-the-practice-of-reproducilble-research.pdf, page 222>
Package pdftex.def Info: 2-the-practice-of-reproducilble-research.pdf, page222 
used on input line 176.
(pdftex.def)             Requested size: 597.53374pt x 845.08348pt.
File: 2-the-practice-of-reproducilble-research.pdf Graphic file (type pdf)

<use 2-the-practice-of-reproducilble-research.pdf, page 222>
Package pdftex.def Info: 2-the-practice-of-reproducilble-research.pdf, page222 
used on input line 176.
(pdftex.def)             Requested size: 597.53374pt x 845.08348pt.
File: 2-the-practice-of-reproducilble-research.pdf Graphic file (type pdf)

<use 2-the-practice-of-reproducilble-research.pdf, page 222>
Package pdftex.def Info: 2-the-practice-of-reproducilble-research.pdf, page222 
used on input line 176.
(pdftex.def)             Requested size: 597.53374pt x 845.08348pt.
 [352 <./2-the-practice-of-reproducilble-research.pdf>]
<2-the-practice-of-reproducilble-research.pdf, id=2387, page=223, 597.50786pt x
 845.04686pt>
File: 2-the-practice-of-reproducilble-research.pdf Graphic file (type pdf)
 <use 2-the-practice-of-reproducilble-research.pdf, page 223>
Package pdftex.def Info: 2-the-practice-of-reproducilble-research.pdf, page223 
used on input line 176.
(pdftex.def)             Requested size: 597.53374pt x 845.08348pt.
File: 2-the-practice-of-reproducilble-research.pdf Graphic file (type pdf)

<use 2-the-practice-of-reproducilble-research.pdf, page 223>
Package pdftex.def Info: 2-the-practice-of-reproducilble-research.pdf, page223 
used on input line 176.
(pdftex.def)             Requested size: 597.53374pt x 845.08348pt.
File: 2-the-practice-of-reproducilble-research.pdf Graphic file (type pdf)

<use 2-the-practice-of-reproducilble-research.pdf, page 223>
Package pdftex.def Info: 2-the-practice-of-reproducilble-research.pdf, page223 
used on input line 176.
(pdftex.def)             Requested size: 597.53374pt x 845.08348pt.
 [353 <./2-the-practice-of-reproducilble-research.pdf>]
<2-the-practice-of-reproducilble-research.pdf, id=2392, page=224, 597.50786pt x
 845.04686pt>
File: 2-the-practice-of-reproducilble-research.pdf Graphic file (type pdf)
 <use 2-the-practice-of-reproducilble-research.pdf, page 224>
Package pdftex.def Info: 2-the-practice-of-reproducilble-research.pdf, page224 
used on input line 176.
(pdftex.def)             Requested size: 597.53374pt x 845.08348pt.
File: 2-the-practice-of-reproducilble-research.pdf Graphic file (type pdf)

<use 2-the-practice-of-reproducilble-research.pdf, page 224>
Package pdftex.def Info: 2-the-practice-of-reproducilble-research.pdf, page224 
used on input line 176.
(pdftex.def)             Requested size: 597.53374pt x 845.08348pt.
File: 2-the-practice-of-reproducilble-research.pdf Graphic file (type pdf)

<use 2-the-practice-of-reproducilble-research.pdf, page 224>
Package pdftex.def Info: 2-the-practice-of-reproducilble-research.pdf, page224 
used on input line 176.
(pdftex.def)             Requested size: 597.53374pt x 845.08348pt.
 [354 <./2-the-practice-of-reproducilble-research.pdf>]
<2-the-practice-of-reproducilble-research.pdf, id=2397, page=225, 597.50786pt x
 845.04686pt>
File: 2-the-practice-of-reproducilble-research.pdf Graphic file (type pdf)
 <use 2-the-practice-of-reproducilble-research.pdf, page 225>
Package pdftex.def Info: 2-the-practice-of-reproducilble-research.pdf, page225 
used on input line 176.
(pdftex.def)             Requested size: 597.53374pt x 845.08348pt.
File: 2-the-practice-of-reproducilble-research.pdf Graphic file (type pdf)

<use 2-the-practice-of-reproducilble-research.pdf, page 225>
Package pdftex.def Info: 2-the-practice-of-reproducilble-research.pdf, page225 
used on input line 176.
(pdftex.def)             Requested size: 597.53374pt x 845.08348pt.
File: 2-the-practice-of-reproducilble-research.pdf Graphic file (type pdf)

<use 2-the-practice-of-reproducilble-research.pdf, page 225>
Package pdftex.def Info: 2-the-practice-of-reproducilble-research.pdf, page225 
used on input line 176.
(pdftex.def)             Requested size: 597.53374pt x 845.08348pt.
 [355 <./2-the-practice-of-reproducilble-research.pdf>]
<2-the-practice-of-reproducilble-research.pdf, id=2403, page=226, 597.50786pt x
 845.04686pt>
File: 2-the-practice-of-reproducilble-research.pdf Graphic file (type pdf)
 <use 2-the-practice-of-reproducilble-research.pdf, page 226>
Package pdftex.def Info: 2-the-practice-of-reproducilble-research.pdf, page226 
used on input line 176.
(pdftex.def)             Requested size: 597.53374pt x 845.08348pt.
File: 2-the-practice-of-reproducilble-research.pdf Graphic file (type pdf)

<use 2-the-practice-of-reproducilble-research.pdf, page 226>
Package pdftex.def Info: 2-the-practice-of-reproducilble-research.pdf, page226 
used on input line 176.
(pdftex.def)             Requested size: 597.53374pt x 845.08348pt.
File: 2-the-practice-of-reproducilble-research.pdf Graphic file (type pdf)

<use 2-the-practice-of-reproducilble-research.pdf, page 226>
Package pdftex.def Info: 2-the-practice-of-reproducilble-research.pdf, page226 
used on input line 176.
(pdftex.def)             Requested size: 597.53374pt x 845.08348pt.
 [356 <./2-the-practice-of-reproducilble-research.pdf>]
<2-the-practice-of-reproducilble-research.pdf, id=2409, page=227, 597.50786pt x
 845.04686pt>
File: 2-the-practice-of-reproducilble-research.pdf Graphic file (type pdf)
 <use 2-the-practice-of-reproducilble-research.pdf, page 227>
Package pdftex.def Info: 2-the-practice-of-reproducilble-research.pdf, page227 
used on input line 176.
(pdftex.def)             Requested size: 597.53374pt x 845.08348pt.
File: 2-the-practice-of-reproducilble-research.pdf Graphic file (type pdf)

<use 2-the-practice-of-reproducilble-research.pdf, page 227>
Package pdftex.def Info: 2-the-practice-of-reproducilble-research.pdf, page227 
used on input line 176.
(pdftex.def)             Requested size: 597.53374pt x 845.08348pt.
File: 2-the-practice-of-reproducilble-research.pdf Graphic file (type pdf)

<use 2-the-practice-of-reproducilble-research.pdf, page 227>
Package pdftex.def Info: 2-the-practice-of-reproducilble-research.pdf, page227 
used on input line 176.
(pdftex.def)             Requested size: 597.53374pt x 845.08348pt.
 [357 <./2-the-practice-of-reproducilble-research.pdf>]
<2-the-practice-of-reproducilble-research.pdf, id=2414, page=228, 597.50786pt x
 845.04686pt>
File: 2-the-practice-of-reproducilble-research.pdf Graphic file (type pdf)
 <use 2-the-practice-of-reproducilble-research.pdf, page 228>
Package pdftex.def Info: 2-the-practice-of-reproducilble-research.pdf, page228 
used on input line 176.
(pdftex.def)             Requested size: 597.53374pt x 845.08348pt.
File: 2-the-practice-of-reproducilble-research.pdf Graphic file (type pdf)

<use 2-the-practice-of-reproducilble-research.pdf, page 228>
Package pdftex.def Info: 2-the-practice-of-reproducilble-research.pdf, page228 
used on input line 176.
(pdftex.def)             Requested size: 597.53374pt x 845.08348pt.
File: 2-the-practice-of-reproducilble-research.pdf Graphic file (type pdf)

<use 2-the-practice-of-reproducilble-research.pdf, page 228>
Package pdftex.def Info: 2-the-practice-of-reproducilble-research.pdf, page228 
used on input line 176.
(pdftex.def)             Requested size: 597.53374pt x 845.08348pt.
 [358 <./2-the-practice-of-reproducilble-research.pdf>]
<2-the-practice-of-reproducilble-research.pdf, id=2419, page=229, 597.50786pt x
 845.04686pt>
File: 2-the-practice-of-reproducilble-research.pdf Graphic file (type pdf)
 <use 2-the-practice-of-reproducilble-research.pdf, page 229>
Package pdftex.def Info: 2-the-practice-of-reproducilble-research.pdf, page229 
used on input line 176.
(pdftex.def)             Requested size: 597.53374pt x 845.08348pt.
File: 2-the-practice-of-reproducilble-research.pdf Graphic file (type pdf)

<use 2-the-practice-of-reproducilble-research.pdf, page 229>
Package pdftex.def Info: 2-the-practice-of-reproducilble-research.pdf, page229 
used on input line 176.
(pdftex.def)             Requested size: 597.53374pt x 845.08348pt.
File: 2-the-practice-of-reproducilble-research.pdf Graphic file (type pdf)

<use 2-the-practice-of-reproducilble-research.pdf, page 229>
Package pdftex.def Info: 2-the-practice-of-reproducilble-research.pdf, page229 
used on input line 176.
(pdftex.def)             Requested size: 597.53374pt x 845.08348pt.
 [359 <./2-the-practice-of-reproducilble-research.pdf>]
<2-the-practice-of-reproducilble-research.pdf, id=2424, page=230, 597.50786pt x
 845.04686pt>
File: 2-the-practice-of-reproducilble-research.pdf Graphic file (type pdf)
 <use 2-the-practice-of-reproducilble-research.pdf, page 230>
Package pdftex.def Info: 2-the-practice-of-reproducilble-research.pdf, page230 
used on input line 176.
(pdftex.def)             Requested size: 597.53374pt x 845.08348pt.
File: 2-the-practice-of-reproducilble-research.pdf Graphic file (type pdf)

<use 2-the-practice-of-reproducilble-research.pdf, page 230>
Package pdftex.def Info: 2-the-practice-of-reproducilble-research.pdf, page230 
used on input line 176.
(pdftex.def)             Requested size: 597.53374pt x 845.08348pt.
File: 2-the-practice-of-reproducilble-research.pdf Graphic file (type pdf)

<use 2-the-practice-of-reproducilble-research.pdf, page 230>
Package pdftex.def Info: 2-the-practice-of-reproducilble-research.pdf, page230 
used on input line 176.
(pdftex.def)             Requested size: 597.53374pt x 845.08348pt.
 [360 <./2-the-practice-of-reproducilble-research.pdf>]
<2-the-practice-of-reproducilble-research.pdf, id=2429, page=231, 597.50786pt x
 845.04686pt>
File: 2-the-practice-of-reproducilble-research.pdf Graphic file (type pdf)
 <use 2-the-practice-of-reproducilble-research.pdf, page 231>
Package pdftex.def Info: 2-the-practice-of-reproducilble-research.pdf, page231 
used on input line 176.
(pdftex.def)             Requested size: 597.53374pt x 845.08348pt.
File: 2-the-practice-of-reproducilble-research.pdf Graphic file (type pdf)

<use 2-the-practice-of-reproducilble-research.pdf, page 231>
Package pdftex.def Info: 2-the-practice-of-reproducilble-research.pdf, page231 
used on input line 176.
(pdftex.def)             Requested size: 597.53374pt x 845.08348pt.
File: 2-the-practice-of-reproducilble-research.pdf Graphic file (type pdf)

<use 2-the-practice-of-reproducilble-research.pdf, page 231>
Package pdftex.def Info: 2-the-practice-of-reproducilble-research.pdf, page231 
used on input line 176.
(pdftex.def)             Requested size: 597.53374pt x 845.08348pt.
 [361 <./2-the-practice-of-reproducilble-research.pdf>]
<2-the-practice-of-reproducilble-research.pdf, id=2435, page=232, 597.50786pt x
 845.04686pt>
File: 2-the-practice-of-reproducilble-research.pdf Graphic file (type pdf)
 <use 2-the-practice-of-reproducilble-research.pdf, page 232>
Package pdftex.def Info: 2-the-practice-of-reproducilble-research.pdf, page232 
used on input line 176.
(pdftex.def)             Requested size: 597.53374pt x 845.08348pt.
File: 2-the-practice-of-reproducilble-research.pdf Graphic file (type pdf)

<use 2-the-practice-of-reproducilble-research.pdf, page 232>
Package pdftex.def Info: 2-the-practice-of-reproducilble-research.pdf, page232 
used on input line 176.
(pdftex.def)             Requested size: 597.53374pt x 845.08348pt.
File: 2-the-practice-of-reproducilble-research.pdf Graphic file (type pdf)

<use 2-the-practice-of-reproducilble-research.pdf, page 232>
Package pdftex.def Info: 2-the-practice-of-reproducilble-research.pdf, page232 
used on input line 176.
(pdftex.def)             Requested size: 597.53374pt x 845.08348pt.
 [362 <./2-the-practice-of-reproducilble-research.pdf>]
<2-the-practice-of-reproducilble-research.pdf, id=2442, page=233, 597.50786pt x
 845.04686pt>
File: 2-the-practice-of-reproducilble-research.pdf Graphic file (type pdf)
 <use 2-the-practice-of-reproducilble-research.pdf, page 233>
Package pdftex.def Info: 2-the-practice-of-reproducilble-research.pdf, page233 
used on input line 176.
(pdftex.def)             Requested size: 597.53374pt x 845.08348pt.
File: 2-the-practice-of-reproducilble-research.pdf Graphic file (type pdf)

<use 2-the-practice-of-reproducilble-research.pdf, page 233>
Package pdftex.def Info: 2-the-practice-of-reproducilble-research.pdf, page233 
used on input line 176.
(pdftex.def)             Requested size: 597.53374pt x 845.08348pt.
File: 2-the-practice-of-reproducilble-research.pdf Graphic file (type pdf)

<use 2-the-practice-of-reproducilble-research.pdf, page 233>
Package pdftex.def Info: 2-the-practice-of-reproducilble-research.pdf, page233 
used on input line 176.
(pdftex.def)             Requested size: 597.53374pt x 845.08348pt.
 [363 <./2-the-practice-of-reproducilble-research.pdf>]
<2-the-practice-of-reproducilble-research.pdf, id=2447, page=234, 597.50786pt x
 845.04686pt>
File: 2-the-practice-of-reproducilble-research.pdf Graphic file (type pdf)
 <use 2-the-practice-of-reproducilble-research.pdf, page 234>
Package pdftex.def Info: 2-the-practice-of-reproducilble-research.pdf, page234 
used on input line 176.
(pdftex.def)             Requested size: 597.53374pt x 845.08348pt.
File: 2-the-practice-of-reproducilble-research.pdf Graphic file (type pdf)

<use 2-the-practice-of-reproducilble-research.pdf, page 234>
Package pdftex.def Info: 2-the-practice-of-reproducilble-research.pdf, page234 
used on input line 176.
(pdftex.def)             Requested size: 597.53374pt x 845.08348pt.
File: 2-the-practice-of-reproducilble-research.pdf Graphic file (type pdf)

<use 2-the-practice-of-reproducilble-research.pdf, page 234>
Package pdftex.def Info: 2-the-practice-of-reproducilble-research.pdf, page234 
used on input line 176.
(pdftex.def)             Requested size: 597.53374pt x 845.08348pt.
 [364 <./2-the-practice-of-reproducilble-research.pdf>]
<2-the-practice-of-reproducilble-research.pdf, id=2452, page=235, 597.50786pt x
 845.04686pt>
File: 2-the-practice-of-reproducilble-research.pdf Graphic file (type pdf)
 <use 2-the-practice-of-reproducilble-research.pdf, page 235>
Package pdftex.def Info: 2-the-practice-of-reproducilble-research.pdf, page235 
used on input line 176.
(pdftex.def)             Requested size: 597.53374pt x 845.08348pt.
File: 2-the-practice-of-reproducilble-research.pdf Graphic file (type pdf)

<use 2-the-practice-of-reproducilble-research.pdf, page 235>
Package pdftex.def Info: 2-the-practice-of-reproducilble-research.pdf, page235 
used on input line 176.
(pdftex.def)             Requested size: 597.53374pt x 845.08348pt.
File: 2-the-practice-of-reproducilble-research.pdf Graphic file (type pdf)

<use 2-the-practice-of-reproducilble-research.pdf, page 235>
Package pdftex.def Info: 2-the-practice-of-reproducilble-research.pdf, page235 
used on input line 176.
(pdftex.def)             Requested size: 597.53374pt x 845.08348pt.
 [365 <./2-the-practice-of-reproducilble-research.pdf>]
<2-the-practice-of-reproducilble-research.pdf, id=2457, page=236, 597.50786pt x
 845.04686pt>
File: 2-the-practice-of-reproducilble-research.pdf Graphic file (type pdf)
 <use 2-the-practice-of-reproducilble-research.pdf, page 236>
Package pdftex.def Info: 2-the-practice-of-reproducilble-research.pdf, page236 
used on input line 176.
(pdftex.def)             Requested size: 597.53374pt x 845.08348pt.
File: 2-the-practice-of-reproducilble-research.pdf Graphic file (type pdf)

<use 2-the-practice-of-reproducilble-research.pdf, page 236>
Package pdftex.def Info: 2-the-practice-of-reproducilble-research.pdf, page236 
used on input line 176.
(pdftex.def)             Requested size: 597.53374pt x 845.08348pt.
File: 2-the-practice-of-reproducilble-research.pdf Graphic file (type pdf)

<use 2-the-practice-of-reproducilble-research.pdf, page 236>
Package pdftex.def Info: 2-the-practice-of-reproducilble-research.pdf, page236 
used on input line 176.
(pdftex.def)             Requested size: 597.53374pt x 845.08348pt.
 [366 <./2-the-practice-of-reproducilble-research.pdf>]
<2-the-practice-of-reproducilble-research.pdf, id=2462, page=237, 597.50786pt x
 845.04686pt>
File: 2-the-practice-of-reproducilble-research.pdf Graphic file (type pdf)
 <use 2-the-practice-of-reproducilble-research.pdf, page 237>
Package pdftex.def Info: 2-the-practice-of-reproducilble-research.pdf, page237 
used on input line 176.
(pdftex.def)             Requested size: 597.53374pt x 845.08348pt.
File: 2-the-practice-of-reproducilble-research.pdf Graphic file (type pdf)

<use 2-the-practice-of-reproducilble-research.pdf, page 237>
Package pdftex.def Info: 2-the-practice-of-reproducilble-research.pdf, page237 
used on input line 176.
(pdftex.def)             Requested size: 597.53374pt x 845.08348pt.
File: 2-the-practice-of-reproducilble-research.pdf Graphic file (type pdf)

<use 2-the-practice-of-reproducilble-research.pdf, page 237>
Package pdftex.def Info: 2-the-practice-of-reproducilble-research.pdf, page237 
used on input line 176.
(pdftex.def)             Requested size: 597.53374pt x 845.08348pt.
 [367 <./2-the-practice-of-reproducilble-research.pdf>]
<2-the-practice-of-reproducilble-research.pdf, id=2468, page=238, 597.50786pt x
 845.04686pt>
File: 2-the-practice-of-reproducilble-research.pdf Graphic file (type pdf)
 <use 2-the-practice-of-reproducilble-research.pdf, page 238>
Package pdftex.def Info: 2-the-practice-of-reproducilble-research.pdf, page238 
used on input line 176.
(pdftex.def)             Requested size: 597.53374pt x 845.08348pt.
File: 2-the-practice-of-reproducilble-research.pdf Graphic file (type pdf)

<use 2-the-practice-of-reproducilble-research.pdf, page 238>
Package pdftex.def Info: 2-the-practice-of-reproducilble-research.pdf, page238 
used on input line 176.
(pdftex.def)             Requested size: 597.53374pt x 845.08348pt.
File: 2-the-practice-of-reproducilble-research.pdf Graphic file (type pdf)

<use 2-the-practice-of-reproducilble-research.pdf, page 238>
Package pdftex.def Info: 2-the-practice-of-reproducilble-research.pdf, page238 
used on input line 176.
(pdftex.def)             Requested size: 597.53374pt x 845.08348pt.
 [368 <./2-the-practice-of-reproducilble-research.pdf>]
<2-the-practice-of-reproducilble-research.pdf, id=2475, page=239, 597.50786pt x
 845.04686pt>
File: 2-the-practice-of-reproducilble-research.pdf Graphic file (type pdf)
 <use 2-the-practice-of-reproducilble-research.pdf, page 239>
Package pdftex.def Info: 2-the-practice-of-reproducilble-research.pdf, page239 
used on input line 176.
(pdftex.def)             Requested size: 597.53374pt x 845.08348pt.
File: 2-the-practice-of-reproducilble-research.pdf Graphic file (type pdf)

<use 2-the-practice-of-reproducilble-research.pdf, page 239>
Package pdftex.def Info: 2-the-practice-of-reproducilble-research.pdf, page239 
used on input line 176.
(pdftex.def)             Requested size: 597.53374pt x 845.08348pt.
File: 2-the-practice-of-reproducilble-research.pdf Graphic file (type pdf)

<use 2-the-practice-of-reproducilble-research.pdf, page 239>
Package pdftex.def Info: 2-the-practice-of-reproducilble-research.pdf, page239 
used on input line 176.
(pdftex.def)             Requested size: 597.53374pt x 845.08348pt.
 [369 <./2-the-practice-of-reproducilble-research.pdf>]
<2-the-practice-of-reproducilble-research.pdf, id=2480, page=240, 597.50786pt x
 845.04686pt>
File: 2-the-practice-of-reproducilble-research.pdf Graphic file (type pdf)
 <use 2-the-practice-of-reproducilble-research.pdf, page 240>
Package pdftex.def Info: 2-the-practice-of-reproducilble-research.pdf, page240 
used on input line 176.
(pdftex.def)             Requested size: 597.53374pt x 845.08348pt.
File: 2-the-practice-of-reproducilble-research.pdf Graphic file (type pdf)

<use 2-the-practice-of-reproducilble-research.pdf, page 240>
Package pdftex.def Info: 2-the-practice-of-reproducilble-research.pdf, page240 
used on input line 176.
(pdftex.def)             Requested size: 597.53374pt x 845.08348pt.
File: 2-the-practice-of-reproducilble-research.pdf Graphic file (type pdf)

<use 2-the-practice-of-reproducilble-research.pdf, page 240>
Package pdftex.def Info: 2-the-practice-of-reproducilble-research.pdf, page240 
used on input line 176.
(pdftex.def)             Requested size: 597.53374pt x 845.08348pt.
 [370 <./2-the-practice-of-reproducilble-research.pdf>]
<2-the-practice-of-reproducilble-research.pdf, id=2485, page=241, 597.50786pt x
 845.04686pt>
File: 2-the-practice-of-reproducilble-research.pdf Graphic file (type pdf)
 <use 2-the-practice-of-reproducilble-research.pdf, page 241>
Package pdftex.def Info: 2-the-practice-of-reproducilble-research.pdf, page241 
used on input line 176.
(pdftex.def)             Requested size: 597.53374pt x 845.08348pt.
File: 2-the-practice-of-reproducilble-research.pdf Graphic file (type pdf)

<use 2-the-practice-of-reproducilble-research.pdf, page 241>
Package pdftex.def Info: 2-the-practice-of-reproducilble-research.pdf, page241 
used on input line 176.
(pdftex.def)             Requested size: 597.53374pt x 845.08348pt.
File: 2-the-practice-of-reproducilble-research.pdf Graphic file (type pdf)

<use 2-the-practice-of-reproducilble-research.pdf, page 241>
Package pdftex.def Info: 2-the-practice-of-reproducilble-research.pdf, page241 
used on input line 176.
(pdftex.def)             Requested size: 597.53374pt x 845.08348pt.
 [371 <./2-the-practice-of-reproducilble-research.pdf>]
<2-the-practice-of-reproducilble-research.pdf, id=2490, page=242, 597.50786pt x
 845.04686pt>
File: 2-the-practice-of-reproducilble-research.pdf Graphic file (type pdf)
 <use 2-the-practice-of-reproducilble-research.pdf, page 242>
Package pdftex.def Info: 2-the-practice-of-reproducilble-research.pdf, page242 
used on input line 176.
(pdftex.def)             Requested size: 597.53374pt x 845.08348pt.
File: 2-the-practice-of-reproducilble-research.pdf Graphic file (type pdf)

<use 2-the-practice-of-reproducilble-research.pdf, page 242>
Package pdftex.def Info: 2-the-practice-of-reproducilble-research.pdf, page242 
used on input line 176.
(pdftex.def)             Requested size: 597.53374pt x 845.08348pt.
File: 2-the-practice-of-reproducilble-research.pdf Graphic file (type pdf)

<use 2-the-practice-of-reproducilble-research.pdf, page 242>
Package pdftex.def Info: 2-the-practice-of-reproducilble-research.pdf, page242 
used on input line 176.
(pdftex.def)             Requested size: 597.53374pt x 845.08348pt.
 [372 <./2-the-practice-of-reproducilble-research.pdf>]
<2-the-practice-of-reproducilble-research.pdf, id=2495, page=243, 597.50786pt x
 845.04686pt>
File: 2-the-practice-of-reproducilble-research.pdf Graphic file (type pdf)
 <use 2-the-practice-of-reproducilble-research.pdf, page 243>
Package pdftex.def Info: 2-the-practice-of-reproducilble-research.pdf, page243 
used on input line 176.
(pdftex.def)             Requested size: 597.53374pt x 845.08348pt.
File: 2-the-practice-of-reproducilble-research.pdf Graphic file (type pdf)

<use 2-the-practice-of-reproducilble-research.pdf, page 243>
Package pdftex.def Info: 2-the-practice-of-reproducilble-research.pdf, page243 
used on input line 176.
(pdftex.def)             Requested size: 597.53374pt x 845.08348pt.
File: 2-the-practice-of-reproducilble-research.pdf Graphic file (type pdf)

<use 2-the-practice-of-reproducilble-research.pdf, page 243>
Package pdftex.def Info: 2-the-practice-of-reproducilble-research.pdf, page243 
used on input line 176.
(pdftex.def)             Requested size: 597.53374pt x 845.08348pt.
 [373 <./2-the-practice-of-reproducilble-research.pdf>]
<2-the-practice-of-reproducilble-research.pdf, id=2501, page=244, 597.50786pt x
 845.04686pt>
File: 2-the-practice-of-reproducilble-research.pdf Graphic file (type pdf)
 <use 2-the-practice-of-reproducilble-research.pdf, page 244>
Package pdftex.def Info: 2-the-practice-of-reproducilble-research.pdf, page244 
used on input line 176.
(pdftex.def)             Requested size: 597.53374pt x 845.08348pt.
File: 2-the-practice-of-reproducilble-research.pdf Graphic file (type pdf)

<use 2-the-practice-of-reproducilble-research.pdf, page 244>
Package pdftex.def Info: 2-the-practice-of-reproducilble-research.pdf, page244 
used on input line 176.
(pdftex.def)             Requested size: 597.53374pt x 845.08348pt.
File: 2-the-practice-of-reproducilble-research.pdf Graphic file (type pdf)

<use 2-the-practice-of-reproducilble-research.pdf, page 244>
Package pdftex.def Info: 2-the-practice-of-reproducilble-research.pdf, page244 
used on input line 176.
(pdftex.def)             Requested size: 597.53374pt x 845.08348pt.
 [374 <./2-the-practice-of-reproducilble-research.pdf>]
<2-the-practice-of-reproducilble-research.pdf, id=2506, page=245, 597.50786pt x
 845.04686pt>
File: 2-the-practice-of-reproducilble-research.pdf Graphic file (type pdf)
 <use 2-the-practice-of-reproducilble-research.pdf, page 245>
Package pdftex.def Info: 2-the-practice-of-reproducilble-research.pdf, page245 
used on input line 176.
(pdftex.def)             Requested size: 597.53374pt x 845.08348pt.
File: 2-the-practice-of-reproducilble-research.pdf Graphic file (type pdf)

<use 2-the-practice-of-reproducilble-research.pdf, page 245>
Package pdftex.def Info: 2-the-practice-of-reproducilble-research.pdf, page245 
used on input line 176.
(pdftex.def)             Requested size: 597.53374pt x 845.08348pt.
File: 2-the-practice-of-reproducilble-research.pdf Graphic file (type pdf)

<use 2-the-practice-of-reproducilble-research.pdf, page 245>
Package pdftex.def Info: 2-the-practice-of-reproducilble-research.pdf, page245 
used on input line 176.
(pdftex.def)             Requested size: 597.53374pt x 845.08348pt.
 [375 <./2-the-practice-of-reproducilble-research.pdf>]
<2-the-practice-of-reproducilble-research.pdf, id=2514, page=246, 597.50786pt x
 845.04686pt>
File: 2-the-practice-of-reproducilble-research.pdf Graphic file (type pdf)
 <use 2-the-practice-of-reproducilble-research.pdf, page 246>
Package pdftex.def Info: 2-the-practice-of-reproducilble-research.pdf, page246 
used on input line 176.
(pdftex.def)             Requested size: 597.53374pt x 845.08348pt.
File: 2-the-practice-of-reproducilble-research.pdf Graphic file (type pdf)

<use 2-the-practice-of-reproducilble-research.pdf, page 246>
Package pdftex.def Info: 2-the-practice-of-reproducilble-research.pdf, page246 
used on input line 176.
(pdftex.def)             Requested size: 597.53374pt x 845.08348pt.
File: 2-the-practice-of-reproducilble-research.pdf Graphic file (type pdf)

<use 2-the-practice-of-reproducilble-research.pdf, page 246>
Package pdftex.def Info: 2-the-practice-of-reproducilble-research.pdf, page246 
used on input line 176.
(pdftex.def)             Requested size: 597.53374pt x 845.08348pt.
 [376 <./2-the-practice-of-reproducilble-research.pdf>]
<2-the-practice-of-reproducilble-research.pdf, id=2519, page=247, 597.50786pt x
 845.04686pt>
File: 2-the-practice-of-reproducilble-research.pdf Graphic file (type pdf)
 <use 2-the-practice-of-reproducilble-research.pdf, page 247>
Package pdftex.def Info: 2-the-practice-of-reproducilble-research.pdf, page247 
used on input line 176.
(pdftex.def)             Requested size: 597.53374pt x 845.08348pt.
File: 2-the-practice-of-reproducilble-research.pdf Graphic file (type pdf)

<use 2-the-practice-of-reproducilble-research.pdf, page 247>
Package pdftex.def Info: 2-the-practice-of-reproducilble-research.pdf, page247 
used on input line 176.
(pdftex.def)             Requested size: 597.53374pt x 845.08348pt.
File: 2-the-practice-of-reproducilble-research.pdf Graphic file (type pdf)

<use 2-the-practice-of-reproducilble-research.pdf, page 247>
Package pdftex.def Info: 2-the-practice-of-reproducilble-research.pdf, page247 
used on input line 176.
(pdftex.def)             Requested size: 597.53374pt x 845.08348pt.
 [377 <./2-the-practice-of-reproducilble-research.pdf>]
<2-the-practice-of-reproducilble-research.pdf, id=2524, page=248, 597.50786pt x
 845.04686pt>
File: 2-the-practice-of-reproducilble-research.pdf Graphic file (type pdf)
 <use 2-the-practice-of-reproducilble-research.pdf, page 248>
Package pdftex.def Info: 2-the-practice-of-reproducilble-research.pdf, page248 
used on input line 176.
(pdftex.def)             Requested size: 597.53374pt x 845.08348pt.
File: 2-the-practice-of-reproducilble-research.pdf Graphic file (type pdf)

<use 2-the-practice-of-reproducilble-research.pdf, page 248>
Package pdftex.def Info: 2-the-practice-of-reproducilble-research.pdf, page248 
used on input line 176.
(pdftex.def)             Requested size: 597.53374pt x 845.08348pt.
File: 2-the-practice-of-reproducilble-research.pdf Graphic file (type pdf)

<use 2-the-practice-of-reproducilble-research.pdf, page 248>
Package pdftex.def Info: 2-the-practice-of-reproducilble-research.pdf, page248 
used on input line 176.
(pdftex.def)             Requested size: 597.53374pt x 845.08348pt.
 [378 <./2-the-practice-of-reproducilble-research.pdf>]
<2-the-practice-of-reproducilble-research.pdf, id=2529, page=249, 597.50786pt x
 845.04686pt>
File: 2-the-practice-of-reproducilble-research.pdf Graphic file (type pdf)
 <use 2-the-practice-of-reproducilble-research.pdf, page 249>
Package pdftex.def Info: 2-the-practice-of-reproducilble-research.pdf, page249 
used on input line 176.
(pdftex.def)             Requested size: 597.53374pt x 845.08348pt.
File: 2-the-practice-of-reproducilble-research.pdf Graphic file (type pdf)

<use 2-the-practice-of-reproducilble-research.pdf, page 249>
Package pdftex.def Info: 2-the-practice-of-reproducilble-research.pdf, page249 
used on input line 176.
(pdftex.def)             Requested size: 597.53374pt x 845.08348pt.
File: 2-the-practice-of-reproducilble-research.pdf Graphic file (type pdf)

<use 2-the-practice-of-reproducilble-research.pdf, page 249>
Package pdftex.def Info: 2-the-practice-of-reproducilble-research.pdf, page249 
used on input line 176.
(pdftex.def)             Requested size: 597.53374pt x 845.08348pt.
 [379 <./2-the-practice-of-reproducilble-research.pdf>]
<2-the-practice-of-reproducilble-research.pdf, id=2535, page=250, 597.50786pt x
 845.04686pt>
File: 2-the-practice-of-reproducilble-research.pdf Graphic file (type pdf)
 <use 2-the-practice-of-reproducilble-research.pdf, page 250>
Package pdftex.def Info: 2-the-practice-of-reproducilble-research.pdf, page250 
used on input line 176.
(pdftex.def)             Requested size: 597.53374pt x 845.08348pt.
File: 2-the-practice-of-reproducilble-research.pdf Graphic file (type pdf)

<use 2-the-practice-of-reproducilble-research.pdf, page 250>
Package pdftex.def Info: 2-the-practice-of-reproducilble-research.pdf, page250 
used on input line 176.
(pdftex.def)             Requested size: 597.53374pt x 845.08348pt.
File: 2-the-practice-of-reproducilble-research.pdf Graphic file (type pdf)

<use 2-the-practice-of-reproducilble-research.pdf, page 250>
Package pdftex.def Info: 2-the-practice-of-reproducilble-research.pdf, page250 
used on input line 176.
(pdftex.def)             Requested size: 597.53374pt x 845.08348pt.
 [380 <./2-the-practice-of-reproducilble-research.pdf>]
<2-the-practice-of-reproducilble-research.pdf, id=2540, page=251, 597.50786pt x
 845.04686pt>
File: 2-the-practice-of-reproducilble-research.pdf Graphic file (type pdf)
 <use 2-the-practice-of-reproducilble-research.pdf, page 251>
Package pdftex.def Info: 2-the-practice-of-reproducilble-research.pdf, page251 
used on input line 176.
(pdftex.def)             Requested size: 597.53374pt x 845.08348pt.
File: 2-the-practice-of-reproducilble-research.pdf Graphic file (type pdf)

<use 2-the-practice-of-reproducilble-research.pdf, page 251>
Package pdftex.def Info: 2-the-practice-of-reproducilble-research.pdf, page251 
used on input line 176.
(pdftex.def)             Requested size: 597.53374pt x 845.08348pt.
File: 2-the-practice-of-reproducilble-research.pdf Graphic file (type pdf)

<use 2-the-practice-of-reproducilble-research.pdf, page 251>
Package pdftex.def Info: 2-the-practice-of-reproducilble-research.pdf, page251 
used on input line 176.
(pdftex.def)             Requested size: 597.53374pt x 845.08348pt.
 [381 <./2-the-practice-of-reproducilble-research.pdf>]
<2-the-practice-of-reproducilble-research.pdf, id=2547, page=252, 597.50786pt x
 845.04686pt>
File: 2-the-practice-of-reproducilble-research.pdf Graphic file (type pdf)
 <use 2-the-practice-of-reproducilble-research.pdf, page 252>
Package pdftex.def Info: 2-the-practice-of-reproducilble-research.pdf, page252 
used on input line 176.
(pdftex.def)             Requested size: 597.53374pt x 845.08348pt.
File: 2-the-practice-of-reproducilble-research.pdf Graphic file (type pdf)

<use 2-the-practice-of-reproducilble-research.pdf, page 252>
Package pdftex.def Info: 2-the-practice-of-reproducilble-research.pdf, page252 
used on input line 176.
(pdftex.def)             Requested size: 597.53374pt x 845.08348pt.
File: 2-the-practice-of-reproducilble-research.pdf Graphic file (type pdf)

<use 2-the-practice-of-reproducilble-research.pdf, page 252>
Package pdftex.def Info: 2-the-practice-of-reproducilble-research.pdf, page252 
used on input line 176.
(pdftex.def)             Requested size: 597.53374pt x 845.08348pt.
 [382 <./2-the-practice-of-reproducilble-research.pdf>]
<2-the-practice-of-reproducilble-research.pdf, id=2552, page=253, 597.50786pt x
 845.04686pt>
File: 2-the-practice-of-reproducilble-research.pdf Graphic file (type pdf)
 <use 2-the-practice-of-reproducilble-research.pdf, page 253>
Package pdftex.def Info: 2-the-practice-of-reproducilble-research.pdf, page253 
used on input line 176.
(pdftex.def)             Requested size: 597.53374pt x 845.08348pt.
File: 2-the-practice-of-reproducilble-research.pdf Graphic file (type pdf)

<use 2-the-practice-of-reproducilble-research.pdf, page 253>
Package pdftex.def Info: 2-the-practice-of-reproducilble-research.pdf, page253 
used on input line 176.
(pdftex.def)             Requested size: 597.53374pt x 845.08348pt.
File: 2-the-practice-of-reproducilble-research.pdf Graphic file (type pdf)

<use 2-the-practice-of-reproducilble-research.pdf, page 253>
Package pdftex.def Info: 2-the-practice-of-reproducilble-research.pdf, page253 
used on input line 176.
(pdftex.def)             Requested size: 597.53374pt x 845.08348pt.
 [383 <./2-the-practice-of-reproducilble-research.pdf>]
<2-the-practice-of-reproducilble-research.pdf, id=2557, page=254, 597.50786pt x
 845.04686pt>
File: 2-the-practice-of-reproducilble-research.pdf Graphic file (type pdf)
 <use 2-the-practice-of-reproducilble-research.pdf, page 254>
Package pdftex.def Info: 2-the-practice-of-reproducilble-research.pdf, page254 
used on input line 176.
(pdftex.def)             Requested size: 597.53374pt x 845.08348pt.
File: 2-the-practice-of-reproducilble-research.pdf Graphic file (type pdf)

<use 2-the-practice-of-reproducilble-research.pdf, page 254>
Package pdftex.def Info: 2-the-practice-of-reproducilble-research.pdf, page254 
used on input line 176.
(pdftex.def)             Requested size: 597.53374pt x 845.08348pt.
File: 2-the-practice-of-reproducilble-research.pdf Graphic file (type pdf)

<use 2-the-practice-of-reproducilble-research.pdf, page 254>
Package pdftex.def Info: 2-the-practice-of-reproducilble-research.pdf, page254 
used on input line 176.
(pdftex.def)             Requested size: 597.53374pt x 845.08348pt.
 [384 <./2-the-practice-of-reproducilble-research.pdf>]
<2-the-practice-of-reproducilble-research.pdf, id=2562, page=255, 597.50786pt x
 845.04686pt>
File: 2-the-practice-of-reproducilble-research.pdf Graphic file (type pdf)
 <use 2-the-practice-of-reproducilble-research.pdf, page 255>
Package pdftex.def Info: 2-the-practice-of-reproducilble-research.pdf, page255 
used on input line 176.
(pdftex.def)             Requested size: 597.53374pt x 845.08348pt.
File: 2-the-practice-of-reproducilble-research.pdf Graphic file (type pdf)

<use 2-the-practice-of-reproducilble-research.pdf, page 255>
Package pdftex.def Info: 2-the-practice-of-reproducilble-research.pdf, page255 
used on input line 176.
(pdftex.def)             Requested size: 597.53374pt x 845.08348pt.
File: 2-the-practice-of-reproducilble-research.pdf Graphic file (type pdf)

<use 2-the-practice-of-reproducilble-research.pdf, page 255>
Package pdftex.def Info: 2-the-practice-of-reproducilble-research.pdf, page255 
used on input line 176.
(pdftex.def)             Requested size: 597.53374pt x 845.08348pt.
 [385 <./2-the-practice-of-reproducilble-research.pdf>]
<2-the-practice-of-reproducilble-research.pdf, id=2568, page=256, 597.50786pt x
 845.04686pt>
File: 2-the-practice-of-reproducilble-research.pdf Graphic file (type pdf)
 <use 2-the-practice-of-reproducilble-research.pdf, page 256>
Package pdftex.def Info: 2-the-practice-of-reproducilble-research.pdf, page256 
used on input line 176.
(pdftex.def)             Requested size: 597.53374pt x 845.08348pt.
File: 2-the-practice-of-reproducilble-research.pdf Graphic file (type pdf)

<use 2-the-practice-of-reproducilble-research.pdf, page 256>
Package pdftex.def Info: 2-the-practice-of-reproducilble-research.pdf, page256 
used on input line 176.
(pdftex.def)             Requested size: 597.53374pt x 845.08348pt.
File: 2-the-practice-of-reproducilble-research.pdf Graphic file (type pdf)

<use 2-the-practice-of-reproducilble-research.pdf, page 256>
Package pdftex.def Info: 2-the-practice-of-reproducilble-research.pdf, page256 
used on input line 176.
(pdftex.def)             Requested size: 597.53374pt x 845.08348pt.
 [386 <./2-the-practice-of-reproducilble-research.pdf>]
<2-the-practice-of-reproducilble-research.pdf, id=2575, page=257, 597.50786pt x
 845.04686pt>
File: 2-the-practice-of-reproducilble-research.pdf Graphic file (type pdf)
 <use 2-the-practice-of-reproducilble-research.pdf, page 257>
Package pdftex.def Info: 2-the-practice-of-reproducilble-research.pdf, page257 
used on input line 176.
(pdftex.def)             Requested size: 597.53374pt x 845.08348pt.
File: 2-the-practice-of-reproducilble-research.pdf Graphic file (type pdf)

<use 2-the-practice-of-reproducilble-research.pdf, page 257>
Package pdftex.def Info: 2-the-practice-of-reproducilble-research.pdf, page257 
used on input line 176.
(pdftex.def)             Requested size: 597.53374pt x 845.08348pt.
File: 2-the-practice-of-reproducilble-research.pdf Graphic file (type pdf)

<use 2-the-practice-of-reproducilble-research.pdf, page 257>
Package pdftex.def Info: 2-the-practice-of-reproducilble-research.pdf, page257 
used on input line 176.
(pdftex.def)             Requested size: 597.53374pt x 845.08348pt.
 [387 <./2-the-practice-of-reproducilble-research.pdf>]
<2-the-practice-of-reproducilble-research.pdf, id=2580, page=258, 597.50786pt x
 845.04686pt>
File: 2-the-practice-of-reproducilble-research.pdf Graphic file (type pdf)
 <use 2-the-practice-of-reproducilble-research.pdf, page 258>
Package pdftex.def Info: 2-the-practice-of-reproducilble-research.pdf, page258 
used on input line 176.
(pdftex.def)             Requested size: 597.53374pt x 845.08348pt.
File: 2-the-practice-of-reproducilble-research.pdf Graphic file (type pdf)

<use 2-the-practice-of-reproducilble-research.pdf, page 258>
Package pdftex.def Info: 2-the-practice-of-reproducilble-research.pdf, page258 
used on input line 176.
(pdftex.def)             Requested size: 597.53374pt x 845.08348pt.
File: 2-the-practice-of-reproducilble-research.pdf Graphic file (type pdf)

<use 2-the-practice-of-reproducilble-research.pdf, page 258>
Package pdftex.def Info: 2-the-practice-of-reproducilble-research.pdf, page258 
used on input line 176.
(pdftex.def)             Requested size: 597.53374pt x 845.08348pt.
 [388 <./2-the-practice-of-reproducilble-research.pdf>]
<2-the-practice-of-reproducilble-research.pdf, id=2585, page=259, 597.50786pt x
 845.04686pt>
File: 2-the-practice-of-reproducilble-research.pdf Graphic file (type pdf)
 <use 2-the-practice-of-reproducilble-research.pdf, page 259>
Package pdftex.def Info: 2-the-practice-of-reproducilble-research.pdf, page259 
used on input line 176.
(pdftex.def)             Requested size: 597.53374pt x 845.08348pt.
File: 2-the-practice-of-reproducilble-research.pdf Graphic file (type pdf)

<use 2-the-practice-of-reproducilble-research.pdf, page 259>
Package pdftex.def Info: 2-the-practice-of-reproducilble-research.pdf, page259 
used on input line 176.
(pdftex.def)             Requested size: 597.53374pt x 845.08348pt.
File: 2-the-practice-of-reproducilble-research.pdf Graphic file (type pdf)

<use 2-the-practice-of-reproducilble-research.pdf, page 259>
Package pdftex.def Info: 2-the-practice-of-reproducilble-research.pdf, page259 
used on input line 176.
(pdftex.def)             Requested size: 597.53374pt x 845.08348pt.
 [389 <./2-the-practice-of-reproducilble-research.pdf>]
<2-the-practice-of-reproducilble-research.pdf, id=2590, page=260, 597.50786pt x
 845.04686pt>
File: 2-the-practice-of-reproducilble-research.pdf Graphic file (type pdf)
 <use 2-the-practice-of-reproducilble-research.pdf, page 260>
Package pdftex.def Info: 2-the-practice-of-reproducilble-research.pdf, page260 
used on input line 176.
(pdftex.def)             Requested size: 597.53374pt x 845.08348pt.
File: 2-the-practice-of-reproducilble-research.pdf Graphic file (type pdf)

<use 2-the-practice-of-reproducilble-research.pdf, page 260>
Package pdftex.def Info: 2-the-practice-of-reproducilble-research.pdf, page260 
used on input line 176.
(pdftex.def)             Requested size: 597.53374pt x 845.08348pt.
File: 2-the-practice-of-reproducilble-research.pdf Graphic file (type pdf)

<use 2-the-practice-of-reproducilble-research.pdf, page 260>
Package pdftex.def Info: 2-the-practice-of-reproducilble-research.pdf, page260 
used on input line 176.
(pdftex.def)             Requested size: 597.53374pt x 845.08348pt.
 [390 <./2-the-practice-of-reproducilble-research.pdf>]
<2-the-practice-of-reproducilble-research.pdf, id=2595, page=261, 597.50786pt x
 845.04686pt>
File: 2-the-practice-of-reproducilble-research.pdf Graphic file (type pdf)
 <use 2-the-practice-of-reproducilble-research.pdf, page 261>
Package pdftex.def Info: 2-the-practice-of-reproducilble-research.pdf, page261 
used on input line 176.
(pdftex.def)             Requested size: 597.53374pt x 845.08348pt.
File: 2-the-practice-of-reproducilble-research.pdf Graphic file (type pdf)

<use 2-the-practice-of-reproducilble-research.pdf, page 261>
Package pdftex.def Info: 2-the-practice-of-reproducilble-research.pdf, page261 
used on input line 176.
(pdftex.def)             Requested size: 597.53374pt x 845.08348pt.
File: 2-the-practice-of-reproducilble-research.pdf Graphic file (type pdf)

<use 2-the-practice-of-reproducilble-research.pdf, page 261>
Package pdftex.def Info: 2-the-practice-of-reproducilble-research.pdf, page261 
used on input line 176.
(pdftex.def)             Requested size: 597.53374pt x 845.08348pt.
 [391 <./2-the-practice-of-reproducilble-research.pdf>]
<2-the-practice-of-reproducilble-research.pdf, id=2601, page=262, 597.50786pt x
 845.04686pt>
File: 2-the-practice-of-reproducilble-research.pdf Graphic file (type pdf)
 <use 2-the-practice-of-reproducilble-research.pdf, page 262>
Package pdftex.def Info: 2-the-practice-of-reproducilble-research.pdf, page262 
used on input line 176.
(pdftex.def)             Requested size: 597.53374pt x 845.08348pt.
File: 2-the-practice-of-reproducilble-research.pdf Graphic file (type pdf)

<use 2-the-practice-of-reproducilble-research.pdf, page 262>
Package pdftex.def Info: 2-the-practice-of-reproducilble-research.pdf, page262 
used on input line 176.
(pdftex.def)             Requested size: 597.53374pt x 845.08348pt.
File: 2-the-practice-of-reproducilble-research.pdf Graphic file (type pdf)

<use 2-the-practice-of-reproducilble-research.pdf, page 262>
Package pdftex.def Info: 2-the-practice-of-reproducilble-research.pdf, page262 
used on input line 176.
(pdftex.def)             Requested size: 597.53374pt x 845.08348pt.
 [392 <./2-the-practice-of-reproducilble-research.pdf>]
<2-the-practice-of-reproducilble-research.pdf, id=2606, page=263, 597.50786pt x
 845.04686pt>
File: 2-the-practice-of-reproducilble-research.pdf Graphic file (type pdf)
 <use 2-the-practice-of-reproducilble-research.pdf, page 263>
Package pdftex.def Info: 2-the-practice-of-reproducilble-research.pdf, page263 
used on input line 176.
(pdftex.def)             Requested size: 597.53374pt x 845.08348pt.
File: 2-the-practice-of-reproducilble-research.pdf Graphic file (type pdf)

<use 2-the-practice-of-reproducilble-research.pdf, page 263>
Package pdftex.def Info: 2-the-practice-of-reproducilble-research.pdf, page263 
used on input line 176.
(pdftex.def)             Requested size: 597.53374pt x 845.08348pt.
File: 2-the-practice-of-reproducilble-research.pdf Graphic file (type pdf)

<use 2-the-practice-of-reproducilble-research.pdf, page 263>
Package pdftex.def Info: 2-the-practice-of-reproducilble-research.pdf, page263 
used on input line 176.
(pdftex.def)             Requested size: 597.53374pt x 845.08348pt.
 [393 <./2-the-practice-of-reproducilble-research.pdf>]
<2-the-practice-of-reproducilble-research.pdf, id=2613, page=264, 597.50786pt x
 845.04686pt>
File: 2-the-practice-of-reproducilble-research.pdf Graphic file (type pdf)
 <use 2-the-practice-of-reproducilble-research.pdf, page 264>
Package pdftex.def Info: 2-the-practice-of-reproducilble-research.pdf, page264 
used on input line 176.
(pdftex.def)             Requested size: 597.53374pt x 845.08348pt.
File: 2-the-practice-of-reproducilble-research.pdf Graphic file (type pdf)

<use 2-the-practice-of-reproducilble-research.pdf, page 264>
Package pdftex.def Info: 2-the-practice-of-reproducilble-research.pdf, page264 
used on input line 176.
(pdftex.def)             Requested size: 597.53374pt x 845.08348pt.
File: 2-the-practice-of-reproducilble-research.pdf Graphic file (type pdf)

<use 2-the-practice-of-reproducilble-research.pdf, page 264>
Package pdftex.def Info: 2-the-practice-of-reproducilble-research.pdf, page264 
used on input line 176.
(pdftex.def)             Requested size: 597.53374pt x 845.08348pt.
 [394 <./2-the-practice-of-reproducilble-research.pdf>]
<2-the-practice-of-reproducilble-research.pdf, id=2618, page=265, 597.50786pt x
 845.04686pt>
File: 2-the-practice-of-reproducilble-research.pdf Graphic file (type pdf)
 <use 2-the-practice-of-reproducilble-research.pdf, page 265>
Package pdftex.def Info: 2-the-practice-of-reproducilble-research.pdf, page265 
used on input line 176.
(pdftex.def)             Requested size: 597.53374pt x 845.08348pt.
File: 2-the-practice-of-reproducilble-research.pdf Graphic file (type pdf)

<use 2-the-practice-of-reproducilble-research.pdf, page 265>
Package pdftex.def Info: 2-the-practice-of-reproducilble-research.pdf, page265 
used on input line 176.
(pdftex.def)             Requested size: 597.53374pt x 845.08348pt.
File: 2-the-practice-of-reproducilble-research.pdf Graphic file (type pdf)

<use 2-the-practice-of-reproducilble-research.pdf, page 265>
Package pdftex.def Info: 2-the-practice-of-reproducilble-research.pdf, page265 
used on input line 176.
(pdftex.def)             Requested size: 597.53374pt x 845.08348pt.
 [395 <./2-the-practice-of-reproducilble-research.pdf>]
<2-the-practice-of-reproducilble-research.pdf, id=2623, page=266, 597.50786pt x
 845.04686pt>
File: 2-the-practice-of-reproducilble-research.pdf Graphic file (type pdf)
 <use 2-the-practice-of-reproducilble-research.pdf, page 266>
Package pdftex.def Info: 2-the-practice-of-reproducilble-research.pdf, page266 
used on input line 176.
(pdftex.def)             Requested size: 597.53374pt x 845.08348pt.
File: 2-the-practice-of-reproducilble-research.pdf Graphic file (type pdf)

<use 2-the-practice-of-reproducilble-research.pdf, page 266>
Package pdftex.def Info: 2-the-practice-of-reproducilble-research.pdf, page266 
used on input line 176.
(pdftex.def)             Requested size: 597.53374pt x 845.08348pt.
File: 2-the-practice-of-reproducilble-research.pdf Graphic file (type pdf)

<use 2-the-practice-of-reproducilble-research.pdf, page 266>
Package pdftex.def Info: 2-the-practice-of-reproducilble-research.pdf, page266 
used on input line 176.
(pdftex.def)             Requested size: 597.53374pt x 845.08348pt.
 [396 <./2-the-practice-of-reproducilble-research.pdf>]
<2-the-practice-of-reproducilble-research.pdf, id=2628, page=267, 597.50786pt x
 845.04686pt>
File: 2-the-practice-of-reproducilble-research.pdf Graphic file (type pdf)
 <use 2-the-practice-of-reproducilble-research.pdf, page 267>
Package pdftex.def Info: 2-the-practice-of-reproducilble-research.pdf, page267 
used on input line 176.
(pdftex.def)             Requested size: 597.53374pt x 845.08348pt.
File: 2-the-practice-of-reproducilble-research.pdf Graphic file (type pdf)

<use 2-the-practice-of-reproducilble-research.pdf, page 267>
Package pdftex.def Info: 2-the-practice-of-reproducilble-research.pdf, page267 
used on input line 176.
(pdftex.def)             Requested size: 597.53374pt x 845.08348pt.
File: 2-the-practice-of-reproducilble-research.pdf Graphic file (type pdf)

<use 2-the-practice-of-reproducilble-research.pdf, page 267>
Package pdftex.def Info: 2-the-practice-of-reproducilble-research.pdf, page267 
used on input line 176.
(pdftex.def)             Requested size: 597.53374pt x 845.08348pt.
 [397 <./2-the-practice-of-reproducilble-research.pdf>]
<2-the-practice-of-reproducilble-research.pdf, id=2634, page=268, 597.50786pt x
 845.04686pt>
File: 2-the-practice-of-reproducilble-research.pdf Graphic file (type pdf)
 <use 2-the-practice-of-reproducilble-research.pdf, page 268>
Package pdftex.def Info: 2-the-practice-of-reproducilble-research.pdf, page268 
used on input line 176.
(pdftex.def)             Requested size: 597.53374pt x 845.08348pt.
File: 2-the-practice-of-reproducilble-research.pdf Graphic file (type pdf)

<use 2-the-practice-of-reproducilble-research.pdf, page 268>
Package pdftex.def Info: 2-the-practice-of-reproducilble-research.pdf, page268 
used on input line 176.
(pdftex.def)             Requested size: 597.53374pt x 845.08348pt.
File: 2-the-practice-of-reproducilble-research.pdf Graphic file (type pdf)

<use 2-the-practice-of-reproducilble-research.pdf, page 268>
Package pdftex.def Info: 2-the-practice-of-reproducilble-research.pdf, page268 
used on input line 176.
(pdftex.def)             Requested size: 597.53374pt x 845.08348pt.
 [398 <./2-the-practice-of-reproducilble-research.pdf>]
<2-the-practice-of-reproducilble-research.pdf, id=2639, page=269, 597.50786pt x
 845.04686pt>
File: 2-the-practice-of-reproducilble-research.pdf Graphic file (type pdf)
 <use 2-the-practice-of-reproducilble-research.pdf, page 269>
Package pdftex.def Info: 2-the-practice-of-reproducilble-research.pdf, page269 
used on input line 176.
(pdftex.def)             Requested size: 597.53374pt x 845.08348pt.
File: 2-the-practice-of-reproducilble-research.pdf Graphic file (type pdf)

<use 2-the-practice-of-reproducilble-research.pdf, page 269>
Package pdftex.def Info: 2-the-practice-of-reproducilble-research.pdf, page269 
used on input line 176.
(pdftex.def)             Requested size: 597.53374pt x 845.08348pt.
File: 2-the-practice-of-reproducilble-research.pdf Graphic file (type pdf)

<use 2-the-practice-of-reproducilble-research.pdf, page 269>
Package pdftex.def Info: 2-the-practice-of-reproducilble-research.pdf, page269 
used on input line 176.
(pdftex.def)             Requested size: 597.53374pt x 845.08348pt.
 [399 <./2-the-practice-of-reproducilble-research.pdf>]
<2-the-practice-of-reproducilble-research.pdf, id=2645, page=270, 597.50786pt x
 845.04686pt>
File: 2-the-practice-of-reproducilble-research.pdf Graphic file (type pdf)
 <use 2-the-practice-of-reproducilble-research.pdf, page 270>
Package pdftex.def Info: 2-the-practice-of-reproducilble-research.pdf, page270 
used on input line 176.
(pdftex.def)             Requested size: 597.53374pt x 845.08348pt.
File: 2-the-practice-of-reproducilble-research.pdf Graphic file (type pdf)

<use 2-the-practice-of-reproducilble-research.pdf, page 270>
Package pdftex.def Info: 2-the-practice-of-reproducilble-research.pdf, page270 
used on input line 176.
(pdftex.def)             Requested size: 597.53374pt x 845.08348pt.
File: 2-the-practice-of-reproducilble-research.pdf Graphic file (type pdf)

<use 2-the-practice-of-reproducilble-research.pdf, page 270>
Package pdftex.def Info: 2-the-practice-of-reproducilble-research.pdf, page270 
used on input line 176.
(pdftex.def)             Requested size: 597.53374pt x 845.08348pt.
 [400 <./2-the-practice-of-reproducilble-research.pdf>]
<2-the-practice-of-reproducilble-research.pdf, id=2650, page=271, 597.50786pt x
 845.04686pt>
File: 2-the-practice-of-reproducilble-research.pdf Graphic file (type pdf)
 <use 2-the-practice-of-reproducilble-research.pdf, page 271>
Package pdftex.def Info: 2-the-practice-of-reproducilble-research.pdf, page271 
used on input line 176.
(pdftex.def)             Requested size: 597.53374pt x 845.08348pt.
File: 2-the-practice-of-reproducilble-research.pdf Graphic file (type pdf)

<use 2-the-practice-of-reproducilble-research.pdf, page 271>
Package pdftex.def Info: 2-the-practice-of-reproducilble-research.pdf, page271 
used on input line 176.
(pdftex.def)             Requested size: 597.53374pt x 845.08348pt.
File: 2-the-practice-of-reproducilble-research.pdf Graphic file (type pdf)

<use 2-the-practice-of-reproducilble-research.pdf, page 271>
Package pdftex.def Info: 2-the-practice-of-reproducilble-research.pdf, page271 
used on input line 176.
(pdftex.def)             Requested size: 597.53374pt x 845.08348pt.
 [401 <./2-the-practice-of-reproducilble-research.pdf>]
<2-the-practice-of-reproducilble-research.pdf, id=2655, page=272, 597.50786pt x
 845.04686pt>
File: 2-the-practice-of-reproducilble-research.pdf Graphic file (type pdf)
 <use 2-the-practice-of-reproducilble-research.pdf, page 272>
Package pdftex.def Info: 2-the-practice-of-reproducilble-research.pdf, page272 
used on input line 176.
(pdftex.def)             Requested size: 597.53374pt x 845.08348pt.
File: 2-the-practice-of-reproducilble-research.pdf Graphic file (type pdf)

<use 2-the-practice-of-reproducilble-research.pdf, page 272>
Package pdftex.def Info: 2-the-practice-of-reproducilble-research.pdf, page272 
used on input line 176.
(pdftex.def)             Requested size: 597.53374pt x 845.08348pt.
File: 2-the-practice-of-reproducilble-research.pdf Graphic file (type pdf)

<use 2-the-practice-of-reproducilble-research.pdf, page 272>
Package pdftex.def Info: 2-the-practice-of-reproducilble-research.pdf, page272 
used on input line 176.
(pdftex.def)             Requested size: 597.53374pt x 845.08348pt.
 [402 <./2-the-practice-of-reproducilble-research.pdf>]
<2-the-practice-of-reproducilble-research.pdf, id=2660, page=273, 597.50786pt x
 845.04686pt>
File: 2-the-practice-of-reproducilble-research.pdf Graphic file (type pdf)
 <use 2-the-practice-of-reproducilble-research.pdf, page 273>
Package pdftex.def Info: 2-the-practice-of-reproducilble-research.pdf, page273 
used on input line 176.
(pdftex.def)             Requested size: 597.53374pt x 845.08348pt.
File: 2-the-practice-of-reproducilble-research.pdf Graphic file (type pdf)

<use 2-the-practice-of-reproducilble-research.pdf, page 273>
Package pdftex.def Info: 2-the-practice-of-reproducilble-research.pdf, page273 
used on input line 176.
(pdftex.def)             Requested size: 597.53374pt x 845.08348pt.
File: 2-the-practice-of-reproducilble-research.pdf Graphic file (type pdf)

<use 2-the-practice-of-reproducilble-research.pdf, page 273>
Package pdftex.def Info: 2-the-practice-of-reproducilble-research.pdf, page273 
used on input line 176.
(pdftex.def)             Requested size: 597.53374pt x 845.08348pt.
 [403 <./2-the-practice-of-reproducilble-research.pdf>]
<2-the-practice-of-reproducilble-research.pdf, id=2666, page=274, 597.50786pt x
 845.04686pt>
File: 2-the-practice-of-reproducilble-research.pdf Graphic file (type pdf)
 <use 2-the-practice-of-reproducilble-research.pdf, page 274>
Package pdftex.def Info: 2-the-practice-of-reproducilble-research.pdf, page274 
used on input line 176.
(pdftex.def)             Requested size: 597.53374pt x 845.08348pt.
File: 2-the-practice-of-reproducilble-research.pdf Graphic file (type pdf)

<use 2-the-practice-of-reproducilble-research.pdf, page 274>
Package pdftex.def Info: 2-the-practice-of-reproducilble-research.pdf, page274 
used on input line 176.
(pdftex.def)             Requested size: 597.53374pt x 845.08348pt.
File: 2-the-practice-of-reproducilble-research.pdf Graphic file (type pdf)

<use 2-the-practice-of-reproducilble-research.pdf, page 274>
Package pdftex.def Info: 2-the-practice-of-reproducilble-research.pdf, page274 
used on input line 176.
(pdftex.def)             Requested size: 597.53374pt x 845.08348pt.
 [404 <./2-the-practice-of-reproducilble-research.pdf>]
<2-the-practice-of-reproducilble-research.pdf, id=2671, page=275, 597.50786pt x
 845.04686pt>
File: 2-the-practice-of-reproducilble-research.pdf Graphic file (type pdf)
 <use 2-the-practice-of-reproducilble-research.pdf, page 275>
Package pdftex.def Info: 2-the-practice-of-reproducilble-research.pdf, page275 
used on input line 176.
(pdftex.def)             Requested size: 597.53374pt x 845.08348pt.
File: 2-the-practice-of-reproducilble-research.pdf Graphic file (type pdf)

<use 2-the-practice-of-reproducilble-research.pdf, page 275>
Package pdftex.def Info: 2-the-practice-of-reproducilble-research.pdf, page275 
used on input line 176.
(pdftex.def)             Requested size: 597.53374pt x 845.08348pt.
File: 2-the-practice-of-reproducilble-research.pdf Graphic file (type pdf)

<use 2-the-practice-of-reproducilble-research.pdf, page 275>
Package pdftex.def Info: 2-the-practice-of-reproducilble-research.pdf, page275 
used on input line 176.
(pdftex.def)             Requested size: 597.53374pt x 845.08348pt.
 [405 <./2-the-practice-of-reproducilble-research.pdf>]
<2-the-practice-of-reproducilble-research.pdf, id=2677, page=276, 597.50786pt x
 845.04686pt>
File: 2-the-practice-of-reproducilble-research.pdf Graphic file (type pdf)
 <use 2-the-practice-of-reproducilble-research.pdf, page 276>
Package pdftex.def Info: 2-the-practice-of-reproducilble-research.pdf, page276 
used on input line 176.
(pdftex.def)             Requested size: 597.53374pt x 845.08348pt.
File: 2-the-practice-of-reproducilble-research.pdf Graphic file (type pdf)

<use 2-the-practice-of-reproducilble-research.pdf, page 276>
Package pdftex.def Info: 2-the-practice-of-reproducilble-research.pdf, page276 
used on input line 176.
(pdftex.def)             Requested size: 597.53374pt x 845.08348pt.
File: 2-the-practice-of-reproducilble-research.pdf Graphic file (type pdf)

<use 2-the-practice-of-reproducilble-research.pdf, page 276>
Package pdftex.def Info: 2-the-practice-of-reproducilble-research.pdf, page276 
used on input line 176.
(pdftex.def)             Requested size: 597.53374pt x 845.08348pt.
 [406 <./2-the-practice-of-reproducilble-research.pdf>]
<2-the-practice-of-reproducilble-research.pdf, id=2682, page=277, 597.50786pt x
 845.04686pt>
File: 2-the-practice-of-reproducilble-research.pdf Graphic file (type pdf)
 <use 2-the-practice-of-reproducilble-research.pdf, page 277>
Package pdftex.def Info: 2-the-practice-of-reproducilble-research.pdf, page277 
used on input line 176.
(pdftex.def)             Requested size: 597.53374pt x 845.08348pt.
File: 2-the-practice-of-reproducilble-research.pdf Graphic file (type pdf)

<use 2-the-practice-of-reproducilble-research.pdf, page 277>
Package pdftex.def Info: 2-the-practice-of-reproducilble-research.pdf, page277 
used on input line 176.
(pdftex.def)             Requested size: 597.53374pt x 845.08348pt.
File: 2-the-practice-of-reproducilble-research.pdf Graphic file (type pdf)

<use 2-the-practice-of-reproducilble-research.pdf, page 277>
Package pdftex.def Info: 2-the-practice-of-reproducilble-research.pdf, page277 
used on input line 176.
(pdftex.def)             Requested size: 597.53374pt x 845.08348pt.
 [407 <./2-the-practice-of-reproducilble-research.pdf>]
<2-the-practice-of-reproducilble-research.pdf, id=2687, page=278, 597.50786pt x
 845.04686pt>
File: 2-the-practice-of-reproducilble-research.pdf Graphic file (type pdf)
 <use 2-the-practice-of-reproducilble-research.pdf, page 278>
Package pdftex.def Info: 2-the-practice-of-reproducilble-research.pdf, page278 
used on input line 176.
(pdftex.def)             Requested size: 597.53374pt x 845.08348pt.
File: 2-the-practice-of-reproducilble-research.pdf Graphic file (type pdf)

<use 2-the-practice-of-reproducilble-research.pdf, page 278>
Package pdftex.def Info: 2-the-practice-of-reproducilble-research.pdf, page278 
used on input line 176.
(pdftex.def)             Requested size: 597.53374pt x 845.08348pt.
File: 2-the-practice-of-reproducilble-research.pdf Graphic file (type pdf)

<use 2-the-practice-of-reproducilble-research.pdf, page 278>
Package pdftex.def Info: 2-the-practice-of-reproducilble-research.pdf, page278 
used on input line 176.
(pdftex.def)             Requested size: 597.53374pt x 845.08348pt.
 [408 <./2-the-practice-of-reproducilble-research.pdf>]
<2-the-practice-of-reproducilble-research.pdf, id=2692, page=279, 597.50786pt x
 845.04686pt>
File: 2-the-practice-of-reproducilble-research.pdf Graphic file (type pdf)
 <use 2-the-practice-of-reproducilble-research.pdf, page 279>
Package pdftex.def Info: 2-the-practice-of-reproducilble-research.pdf, page279 
used on input line 176.
(pdftex.def)             Requested size: 597.53374pt x 845.08348pt.
File: 2-the-practice-of-reproducilble-research.pdf Graphic file (type pdf)

<use 2-the-practice-of-reproducilble-research.pdf, page 279>
Package pdftex.def Info: 2-the-practice-of-reproducilble-research.pdf, page279 
used on input line 176.
(pdftex.def)             Requested size: 597.53374pt x 845.08348pt.
File: 2-the-practice-of-reproducilble-research.pdf Graphic file (type pdf)

<use 2-the-practice-of-reproducilble-research.pdf, page 279>
Package pdftex.def Info: 2-the-practice-of-reproducilble-research.pdf, page279 
used on input line 176.
(pdftex.def)             Requested size: 597.53374pt x 845.08348pt.
 [409 <./2-the-practice-of-reproducilble-research.pdf>]
<2-the-practice-of-reproducilble-research.pdf, id=2699, page=280, 597.50786pt x
 845.04686pt>
File: 2-the-practice-of-reproducilble-research.pdf Graphic file (type pdf)
 <use 2-the-practice-of-reproducilble-research.pdf, page 280>
Package pdftex.def Info: 2-the-practice-of-reproducilble-research.pdf, page280 
used on input line 176.
(pdftex.def)             Requested size: 597.53374pt x 845.08348pt.
File: 2-the-practice-of-reproducilble-research.pdf Graphic file (type pdf)

<use 2-the-practice-of-reproducilble-research.pdf, page 280>
Package pdftex.def Info: 2-the-practice-of-reproducilble-research.pdf, page280 
used on input line 176.
(pdftex.def)             Requested size: 597.53374pt x 845.08348pt.
File: 2-the-practice-of-reproducilble-research.pdf Graphic file (type pdf)

<use 2-the-practice-of-reproducilble-research.pdf, page 280>
Package pdftex.def Info: 2-the-practice-of-reproducilble-research.pdf, page280 
used on input line 176.
(pdftex.def)             Requested size: 597.53374pt x 845.08348pt.
 [410 <./2-the-practice-of-reproducilble-research.pdf>]
<2-the-practice-of-reproducilble-research.pdf, id=2704, page=281, 597.50786pt x
 845.04686pt>
File: 2-the-practice-of-reproducilble-research.pdf Graphic file (type pdf)
 <use 2-the-practice-of-reproducilble-research.pdf, page 281>
Package pdftex.def Info: 2-the-practice-of-reproducilble-research.pdf, page281 
used on input line 176.
(pdftex.def)             Requested size: 597.53374pt x 845.08348pt.
File: 2-the-practice-of-reproducilble-research.pdf Graphic file (type pdf)

<use 2-the-practice-of-reproducilble-research.pdf, page 281>
Package pdftex.def Info: 2-the-practice-of-reproducilble-research.pdf, page281 
used on input line 176.
(pdftex.def)             Requested size: 597.53374pt x 845.08348pt.
File: 2-the-practice-of-reproducilble-research.pdf Graphic file (type pdf)

<use 2-the-practice-of-reproducilble-research.pdf, page 281>
Package pdftex.def Info: 2-the-practice-of-reproducilble-research.pdf, page281 
used on input line 176.
(pdftex.def)             Requested size: 597.53374pt x 845.08348pt.
 [411 <./2-the-practice-of-reproducilble-research.pdf>]
<2-the-practice-of-reproducilble-research.pdf, id=2710, page=282, 597.50786pt x
 845.04686pt>
File: 2-the-practice-of-reproducilble-research.pdf Graphic file (type pdf)
 <use 2-the-practice-of-reproducilble-research.pdf, page 282>
Package pdftex.def Info: 2-the-practice-of-reproducilble-research.pdf, page282 
used on input line 176.
(pdftex.def)             Requested size: 597.53374pt x 845.08348pt.
File: 2-the-practice-of-reproducilble-research.pdf Graphic file (type pdf)

<use 2-the-practice-of-reproducilble-research.pdf, page 282>
Package pdftex.def Info: 2-the-practice-of-reproducilble-research.pdf, page282 
used on input line 176.
(pdftex.def)             Requested size: 597.53374pt x 845.08348pt.
File: 2-the-practice-of-reproducilble-research.pdf Graphic file (type pdf)

<use 2-the-practice-of-reproducilble-research.pdf, page 282>
Package pdftex.def Info: 2-the-practice-of-reproducilble-research.pdf, page282 
used on input line 176.
(pdftex.def)             Requested size: 597.53374pt x 845.08348pt.
 [412 <./2-the-practice-of-reproducilble-research.pdf>]
<2-the-practice-of-reproducilble-research.pdf, id=2715, page=283, 597.50786pt x
 845.04686pt>
File: 2-the-practice-of-reproducilble-research.pdf Graphic file (type pdf)
 <use 2-the-practice-of-reproducilble-research.pdf, page 283>
Package pdftex.def Info: 2-the-practice-of-reproducilble-research.pdf, page283 
used on input line 176.
(pdftex.def)             Requested size: 597.53374pt x 845.08348pt.
File: 2-the-practice-of-reproducilble-research.pdf Graphic file (type pdf)

<use 2-the-practice-of-reproducilble-research.pdf, page 283>
Package pdftex.def Info: 2-the-practice-of-reproducilble-research.pdf, page283 
used on input line 176.
(pdftex.def)             Requested size: 597.53374pt x 845.08348pt.
File: 2-the-practice-of-reproducilble-research.pdf Graphic file (type pdf)

<use 2-the-practice-of-reproducilble-research.pdf, page 283>
Package pdftex.def Info: 2-the-practice-of-reproducilble-research.pdf, page283 
used on input line 176.
(pdftex.def)             Requested size: 597.53374pt x 845.08348pt.
 [413 <./2-the-practice-of-reproducilble-research.pdf>]
<2-the-practice-of-reproducilble-research.pdf, id=2720, page=284, 597.50786pt x
 845.04686pt>
File: 2-the-practice-of-reproducilble-research.pdf Graphic file (type pdf)
 <use 2-the-practice-of-reproducilble-research.pdf, page 284>
Package pdftex.def Info: 2-the-practice-of-reproducilble-research.pdf, page284 
used on input line 176.
(pdftex.def)             Requested size: 597.53374pt x 845.08348pt.
File: 2-the-practice-of-reproducilble-research.pdf Graphic file (type pdf)

<use 2-the-practice-of-reproducilble-research.pdf, page 284>
Package pdftex.def Info: 2-the-practice-of-reproducilble-research.pdf, page284 
used on input line 176.
(pdftex.def)             Requested size: 597.53374pt x 845.08348pt.
File: 2-the-practice-of-reproducilble-research.pdf Graphic file (type pdf)

<use 2-the-practice-of-reproducilble-research.pdf, page 284>
Package pdftex.def Info: 2-the-practice-of-reproducilble-research.pdf, page284 
used on input line 176.
(pdftex.def)             Requested size: 597.53374pt x 845.08348pt.
 [414 <./2-the-practice-of-reproducilble-research.pdf>]
<2-the-practice-of-reproducilble-research.pdf, id=2725, page=285, 597.50786pt x
 845.04686pt>
File: 2-the-practice-of-reproducilble-research.pdf Graphic file (type pdf)
 <use 2-the-practice-of-reproducilble-research.pdf, page 285>
Package pdftex.def Info: 2-the-practice-of-reproducilble-research.pdf, page285 
used on input line 176.
(pdftex.def)             Requested size: 597.53374pt x 845.08348pt.
File: 2-the-practice-of-reproducilble-research.pdf Graphic file (type pdf)

<use 2-the-practice-of-reproducilble-research.pdf, page 285>
Package pdftex.def Info: 2-the-practice-of-reproducilble-research.pdf, page285 
used on input line 176.
(pdftex.def)             Requested size: 597.53374pt x 845.08348pt.
File: 2-the-practice-of-reproducilble-research.pdf Graphic file (type pdf)

<use 2-the-practice-of-reproducilble-research.pdf, page 285>
Package pdftex.def Info: 2-the-practice-of-reproducilble-research.pdf, page285 
used on input line 176.
(pdftex.def)             Requested size: 597.53374pt x 845.08348pt.
 [415 <./2-the-practice-of-reproducilble-research.pdf>]
<2-the-practice-of-reproducilble-research.pdf, id=2731, page=286, 597.50786pt x
 845.04686pt>
File: 2-the-practice-of-reproducilble-research.pdf Graphic file (type pdf)
 <use 2-the-practice-of-reproducilble-research.pdf, page 286>
Package pdftex.def Info: 2-the-practice-of-reproducilble-research.pdf, page286 
used on input line 176.
(pdftex.def)             Requested size: 597.53374pt x 845.08348pt.
File: 2-the-practice-of-reproducilble-research.pdf Graphic file (type pdf)

<use 2-the-practice-of-reproducilble-research.pdf, page 286>
Package pdftex.def Info: 2-the-practice-of-reproducilble-research.pdf, page286 
used on input line 176.
(pdftex.def)             Requested size: 597.53374pt x 845.08348pt.
File: 2-the-practice-of-reproducilble-research.pdf Graphic file (type pdf)

<use 2-the-practice-of-reproducilble-research.pdf, page 286>
Package pdftex.def Info: 2-the-practice-of-reproducilble-research.pdf, page286 
used on input line 176.
(pdftex.def)             Requested size: 597.53374pt x 845.08348pt.
 [416 <./2-the-practice-of-reproducilble-research.pdf>]
<2-the-practice-of-reproducilble-research.pdf, id=2737, page=287, 597.50786pt x
 845.04686pt>
File: 2-the-practice-of-reproducilble-research.pdf Graphic file (type pdf)
 <use 2-the-practice-of-reproducilble-research.pdf, page 287>
Package pdftex.def Info: 2-the-practice-of-reproducilble-research.pdf, page287 
used on input line 176.
(pdftex.def)             Requested size: 597.53374pt x 845.08348pt.
File: 2-the-practice-of-reproducilble-research.pdf Graphic file (type pdf)

<use 2-the-practice-of-reproducilble-research.pdf, page 287>
Package pdftex.def Info: 2-the-practice-of-reproducilble-research.pdf, page287 
used on input line 176.
(pdftex.def)             Requested size: 597.53374pt x 845.08348pt.
File: 2-the-practice-of-reproducilble-research.pdf Graphic file (type pdf)

<use 2-the-practice-of-reproducilble-research.pdf, page 287>
Package pdftex.def Info: 2-the-practice-of-reproducilble-research.pdf, page287 
used on input line 176.
(pdftex.def)             Requested size: 597.53374pt x 845.08348pt.
 [417 <./2-the-practice-of-reproducilble-research.pdf>]
<2-the-practice-of-reproducilble-research.pdf, id=2742, page=288, 597.50786pt x
 845.04686pt>
File: 2-the-practice-of-reproducilble-research.pdf Graphic file (type pdf)
 <use 2-the-practice-of-reproducilble-research.pdf, page 288>
Package pdftex.def Info: 2-the-practice-of-reproducilble-research.pdf, page288 
used on input line 176.
(pdftex.def)             Requested size: 597.53374pt x 845.08348pt.
File: 2-the-practice-of-reproducilble-research.pdf Graphic file (type pdf)

<use 2-the-practice-of-reproducilble-research.pdf, page 288>
Package pdftex.def Info: 2-the-practice-of-reproducilble-research.pdf, page288 
used on input line 176.
(pdftex.def)             Requested size: 597.53374pt x 845.08348pt.
File: 2-the-practice-of-reproducilble-research.pdf Graphic file (type pdf)

<use 2-the-practice-of-reproducilble-research.pdf, page 288>
Package pdftex.def Info: 2-the-practice-of-reproducilble-research.pdf, page288 
used on input line 176.
(pdftex.def)             Requested size: 597.53374pt x 845.08348pt.
 [418 <./2-the-practice-of-reproducilble-research.pdf>]
<2-the-practice-of-reproducilble-research.pdf, id=2747, page=289, 597.50786pt x
 845.04686pt>
File: 2-the-practice-of-reproducilble-research.pdf Graphic file (type pdf)
 <use 2-the-practice-of-reproducilble-research.pdf, page 289>
Package pdftex.def Info: 2-the-practice-of-reproducilble-research.pdf, page289 
used on input line 176.
(pdftex.def)             Requested size: 597.53374pt x 845.08348pt.
File: 2-the-practice-of-reproducilble-research.pdf Graphic file (type pdf)

<use 2-the-practice-of-reproducilble-research.pdf, page 289>
Package pdftex.def Info: 2-the-practice-of-reproducilble-research.pdf, page289 
used on input line 176.
(pdftex.def)             Requested size: 597.53374pt x 845.08348pt.
File: 2-the-practice-of-reproducilble-research.pdf Graphic file (type pdf)

<use 2-the-practice-of-reproducilble-research.pdf, page 289>
Package pdftex.def Info: 2-the-practice-of-reproducilble-research.pdf, page289 
used on input line 176.
(pdftex.def)             Requested size: 597.53374pt x 845.08348pt.
 [419 <./2-the-practice-of-reproducilble-research.pdf>]
<2-the-practice-of-reproducilble-research.pdf, id=2752, page=290, 597.50786pt x
 845.04686pt>
File: 2-the-practice-of-reproducilble-research.pdf Graphic file (type pdf)
 <use 2-the-practice-of-reproducilble-research.pdf, page 290>
Package pdftex.def Info: 2-the-practice-of-reproducilble-research.pdf, page290 
used on input line 176.
(pdftex.def)             Requested size: 597.53374pt x 845.08348pt.
File: 2-the-practice-of-reproducilble-research.pdf Graphic file (type pdf)

<use 2-the-practice-of-reproducilble-research.pdf, page 290>
Package pdftex.def Info: 2-the-practice-of-reproducilble-research.pdf, page290 
used on input line 176.
(pdftex.def)             Requested size: 597.53374pt x 845.08348pt.
File: 2-the-practice-of-reproducilble-research.pdf Graphic file (type pdf)

<use 2-the-practice-of-reproducilble-research.pdf, page 290>
Package pdftex.def Info: 2-the-practice-of-reproducilble-research.pdf, page290 
used on input line 176.
(pdftex.def)             Requested size: 597.53374pt x 845.08348pt.
 [420 <./2-the-practice-of-reproducilble-research.pdf>]
<2-the-practice-of-reproducilble-research.pdf, id=2757, page=291, 597.50786pt x
 845.04686pt>
File: 2-the-practice-of-reproducilble-research.pdf Graphic file (type pdf)
 <use 2-the-practice-of-reproducilble-research.pdf, page 291>
Package pdftex.def Info: 2-the-practice-of-reproducilble-research.pdf, page291 
used on input line 176.
(pdftex.def)             Requested size: 597.53374pt x 845.08348pt.
File: 2-the-practice-of-reproducilble-research.pdf Graphic file (type pdf)

<use 2-the-practice-of-reproducilble-research.pdf, page 291>
Package pdftex.def Info: 2-the-practice-of-reproducilble-research.pdf, page291 
used on input line 176.
(pdftex.def)             Requested size: 597.53374pt x 845.08348pt.
File: 2-the-practice-of-reproducilble-research.pdf Graphic file (type pdf)

<use 2-the-practice-of-reproducilble-research.pdf, page 291>
Package pdftex.def Info: 2-the-practice-of-reproducilble-research.pdf, page291 
used on input line 176.
(pdftex.def)             Requested size: 597.53374pt x 845.08348pt.
 [421 <./2-the-practice-of-reproducilble-research.pdf>]
<2-the-practice-of-reproducilble-research.pdf, id=2765, page=292, 597.50786pt x
 845.04686pt>
File: 2-the-practice-of-reproducilble-research.pdf Graphic file (type pdf)
 <use 2-the-practice-of-reproducilble-research.pdf, page 292>
Package pdftex.def Info: 2-the-practice-of-reproducilble-research.pdf, page292 
used on input line 176.
(pdftex.def)             Requested size: 597.53374pt x 845.08348pt.
File: 2-the-practice-of-reproducilble-research.pdf Graphic file (type pdf)

<use 2-the-practice-of-reproducilble-research.pdf, page 292>
Package pdftex.def Info: 2-the-practice-of-reproducilble-research.pdf, page292 
used on input line 176.
(pdftex.def)             Requested size: 597.53374pt x 845.08348pt.
File: 2-the-practice-of-reproducilble-research.pdf Graphic file (type pdf)

<use 2-the-practice-of-reproducilble-research.pdf, page 292>
Package pdftex.def Info: 2-the-practice-of-reproducilble-research.pdf, page292 
used on input line 176.
(pdftex.def)             Requested size: 597.53374pt x 845.08348pt.
 [422 <./2-the-practice-of-reproducilble-research.pdf>]
<2-the-practice-of-reproducilble-research.pdf, id=2770, page=293, 597.50786pt x
 845.04686pt>
File: 2-the-practice-of-reproducilble-research.pdf Graphic file (type pdf)
 <use 2-the-practice-of-reproducilble-research.pdf, page 293>
Package pdftex.def Info: 2-the-practice-of-reproducilble-research.pdf, page293 
used on input line 176.
(pdftex.def)             Requested size: 597.53374pt x 845.08348pt.
File: 2-the-practice-of-reproducilble-research.pdf Graphic file (type pdf)

<use 2-the-practice-of-reproducilble-research.pdf, page 293>
Package pdftex.def Info: 2-the-practice-of-reproducilble-research.pdf, page293 
used on input line 176.
(pdftex.def)             Requested size: 597.53374pt x 845.08348pt.
File: 2-the-practice-of-reproducilble-research.pdf Graphic file (type pdf)

<use 2-the-practice-of-reproducilble-research.pdf, page 293>
Package pdftex.def Info: 2-the-practice-of-reproducilble-research.pdf, page293 
used on input line 176.
(pdftex.def)             Requested size: 597.53374pt x 845.08348pt.
 [423 <./2-the-practice-of-reproducilble-research.pdf>]
<2-the-practice-of-reproducilble-research.pdf, id=2775, page=294, 597.50786pt x
 845.04686pt>
File: 2-the-practice-of-reproducilble-research.pdf Graphic file (type pdf)
 <use 2-the-practice-of-reproducilble-research.pdf, page 294>
Package pdftex.def Info: 2-the-practice-of-reproducilble-research.pdf, page294 
used on input line 176.
(pdftex.def)             Requested size: 597.53374pt x 845.08348pt.
File: 2-the-practice-of-reproducilble-research.pdf Graphic file (type pdf)

<use 2-the-practice-of-reproducilble-research.pdf, page 294>
Package pdftex.def Info: 2-the-practice-of-reproducilble-research.pdf, page294 
used on input line 176.
(pdftex.def)             Requested size: 597.53374pt x 845.08348pt.
File: 2-the-practice-of-reproducilble-research.pdf Graphic file (type pdf)

<use 2-the-practice-of-reproducilble-research.pdf, page 294>
Package pdftex.def Info: 2-the-practice-of-reproducilble-research.pdf, page294 
used on input line 176.
(pdftex.def)             Requested size: 597.53374pt x 845.08348pt.
 [424 <./2-the-practice-of-reproducilble-research.pdf>]
<2-the-practice-of-reproducilble-research.pdf, id=2780, page=295, 597.50786pt x
 845.04686pt>
File: 2-the-practice-of-reproducilble-research.pdf Graphic file (type pdf)
 <use 2-the-practice-of-reproducilble-research.pdf, page 295>
Package pdftex.def Info: 2-the-practice-of-reproducilble-research.pdf, page295 
used on input line 176.
(pdftex.def)             Requested size: 597.53374pt x 845.08348pt.
File: 2-the-practice-of-reproducilble-research.pdf Graphic file (type pdf)

<use 2-the-practice-of-reproducilble-research.pdf, page 295>
Package pdftex.def Info: 2-the-practice-of-reproducilble-research.pdf, page295 
used on input line 176.
(pdftex.def)             Requested size: 597.53374pt x 845.08348pt.
File: 2-the-practice-of-reproducilble-research.pdf Graphic file (type pdf)

<use 2-the-practice-of-reproducilble-research.pdf, page 295>
Package pdftex.def Info: 2-the-practice-of-reproducilble-research.pdf, page295 
used on input line 176.
(pdftex.def)             Requested size: 597.53374pt x 845.08348pt.
 [425 <./2-the-practice-of-reproducilble-research.pdf>]
<2-the-practice-of-reproducilble-research.pdf, id=2785, page=296, 597.50786pt x
 845.04686pt>
File: 2-the-practice-of-reproducilble-research.pdf Graphic file (type pdf)
 <use 2-the-practice-of-reproducilble-research.pdf, page 296>
Package pdftex.def Info: 2-the-practice-of-reproducilble-research.pdf, page296 
used on input line 176.
(pdftex.def)             Requested size: 597.53374pt x 845.08348pt.
File: 2-the-practice-of-reproducilble-research.pdf Graphic file (type pdf)

<use 2-the-practice-of-reproducilble-research.pdf, page 296>
Package pdftex.def Info: 2-the-practice-of-reproducilble-research.pdf, page296 
used on input line 176.
(pdftex.def)             Requested size: 597.53374pt x 845.08348pt.
File: 2-the-practice-of-reproducilble-research.pdf Graphic file (type pdf)

<use 2-the-practice-of-reproducilble-research.pdf, page 296>
Package pdftex.def Info: 2-the-practice-of-reproducilble-research.pdf, page296 
used on input line 176.
(pdftex.def)             Requested size: 597.53374pt x 845.08348pt.
 [426 <./2-the-practice-of-reproducilble-research.pdf>]
<2-the-practice-of-reproducilble-research.pdf, id=2790, page=297, 597.50786pt x
 845.04686pt>
File: 2-the-practice-of-reproducilble-research.pdf Graphic file (type pdf)
 <use 2-the-practice-of-reproducilble-research.pdf, page 297>
Package pdftex.def Info: 2-the-practice-of-reproducilble-research.pdf, page297 
used on input line 176.
(pdftex.def)             Requested size: 597.53374pt x 845.08348pt.
File: 2-the-practice-of-reproducilble-research.pdf Graphic file (type pdf)

<use 2-the-practice-of-reproducilble-research.pdf, page 297>
Package pdftex.def Info: 2-the-practice-of-reproducilble-research.pdf, page297 
used on input line 176.
(pdftex.def)             Requested size: 597.53374pt x 845.08348pt.
File: 2-the-practice-of-reproducilble-research.pdf Graphic file (type pdf)

<use 2-the-practice-of-reproducilble-research.pdf, page 297>
Package pdftex.def Info: 2-the-practice-of-reproducilble-research.pdf, page297 
used on input line 176.
(pdftex.def)             Requested size: 597.53374pt x 845.08348pt.
 [427 <./2-the-practice-of-reproducilble-research.pdf>]
<2-the-practice-of-reproducilble-research.pdf, id=2797, page=298, 597.50786pt x
 845.04686pt>
File: 2-the-practice-of-reproducilble-research.pdf Graphic file (type pdf)
 <use 2-the-practice-of-reproducilble-research.pdf, page 298>
Package pdftex.def Info: 2-the-practice-of-reproducilble-research.pdf, page298 
used on input line 176.
(pdftex.def)             Requested size: 597.53374pt x 845.08348pt.
File: 2-the-practice-of-reproducilble-research.pdf Graphic file (type pdf)

<use 2-the-practice-of-reproducilble-research.pdf, page 298>
Package pdftex.def Info: 2-the-practice-of-reproducilble-research.pdf, page298 
used on input line 176.
(pdftex.def)             Requested size: 597.53374pt x 845.08348pt.
File: 2-the-practice-of-reproducilble-research.pdf Graphic file (type pdf)

<use 2-the-practice-of-reproducilble-research.pdf, page 298>
Package pdftex.def Info: 2-the-practice-of-reproducilble-research.pdf, page298 
used on input line 176.
(pdftex.def)             Requested size: 597.53374pt x 845.08348pt.
 [428 <./2-the-practice-of-reproducilble-research.pdf>]
<2-the-practice-of-reproducilble-research.pdf, id=2802, page=299, 597.50786pt x
 845.04686pt>
File: 2-the-practice-of-reproducilble-research.pdf Graphic file (type pdf)
 <use 2-the-practice-of-reproducilble-research.pdf, page 299>
Package pdftex.def Info: 2-the-practice-of-reproducilble-research.pdf, page299 
used on input line 176.
(pdftex.def)             Requested size: 597.53374pt x 845.08348pt.
File: 2-the-practice-of-reproducilble-research.pdf Graphic file (type pdf)

<use 2-the-practice-of-reproducilble-research.pdf, page 299>
Package pdftex.def Info: 2-the-practice-of-reproducilble-research.pdf, page299 
used on input line 176.
(pdftex.def)             Requested size: 597.53374pt x 845.08348pt.
File: 2-the-practice-of-reproducilble-research.pdf Graphic file (type pdf)

<use 2-the-practice-of-reproducilble-research.pdf, page 299>
Package pdftex.def Info: 2-the-practice-of-reproducilble-research.pdf, page299 
used on input line 176.
(pdftex.def)             Requested size: 597.53374pt x 845.08348pt.
 [429 <./2-the-practice-of-reproducilble-research.pdf>]
<2-the-practice-of-reproducilble-research.pdf, id=2807, page=300, 597.50786pt x
 845.04686pt>
File: 2-the-practice-of-reproducilble-research.pdf Graphic file (type pdf)
 <use 2-the-practice-of-reproducilble-research.pdf, page 300>
Package pdftex.def Info: 2-the-practice-of-reproducilble-research.pdf, page300 
used on input line 176.
(pdftex.def)             Requested size: 597.53374pt x 845.08348pt.
File: 2-the-practice-of-reproducilble-research.pdf Graphic file (type pdf)

<use 2-the-practice-of-reproducilble-research.pdf, page 300>
Package pdftex.def Info: 2-the-practice-of-reproducilble-research.pdf, page300 
used on input line 176.
(pdftex.def)             Requested size: 597.53374pt x 845.08348pt.
File: 2-the-practice-of-reproducilble-research.pdf Graphic file (type pdf)

<use 2-the-practice-of-reproducilble-research.pdf, page 300>
Package pdftex.def Info: 2-the-practice-of-reproducilble-research.pdf, page300 
used on input line 176.
(pdftex.def)             Requested size: 597.53374pt x 845.08348pt.
 [430 <./2-the-practice-of-reproducilble-research.pdf>]
<2-the-practice-of-reproducilble-research.pdf, id=2812, page=301, 597.50786pt x
 845.04686pt>
File: 2-the-practice-of-reproducilble-research.pdf Graphic file (type pdf)
 <use 2-the-practice-of-reproducilble-research.pdf, page 301>
Package pdftex.def Info: 2-the-practice-of-reproducilble-research.pdf, page301 
used on input line 176.
(pdftex.def)             Requested size: 597.53374pt x 845.08348pt.
File: 2-the-practice-of-reproducilble-research.pdf Graphic file (type pdf)

<use 2-the-practice-of-reproducilble-research.pdf, page 301>
Package pdftex.def Info: 2-the-practice-of-reproducilble-research.pdf, page301 
used on input line 176.
(pdftex.def)             Requested size: 597.53374pt x 845.08348pt.
File: 2-the-practice-of-reproducilble-research.pdf Graphic file (type pdf)

<use 2-the-practice-of-reproducilble-research.pdf, page 301>
Package pdftex.def Info: 2-the-practice-of-reproducilble-research.pdf, page301 
used on input line 176.
(pdftex.def)             Requested size: 597.53374pt x 845.08348pt.
 [431 <./2-the-practice-of-reproducilble-research.pdf>]
<2-the-practice-of-reproducilble-research.pdf, id=2817, page=302, 597.50786pt x
 845.04686pt>
File: 2-the-practice-of-reproducilble-research.pdf Graphic file (type pdf)
 <use 2-the-practice-of-reproducilble-research.pdf, page 302>
Package pdftex.def Info: 2-the-practice-of-reproducilble-research.pdf, page302 
used on input line 176.
(pdftex.def)             Requested size: 597.53374pt x 845.08348pt.
File: 2-the-practice-of-reproducilble-research.pdf Graphic file (type pdf)

<use 2-the-practice-of-reproducilble-research.pdf, page 302>
Package pdftex.def Info: 2-the-practice-of-reproducilble-research.pdf, page302 
used on input line 176.
(pdftex.def)             Requested size: 597.53374pt x 845.08348pt.
File: 2-the-practice-of-reproducilble-research.pdf Graphic file (type pdf)

<use 2-the-practice-of-reproducilble-research.pdf, page 302>
Package pdftex.def Info: 2-the-practice-of-reproducilble-research.pdf, page302 
used on input line 176.
(pdftex.def)             Requested size: 597.53374pt x 845.08348pt.
 [432 <./2-the-practice-of-reproducilble-research.pdf>]
<2-the-practice-of-reproducilble-research.pdf, id=2822, page=303, 597.50786pt x
 845.04686pt>
File: 2-the-practice-of-reproducilble-research.pdf Graphic file (type pdf)
 <use 2-the-practice-of-reproducilble-research.pdf, page 303>
Package pdftex.def Info: 2-the-practice-of-reproducilble-research.pdf, page303 
used on input line 176.
(pdftex.def)             Requested size: 597.53374pt x 845.08348pt.
File: 2-the-practice-of-reproducilble-research.pdf Graphic file (type pdf)

<use 2-the-practice-of-reproducilble-research.pdf, page 303>
Package pdftex.def Info: 2-the-practice-of-reproducilble-research.pdf, page303 
used on input line 176.
(pdftex.def)             Requested size: 597.53374pt x 845.08348pt.
File: 2-the-practice-of-reproducilble-research.pdf Graphic file (type pdf)

<use 2-the-practice-of-reproducilble-research.pdf, page 303>
Package pdftex.def Info: 2-the-practice-of-reproducilble-research.pdf, page303 
used on input line 176.
(pdftex.def)             Requested size: 597.53374pt x 845.08348pt.
 [433 <./2-the-practice-of-reproducilble-research.pdf>]
<2-the-practice-of-reproducilble-research.pdf, id=2830, page=304, 597.50786pt x
 845.04686pt>
File: 2-the-practice-of-reproducilble-research.pdf Graphic file (type pdf)
 <use 2-the-practice-of-reproducilble-research.pdf, page 304>
Package pdftex.def Info: 2-the-practice-of-reproducilble-research.pdf, page304 
used on input line 176.
(pdftex.def)             Requested size: 597.53374pt x 845.08348pt.
File: 2-the-practice-of-reproducilble-research.pdf Graphic file (type pdf)

<use 2-the-practice-of-reproducilble-research.pdf, page 304>
Package pdftex.def Info: 2-the-practice-of-reproducilble-research.pdf, page304 
used on input line 176.
(pdftex.def)             Requested size: 597.53374pt x 845.08348pt.
File: 2-the-practice-of-reproducilble-research.pdf Graphic file (type pdf)

<use 2-the-practice-of-reproducilble-research.pdf, page 304>
Package pdftex.def Info: 2-the-practice-of-reproducilble-research.pdf, page304 
used on input line 176.
(pdftex.def)             Requested size: 597.53374pt x 845.08348pt.
 [434 <./2-the-practice-of-reproducilble-research.pdf>]
<2-the-practice-of-reproducilble-research.pdf, id=2835, page=305, 597.50786pt x
 845.04686pt>
File: 2-the-practice-of-reproducilble-research.pdf Graphic file (type pdf)
 <use 2-the-practice-of-reproducilble-research.pdf, page 305>
Package pdftex.def Info: 2-the-practice-of-reproducilble-research.pdf, page305 
used on input line 176.
(pdftex.def)             Requested size: 597.53374pt x 845.08348pt.
File: 2-the-practice-of-reproducilble-research.pdf Graphic file (type pdf)

<use 2-the-practice-of-reproducilble-research.pdf, page 305>
Package pdftex.def Info: 2-the-practice-of-reproducilble-research.pdf, page305 
used on input line 176.
(pdftex.def)             Requested size: 597.53374pt x 845.08348pt.
File: 2-the-practice-of-reproducilble-research.pdf Graphic file (type pdf)

<use 2-the-practice-of-reproducilble-research.pdf, page 305>
Package pdftex.def Info: 2-the-practice-of-reproducilble-research.pdf, page305 
used on input line 176.
(pdftex.def)             Requested size: 597.53374pt x 845.08348pt.
 [435 <./2-the-practice-of-reproducilble-research.pdf>]
<2-the-practice-of-reproducilble-research.pdf, id=2840, page=306, 597.50786pt x
 845.04686pt>
File: 2-the-practice-of-reproducilble-research.pdf Graphic file (type pdf)
 <use 2-the-practice-of-reproducilble-research.pdf, page 306>
Package pdftex.def Info: 2-the-practice-of-reproducilble-research.pdf, page306 
used on input line 176.
(pdftex.def)             Requested size: 597.53374pt x 845.08348pt.
File: 2-the-practice-of-reproducilble-research.pdf Graphic file (type pdf)

<use 2-the-practice-of-reproducilble-research.pdf, page 306>
Package pdftex.def Info: 2-the-practice-of-reproducilble-research.pdf, page306 
used on input line 176.
(pdftex.def)             Requested size: 597.53374pt x 845.08348pt.
File: 2-the-practice-of-reproducilble-research.pdf Graphic file (type pdf)

<use 2-the-practice-of-reproducilble-research.pdf, page 306>
Package pdftex.def Info: 2-the-practice-of-reproducilble-research.pdf, page306 
used on input line 176.
(pdftex.def)             Requested size: 597.53374pt x 845.08348pt.
 [436 <./2-the-practice-of-reproducilble-research.pdf>]
<2-the-practice-of-reproducilble-research.pdf, id=2845, page=307, 597.50786pt x
 845.04686pt>
File: 2-the-practice-of-reproducilble-research.pdf Graphic file (type pdf)
 <use 2-the-practice-of-reproducilble-research.pdf, page 307>
Package pdftex.def Info: 2-the-practice-of-reproducilble-research.pdf, page307 
used on input line 176.
(pdftex.def)             Requested size: 597.53374pt x 845.08348pt.
File: 2-the-practice-of-reproducilble-research.pdf Graphic file (type pdf)

<use 2-the-practice-of-reproducilble-research.pdf, page 307>
Package pdftex.def Info: 2-the-practice-of-reproducilble-research.pdf, page307 
used on input line 176.
(pdftex.def)             Requested size: 597.53374pt x 845.08348pt.
File: 2-the-practice-of-reproducilble-research.pdf Graphic file (type pdf)

<use 2-the-practice-of-reproducilble-research.pdf, page 307>
Package pdftex.def Info: 2-the-practice-of-reproducilble-research.pdf, page307 
used on input line 176.
(pdftex.def)             Requested size: 597.53374pt x 845.08348pt.
 [437 <./2-the-practice-of-reproducilble-research.pdf>]
<2-the-practice-of-reproducilble-research.pdf, id=2850, page=308, 597.50786pt x
 845.04686pt>
File: 2-the-practice-of-reproducilble-research.pdf Graphic file (type pdf)
 <use 2-the-practice-of-reproducilble-research.pdf, page 308>
Package pdftex.def Info: 2-the-practice-of-reproducilble-research.pdf, page308 
used on input line 176.
(pdftex.def)             Requested size: 597.53374pt x 845.08348pt.
File: 2-the-practice-of-reproducilble-research.pdf Graphic file (type pdf)

<use 2-the-practice-of-reproducilble-research.pdf, page 308>
Package pdftex.def Info: 2-the-practice-of-reproducilble-research.pdf, page308 
used on input line 176.
(pdftex.def)             Requested size: 597.53374pt x 845.08348pt.
File: 2-the-practice-of-reproducilble-research.pdf Graphic file (type pdf)

<use 2-the-practice-of-reproducilble-research.pdf, page 308>
Package pdftex.def Info: 2-the-practice-of-reproducilble-research.pdf, page308 
used on input line 176.
(pdftex.def)             Requested size: 597.53374pt x 845.08348pt.
 [438 <./2-the-practice-of-reproducilble-research.pdf>]
<2-the-practice-of-reproducilble-research.pdf, id=2855, page=309, 597.50786pt x
 845.04686pt>
File: 2-the-practice-of-reproducilble-research.pdf Graphic file (type pdf)
 <use 2-the-practice-of-reproducilble-research.pdf, page 309>
Package pdftex.def Info: 2-the-practice-of-reproducilble-research.pdf, page309 
used on input line 176.
(pdftex.def)             Requested size: 597.53374pt x 845.08348pt.
File: 2-the-practice-of-reproducilble-research.pdf Graphic file (type pdf)

<use 2-the-practice-of-reproducilble-research.pdf, page 309>
Package pdftex.def Info: 2-the-practice-of-reproducilble-research.pdf, page309 
used on input line 176.
(pdftex.def)             Requested size: 597.53374pt x 845.08348pt.
File: 2-the-practice-of-reproducilble-research.pdf Graphic file (type pdf)

<use 2-the-practice-of-reproducilble-research.pdf, page 309>
Package pdftex.def Info: 2-the-practice-of-reproducilble-research.pdf, page309 
used on input line 176.
(pdftex.def)             Requested size: 597.53374pt x 845.08348pt.
 [439 <./2-the-practice-of-reproducilble-research.pdf>]
<2-the-practice-of-reproducilble-research.pdf, id=2861, page=310, 597.50786pt x
 845.04686pt>
File: 2-the-practice-of-reproducilble-research.pdf Graphic file (type pdf)
 <use 2-the-practice-of-reproducilble-research.pdf, page 310>
Package pdftex.def Info: 2-the-practice-of-reproducilble-research.pdf, page310 
used on input line 176.
(pdftex.def)             Requested size: 597.53374pt x 845.08348pt.
File: 2-the-practice-of-reproducilble-research.pdf Graphic file (type pdf)

<use 2-the-practice-of-reproducilble-research.pdf, page 310>
Package pdftex.def Info: 2-the-practice-of-reproducilble-research.pdf, page310 
used on input line 176.
(pdftex.def)             Requested size: 597.53374pt x 845.08348pt.
File: 2-the-practice-of-reproducilble-research.pdf Graphic file (type pdf)

<use 2-the-practice-of-reproducilble-research.pdf, page 310>
Package pdftex.def Info: 2-the-practice-of-reproducilble-research.pdf, page310 
used on input line 176.
(pdftex.def)             Requested size: 597.53374pt x 845.08348pt.
 [440 <./2-the-practice-of-reproducilble-research.pdf>]
<2-the-practice-of-reproducilble-research.pdf, id=2867, page=311, 597.50786pt x
 845.04686pt>
File: 2-the-practice-of-reproducilble-research.pdf Graphic file (type pdf)
 <use 2-the-practice-of-reproducilble-research.pdf, page 311>
Package pdftex.def Info: 2-the-practice-of-reproducilble-research.pdf, page311 
used on input line 176.
(pdftex.def)             Requested size: 597.53374pt x 845.08348pt.
File: 2-the-practice-of-reproducilble-research.pdf Graphic file (type pdf)

<use 2-the-practice-of-reproducilble-research.pdf, page 311>
Package pdftex.def Info: 2-the-practice-of-reproducilble-research.pdf, page311 
used on input line 176.
(pdftex.def)             Requested size: 597.53374pt x 845.08348pt.
File: 2-the-practice-of-reproducilble-research.pdf Graphic file (type pdf)

<use 2-the-practice-of-reproducilble-research.pdf, page 311>
Package pdftex.def Info: 2-the-practice-of-reproducilble-research.pdf, page311 
used on input line 176.
(pdftex.def)             Requested size: 597.53374pt x 845.08348pt.
 [441 <./2-the-practice-of-reproducilble-research.pdf>]
<2-the-practice-of-reproducilble-research.pdf, id=2872, page=312, 597.50786pt x
 845.04686pt>
File: 2-the-practice-of-reproducilble-research.pdf Graphic file (type pdf)
 <use 2-the-practice-of-reproducilble-research.pdf, page 312>
Package pdftex.def Info: 2-the-practice-of-reproducilble-research.pdf, page312 
used on input line 176.
(pdftex.def)             Requested size: 597.53374pt x 845.08348pt.
File: 2-the-practice-of-reproducilble-research.pdf Graphic file (type pdf)

<use 2-the-practice-of-reproducilble-research.pdf, page 312>
Package pdftex.def Info: 2-the-practice-of-reproducilble-research.pdf, page312 
used on input line 176.
(pdftex.def)             Requested size: 597.53374pt x 845.08348pt.
File: 2-the-practice-of-reproducilble-research.pdf Graphic file (type pdf)

<use 2-the-practice-of-reproducilble-research.pdf, page 312>
Package pdftex.def Info: 2-the-practice-of-reproducilble-research.pdf, page312 
used on input line 176.
(pdftex.def)             Requested size: 597.53374pt x 845.08348pt.
 [442 <./2-the-practice-of-reproducilble-research.pdf>]
<2-the-practice-of-reproducilble-research.pdf, id=2878, page=313, 597.50786pt x
 845.04686pt>
File: 2-the-practice-of-reproducilble-research.pdf Graphic file (type pdf)
 <use 2-the-practice-of-reproducilble-research.pdf, page 313>
Package pdftex.def Info: 2-the-practice-of-reproducilble-research.pdf, page313 
used on input line 176.
(pdftex.def)             Requested size: 597.53374pt x 845.08348pt.
File: 2-the-practice-of-reproducilble-research.pdf Graphic file (type pdf)

<use 2-the-practice-of-reproducilble-research.pdf, page 313>
Package pdftex.def Info: 2-the-practice-of-reproducilble-research.pdf, page313 
used on input line 176.
(pdftex.def)             Requested size: 597.53374pt x 845.08348pt.
File: 2-the-practice-of-reproducilble-research.pdf Graphic file (type pdf)

<use 2-the-practice-of-reproducilble-research.pdf, page 313>
Package pdftex.def Info: 2-the-practice-of-reproducilble-research.pdf, page313 
used on input line 176.
(pdftex.def)             Requested size: 597.53374pt x 845.08348pt.
 [443 <./2-the-practice-of-reproducilble-research.pdf>]
<2-the-practice-of-reproducilble-research.pdf, id=2883, page=314, 597.50786pt x
 845.04686pt>
File: 2-the-practice-of-reproducilble-research.pdf Graphic file (type pdf)
 <use 2-the-practice-of-reproducilble-research.pdf, page 314>
Package pdftex.def Info: 2-the-practice-of-reproducilble-research.pdf, page314 
used on input line 176.
(pdftex.def)             Requested size: 597.53374pt x 845.08348pt.
File: 2-the-practice-of-reproducilble-research.pdf Graphic file (type pdf)

<use 2-the-practice-of-reproducilble-research.pdf, page 314>
Package pdftex.def Info: 2-the-practice-of-reproducilble-research.pdf, page314 
used on input line 176.
(pdftex.def)             Requested size: 597.53374pt x 845.08348pt.
File: 2-the-practice-of-reproducilble-research.pdf Graphic file (type pdf)

<use 2-the-practice-of-reproducilble-research.pdf, page 314>
Package pdftex.def Info: 2-the-practice-of-reproducilble-research.pdf, page314 
used on input line 176.
(pdftex.def)             Requested size: 597.53374pt x 845.08348pt.
 [444 <./2-the-practice-of-reproducilble-research.pdf>]
<2-the-practice-of-reproducilble-research.pdf, id=2888, page=315, 597.50786pt x
 845.04686pt>
File: 2-the-practice-of-reproducilble-research.pdf Graphic file (type pdf)
 <use 2-the-practice-of-reproducilble-research.pdf, page 315>
Package pdftex.def Info: 2-the-practice-of-reproducilble-research.pdf, page315 
used on input line 176.
(pdftex.def)             Requested size: 597.53374pt x 845.08348pt.
File: 2-the-practice-of-reproducilble-research.pdf Graphic file (type pdf)

<use 2-the-practice-of-reproducilble-research.pdf, page 315>
Package pdftex.def Info: 2-the-practice-of-reproducilble-research.pdf, page315 
used on input line 176.
(pdftex.def)             Requested size: 597.53374pt x 845.08348pt.
File: 2-the-practice-of-reproducilble-research.pdf Graphic file (type pdf)

<use 2-the-practice-of-reproducilble-research.pdf, page 315>
Package pdftex.def Info: 2-the-practice-of-reproducilble-research.pdf, page315 
used on input line 176.
(pdftex.def)             Requested size: 597.53374pt x 845.08348pt.
 [445 <./2-the-practice-of-reproducilble-research.pdf>]
<2-the-practice-of-reproducilble-research.pdf, id=2894, page=316, 597.50786pt x
 845.04686pt>
File: 2-the-practice-of-reproducilble-research.pdf Graphic file (type pdf)
 <use 2-the-practice-of-reproducilble-research.pdf, page 316>
Package pdftex.def Info: 2-the-practice-of-reproducilble-research.pdf, page316 
used on input line 176.
(pdftex.def)             Requested size: 597.53374pt x 845.08348pt.
File: 2-the-practice-of-reproducilble-research.pdf Graphic file (type pdf)

<use 2-the-practice-of-reproducilble-research.pdf, page 316>
Package pdftex.def Info: 2-the-practice-of-reproducilble-research.pdf, page316 
used on input line 176.
(pdftex.def)             Requested size: 597.53374pt x 845.08348pt.
File: 2-the-practice-of-reproducilble-research.pdf Graphic file (type pdf)

<use 2-the-practice-of-reproducilble-research.pdf, page 316>
Package pdftex.def Info: 2-the-practice-of-reproducilble-research.pdf, page316 
used on input line 176.
(pdftex.def)             Requested size: 597.53374pt x 845.08348pt.
 [446 <./2-the-practice-of-reproducilble-research.pdf>]
<2-the-practice-of-reproducilble-research.pdf, id=2900, page=317, 597.50786pt x
 845.04686pt>
File: 2-the-practice-of-reproducilble-research.pdf Graphic file (type pdf)
 <use 2-the-practice-of-reproducilble-research.pdf, page 317>
Package pdftex.def Info: 2-the-practice-of-reproducilble-research.pdf, page317 
used on input line 176.
(pdftex.def)             Requested size: 597.53374pt x 845.08348pt.
File: 2-the-practice-of-reproducilble-research.pdf Graphic file (type pdf)

<use 2-the-practice-of-reproducilble-research.pdf, page 317>
Package pdftex.def Info: 2-the-practice-of-reproducilble-research.pdf, page317 
used on input line 176.
(pdftex.def)             Requested size: 597.53374pt x 845.08348pt.
File: 2-the-practice-of-reproducilble-research.pdf Graphic file (type pdf)

<use 2-the-practice-of-reproducilble-research.pdf, page 317>
Package pdftex.def Info: 2-the-practice-of-reproducilble-research.pdf, page317 
used on input line 176.
(pdftex.def)             Requested size: 597.53374pt x 845.08348pt.
 [447 <./2-the-practice-of-reproducilble-research.pdf>]
<2-the-practice-of-reproducilble-research.pdf, id=2905, page=318, 597.50786pt x
 845.04686pt>
File: 2-the-practice-of-reproducilble-research.pdf Graphic file (type pdf)
 <use 2-the-practice-of-reproducilble-research.pdf, page 318>
Package pdftex.def Info: 2-the-practice-of-reproducilble-research.pdf, page318 
used on input line 176.
(pdftex.def)             Requested size: 597.53374pt x 845.08348pt.
File: 2-the-practice-of-reproducilble-research.pdf Graphic file (type pdf)

<use 2-the-practice-of-reproducilble-research.pdf, page 318>
Package pdftex.def Info: 2-the-practice-of-reproducilble-research.pdf, page318 
used on input line 176.
(pdftex.def)             Requested size: 597.53374pt x 845.08348pt.
File: 2-the-practice-of-reproducilble-research.pdf Graphic file (type pdf)

<use 2-the-practice-of-reproducilble-research.pdf, page 318>
Package pdftex.def Info: 2-the-practice-of-reproducilble-research.pdf, page318 
used on input line 176.
(pdftex.def)             Requested size: 597.53374pt x 845.08348pt.
 [448 <./2-the-practice-of-reproducilble-research.pdf>]
<2-the-practice-of-reproducilble-research.pdf, id=2910, page=319, 597.50786pt x
 845.04686pt>
File: 2-the-practice-of-reproducilble-research.pdf Graphic file (type pdf)
 <use 2-the-practice-of-reproducilble-research.pdf, page 319>
Package pdftex.def Info: 2-the-practice-of-reproducilble-research.pdf, page319 
used on input line 176.
(pdftex.def)             Requested size: 597.53374pt x 845.08348pt.
File: 2-the-practice-of-reproducilble-research.pdf Graphic file (type pdf)

<use 2-the-practice-of-reproducilble-research.pdf, page 319>
Package pdftex.def Info: 2-the-practice-of-reproducilble-research.pdf, page319 
used on input line 176.
(pdftex.def)             Requested size: 597.53374pt x 845.08348pt.
File: 2-the-practice-of-reproducilble-research.pdf Graphic file (type pdf)

<use 2-the-practice-of-reproducilble-research.pdf, page 319>
Package pdftex.def Info: 2-the-practice-of-reproducilble-research.pdf, page319 
used on input line 176.
(pdftex.def)             Requested size: 597.53374pt x 845.08348pt.
 [449 <./2-the-practice-of-reproducilble-research.pdf>]
<3-privacybook.pdf, id=2915, 614.57608pt x 793.83575pt>
File: 3-privacybook.pdf Graphic file (type pdf)

<use 3-privacybook.pdf>
Package pdftex.def Info: 3-privacybook.pdf used on input line 178.
(pdftex.def)             Requested size: 614.57457pt x 793.83382pt.
File: 3-privacybook.pdf Graphic file (type pdf)
 <use 3-privacybook.pdf>
Package pdftex.def Info: 3-privacybook.pdf used on input line 178.
(pdftex.def)             Requested size: 614.57457pt x 793.83382pt.

<3-privacybook.pdf, id=2918, page=1, 614.57608pt x 793.83575pt>
File: 3-privacybook.pdf Graphic file (type pdf)

<use 3-privacybook.pdf, page 1>
Package pdftex.def Info: 3-privacybook.pdf, page1 used on input line 178.
(pdftex.def)             Requested size: 614.57457pt x 793.83382pt.
File: 3-privacybook.pdf Graphic file (type pdf)
 <use 3-privacybook.pdf, page 1>
Package pdftex.def Info: 3-privacybook.pdf, page1 used on input line 178.
(pdftex.def)             Requested size: 598.0605pt x 772.50291pt.
File: 3-privacybook.pdf Graphic file (type pdf)

<use 3-privacybook.pdf, page 1>
Package pdftex.def Info: 3-privacybook.pdf, page1 used on input line 178.
(pdftex.def)             Requested size: 598.0605pt x 772.50291pt.
File: 3-privacybook.pdf Graphic file (type pdf)
 <use 3-privacybook.pdf, page 1>
Package pdftex.def Info: 3-privacybook.pdf, page1 used on input line 178.
(pdftex.def)             Requested size: 598.0605pt x 772.50291pt.
File: 3-privacybook.pdf Graphic file (type pdf)

<use 3-privacybook.pdf, page 1>
Package pdftex.def Info: 3-privacybook.pdf, page1 used on input line 178.
(pdftex.def)             Requested size: 598.0605pt x 772.50291pt.
 [450 <./3-privacybook.pdf>]
<3-privacybook.pdf, id=2970, page=2, 614.57608pt x 793.83575pt>
File: 3-privacybook.pdf Graphic file (type pdf)

<use 3-privacybook.pdf, page 2>
Package pdftex.def Info: 3-privacybook.pdf, page2 used on input line 178.
(pdftex.def)             Requested size: 598.0605pt x 772.50291pt.
File: 3-privacybook.pdf Graphic file (type pdf)
 <use 3-privacybook.pdf, page 2>
Package pdftex.def Info: 3-privacybook.pdf, page2 used on input line 178.
(pdftex.def)             Requested size: 598.0605pt x 772.50291pt.
File: 3-privacybook.pdf Graphic file (type pdf)

<use 3-privacybook.pdf, page 2>
Package pdftex.def Info: 3-privacybook.pdf, page2 used on input line 178.
(pdftex.def)             Requested size: 598.0605pt x 772.50291pt.
 [451 <./3-privacybook.pdf>]
<3-privacybook.pdf, id=2981, page=3, 614.57608pt x 793.83575pt>
File: 3-privacybook.pdf Graphic file (type pdf)

<use 3-privacybook.pdf, page 3>
Package pdftex.def Info: 3-privacybook.pdf, page3 used on input line 178.
(pdftex.def)             Requested size: 598.0605pt x 772.50291pt.
File: 3-privacybook.pdf Graphic file (type pdf)
 <use 3-privacybook.pdf, page 3>
Package pdftex.def Info: 3-privacybook.pdf, page3 used on input line 178.
(pdftex.def)             Requested size: 598.0605pt x 772.50291pt.
File: 3-privacybook.pdf Graphic file (type pdf)

<use 3-privacybook.pdf, page 3>
Package pdftex.def Info: 3-privacybook.pdf, page3 used on input line 178.
(pdftex.def)             Requested size: 598.0605pt x 772.50291pt.
 [452 <./3-privacybook.pdf>]
<3-privacybook.pdf, id=2992, page=4, 614.57608pt x 793.83575pt>
File: 3-privacybook.pdf Graphic file (type pdf)

<use 3-privacybook.pdf, page 4>
Package pdftex.def Info: 3-privacybook.pdf, page4 used on input line 178.
(pdftex.def)             Requested size: 598.0605pt x 772.50291pt.
File: 3-privacybook.pdf Graphic file (type pdf)
 <use 3-privacybook.pdf, page 4>
Package pdftex.def Info: 3-privacybook.pdf, page4 used on input line 178.
(pdftex.def)             Requested size: 598.0605pt x 772.50291pt.
File: 3-privacybook.pdf Graphic file (type pdf)

<use 3-privacybook.pdf, page 4>
Package pdftex.def Info: 3-privacybook.pdf, page4 used on input line 178.
(pdftex.def)             Requested size: 598.0605pt x 772.50291pt.
 [453 <./3-privacybook.pdf>]
<3-privacybook.pdf, id=3001, page=5, 614.57608pt x 793.83575pt>
File: 3-privacybook.pdf Graphic file (type pdf)

<use 3-privacybook.pdf, page 5>
Package pdftex.def Info: 3-privacybook.pdf, page5 used on input line 178.
(pdftex.def)             Requested size: 598.0605pt x 772.50291pt.
File: 3-privacybook.pdf Graphic file (type pdf)
 <use 3-privacybook.pdf, page 5>
Package pdftex.def Info: 3-privacybook.pdf, page5 used on input line 178.
(pdftex.def)             Requested size: 598.0605pt x 772.50291pt.
File: 3-privacybook.pdf Graphic file (type pdf)

<use 3-privacybook.pdf, page 5>
Package pdftex.def Info: 3-privacybook.pdf, page5 used on input line 178.
(pdftex.def)             Requested size: 598.0605pt x 772.50291pt.
 [454 <./3-privacybook.pdf>]
<3-privacybook.pdf, id=3006, page=6, 614.57608pt x 793.83575pt>
File: 3-privacybook.pdf Graphic file (type pdf)

<use 3-privacybook.pdf, page 6>
Package pdftex.def Info: 3-privacybook.pdf, page6 used on input line 178.
(pdftex.def)             Requested size: 598.0605pt x 772.50291pt.
File: 3-privacybook.pdf Graphic file (type pdf)
 <use 3-privacybook.pdf, page 6>
Package pdftex.def Info: 3-privacybook.pdf, page6 used on input line 178.
(pdftex.def)             Requested size: 598.0605pt x 772.50291pt.
File: 3-privacybook.pdf Graphic file (type pdf)

<use 3-privacybook.pdf, page 6>
Package pdftex.def Info: 3-privacybook.pdf, page6 used on input line 178.
(pdftex.def)             Requested size: 598.0605pt x 772.50291pt.
 [455 <./3-privacybook.pdf>]
<3-privacybook.pdf, id=3021, page=7, 614.57608pt x 793.83575pt>
File: 3-privacybook.pdf Graphic file (type pdf)

<use 3-privacybook.pdf, page 7>
Package pdftex.def Info: 3-privacybook.pdf, page7 used on input line 178.
(pdftex.def)             Requested size: 598.0605pt x 772.50291pt.
File: 3-privacybook.pdf Graphic file (type pdf)
 <use 3-privacybook.pdf, page 7>
Package pdftex.def Info: 3-privacybook.pdf, page7 used on input line 178.
(pdftex.def)             Requested size: 598.0605pt x 772.50291pt.
File: 3-privacybook.pdf Graphic file (type pdf)

<use 3-privacybook.pdf, page 7>
Package pdftex.def Info: 3-privacybook.pdf, page7 used on input line 178.
(pdftex.def)             Requested size: 598.0605pt x 772.50291pt.
 [456 <./3-privacybook.pdf>]
<3-privacybook.pdf, id=3031, page=8, 614.57608pt x 793.83575pt>
File: 3-privacybook.pdf Graphic file (type pdf)

<use 3-privacybook.pdf, page 8>
Package pdftex.def Info: 3-privacybook.pdf, page8 used on input line 178.
(pdftex.def)             Requested size: 598.0605pt x 772.50291pt.
File: 3-privacybook.pdf Graphic file (type pdf)
 <use 3-privacybook.pdf, page 8>
Package pdftex.def Info: 3-privacybook.pdf, page8 used on input line 178.
(pdftex.def)             Requested size: 598.0605pt x 772.50291pt.
File: 3-privacybook.pdf Graphic file (type pdf)

<use 3-privacybook.pdf, page 8>
Package pdftex.def Info: 3-privacybook.pdf, page8 used on input line 178.
(pdftex.def)             Requested size: 598.0605pt x 772.50291pt.
 [457 <./3-privacybook.pdf>]
<3-privacybook.pdf, id=3037, page=9, 614.57608pt x 793.83575pt>
File: 3-privacybook.pdf Graphic file (type pdf)

<use 3-privacybook.pdf, page 9>
Package pdftex.def Info: 3-privacybook.pdf, page9 used on input line 178.
(pdftex.def)             Requested size: 598.0605pt x 772.50291pt.
File: 3-privacybook.pdf Graphic file (type pdf)
 <use 3-privacybook.pdf, page 9>
Package pdftex.def Info: 3-privacybook.pdf, page9 used on input line 178.
(pdftex.def)             Requested size: 598.0605pt x 772.50291pt.
File: 3-privacybook.pdf Graphic file (type pdf)

<use 3-privacybook.pdf, page 9>
Package pdftex.def Info: 3-privacybook.pdf, page9 used on input line 178.
(pdftex.def)             Requested size: 598.0605pt x 772.50291pt.
 [458 <./3-privacybook.pdf>]
<3-privacybook.pdf, id=3047, page=10, 614.57608pt x 793.83575pt>
File: 3-privacybook.pdf Graphic file (type pdf)

<use 3-privacybook.pdf, page 10>
Package pdftex.def Info: 3-privacybook.pdf, page10 used on input line 178.
(pdftex.def)             Requested size: 598.0605pt x 772.50291pt.
File: 3-privacybook.pdf Graphic file (type pdf)
 <use 3-privacybook.pdf, page 10>
Package pdftex.def Info: 3-privacybook.pdf, page10 used on input line 178.
(pdftex.def)             Requested size: 598.0605pt x 772.50291pt.
File: 3-privacybook.pdf Graphic file (type pdf)

<use 3-privacybook.pdf, page 10>
Package pdftex.def Info: 3-privacybook.pdf, page10 used on input line 178.
(pdftex.def)             Requested size: 598.0605pt x 772.50291pt.
 [459 <./3-privacybook.pdf>]
<3-privacybook.pdf, id=3058, page=11, 614.57608pt x 793.83575pt>
File: 3-privacybook.pdf Graphic file (type pdf)

<use 3-privacybook.pdf, page 11>
Package pdftex.def Info: 3-privacybook.pdf, page11 used on input line 178.
(pdftex.def)             Requested size: 598.0605pt x 772.50291pt.
File: 3-privacybook.pdf Graphic file (type pdf)
 <use 3-privacybook.pdf, page 11>
Package pdftex.def Info: 3-privacybook.pdf, page11 used on input line 178.
(pdftex.def)             Requested size: 598.0605pt x 772.50291pt.
File: 3-privacybook.pdf Graphic file (type pdf)

<use 3-privacybook.pdf, page 11>
Package pdftex.def Info: 3-privacybook.pdf, page11 used on input line 178.
(pdftex.def)             Requested size: 598.0605pt x 772.50291pt.
 [460 <./3-privacybook.pdf>]
<3-privacybook.pdf, id=3063, page=12, 614.57608pt x 793.83575pt>
File: 3-privacybook.pdf Graphic file (type pdf)

<use 3-privacybook.pdf, page 12>
Package pdftex.def Info: 3-privacybook.pdf, page12 used on input line 178.
(pdftex.def)             Requested size: 598.0605pt x 772.50291pt.
File: 3-privacybook.pdf Graphic file (type pdf)
 <use 3-privacybook.pdf, page 12>
Package pdftex.def Info: 3-privacybook.pdf, page12 used on input line 178.
(pdftex.def)             Requested size: 598.0605pt x 772.50291pt.
File: 3-privacybook.pdf Graphic file (type pdf)

<use 3-privacybook.pdf, page 12>
Package pdftex.def Info: 3-privacybook.pdf, page12 used on input line 178.
(pdftex.def)             Requested size: 598.0605pt x 772.50291pt.
 [461 <./3-privacybook.pdf>]
<3-privacybook.pdf, id=3068, page=13, 614.57608pt x 793.83575pt>
File: 3-privacybook.pdf Graphic file (type pdf)

<use 3-privacybook.pdf, page 13>
Package pdftex.def Info: 3-privacybook.pdf, page13 used on input line 178.
(pdftex.def)             Requested size: 598.0605pt x 772.50291pt.
File: 3-privacybook.pdf Graphic file (type pdf)
 <use 3-privacybook.pdf, page 13>
Package pdftex.def Info: 3-privacybook.pdf, page13 used on input line 178.
(pdftex.def)             Requested size: 598.0605pt x 772.50291pt.
File: 3-privacybook.pdf Graphic file (type pdf)

<use 3-privacybook.pdf, page 13>
Package pdftex.def Info: 3-privacybook.pdf, page13 used on input line 178.
(pdftex.def)             Requested size: 598.0605pt x 772.50291pt.
 [462 <./3-privacybook.pdf>]
<3-privacybook.pdf, id=3073, page=14, 614.57608pt x 793.83575pt>
File: 3-privacybook.pdf Graphic file (type pdf)

<use 3-privacybook.pdf, page 14>
Package pdftex.def Info: 3-privacybook.pdf, page14 used on input line 178.
(pdftex.def)             Requested size: 598.0605pt x 772.50291pt.
File: 3-privacybook.pdf Graphic file (type pdf)
 <use 3-privacybook.pdf, page 14>
Package pdftex.def Info: 3-privacybook.pdf, page14 used on input line 178.
(pdftex.def)             Requested size: 598.0605pt x 772.50291pt.
File: 3-privacybook.pdf Graphic file (type pdf)

<use 3-privacybook.pdf, page 14>
Package pdftex.def Info: 3-privacybook.pdf, page14 used on input line 178.
(pdftex.def)             Requested size: 598.0605pt x 772.50291pt.
 [463 <./3-privacybook.pdf>]
<3-privacybook.pdf, id=3079, page=15, 614.57608pt x 793.83575pt>
File: 3-privacybook.pdf Graphic file (type pdf)

<use 3-privacybook.pdf, page 15>
Package pdftex.def Info: 3-privacybook.pdf, page15 used on input line 178.
(pdftex.def)             Requested size: 598.0605pt x 772.50291pt.
File: 3-privacybook.pdf Graphic file (type pdf)
 <use 3-privacybook.pdf, page 15>
Package pdftex.def Info: 3-privacybook.pdf, page15 used on input line 178.
(pdftex.def)             Requested size: 598.0605pt x 772.50291pt.
File: 3-privacybook.pdf Graphic file (type pdf)

<use 3-privacybook.pdf, page 15>
Package pdftex.def Info: 3-privacybook.pdf, page15 used on input line 178.
(pdftex.def)             Requested size: 598.0605pt x 772.50291pt.
 [464 <./3-privacybook.pdf>]
<3-privacybook.pdf, id=3084, page=16, 614.57608pt x 793.83575pt>
File: 3-privacybook.pdf Graphic file (type pdf)

<use 3-privacybook.pdf, page 16>
Package pdftex.def Info: 3-privacybook.pdf, page16 used on input line 178.
(pdftex.def)             Requested size: 598.0605pt x 772.50291pt.
File: 3-privacybook.pdf Graphic file (type pdf)
 <use 3-privacybook.pdf, page 16>
Package pdftex.def Info: 3-privacybook.pdf, page16 used on input line 178.
(pdftex.def)             Requested size: 598.0605pt x 772.50291pt.
File: 3-privacybook.pdf Graphic file (type pdf)

<use 3-privacybook.pdf, page 16>
Package pdftex.def Info: 3-privacybook.pdf, page16 used on input line 178.
(pdftex.def)             Requested size: 598.0605pt x 772.50291pt.
 [465 <./3-privacybook.pdf>]
<3-privacybook.pdf, id=3094, page=17, 614.57608pt x 793.83575pt>
File: 3-privacybook.pdf Graphic file (type pdf)

<use 3-privacybook.pdf, page 17>
Package pdftex.def Info: 3-privacybook.pdf, page17 used on input line 178.
(pdftex.def)             Requested size: 598.0605pt x 772.50291pt.
File: 3-privacybook.pdf Graphic file (type pdf)
 <use 3-privacybook.pdf, page 17>
Package pdftex.def Info: 3-privacybook.pdf, page17 used on input line 178.
(pdftex.def)             Requested size: 598.0605pt x 772.50291pt.
File: 3-privacybook.pdf Graphic file (type pdf)

<use 3-privacybook.pdf, page 17>
Package pdftex.def Info: 3-privacybook.pdf, page17 used on input line 178.
(pdftex.def)             Requested size: 598.0605pt x 772.50291pt.
 [466 <./3-privacybook.pdf>]
<3-privacybook.pdf, id=3099, page=18, 614.57608pt x 793.83575pt>
File: 3-privacybook.pdf Graphic file (type pdf)

<use 3-privacybook.pdf, page 18>
Package pdftex.def Info: 3-privacybook.pdf, page18 used on input line 178.
(pdftex.def)             Requested size: 598.0605pt x 772.50291pt.
File: 3-privacybook.pdf Graphic file (type pdf)
 <use 3-privacybook.pdf, page 18>
Package pdftex.def Info: 3-privacybook.pdf, page18 used on input line 178.
(pdftex.def)             Requested size: 598.0605pt x 772.50291pt.
File: 3-privacybook.pdf Graphic file (type pdf)

<use 3-privacybook.pdf, page 18>
Package pdftex.def Info: 3-privacybook.pdf, page18 used on input line 178.
(pdftex.def)             Requested size: 598.0605pt x 772.50291pt.
 [467 <./3-privacybook.pdf>]
<3-privacybook.pdf, id=3104, page=19, 614.57608pt x 793.83575pt>
File: 3-privacybook.pdf Graphic file (type pdf)

<use 3-privacybook.pdf, page 19>
Package pdftex.def Info: 3-privacybook.pdf, page19 used on input line 178.
(pdftex.def)             Requested size: 598.0605pt x 772.50291pt.
File: 3-privacybook.pdf Graphic file (type pdf)
 <use 3-privacybook.pdf, page 19>
Package pdftex.def Info: 3-privacybook.pdf, page19 used on input line 178.
(pdftex.def)             Requested size: 598.0605pt x 772.50291pt.
File: 3-privacybook.pdf Graphic file (type pdf)

<use 3-privacybook.pdf, page 19>
Package pdftex.def Info: 3-privacybook.pdf, page19 used on input line 178.
(pdftex.def)             Requested size: 598.0605pt x 772.50291pt.
 [468 <./3-privacybook.pdf>]
<3-privacybook.pdf, id=3114, page=20, 614.57608pt x 793.83575pt>
File: 3-privacybook.pdf Graphic file (type pdf)

<use 3-privacybook.pdf, page 20>
Package pdftex.def Info: 3-privacybook.pdf, page20 used on input line 178.
(pdftex.def)             Requested size: 598.0605pt x 772.50291pt.
File: 3-privacybook.pdf Graphic file (type pdf)
 <use 3-privacybook.pdf, page 20>
Package pdftex.def Info: 3-privacybook.pdf, page20 used on input line 178.
(pdftex.def)             Requested size: 598.0605pt x 772.50291pt.
File: 3-privacybook.pdf Graphic file (type pdf)

<use 3-privacybook.pdf, page 20>
Package pdftex.def Info: 3-privacybook.pdf, page20 used on input line 178.
(pdftex.def)             Requested size: 598.0605pt x 772.50291pt.
 [469 <./3-privacybook.pdf>]
<3-privacybook.pdf, id=3137, page=21, 614.57608pt x 793.83575pt>
File: 3-privacybook.pdf Graphic file (type pdf)

<use 3-privacybook.pdf, page 21>
Package pdftex.def Info: 3-privacybook.pdf, page21 used on input line 178.
(pdftex.def)             Requested size: 598.0605pt x 772.50291pt.
File: 3-privacybook.pdf Graphic file (type pdf)
 <use 3-privacybook.pdf, page 21>
Package pdftex.def Info: 3-privacybook.pdf, page21 used on input line 178.
(pdftex.def)             Requested size: 598.0605pt x 772.50291pt.
File: 3-privacybook.pdf Graphic file (type pdf)

<use 3-privacybook.pdf, page 21>
Package pdftex.def Info: 3-privacybook.pdf, page21 used on input line 178.
(pdftex.def)             Requested size: 598.0605pt x 772.50291pt.
 [470 <./3-privacybook.pdf>]
<3-privacybook.pdf, id=3142, page=22, 614.57608pt x 793.83575pt>
File: 3-privacybook.pdf Graphic file (type pdf)

<use 3-privacybook.pdf, page 22>
Package pdftex.def Info: 3-privacybook.pdf, page22 used on input line 178.
(pdftex.def)             Requested size: 598.0605pt x 772.50291pt.
File: 3-privacybook.pdf Graphic file (type pdf)
 <use 3-privacybook.pdf, page 22>
Package pdftex.def Info: 3-privacybook.pdf, page22 used on input line 178.
(pdftex.def)             Requested size: 598.0605pt x 772.50291pt.
File: 3-privacybook.pdf Graphic file (type pdf)

<use 3-privacybook.pdf, page 22>
Package pdftex.def Info: 3-privacybook.pdf, page22 used on input line 178.
(pdftex.def)             Requested size: 598.0605pt x 772.50291pt.
 [471 <./3-privacybook.pdf>]
<3-privacybook.pdf, id=3147, page=23, 614.57608pt x 793.83575pt>
File: 3-privacybook.pdf Graphic file (type pdf)

<use 3-privacybook.pdf, page 23>
Package pdftex.def Info: 3-privacybook.pdf, page23 used on input line 178.
(pdftex.def)             Requested size: 598.0605pt x 772.50291pt.
File: 3-privacybook.pdf Graphic file (type pdf)
 <use 3-privacybook.pdf, page 23>
Package pdftex.def Info: 3-privacybook.pdf, page23 used on input line 178.
(pdftex.def)             Requested size: 598.0605pt x 772.50291pt.
File: 3-privacybook.pdf Graphic file (type pdf)

<use 3-privacybook.pdf, page 23>
Package pdftex.def Info: 3-privacybook.pdf, page23 used on input line 178.
(pdftex.def)             Requested size: 598.0605pt x 772.50291pt.
 [472 <./3-privacybook.pdf>]
<3-privacybook.pdf, id=3152, page=24, 614.57608pt x 793.83575pt>
File: 3-privacybook.pdf Graphic file (type pdf)

<use 3-privacybook.pdf, page 24>
Package pdftex.def Info: 3-privacybook.pdf, page24 used on input line 178.
(pdftex.def)             Requested size: 598.0605pt x 772.50291pt.
File: 3-privacybook.pdf Graphic file (type pdf)
 <use 3-privacybook.pdf, page 24>
Package pdftex.def Info: 3-privacybook.pdf, page24 used on input line 178.
(pdftex.def)             Requested size: 598.0605pt x 772.50291pt.
File: 3-privacybook.pdf Graphic file (type pdf)

<use 3-privacybook.pdf, page 24>
Package pdftex.def Info: 3-privacybook.pdf, page24 used on input line 178.
(pdftex.def)             Requested size: 598.0605pt x 772.50291pt.
 [473 <./3-privacybook.pdf>]
<3-privacybook.pdf, id=3173, page=25, 614.57608pt x 793.83575pt>
File: 3-privacybook.pdf Graphic file (type pdf)

<use 3-privacybook.pdf, page 25>
Package pdftex.def Info: 3-privacybook.pdf, page25 used on input line 178.
(pdftex.def)             Requested size: 598.0605pt x 772.50291pt.
File: 3-privacybook.pdf Graphic file (type pdf)
 <use 3-privacybook.pdf, page 25>
Package pdftex.def Info: 3-privacybook.pdf, page25 used on input line 178.
(pdftex.def)             Requested size: 598.0605pt x 772.50291pt.
File: 3-privacybook.pdf Graphic file (type pdf)

<use 3-privacybook.pdf, page 25>
Package pdftex.def Info: 3-privacybook.pdf, page25 used on input line 178.
(pdftex.def)             Requested size: 598.0605pt x 772.50291pt.
 [474 <./3-privacybook.pdf>]
<3-privacybook.pdf, id=3178, page=26, 614.57608pt x 793.83575pt>
File: 3-privacybook.pdf Graphic file (type pdf)

<use 3-privacybook.pdf, page 26>
Package pdftex.def Info: 3-privacybook.pdf, page26 used on input line 178.
(pdftex.def)             Requested size: 598.0605pt x 772.50291pt.
File: 3-privacybook.pdf Graphic file (type pdf)
 <use 3-privacybook.pdf, page 26>
Package pdftex.def Info: 3-privacybook.pdf, page26 used on input line 178.
(pdftex.def)             Requested size: 598.0605pt x 772.50291pt.
File: 3-privacybook.pdf Graphic file (type pdf)

<use 3-privacybook.pdf, page 26>
Package pdftex.def Info: 3-privacybook.pdf, page26 used on input line 178.
(pdftex.def)             Requested size: 598.0605pt x 772.50291pt.
 [475 <./3-privacybook.pdf>]
<3-privacybook.pdf, id=3184, page=27, 614.57608pt x 793.83575pt>
File: 3-privacybook.pdf Graphic file (type pdf)

<use 3-privacybook.pdf, page 27>
Package pdftex.def Info: 3-privacybook.pdf, page27 used on input line 178.
(pdftex.def)             Requested size: 598.0605pt x 772.50291pt.
File: 3-privacybook.pdf Graphic file (type pdf)
 <use 3-privacybook.pdf, page 27>
Package pdftex.def Info: 3-privacybook.pdf, page27 used on input line 178.
(pdftex.def)             Requested size: 598.0605pt x 772.50291pt.
File: 3-privacybook.pdf Graphic file (type pdf)

<use 3-privacybook.pdf, page 27>
Package pdftex.def Info: 3-privacybook.pdf, page27 used on input line 178.
(pdftex.def)             Requested size: 598.0605pt x 772.50291pt.
 [476 <./3-privacybook.pdf>]
<3-privacybook.pdf, id=3189, page=28, 614.57608pt x 793.83575pt>
File: 3-privacybook.pdf Graphic file (type pdf)

<use 3-privacybook.pdf, page 28>
Package pdftex.def Info: 3-privacybook.pdf, page28 used on input line 178.
(pdftex.def)             Requested size: 598.0605pt x 772.50291pt.
File: 3-privacybook.pdf Graphic file (type pdf)
 <use 3-privacybook.pdf, page 28>
Package pdftex.def Info: 3-privacybook.pdf, page28 used on input line 178.
(pdftex.def)             Requested size: 598.0605pt x 772.50291pt.
File: 3-privacybook.pdf Graphic file (type pdf)

<use 3-privacybook.pdf, page 28>
Package pdftex.def Info: 3-privacybook.pdf, page28 used on input line 178.
(pdftex.def)             Requested size: 598.0605pt x 772.50291pt.
 [477 <./3-privacybook.pdf>]
<3-privacybook.pdf, id=3194, page=29, 614.57608pt x 793.83575pt>
File: 3-privacybook.pdf Graphic file (type pdf)

<use 3-privacybook.pdf, page 29>
Package pdftex.def Info: 3-privacybook.pdf, page29 used on input line 178.
(pdftex.def)             Requested size: 598.0605pt x 772.50291pt.
File: 3-privacybook.pdf Graphic file (type pdf)
 <use 3-privacybook.pdf, page 29>
Package pdftex.def Info: 3-privacybook.pdf, page29 used on input line 178.
(pdftex.def)             Requested size: 598.0605pt x 772.50291pt.
File: 3-privacybook.pdf Graphic file (type pdf)

<use 3-privacybook.pdf, page 29>
Package pdftex.def Info: 3-privacybook.pdf, page29 used on input line 178.
(pdftex.def)             Requested size: 598.0605pt x 772.50291pt.
 [478 <./3-privacybook.pdf>]
<3-privacybook.pdf, id=3202, page=30, 614.57608pt x 793.83575pt>
File: 3-privacybook.pdf Graphic file (type pdf)

<use 3-privacybook.pdf, page 30>
Package pdftex.def Info: 3-privacybook.pdf, page30 used on input line 178.
(pdftex.def)             Requested size: 598.0605pt x 772.50291pt.
File: 3-privacybook.pdf Graphic file (type pdf)
 <use 3-privacybook.pdf, page 30>
Package pdftex.def Info: 3-privacybook.pdf, page30 used on input line 178.
(pdftex.def)             Requested size: 598.0605pt x 772.50291pt.
File: 3-privacybook.pdf Graphic file (type pdf)

<use 3-privacybook.pdf, page 30>
Package pdftex.def Info: 3-privacybook.pdf, page30 used on input line 178.
(pdftex.def)             Requested size: 598.0605pt x 772.50291pt.
 [479 <./3-privacybook.pdf>]
<3-privacybook.pdf, id=3207, page=31, 614.57608pt x 793.83575pt>
File: 3-privacybook.pdf Graphic file (type pdf)

<use 3-privacybook.pdf, page 31>
Package pdftex.def Info: 3-privacybook.pdf, page31 used on input line 178.
(pdftex.def)             Requested size: 598.0605pt x 772.50291pt.
File: 3-privacybook.pdf Graphic file (type pdf)
 <use 3-privacybook.pdf, page 31>
Package pdftex.def Info: 3-privacybook.pdf, page31 used on input line 178.
(pdftex.def)             Requested size: 598.0605pt x 772.50291pt.
File: 3-privacybook.pdf Graphic file (type pdf)

<use 3-privacybook.pdf, page 31>
Package pdftex.def Info: 3-privacybook.pdf, page31 used on input line 178.
(pdftex.def)             Requested size: 598.0605pt x 772.50291pt.
 [480 <./3-privacybook.pdf>]
<3-privacybook.pdf, id=3212, page=32, 614.57608pt x 793.83575pt>
File: 3-privacybook.pdf Graphic file (type pdf)

<use 3-privacybook.pdf, page 32>
Package pdftex.def Info: 3-privacybook.pdf, page32 used on input line 178.
(pdftex.def)             Requested size: 598.0605pt x 772.50291pt.
File: 3-privacybook.pdf Graphic file (type pdf)
 <use 3-privacybook.pdf, page 32>
Package pdftex.def Info: 3-privacybook.pdf, page32 used on input line 178.
(pdftex.def)             Requested size: 598.0605pt x 772.50291pt.
File: 3-privacybook.pdf Graphic file (type pdf)

<use 3-privacybook.pdf, page 32>
Package pdftex.def Info: 3-privacybook.pdf, page32 used on input line 178.
(pdftex.def)             Requested size: 598.0605pt x 772.50291pt.
 [481 <./3-privacybook.pdf>]
<3-privacybook.pdf, id=3219, page=33, 614.57608pt x 793.83575pt>
File: 3-privacybook.pdf Graphic file (type pdf)

<use 3-privacybook.pdf, page 33>
Package pdftex.def Info: 3-privacybook.pdf, page33 used on input line 178.
(pdftex.def)             Requested size: 598.0605pt x 772.50291pt.
File: 3-privacybook.pdf Graphic file (type pdf)
 <use 3-privacybook.pdf, page 33>
Package pdftex.def Info: 3-privacybook.pdf, page33 used on input line 178.
(pdftex.def)             Requested size: 598.0605pt x 772.50291pt.
File: 3-privacybook.pdf Graphic file (type pdf)

<use 3-privacybook.pdf, page 33>
Package pdftex.def Info: 3-privacybook.pdf, page33 used on input line 178.
(pdftex.def)             Requested size: 598.0605pt x 772.50291pt.
 [482 <./3-privacybook.pdf>]
<3-privacybook.pdf, id=3224, page=34, 614.57608pt x 793.83575pt>
File: 3-privacybook.pdf Graphic file (type pdf)

<use 3-privacybook.pdf, page 34>
Package pdftex.def Info: 3-privacybook.pdf, page34 used on input line 178.
(pdftex.def)             Requested size: 598.0605pt x 772.50291pt.
File: 3-privacybook.pdf Graphic file (type pdf)
 <use 3-privacybook.pdf, page 34>
Package pdftex.def Info: 3-privacybook.pdf, page34 used on input line 178.
(pdftex.def)             Requested size: 598.0605pt x 772.50291pt.
File: 3-privacybook.pdf Graphic file (type pdf)

<use 3-privacybook.pdf, page 34>
Package pdftex.def Info: 3-privacybook.pdf, page34 used on input line 178.
(pdftex.def)             Requested size: 598.0605pt x 772.50291pt.
 [483 <./3-privacybook.pdf>]
<3-privacybook.pdf, id=3229, page=35, 614.57608pt x 793.83575pt>
File: 3-privacybook.pdf Graphic file (type pdf)

<use 3-privacybook.pdf, page 35>
Package pdftex.def Info: 3-privacybook.pdf, page35 used on input line 178.
(pdftex.def)             Requested size: 598.0605pt x 772.50291pt.
File: 3-privacybook.pdf Graphic file (type pdf)
 <use 3-privacybook.pdf, page 35>
Package pdftex.def Info: 3-privacybook.pdf, page35 used on input line 178.
(pdftex.def)             Requested size: 598.0605pt x 772.50291pt.
File: 3-privacybook.pdf Graphic file (type pdf)

<use 3-privacybook.pdf, page 35>
Package pdftex.def Info: 3-privacybook.pdf, page35 used on input line 178.
(pdftex.def)             Requested size: 598.0605pt x 772.50291pt.
 [484 <./3-privacybook.pdf>]
<3-privacybook.pdf, id=3237, page=36, 614.57608pt x 793.83575pt>
File: 3-privacybook.pdf Graphic file (type pdf)

<use 3-privacybook.pdf, page 36>
Package pdftex.def Info: 3-privacybook.pdf, page36 used on input line 178.
(pdftex.def)             Requested size: 598.0605pt x 772.50291pt.
File: 3-privacybook.pdf Graphic file (type pdf)
 <use 3-privacybook.pdf, page 36>
Package pdftex.def Info: 3-privacybook.pdf, page36 used on input line 178.
(pdftex.def)             Requested size: 598.0605pt x 772.50291pt.
File: 3-privacybook.pdf Graphic file (type pdf)

<use 3-privacybook.pdf, page 36>
Package pdftex.def Info: 3-privacybook.pdf, page36 used on input line 178.
(pdftex.def)             Requested size: 598.0605pt x 772.50291pt.
 [485 <./3-privacybook.pdf>]
<3-privacybook.pdf, id=3242, page=37, 614.57608pt x 793.83575pt>
File: 3-privacybook.pdf Graphic file (type pdf)

<use 3-privacybook.pdf, page 37>
Package pdftex.def Info: 3-privacybook.pdf, page37 used on input line 178.
(pdftex.def)             Requested size: 598.0605pt x 772.50291pt.
File: 3-privacybook.pdf Graphic file (type pdf)
 <use 3-privacybook.pdf, page 37>
Package pdftex.def Info: 3-privacybook.pdf, page37 used on input line 178.
(pdftex.def)             Requested size: 598.0605pt x 772.50291pt.
File: 3-privacybook.pdf Graphic file (type pdf)

<use 3-privacybook.pdf, page 37>
Package pdftex.def Info: 3-privacybook.pdf, page37 used on input line 178.
(pdftex.def)             Requested size: 598.0605pt x 772.50291pt.
 [486 <./3-privacybook.pdf>]
<3-privacybook.pdf, id=3247, page=38, 614.57608pt x 793.83575pt>
File: 3-privacybook.pdf Graphic file (type pdf)

<use 3-privacybook.pdf, page 38>
Package pdftex.def Info: 3-privacybook.pdf, page38 used on input line 178.
(pdftex.def)             Requested size: 598.0605pt x 772.50291pt.
File: 3-privacybook.pdf Graphic file (type pdf)
 <use 3-privacybook.pdf, page 38>
Package pdftex.def Info: 3-privacybook.pdf, page38 used on input line 178.
(pdftex.def)             Requested size: 598.0605pt x 772.50291pt.
File: 3-privacybook.pdf Graphic file (type pdf)

<use 3-privacybook.pdf, page 38>
Package pdftex.def Info: 3-privacybook.pdf, page38 used on input line 178.
(pdftex.def)             Requested size: 598.0605pt x 772.50291pt.
 [487 <./3-privacybook.pdf>]
<3-privacybook.pdf, id=3253, page=39, 614.57608pt x 793.83575pt>
File: 3-privacybook.pdf Graphic file (type pdf)

<use 3-privacybook.pdf, page 39>
Package pdftex.def Info: 3-privacybook.pdf, page39 used on input line 178.
(pdftex.def)             Requested size: 598.0605pt x 772.50291pt.
File: 3-privacybook.pdf Graphic file (type pdf)
 <use 3-privacybook.pdf, page 39>
Package pdftex.def Info: 3-privacybook.pdf, page39 used on input line 178.
(pdftex.def)             Requested size: 598.0605pt x 772.50291pt.
File: 3-privacybook.pdf Graphic file (type pdf)

<use 3-privacybook.pdf, page 39>
Package pdftex.def Info: 3-privacybook.pdf, page39 used on input line 178.
(pdftex.def)             Requested size: 598.0605pt x 772.50291pt.
 [488 <./3-privacybook.pdf>]
<3-privacybook.pdf, id=3258, page=40, 614.57608pt x 793.83575pt>
File: 3-privacybook.pdf Graphic file (type pdf)

<use 3-privacybook.pdf, page 40>
Package pdftex.def Info: 3-privacybook.pdf, page40 used on input line 178.
(pdftex.def)             Requested size: 598.0605pt x 772.50291pt.
File: 3-privacybook.pdf Graphic file (type pdf)
 <use 3-privacybook.pdf, page 40>
Package pdftex.def Info: 3-privacybook.pdf, page40 used on input line 178.
(pdftex.def)             Requested size: 598.0605pt x 772.50291pt.
File: 3-privacybook.pdf Graphic file (type pdf)

<use 3-privacybook.pdf, page 40>
Package pdftex.def Info: 3-privacybook.pdf, page40 used on input line 178.
(pdftex.def)             Requested size: 598.0605pt x 772.50291pt.
 [489 <./3-privacybook.pdf>]
<3-privacybook.pdf, id=3263, page=41, 614.57608pt x 793.83575pt>
File: 3-privacybook.pdf Graphic file (type pdf)

<use 3-privacybook.pdf, page 41>
Package pdftex.def Info: 3-privacybook.pdf, page41 used on input line 178.
(pdftex.def)             Requested size: 598.0605pt x 772.50291pt.
File: 3-privacybook.pdf Graphic file (type pdf)
 <use 3-privacybook.pdf, page 41>
Package pdftex.def Info: 3-privacybook.pdf, page41 used on input line 178.
(pdftex.def)             Requested size: 598.0605pt x 772.50291pt.
File: 3-privacybook.pdf Graphic file (type pdf)

<use 3-privacybook.pdf, page 41>
Package pdftex.def Info: 3-privacybook.pdf, page41 used on input line 178.
(pdftex.def)             Requested size: 598.0605pt x 772.50291pt.
 [490 <./3-privacybook.pdf>]
<3-privacybook.pdf, id=3268, page=42, 614.57608pt x 793.83575pt>
File: 3-privacybook.pdf Graphic file (type pdf)

<use 3-privacybook.pdf, page 42>
Package pdftex.def Info: 3-privacybook.pdf, page42 used on input line 178.
(pdftex.def)             Requested size: 598.0605pt x 772.50291pt.
File: 3-privacybook.pdf Graphic file (type pdf)
 <use 3-privacybook.pdf, page 42>
Package pdftex.def Info: 3-privacybook.pdf, page42 used on input line 178.
(pdftex.def)             Requested size: 598.0605pt x 772.50291pt.
File: 3-privacybook.pdf Graphic file (type pdf)

<use 3-privacybook.pdf, page 42>
Package pdftex.def Info: 3-privacybook.pdf, page42 used on input line 178.
(pdftex.def)             Requested size: 598.0605pt x 772.50291pt.
 [491 <./3-privacybook.pdf>]
<3-privacybook.pdf, id=3273, page=43, 614.57608pt x 793.83575pt>
File: 3-privacybook.pdf Graphic file (type pdf)

<use 3-privacybook.pdf, page 43>
Package pdftex.def Info: 3-privacybook.pdf, page43 used on input line 178.
(pdftex.def)             Requested size: 598.0605pt x 772.50291pt.
File: 3-privacybook.pdf Graphic file (type pdf)
 <use 3-privacybook.pdf, page 43>
Package pdftex.def Info: 3-privacybook.pdf, page43 used on input line 178.
(pdftex.def)             Requested size: 598.0605pt x 772.50291pt.
File: 3-privacybook.pdf Graphic file (type pdf)

<use 3-privacybook.pdf, page 43>
Package pdftex.def Info: 3-privacybook.pdf, page43 used on input line 178.
(pdftex.def)             Requested size: 598.0605pt x 772.50291pt.
 [492 <./3-privacybook.pdf>]
<3-privacybook.pdf, id=3278, page=44, 614.57608pt x 793.83575pt>
File: 3-privacybook.pdf Graphic file (type pdf)

<use 3-privacybook.pdf, page 44>
Package pdftex.def Info: 3-privacybook.pdf, page44 used on input line 178.
(pdftex.def)             Requested size: 598.0605pt x 772.50291pt.
File: 3-privacybook.pdf Graphic file (type pdf)
 <use 3-privacybook.pdf, page 44>
Package pdftex.def Info: 3-privacybook.pdf, page44 used on input line 178.
(pdftex.def)             Requested size: 598.0605pt x 772.50291pt.
File: 3-privacybook.pdf Graphic file (type pdf)

<use 3-privacybook.pdf, page 44>
Package pdftex.def Info: 3-privacybook.pdf, page44 used on input line 178.
(pdftex.def)             Requested size: 598.0605pt x 772.50291pt.
 [493 <./3-privacybook.pdf>]
<3-privacybook.pdf, id=3284, page=45, 614.57608pt x 793.83575pt>
File: 3-privacybook.pdf Graphic file (type pdf)

<use 3-privacybook.pdf, page 45>
Package pdftex.def Info: 3-privacybook.pdf, page45 used on input line 178.
(pdftex.def)             Requested size: 598.0605pt x 772.50291pt.
File: 3-privacybook.pdf Graphic file (type pdf)
 <use 3-privacybook.pdf, page 45>
Package pdftex.def Info: 3-privacybook.pdf, page45 used on input line 178.
(pdftex.def)             Requested size: 598.0605pt x 772.50291pt.
File: 3-privacybook.pdf Graphic file (type pdf)

<use 3-privacybook.pdf, page 45>
Package pdftex.def Info: 3-privacybook.pdf, page45 used on input line 178.
(pdftex.def)             Requested size: 598.0605pt x 772.50291pt.
 [494 <./3-privacybook.pdf>]
<3-privacybook.pdf, id=3289, page=46, 614.57608pt x 793.83575pt>
File: 3-privacybook.pdf Graphic file (type pdf)

<use 3-privacybook.pdf, page 46>
Package pdftex.def Info: 3-privacybook.pdf, page46 used on input line 178.
(pdftex.def)             Requested size: 598.0605pt x 772.50291pt.
File: 3-privacybook.pdf Graphic file (type pdf)
 <use 3-privacybook.pdf, page 46>
Package pdftex.def Info: 3-privacybook.pdf, page46 used on input line 178.
(pdftex.def)             Requested size: 598.0605pt x 772.50291pt.
File: 3-privacybook.pdf Graphic file (type pdf)

<use 3-privacybook.pdf, page 46>
Package pdftex.def Info: 3-privacybook.pdf, page46 used on input line 178.
(pdftex.def)             Requested size: 598.0605pt x 772.50291pt.
 [495 <./3-privacybook.pdf>]
<3-privacybook.pdf, id=3294, page=47, 614.57608pt x 793.83575pt>
File: 3-privacybook.pdf Graphic file (type pdf)

<use 3-privacybook.pdf, page 47>
Package pdftex.def Info: 3-privacybook.pdf, page47 used on input line 178.
(pdftex.def)             Requested size: 598.0605pt x 772.50291pt.
File: 3-privacybook.pdf Graphic file (type pdf)
 <use 3-privacybook.pdf, page 47>
Package pdftex.def Info: 3-privacybook.pdf, page47 used on input line 178.
(pdftex.def)             Requested size: 598.0605pt x 772.50291pt.
File: 3-privacybook.pdf Graphic file (type pdf)

<use 3-privacybook.pdf, page 47>
Package pdftex.def Info: 3-privacybook.pdf, page47 used on input line 178.
(pdftex.def)             Requested size: 598.0605pt x 772.50291pt.
 [496 <./3-privacybook.pdf>]
<3-privacybook.pdf, id=3299, page=48, 614.57608pt x 793.83575pt>
File: 3-privacybook.pdf Graphic file (type pdf)

<use 3-privacybook.pdf, page 48>
Package pdftex.def Info: 3-privacybook.pdf, page48 used on input line 178.
(pdftex.def)             Requested size: 598.0605pt x 772.50291pt.
File: 3-privacybook.pdf Graphic file (type pdf)
 <use 3-privacybook.pdf, page 48>
Package pdftex.def Info: 3-privacybook.pdf, page48 used on input line 178.
(pdftex.def)             Requested size: 598.0605pt x 772.50291pt.
File: 3-privacybook.pdf Graphic file (type pdf)

<use 3-privacybook.pdf, page 48>
Package pdftex.def Info: 3-privacybook.pdf, page48 used on input line 178.
(pdftex.def)             Requested size: 598.0605pt x 772.50291pt.
 [497 <./3-privacybook.pdf>]
<3-privacybook.pdf, id=3304, page=49, 614.57608pt x 793.83575pt>
File: 3-privacybook.pdf Graphic file (type pdf)

<use 3-privacybook.pdf, page 49>
Package pdftex.def Info: 3-privacybook.pdf, page49 used on input line 178.
(pdftex.def)             Requested size: 598.0605pt x 772.50291pt.
File: 3-privacybook.pdf Graphic file (type pdf)
 <use 3-privacybook.pdf, page 49>
Package pdftex.def Info: 3-privacybook.pdf, page49 used on input line 178.
(pdftex.def)             Requested size: 598.0605pt x 772.50291pt.
File: 3-privacybook.pdf Graphic file (type pdf)

<use 3-privacybook.pdf, page 49>
Package pdftex.def Info: 3-privacybook.pdf, page49 used on input line 178.
(pdftex.def)             Requested size: 598.0605pt x 772.50291pt.
 [498 <./3-privacybook.pdf>]
<3-privacybook.pdf, id=3309, page=50, 614.57608pt x 793.83575pt>
File: 3-privacybook.pdf Graphic file (type pdf)

<use 3-privacybook.pdf, page 50>
Package pdftex.def Info: 3-privacybook.pdf, page50 used on input line 178.
(pdftex.def)             Requested size: 598.0605pt x 772.50291pt.
File: 3-privacybook.pdf Graphic file (type pdf)
 <use 3-privacybook.pdf, page 50>
Package pdftex.def Info: 3-privacybook.pdf, page50 used on input line 178.
(pdftex.def)             Requested size: 598.0605pt x 772.50291pt.
File: 3-privacybook.pdf Graphic file (type pdf)

<use 3-privacybook.pdf, page 50>
Package pdftex.def Info: 3-privacybook.pdf, page50 used on input line 178.
(pdftex.def)             Requested size: 598.0605pt x 772.50291pt.
 [499 <./3-privacybook.pdf>]
<3-privacybook.pdf, id=3315, page=51, 614.57608pt x 793.83575pt>
File: 3-privacybook.pdf Graphic file (type pdf)

<use 3-privacybook.pdf, page 51>
Package pdftex.def Info: 3-privacybook.pdf, page51 used on input line 178.
(pdftex.def)             Requested size: 598.0605pt x 772.50291pt.
File: 3-privacybook.pdf Graphic file (type pdf)
 <use 3-privacybook.pdf, page 51>
Package pdftex.def Info: 3-privacybook.pdf, page51 used on input line 178.
(pdftex.def)             Requested size: 598.0605pt x 772.50291pt.
File: 3-privacybook.pdf Graphic file (type pdf)

<use 3-privacybook.pdf, page 51>
Package pdftex.def Info: 3-privacybook.pdf, page51 used on input line 178.
(pdftex.def)             Requested size: 598.0605pt x 772.50291pt.
 [500 <./3-privacybook.pdf>]
<3-privacybook.pdf, id=3320, page=52, 614.57608pt x 793.83575pt>
File: 3-privacybook.pdf Graphic file (type pdf)

<use 3-privacybook.pdf, page 52>
Package pdftex.def Info: 3-privacybook.pdf, page52 used on input line 178.
(pdftex.def)             Requested size: 598.0605pt x 772.50291pt.
File: 3-privacybook.pdf Graphic file (type pdf)
 <use 3-privacybook.pdf, page 52>
Package pdftex.def Info: 3-privacybook.pdf, page52 used on input line 178.
(pdftex.def)             Requested size: 598.0605pt x 772.50291pt.
File: 3-privacybook.pdf Graphic file (type pdf)

<use 3-privacybook.pdf, page 52>
Package pdftex.def Info: 3-privacybook.pdf, page52 used on input line 178.
(pdftex.def)             Requested size: 598.0605pt x 772.50291pt.
 [501 <./3-privacybook.pdf>]
<3-privacybook.pdf, id=3325, page=53, 614.57608pt x 793.83575pt>
File: 3-privacybook.pdf Graphic file (type pdf)

<use 3-privacybook.pdf, page 53>
Package pdftex.def Info: 3-privacybook.pdf, page53 used on input line 178.
(pdftex.def)             Requested size: 598.0605pt x 772.50291pt.
File: 3-privacybook.pdf Graphic file (type pdf)
 <use 3-privacybook.pdf, page 53>
Package pdftex.def Info: 3-privacybook.pdf, page53 used on input line 178.
(pdftex.def)             Requested size: 598.0605pt x 772.50291pt.
File: 3-privacybook.pdf Graphic file (type pdf)

<use 3-privacybook.pdf, page 53>
Package pdftex.def Info: 3-privacybook.pdf, page53 used on input line 178.
(pdftex.def)             Requested size: 598.0605pt x 772.50291pt.
 [502 <./3-privacybook.pdf>]
<3-privacybook.pdf, id=3338, page=54, 614.57608pt x 793.83575pt>
File: 3-privacybook.pdf Graphic file (type pdf)

<use 3-privacybook.pdf, page 54>
Package pdftex.def Info: 3-privacybook.pdf, page54 used on input line 178.
(pdftex.def)             Requested size: 598.0605pt x 772.50291pt.
File: 3-privacybook.pdf Graphic file (type pdf)
 <use 3-privacybook.pdf, page 54>
Package pdftex.def Info: 3-privacybook.pdf, page54 used on input line 178.
(pdftex.def)             Requested size: 598.0605pt x 772.50291pt.
File: 3-privacybook.pdf Graphic file (type pdf)

<use 3-privacybook.pdf, page 54>
Package pdftex.def Info: 3-privacybook.pdf, page54 used on input line 178.
(pdftex.def)             Requested size: 598.0605pt x 772.50291pt.
 [503 <./3-privacybook.pdf>]
<3-privacybook.pdf, id=3343, page=55, 614.57608pt x 793.83575pt>
File: 3-privacybook.pdf Graphic file (type pdf)

<use 3-privacybook.pdf, page 55>
Package pdftex.def Info: 3-privacybook.pdf, page55 used on input line 178.
(pdftex.def)             Requested size: 598.0605pt x 772.50291pt.
File: 3-privacybook.pdf Graphic file (type pdf)
 <use 3-privacybook.pdf, page 55>
Package pdftex.def Info: 3-privacybook.pdf, page55 used on input line 178.
(pdftex.def)             Requested size: 598.0605pt x 772.50291pt.
File: 3-privacybook.pdf Graphic file (type pdf)

<use 3-privacybook.pdf, page 55>
Package pdftex.def Info: 3-privacybook.pdf, page55 used on input line 178.
(pdftex.def)             Requested size: 598.0605pt x 772.50291pt.
 [504 <./3-privacybook.pdf>]
<3-privacybook.pdf, id=3348, page=56, 614.57608pt x 793.83575pt>
File: 3-privacybook.pdf Graphic file (type pdf)

<use 3-privacybook.pdf, page 56>
Package pdftex.def Info: 3-privacybook.pdf, page56 used on input line 178.
(pdftex.def)             Requested size: 598.0605pt x 772.50291pt.
File: 3-privacybook.pdf Graphic file (type pdf)
 <use 3-privacybook.pdf, page 56>
Package pdftex.def Info: 3-privacybook.pdf, page56 used on input line 178.
(pdftex.def)             Requested size: 598.0605pt x 772.50291pt.
File: 3-privacybook.pdf Graphic file (type pdf)

<use 3-privacybook.pdf, page 56>
Package pdftex.def Info: 3-privacybook.pdf, page56 used on input line 178.
(pdftex.def)             Requested size: 598.0605pt x 772.50291pt.
 [505 <./3-privacybook.pdf>]
<3-privacybook.pdf, id=3354, page=57, 614.57608pt x 793.83575pt>
File: 3-privacybook.pdf Graphic file (type pdf)

<use 3-privacybook.pdf, page 57>
Package pdftex.def Info: 3-privacybook.pdf, page57 used on input line 178.
(pdftex.def)             Requested size: 598.0605pt x 772.50291pt.
File: 3-privacybook.pdf Graphic file (type pdf)
 <use 3-privacybook.pdf, page 57>
Package pdftex.def Info: 3-privacybook.pdf, page57 used on input line 178.
(pdftex.def)             Requested size: 598.0605pt x 772.50291pt.
File: 3-privacybook.pdf Graphic file (type pdf)

<use 3-privacybook.pdf, page 57>
Package pdftex.def Info: 3-privacybook.pdf, page57 used on input line 178.
(pdftex.def)             Requested size: 598.0605pt x 772.50291pt.
 [506 <./3-privacybook.pdf>]
<3-privacybook.pdf, id=3359, page=58, 614.57608pt x 793.83575pt>
File: 3-privacybook.pdf Graphic file (type pdf)

<use 3-privacybook.pdf, page 58>
Package pdftex.def Info: 3-privacybook.pdf, page58 used on input line 178.
(pdftex.def)             Requested size: 598.0605pt x 772.50291pt.
File: 3-privacybook.pdf Graphic file (type pdf)
 <use 3-privacybook.pdf, page 58>
Package pdftex.def Info: 3-privacybook.pdf, page58 used on input line 178.
(pdftex.def)             Requested size: 598.0605pt x 772.50291pt.
File: 3-privacybook.pdf Graphic file (type pdf)

<use 3-privacybook.pdf, page 58>
Package pdftex.def Info: 3-privacybook.pdf, page58 used on input line 178.
(pdftex.def)             Requested size: 598.0605pt x 772.50291pt.
 [507 <./3-privacybook.pdf>]
<3-privacybook.pdf, id=3364, page=59, 614.57608pt x 793.83575pt>
File: 3-privacybook.pdf Graphic file (type pdf)

<use 3-privacybook.pdf, page 59>
Package pdftex.def Info: 3-privacybook.pdf, page59 used on input line 178.
(pdftex.def)             Requested size: 598.0605pt x 772.50291pt.
File: 3-privacybook.pdf Graphic file (type pdf)
 <use 3-privacybook.pdf, page 59>
Package pdftex.def Info: 3-privacybook.pdf, page59 used on input line 178.
(pdftex.def)             Requested size: 598.0605pt x 772.50291pt.
File: 3-privacybook.pdf Graphic file (type pdf)

<use 3-privacybook.pdf, page 59>
Package pdftex.def Info: 3-privacybook.pdf, page59 used on input line 178.
(pdftex.def)             Requested size: 598.0605pt x 772.50291pt.
 [508 <./3-privacybook.pdf>]
<3-privacybook.pdf, id=3369, page=60, 614.57608pt x 793.83575pt>
File: 3-privacybook.pdf Graphic file (type pdf)

<use 3-privacybook.pdf, page 60>
Package pdftex.def Info: 3-privacybook.pdf, page60 used on input line 178.
(pdftex.def)             Requested size: 598.0605pt x 772.50291pt.
File: 3-privacybook.pdf Graphic file (type pdf)
 <use 3-privacybook.pdf, page 60>
Package pdftex.def Info: 3-privacybook.pdf, page60 used on input line 178.
(pdftex.def)             Requested size: 598.0605pt x 772.50291pt.
File: 3-privacybook.pdf Graphic file (type pdf)

<use 3-privacybook.pdf, page 60>
Package pdftex.def Info: 3-privacybook.pdf, page60 used on input line 178.
(pdftex.def)             Requested size: 598.0605pt x 772.50291pt.
 [509 <./3-privacybook.pdf>]
<3-privacybook.pdf, id=3374, page=61, 614.57608pt x 793.83575pt>
File: 3-privacybook.pdf Graphic file (type pdf)

<use 3-privacybook.pdf, page 61>
Package pdftex.def Info: 3-privacybook.pdf, page61 used on input line 178.
(pdftex.def)             Requested size: 598.0605pt x 772.50291pt.
File: 3-privacybook.pdf Graphic file (type pdf)
 <use 3-privacybook.pdf, page 61>
Package pdftex.def Info: 3-privacybook.pdf, page61 used on input line 178.
(pdftex.def)             Requested size: 598.0605pt x 772.50291pt.
File: 3-privacybook.pdf Graphic file (type pdf)

<use 3-privacybook.pdf, page 61>
Package pdftex.def Info: 3-privacybook.pdf, page61 used on input line 178.
(pdftex.def)             Requested size: 598.0605pt x 772.50291pt.
 [510 <./3-privacybook.pdf>]
<3-privacybook.pdf, id=3383, page=62, 614.57608pt x 793.83575pt>
File: 3-privacybook.pdf Graphic file (type pdf)

<use 3-privacybook.pdf, page 62>
Package pdftex.def Info: 3-privacybook.pdf, page62 used on input line 178.
(pdftex.def)             Requested size: 598.0605pt x 772.50291pt.
File: 3-privacybook.pdf Graphic file (type pdf)
 <use 3-privacybook.pdf, page 62>
Package pdftex.def Info: 3-privacybook.pdf, page62 used on input line 178.
(pdftex.def)             Requested size: 598.0605pt x 772.50291pt.
File: 3-privacybook.pdf Graphic file (type pdf)

<use 3-privacybook.pdf, page 62>
Package pdftex.def Info: 3-privacybook.pdf, page62 used on input line 178.
(pdftex.def)             Requested size: 598.0605pt x 772.50291pt.
 [511 <./3-privacybook.pdf>]
<3-privacybook.pdf, id=3389, page=63, 614.57608pt x 793.83575pt>
File: 3-privacybook.pdf Graphic file (type pdf)

<use 3-privacybook.pdf, page 63>
Package pdftex.def Info: 3-privacybook.pdf, page63 used on input line 178.
(pdftex.def)             Requested size: 598.0605pt x 772.50291pt.
File: 3-privacybook.pdf Graphic file (type pdf)
 <use 3-privacybook.pdf, page 63>
Package pdftex.def Info: 3-privacybook.pdf, page63 used on input line 178.
(pdftex.def)             Requested size: 598.0605pt x 772.50291pt.
File: 3-privacybook.pdf Graphic file (type pdf)

<use 3-privacybook.pdf, page 63>
Package pdftex.def Info: 3-privacybook.pdf, page63 used on input line 178.
(pdftex.def)             Requested size: 598.0605pt x 772.50291pt.
 [512 <./3-privacybook.pdf>]
<3-privacybook.pdf, id=3394, page=64, 614.57608pt x 793.83575pt>
File: 3-privacybook.pdf Graphic file (type pdf)

<use 3-privacybook.pdf, page 64>
Package pdftex.def Info: 3-privacybook.pdf, page64 used on input line 178.
(pdftex.def)             Requested size: 598.0605pt x 772.50291pt.
File: 3-privacybook.pdf Graphic file (type pdf)
 <use 3-privacybook.pdf, page 64>
Package pdftex.def Info: 3-privacybook.pdf, page64 used on input line 178.
(pdftex.def)             Requested size: 598.0605pt x 772.50291pt.
File: 3-privacybook.pdf Graphic file (type pdf)

<use 3-privacybook.pdf, page 64>
Package pdftex.def Info: 3-privacybook.pdf, page64 used on input line 178.
(pdftex.def)             Requested size: 598.0605pt x 772.50291pt.
 [513 <./3-privacybook.pdf>]
<3-privacybook.pdf, id=3399, page=65, 614.57608pt x 793.83575pt>
File: 3-privacybook.pdf Graphic file (type pdf)

<use 3-privacybook.pdf, page 65>
Package pdftex.def Info: 3-privacybook.pdf, page65 used on input line 178.
(pdftex.def)             Requested size: 598.0605pt x 772.50291pt.
File: 3-privacybook.pdf Graphic file (type pdf)
 <use 3-privacybook.pdf, page 65>
Package pdftex.def Info: 3-privacybook.pdf, page65 used on input line 178.
(pdftex.def)             Requested size: 598.0605pt x 772.50291pt.
File: 3-privacybook.pdf Graphic file (type pdf)

<use 3-privacybook.pdf, page 65>
Package pdftex.def Info: 3-privacybook.pdf, page65 used on input line 178.
(pdftex.def)             Requested size: 598.0605pt x 772.50291pt.
 [514 <./3-privacybook.pdf>]
<3-privacybook.pdf, id=3404, page=66, 614.57608pt x 793.83575pt>
File: 3-privacybook.pdf Graphic file (type pdf)

<use 3-privacybook.pdf, page 66>
Package pdftex.def Info: 3-privacybook.pdf, page66 used on input line 178.
(pdftex.def)             Requested size: 598.0605pt x 772.50291pt.
File: 3-privacybook.pdf Graphic file (type pdf)
 <use 3-privacybook.pdf, page 66>
Package pdftex.def Info: 3-privacybook.pdf, page66 used on input line 178.
(pdftex.def)             Requested size: 598.0605pt x 772.50291pt.
File: 3-privacybook.pdf Graphic file (type pdf)

<use 3-privacybook.pdf, page 66>
Package pdftex.def Info: 3-privacybook.pdf, page66 used on input line 178.
(pdftex.def)             Requested size: 598.0605pt x 772.50291pt.
 [515 <./3-privacybook.pdf>]
<3-privacybook.pdf, id=3409, page=67, 614.57608pt x 793.83575pt>
File: 3-privacybook.pdf Graphic file (type pdf)

<use 3-privacybook.pdf, page 67>
Package pdftex.def Info: 3-privacybook.pdf, page67 used on input line 178.
(pdftex.def)             Requested size: 598.0605pt x 772.50291pt.
File: 3-privacybook.pdf Graphic file (type pdf)
 <use 3-privacybook.pdf, page 67>
Package pdftex.def Info: 3-privacybook.pdf, page67 used on input line 178.
(pdftex.def)             Requested size: 598.0605pt x 772.50291pt.
File: 3-privacybook.pdf Graphic file (type pdf)

<use 3-privacybook.pdf, page 67>
Package pdftex.def Info: 3-privacybook.pdf, page67 used on input line 178.
(pdftex.def)             Requested size: 598.0605pt x 772.50291pt.
 [516 <./3-privacybook.pdf>]
<3-privacybook.pdf, id=3414, page=68, 614.57608pt x 793.83575pt>
File: 3-privacybook.pdf Graphic file (type pdf)

<use 3-privacybook.pdf, page 68>
Package pdftex.def Info: 3-privacybook.pdf, page68 used on input line 178.
(pdftex.def)             Requested size: 598.0605pt x 772.50291pt.
File: 3-privacybook.pdf Graphic file (type pdf)
 <use 3-privacybook.pdf, page 68>
Package pdftex.def Info: 3-privacybook.pdf, page68 used on input line 178.
(pdftex.def)             Requested size: 598.0605pt x 772.50291pt.
File: 3-privacybook.pdf Graphic file (type pdf)

<use 3-privacybook.pdf, page 68>
Package pdftex.def Info: 3-privacybook.pdf, page68 used on input line 178.
(pdftex.def)             Requested size: 598.0605pt x 772.50291pt.
 [517 <./3-privacybook.pdf>]
<3-privacybook.pdf, id=3420, page=69, 614.57608pt x 793.83575pt>
File: 3-privacybook.pdf Graphic file (type pdf)

<use 3-privacybook.pdf, page 69>
Package pdftex.def Info: 3-privacybook.pdf, page69 used on input line 178.
(pdftex.def)             Requested size: 598.0605pt x 772.50291pt.
File: 3-privacybook.pdf Graphic file (type pdf)
 <use 3-privacybook.pdf, page 69>
Package pdftex.def Info: 3-privacybook.pdf, page69 used on input line 178.
(pdftex.def)             Requested size: 598.0605pt x 772.50291pt.
File: 3-privacybook.pdf Graphic file (type pdf)

<use 3-privacybook.pdf, page 69>
Package pdftex.def Info: 3-privacybook.pdf, page69 used on input line 178.
(pdftex.def)             Requested size: 598.0605pt x 772.50291pt.
 [518 <./3-privacybook.pdf>]
<3-privacybook.pdf, id=3425, page=70, 614.57608pt x 793.83575pt>
File: 3-privacybook.pdf Graphic file (type pdf)

<use 3-privacybook.pdf, page 70>
Package pdftex.def Info: 3-privacybook.pdf, page70 used on input line 178.
(pdftex.def)             Requested size: 598.0605pt x 772.50291pt.
File: 3-privacybook.pdf Graphic file (type pdf)
 <use 3-privacybook.pdf, page 70>
Package pdftex.def Info: 3-privacybook.pdf, page70 used on input line 178.
(pdftex.def)             Requested size: 598.0605pt x 772.50291pt.
File: 3-privacybook.pdf Graphic file (type pdf)

<use 3-privacybook.pdf, page 70>
Package pdftex.def Info: 3-privacybook.pdf, page70 used on input line 178.
(pdftex.def)             Requested size: 598.0605pt x 772.50291pt.
 [519 <./3-privacybook.pdf>]
<3-privacybook.pdf, id=3430, page=71, 614.57608pt x 793.83575pt>
File: 3-privacybook.pdf Graphic file (type pdf)

<use 3-privacybook.pdf, page 71>
Package pdftex.def Info: 3-privacybook.pdf, page71 used on input line 178.
(pdftex.def)             Requested size: 598.0605pt x 772.50291pt.
File: 3-privacybook.pdf Graphic file (type pdf)
 <use 3-privacybook.pdf, page 71>
Package pdftex.def Info: 3-privacybook.pdf, page71 used on input line 178.
(pdftex.def)             Requested size: 598.0605pt x 772.50291pt.
File: 3-privacybook.pdf Graphic file (type pdf)

<use 3-privacybook.pdf, page 71>
Package pdftex.def Info: 3-privacybook.pdf, page71 used on input line 178.
(pdftex.def)             Requested size: 598.0605pt x 772.50291pt.
 [520 <./3-privacybook.pdf>]
<3-privacybook.pdf, id=3435, page=72, 614.57608pt x 793.83575pt>
File: 3-privacybook.pdf Graphic file (type pdf)

<use 3-privacybook.pdf, page 72>
Package pdftex.def Info: 3-privacybook.pdf, page72 used on input line 178.
(pdftex.def)             Requested size: 598.0605pt x 772.50291pt.
File: 3-privacybook.pdf Graphic file (type pdf)
 <use 3-privacybook.pdf, page 72>
Package pdftex.def Info: 3-privacybook.pdf, page72 used on input line 178.
(pdftex.def)             Requested size: 598.0605pt x 772.50291pt.
File: 3-privacybook.pdf Graphic file (type pdf)

<use 3-privacybook.pdf, page 72>
Package pdftex.def Info: 3-privacybook.pdf, page72 used on input line 178.
(pdftex.def)             Requested size: 598.0605pt x 772.50291pt.
 [521 <./3-privacybook.pdf>]
<3-privacybook.pdf, id=3440, page=73, 614.57608pt x 793.83575pt>
File: 3-privacybook.pdf Graphic file (type pdf)

<use 3-privacybook.pdf, page 73>
Package pdftex.def Info: 3-privacybook.pdf, page73 used on input line 178.
(pdftex.def)             Requested size: 598.0605pt x 772.50291pt.
File: 3-privacybook.pdf Graphic file (type pdf)
 <use 3-privacybook.pdf, page 73>
Package pdftex.def Info: 3-privacybook.pdf, page73 used on input line 178.
(pdftex.def)             Requested size: 598.0605pt x 772.50291pt.
File: 3-privacybook.pdf Graphic file (type pdf)

<use 3-privacybook.pdf, page 73>
Package pdftex.def Info: 3-privacybook.pdf, page73 used on input line 178.
(pdftex.def)             Requested size: 598.0605pt x 772.50291pt.
 [522 <./3-privacybook.pdf>]
<3-privacybook.pdf, id=3445, page=74, 614.57608pt x 793.83575pt>
File: 3-privacybook.pdf Graphic file (type pdf)

<use 3-privacybook.pdf, page 74>
Package pdftex.def Info: 3-privacybook.pdf, page74 used on input line 178.
(pdftex.def)             Requested size: 598.0605pt x 772.50291pt.
File: 3-privacybook.pdf Graphic file (type pdf)
 <use 3-privacybook.pdf, page 74>
Package pdftex.def Info: 3-privacybook.pdf, page74 used on input line 178.
(pdftex.def)             Requested size: 598.0605pt x 772.50291pt.
File: 3-privacybook.pdf Graphic file (type pdf)

<use 3-privacybook.pdf, page 74>
Package pdftex.def Info: 3-privacybook.pdf, page74 used on input line 178.
(pdftex.def)             Requested size: 598.0605pt x 772.50291pt.
 [523 <./3-privacybook.pdf>]
<3-privacybook.pdf, id=3456, page=75, 614.57608pt x 793.83575pt>
File: 3-privacybook.pdf Graphic file (type pdf)

<use 3-privacybook.pdf, page 75>
Package pdftex.def Info: 3-privacybook.pdf, page75 used on input line 178.
(pdftex.def)             Requested size: 598.0605pt x 772.50291pt.
File: 3-privacybook.pdf Graphic file (type pdf)
 <use 3-privacybook.pdf, page 75>
Package pdftex.def Info: 3-privacybook.pdf, page75 used on input line 178.
(pdftex.def)             Requested size: 598.0605pt x 772.50291pt.
File: 3-privacybook.pdf Graphic file (type pdf)

<use 3-privacybook.pdf, page 75>
Package pdftex.def Info: 3-privacybook.pdf, page75 used on input line 178.
(pdftex.def)             Requested size: 598.0605pt x 772.50291pt.
 [524 <./3-privacybook.pdf>]
<3-privacybook.pdf, id=3461, page=76, 614.57608pt x 793.83575pt>
File: 3-privacybook.pdf Graphic file (type pdf)

<use 3-privacybook.pdf, page 76>
Package pdftex.def Info: 3-privacybook.pdf, page76 used on input line 178.
(pdftex.def)             Requested size: 598.0605pt x 772.50291pt.
File: 3-privacybook.pdf Graphic file (type pdf)
 <use 3-privacybook.pdf, page 76>
Package pdftex.def Info: 3-privacybook.pdf, page76 used on input line 178.
(pdftex.def)             Requested size: 598.0605pt x 772.50291pt.
File: 3-privacybook.pdf Graphic file (type pdf)

<use 3-privacybook.pdf, page 76>
Package pdftex.def Info: 3-privacybook.pdf, page76 used on input line 178.
(pdftex.def)             Requested size: 598.0605pt x 772.50291pt.
 [525 <./3-privacybook.pdf>]
<3-privacybook.pdf, id=3466, page=77, 614.57608pt x 793.83575pt>
File: 3-privacybook.pdf Graphic file (type pdf)

<use 3-privacybook.pdf, page 77>
Package pdftex.def Info: 3-privacybook.pdf, page77 used on input line 178.
(pdftex.def)             Requested size: 598.0605pt x 772.50291pt.
File: 3-privacybook.pdf Graphic file (type pdf)
 <use 3-privacybook.pdf, page 77>
Package pdftex.def Info: 3-privacybook.pdf, page77 used on input line 178.
(pdftex.def)             Requested size: 598.0605pt x 772.50291pt.
File: 3-privacybook.pdf Graphic file (type pdf)

<use 3-privacybook.pdf, page 77>
Package pdftex.def Info: 3-privacybook.pdf, page77 used on input line 178.
(pdftex.def)             Requested size: 598.0605pt x 772.50291pt.
 [526 <./3-privacybook.pdf>]
<3-privacybook.pdf, id=3476, page=78, 614.57608pt x 793.83575pt>
File: 3-privacybook.pdf Graphic file (type pdf)

<use 3-privacybook.pdf, page 78>
Package pdftex.def Info: 3-privacybook.pdf, page78 used on input line 178.
(pdftex.def)             Requested size: 598.0605pt x 772.50291pt.
File: 3-privacybook.pdf Graphic file (type pdf)
 <use 3-privacybook.pdf, page 78>
Package pdftex.def Info: 3-privacybook.pdf, page78 used on input line 178.
(pdftex.def)             Requested size: 598.0605pt x 772.50291pt.
File: 3-privacybook.pdf Graphic file (type pdf)

<use 3-privacybook.pdf, page 78>
Package pdftex.def Info: 3-privacybook.pdf, page78 used on input line 178.
(pdftex.def)             Requested size: 598.0605pt x 772.50291pt.
 [527 <./3-privacybook.pdf>]
<3-privacybook.pdf, id=3481, page=79, 614.57608pt x 793.83575pt>
File: 3-privacybook.pdf Graphic file (type pdf)

<use 3-privacybook.pdf, page 79>
Package pdftex.def Info: 3-privacybook.pdf, page79 used on input line 178.
(pdftex.def)             Requested size: 598.0605pt x 772.50291pt.
File: 3-privacybook.pdf Graphic file (type pdf)
 <use 3-privacybook.pdf, page 79>
Package pdftex.def Info: 3-privacybook.pdf, page79 used on input line 178.
(pdftex.def)             Requested size: 598.0605pt x 772.50291pt.
File: 3-privacybook.pdf Graphic file (type pdf)

<use 3-privacybook.pdf, page 79>
Package pdftex.def Info: 3-privacybook.pdf, page79 used on input line 178.
(pdftex.def)             Requested size: 598.0605pt x 772.50291pt.
 [528 <./3-privacybook.pdf>]
<3-privacybook.pdf, id=3486, page=80, 614.57608pt x 793.83575pt>
File: 3-privacybook.pdf Graphic file (type pdf)

<use 3-privacybook.pdf, page 80>
Package pdftex.def Info: 3-privacybook.pdf, page80 used on input line 178.
(pdftex.def)             Requested size: 598.0605pt x 772.50291pt.
File: 3-privacybook.pdf Graphic file (type pdf)
 <use 3-privacybook.pdf, page 80>
Package pdftex.def Info: 3-privacybook.pdf, page80 used on input line 178.
(pdftex.def)             Requested size: 598.0605pt x 772.50291pt.
File: 3-privacybook.pdf Graphic file (type pdf)

<use 3-privacybook.pdf, page 80>
Package pdftex.def Info: 3-privacybook.pdf, page80 used on input line 178.
(pdftex.def)             Requested size: 598.0605pt x 772.50291pt.
 [529 <./3-privacybook.pdf>]
<3-privacybook.pdf, id=3492, page=81, 614.57608pt x 793.83575pt>
File: 3-privacybook.pdf Graphic file (type pdf)

<use 3-privacybook.pdf, page 81>
Package pdftex.def Info: 3-privacybook.pdf, page81 used on input line 178.
(pdftex.def)             Requested size: 598.0605pt x 772.50291pt.
File: 3-privacybook.pdf Graphic file (type pdf)
 <use 3-privacybook.pdf, page 81>
Package pdftex.def Info: 3-privacybook.pdf, page81 used on input line 178.
(pdftex.def)             Requested size: 598.0605pt x 772.50291pt.
File: 3-privacybook.pdf Graphic file (type pdf)

<use 3-privacybook.pdf, page 81>
Package pdftex.def Info: 3-privacybook.pdf, page81 used on input line 178.
(pdftex.def)             Requested size: 598.0605pt x 772.50291pt.
 [530 <./3-privacybook.pdf>]
<3-privacybook.pdf, id=3497, page=82, 614.57608pt x 793.83575pt>
File: 3-privacybook.pdf Graphic file (type pdf)

<use 3-privacybook.pdf, page 82>
Package pdftex.def Info: 3-privacybook.pdf, page82 used on input line 178.
(pdftex.def)             Requested size: 598.0605pt x 772.50291pt.
File: 3-privacybook.pdf Graphic file (type pdf)
 <use 3-privacybook.pdf, page 82>
Package pdftex.def Info: 3-privacybook.pdf, page82 used on input line 178.
(pdftex.def)             Requested size: 598.0605pt x 772.50291pt.
File: 3-privacybook.pdf Graphic file (type pdf)

<use 3-privacybook.pdf, page 82>
Package pdftex.def Info: 3-privacybook.pdf, page82 used on input line 178.
(pdftex.def)             Requested size: 598.0605pt x 772.50291pt.
 [531 <./3-privacybook.pdf>]
<3-privacybook.pdf, id=3507, page=83, 614.57608pt x 793.83575pt>
File: 3-privacybook.pdf Graphic file (type pdf)

<use 3-privacybook.pdf, page 83>
Package pdftex.def Info: 3-privacybook.pdf, page83 used on input line 178.
(pdftex.def)             Requested size: 598.0605pt x 772.50291pt.
File: 3-privacybook.pdf Graphic file (type pdf)
 <use 3-privacybook.pdf, page 83>
Package pdftex.def Info: 3-privacybook.pdf, page83 used on input line 178.
(pdftex.def)             Requested size: 598.0605pt x 772.50291pt.
File: 3-privacybook.pdf Graphic file (type pdf)

<use 3-privacybook.pdf, page 83>
Package pdftex.def Info: 3-privacybook.pdf, page83 used on input line 178.
(pdftex.def)             Requested size: 598.0605pt x 772.50291pt.
 [532 <./3-privacybook.pdf>]
<3-privacybook.pdf, id=3512, page=84, 614.57608pt x 793.83575pt>
File: 3-privacybook.pdf Graphic file (type pdf)

<use 3-privacybook.pdf, page 84>
Package pdftex.def Info: 3-privacybook.pdf, page84 used on input line 178.
(pdftex.def)             Requested size: 598.0605pt x 772.50291pt.
File: 3-privacybook.pdf Graphic file (type pdf)
 <use 3-privacybook.pdf, page 84>
Package pdftex.def Info: 3-privacybook.pdf, page84 used on input line 178.
(pdftex.def)             Requested size: 598.0605pt x 772.50291pt.
File: 3-privacybook.pdf Graphic file (type pdf)

<use 3-privacybook.pdf, page 84>
Package pdftex.def Info: 3-privacybook.pdf, page84 used on input line 178.
(pdftex.def)             Requested size: 598.0605pt x 772.50291pt.
 [533 <./3-privacybook.pdf>]
<3-privacybook.pdf, id=3517, page=85, 614.57608pt x 793.83575pt>
File: 3-privacybook.pdf Graphic file (type pdf)

<use 3-privacybook.pdf, page 85>
Package pdftex.def Info: 3-privacybook.pdf, page85 used on input line 178.
(pdftex.def)             Requested size: 598.0605pt x 772.50291pt.
File: 3-privacybook.pdf Graphic file (type pdf)
 <use 3-privacybook.pdf, page 85>
Package pdftex.def Info: 3-privacybook.pdf, page85 used on input line 178.
(pdftex.def)             Requested size: 598.0605pt x 772.50291pt.
File: 3-privacybook.pdf Graphic file (type pdf)

<use 3-privacybook.pdf, page 85>
Package pdftex.def Info: 3-privacybook.pdf, page85 used on input line 178.
(pdftex.def)             Requested size: 598.0605pt x 772.50291pt.
 [534 <./3-privacybook.pdf>]
<3-privacybook.pdf, id=3522, page=86, 614.57608pt x 793.83575pt>
File: 3-privacybook.pdf Graphic file (type pdf)

<use 3-privacybook.pdf, page 86>
Package pdftex.def Info: 3-privacybook.pdf, page86 used on input line 178.
(pdftex.def)             Requested size: 598.0605pt x 772.50291pt.
File: 3-privacybook.pdf Graphic file (type pdf)
 <use 3-privacybook.pdf, page 86>
Package pdftex.def Info: 3-privacybook.pdf, page86 used on input line 178.
(pdftex.def)             Requested size: 598.0605pt x 772.50291pt.
File: 3-privacybook.pdf Graphic file (type pdf)

<use 3-privacybook.pdf, page 86>
Package pdftex.def Info: 3-privacybook.pdf, page86 used on input line 178.
(pdftex.def)             Requested size: 598.0605pt x 772.50291pt.
 [535 <./3-privacybook.pdf>]
<3-privacybook.pdf, id=3528, page=87, 614.57608pt x 793.83575pt>
File: 3-privacybook.pdf Graphic file (type pdf)

<use 3-privacybook.pdf, page 87>
Package pdftex.def Info: 3-privacybook.pdf, page87 used on input line 178.
(pdftex.def)             Requested size: 598.0605pt x 772.50291pt.
File: 3-privacybook.pdf Graphic file (type pdf)
 <use 3-privacybook.pdf, page 87>
Package pdftex.def Info: 3-privacybook.pdf, page87 used on input line 178.
(pdftex.def)             Requested size: 598.0605pt x 772.50291pt.
File: 3-privacybook.pdf Graphic file (type pdf)

<use 3-privacybook.pdf, page 87>
Package pdftex.def Info: 3-privacybook.pdf, page87 used on input line 178.
(pdftex.def)             Requested size: 598.0605pt x 772.50291pt.
 [536 <./3-privacybook.pdf>]
<3-privacybook.pdf, id=3533, page=88, 614.57608pt x 793.83575pt>
File: 3-privacybook.pdf Graphic file (type pdf)

<use 3-privacybook.pdf, page 88>
Package pdftex.def Info: 3-privacybook.pdf, page88 used on input line 178.
(pdftex.def)             Requested size: 598.0605pt x 772.50291pt.
File: 3-privacybook.pdf Graphic file (type pdf)
 <use 3-privacybook.pdf, page 88>
Package pdftex.def Info: 3-privacybook.pdf, page88 used on input line 178.
(pdftex.def)             Requested size: 598.0605pt x 772.50291pt.
File: 3-privacybook.pdf Graphic file (type pdf)

<use 3-privacybook.pdf, page 88>
Package pdftex.def Info: 3-privacybook.pdf, page88 used on input line 178.
(pdftex.def)             Requested size: 598.0605pt x 772.50291pt.
 [537 <./3-privacybook.pdf>]
<3-privacybook.pdf, id=3538, page=89, 614.57608pt x 793.83575pt>
File: 3-privacybook.pdf Graphic file (type pdf)

<use 3-privacybook.pdf, page 89>
Package pdftex.def Info: 3-privacybook.pdf, page89 used on input line 178.
(pdftex.def)             Requested size: 598.0605pt x 772.50291pt.
File: 3-privacybook.pdf Graphic file (type pdf)
 <use 3-privacybook.pdf, page 89>
Package pdftex.def Info: 3-privacybook.pdf, page89 used on input line 178.
(pdftex.def)             Requested size: 598.0605pt x 772.50291pt.
File: 3-privacybook.pdf Graphic file (type pdf)

<use 3-privacybook.pdf, page 89>
Package pdftex.def Info: 3-privacybook.pdf, page89 used on input line 178.
(pdftex.def)             Requested size: 598.0605pt x 772.50291pt.
 [538 <./3-privacybook.pdf>]
<3-privacybook.pdf, id=3543, page=90, 614.57608pt x 793.83575pt>
File: 3-privacybook.pdf Graphic file (type pdf)

<use 3-privacybook.pdf, page 90>
Package pdftex.def Info: 3-privacybook.pdf, page90 used on input line 178.
(pdftex.def)             Requested size: 598.0605pt x 772.50291pt.
File: 3-privacybook.pdf Graphic file (type pdf)
 <use 3-privacybook.pdf, page 90>
Package pdftex.def Info: 3-privacybook.pdf, page90 used on input line 178.
(pdftex.def)             Requested size: 598.0605pt x 772.50291pt.
File: 3-privacybook.pdf Graphic file (type pdf)

<use 3-privacybook.pdf, page 90>
Package pdftex.def Info: 3-privacybook.pdf, page90 used on input line 178.
(pdftex.def)             Requested size: 598.0605pt x 772.50291pt.
 [539 <./3-privacybook.pdf>]
<3-privacybook.pdf, id=3548, page=91, 614.57608pt x 793.83575pt>
File: 3-privacybook.pdf Graphic file (type pdf)

<use 3-privacybook.pdf, page 91>
Package pdftex.def Info: 3-privacybook.pdf, page91 used on input line 178.
(pdftex.def)             Requested size: 598.0605pt x 772.50291pt.
File: 3-privacybook.pdf Graphic file (type pdf)
 <use 3-privacybook.pdf, page 91>
Package pdftex.def Info: 3-privacybook.pdf, page91 used on input line 178.
(pdftex.def)             Requested size: 598.0605pt x 772.50291pt.
File: 3-privacybook.pdf Graphic file (type pdf)

<use 3-privacybook.pdf, page 91>
Package pdftex.def Info: 3-privacybook.pdf, page91 used on input line 178.
(pdftex.def)             Requested size: 598.0605pt x 772.50291pt.
 [540 <./3-privacybook.pdf>]
<3-privacybook.pdf, id=3553, page=92, 614.57608pt x 793.83575pt>
File: 3-privacybook.pdf Graphic file (type pdf)

<use 3-privacybook.pdf, page 92>
Package pdftex.def Info: 3-privacybook.pdf, page92 used on input line 178.
(pdftex.def)             Requested size: 598.0605pt x 772.50291pt.
File: 3-privacybook.pdf Graphic file (type pdf)
 <use 3-privacybook.pdf, page 92>
Package pdftex.def Info: 3-privacybook.pdf, page92 used on input line 178.
(pdftex.def)             Requested size: 598.0605pt x 772.50291pt.
File: 3-privacybook.pdf Graphic file (type pdf)

<use 3-privacybook.pdf, page 92>
Package pdftex.def Info: 3-privacybook.pdf, page92 used on input line 178.
(pdftex.def)             Requested size: 598.0605pt x 772.50291pt.
 [541 <./3-privacybook.pdf>]
<3-privacybook.pdf, id=3560, page=93, 614.57608pt x 793.83575pt>
File: 3-privacybook.pdf Graphic file (type pdf)

<use 3-privacybook.pdf, page 93>
Package pdftex.def Info: 3-privacybook.pdf, page93 used on input line 178.
(pdftex.def)             Requested size: 598.0605pt x 772.50291pt.
File: 3-privacybook.pdf Graphic file (type pdf)
 <use 3-privacybook.pdf, page 93>
Package pdftex.def Info: 3-privacybook.pdf, page93 used on input line 178.
(pdftex.def)             Requested size: 598.0605pt x 772.50291pt.
File: 3-privacybook.pdf Graphic file (type pdf)

<use 3-privacybook.pdf, page 93>
Package pdftex.def Info: 3-privacybook.pdf, page93 used on input line 178.
(pdftex.def)             Requested size: 598.0605pt x 772.50291pt.
 [542 <./3-privacybook.pdf>]
<3-privacybook.pdf, id=3565, page=94, 614.57608pt x 793.83575pt>
File: 3-privacybook.pdf Graphic file (type pdf)

<use 3-privacybook.pdf, page 94>
Package pdftex.def Info: 3-privacybook.pdf, page94 used on input line 178.
(pdftex.def)             Requested size: 598.0605pt x 772.50291pt.
File: 3-privacybook.pdf Graphic file (type pdf)
 <use 3-privacybook.pdf, page 94>
Package pdftex.def Info: 3-privacybook.pdf, page94 used on input line 178.
(pdftex.def)             Requested size: 598.0605pt x 772.50291pt.
File: 3-privacybook.pdf Graphic file (type pdf)

<use 3-privacybook.pdf, page 94>
Package pdftex.def Info: 3-privacybook.pdf, page94 used on input line 178.
(pdftex.def)             Requested size: 598.0605pt x 772.50291pt.
 [543 <./3-privacybook.pdf>]
<3-privacybook.pdf, id=3570, page=95, 614.57608pt x 793.83575pt>
File: 3-privacybook.pdf Graphic file (type pdf)

<use 3-privacybook.pdf, page 95>
Package pdftex.def Info: 3-privacybook.pdf, page95 used on input line 178.
(pdftex.def)             Requested size: 598.0605pt x 772.50291pt.
File: 3-privacybook.pdf Graphic file (type pdf)
 <use 3-privacybook.pdf, page 95>
Package pdftex.def Info: 3-privacybook.pdf, page95 used on input line 178.
(pdftex.def)             Requested size: 598.0605pt x 772.50291pt.
File: 3-privacybook.pdf Graphic file (type pdf)

<use 3-privacybook.pdf, page 95>
Package pdftex.def Info: 3-privacybook.pdf, page95 used on input line 178.
(pdftex.def)             Requested size: 598.0605pt x 772.50291pt.
 [544 <./3-privacybook.pdf>]
<3-privacybook.pdf, id=3575, page=96, 614.57608pt x 793.83575pt>
File: 3-privacybook.pdf Graphic file (type pdf)

<use 3-privacybook.pdf, page 96>
Package pdftex.def Info: 3-privacybook.pdf, page96 used on input line 178.
(pdftex.def)             Requested size: 598.0605pt x 772.50291pt.
File: 3-privacybook.pdf Graphic file (type pdf)
 <use 3-privacybook.pdf, page 96>
Package pdftex.def Info: 3-privacybook.pdf, page96 used on input line 178.
(pdftex.def)             Requested size: 598.0605pt x 772.50291pt.
File: 3-privacybook.pdf Graphic file (type pdf)

<use 3-privacybook.pdf, page 96>
Package pdftex.def Info: 3-privacybook.pdf, page96 used on input line 178.
(pdftex.def)             Requested size: 598.0605pt x 772.50291pt.
 [545 <./3-privacybook.pdf>]
<3-privacybook.pdf, id=3580, page=97, 614.57608pt x 793.83575pt>
File: 3-privacybook.pdf Graphic file (type pdf)

<use 3-privacybook.pdf, page 97>
Package pdftex.def Info: 3-privacybook.pdf, page97 used on input line 178.
(pdftex.def)             Requested size: 598.0605pt x 772.50291pt.
File: 3-privacybook.pdf Graphic file (type pdf)
 <use 3-privacybook.pdf, page 97>
Package pdftex.def Info: 3-privacybook.pdf, page97 used on input line 178.
(pdftex.def)             Requested size: 598.0605pt x 772.50291pt.
File: 3-privacybook.pdf Graphic file (type pdf)

<use 3-privacybook.pdf, page 97>
Package pdftex.def Info: 3-privacybook.pdf, page97 used on input line 178.
(pdftex.def)             Requested size: 598.0605pt x 772.50291pt.
 [546 <./3-privacybook.pdf>]
<3-privacybook.pdf, id=3585, page=98, 614.57608pt x 793.83575pt>
File: 3-privacybook.pdf Graphic file (type pdf)

<use 3-privacybook.pdf, page 98>
Package pdftex.def Info: 3-privacybook.pdf, page98 used on input line 178.
(pdftex.def)             Requested size: 598.0605pt x 772.50291pt.
File: 3-privacybook.pdf Graphic file (type pdf)
 <use 3-privacybook.pdf, page 98>
Package pdftex.def Info: 3-privacybook.pdf, page98 used on input line 178.
(pdftex.def)             Requested size: 598.0605pt x 772.50291pt.
File: 3-privacybook.pdf Graphic file (type pdf)

<use 3-privacybook.pdf, page 98>
Package pdftex.def Info: 3-privacybook.pdf, page98 used on input line 178.
(pdftex.def)             Requested size: 598.0605pt x 772.50291pt.
 [547 <./3-privacybook.pdf>]
<3-privacybook.pdf, id=3591, page=99, 614.57608pt x 793.83575pt>
File: 3-privacybook.pdf Graphic file (type pdf)

<use 3-privacybook.pdf, page 99>
Package pdftex.def Info: 3-privacybook.pdf, page99 used on input line 178.
(pdftex.def)             Requested size: 598.0605pt x 772.50291pt.
File: 3-privacybook.pdf Graphic file (type pdf)
 <use 3-privacybook.pdf, page 99>
Package pdftex.def Info: 3-privacybook.pdf, page99 used on input line 178.
(pdftex.def)             Requested size: 598.0605pt x 772.50291pt.
File: 3-privacybook.pdf Graphic file (type pdf)

<use 3-privacybook.pdf, page 99>
Package pdftex.def Info: 3-privacybook.pdf, page99 used on input line 178.
(pdftex.def)             Requested size: 598.0605pt x 772.50291pt.
 [548 <./3-privacybook.pdf>]
<3-privacybook.pdf, id=3596, page=100, 614.57608pt x 793.83575pt>
File: 3-privacybook.pdf Graphic file (type pdf)

<use 3-privacybook.pdf, page 100>
Package pdftex.def Info: 3-privacybook.pdf, page100 used on input line 178.
(pdftex.def)             Requested size: 598.0605pt x 772.50291pt.
File: 3-privacybook.pdf Graphic file (type pdf)
 <use 3-privacybook.pdf, page 100>
Package pdftex.def Info: 3-privacybook.pdf, page100 used on input line 178.
(pdftex.def)             Requested size: 598.0605pt x 772.50291pt.
File: 3-privacybook.pdf Graphic file (type pdf)

<use 3-privacybook.pdf, page 100>
Package pdftex.def Info: 3-privacybook.pdf, page100 used on input line 178.
(pdftex.def)             Requested size: 598.0605pt x 772.50291pt.
 [549 <./3-privacybook.pdf>]
<3-privacybook.pdf, id=3601, page=101, 614.57608pt x 793.83575pt>
File: 3-privacybook.pdf Graphic file (type pdf)

<use 3-privacybook.pdf, page 101>
Package pdftex.def Info: 3-privacybook.pdf, page101 used on input line 178.
(pdftex.def)             Requested size: 598.0605pt x 772.50291pt.
File: 3-privacybook.pdf Graphic file (type pdf)
 <use 3-privacybook.pdf, page 101>
Package pdftex.def Info: 3-privacybook.pdf, page101 used on input line 178.
(pdftex.def)             Requested size: 598.0605pt x 772.50291pt.
File: 3-privacybook.pdf Graphic file (type pdf)

<use 3-privacybook.pdf, page 101>
Package pdftex.def Info: 3-privacybook.pdf, page101 used on input line 178.
(pdftex.def)             Requested size: 598.0605pt x 772.50291pt.
 [550 <./3-privacybook.pdf>]
<3-privacybook.pdf, id=3606, page=102, 614.57608pt x 793.83575pt>
File: 3-privacybook.pdf Graphic file (type pdf)

<use 3-privacybook.pdf, page 102>
Package pdftex.def Info: 3-privacybook.pdf, page102 used on input line 178.
(pdftex.def)             Requested size: 598.0605pt x 772.50291pt.
File: 3-privacybook.pdf Graphic file (type pdf)
 <use 3-privacybook.pdf, page 102>
Package pdftex.def Info: 3-privacybook.pdf, page102 used on input line 178.
(pdftex.def)             Requested size: 598.0605pt x 772.50291pt.
File: 3-privacybook.pdf Graphic file (type pdf)

<use 3-privacybook.pdf, page 102>
Package pdftex.def Info: 3-privacybook.pdf, page102 used on input line 178.
(pdftex.def)             Requested size: 598.0605pt x 772.50291pt.
 [551 <./3-privacybook.pdf>]
<3-privacybook.pdf, id=3611, page=103, 614.57608pt x 793.83575pt>
File: 3-privacybook.pdf Graphic file (type pdf)

<use 3-privacybook.pdf, page 103>
Package pdftex.def Info: 3-privacybook.pdf, page103 used on input line 178.
(pdftex.def)             Requested size: 598.0605pt x 772.50291pt.
File: 3-privacybook.pdf Graphic file (type pdf)
 <use 3-privacybook.pdf, page 103>
Package pdftex.def Info: 3-privacybook.pdf, page103 used on input line 178.
(pdftex.def)             Requested size: 598.0605pt x 772.50291pt.
File: 3-privacybook.pdf Graphic file (type pdf)

<use 3-privacybook.pdf, page 103>
Package pdftex.def Info: 3-privacybook.pdf, page103 used on input line 178.
(pdftex.def)             Requested size: 598.0605pt x 772.50291pt.
 [552 <./3-privacybook.pdf>]
<3-privacybook.pdf, id=3616, page=104, 614.57608pt x 793.83575pt>
File: 3-privacybook.pdf Graphic file (type pdf)

<use 3-privacybook.pdf, page 104>
Package pdftex.def Info: 3-privacybook.pdf, page104 used on input line 178.
(pdftex.def)             Requested size: 598.0605pt x 772.50291pt.
File: 3-privacybook.pdf Graphic file (type pdf)
 <use 3-privacybook.pdf, page 104>
Package pdftex.def Info: 3-privacybook.pdf, page104 used on input line 178.
(pdftex.def)             Requested size: 598.0605pt x 772.50291pt.
File: 3-privacybook.pdf Graphic file (type pdf)

<use 3-privacybook.pdf, page 104>
Package pdftex.def Info: 3-privacybook.pdf, page104 used on input line 178.
(pdftex.def)             Requested size: 598.0605pt x 772.50291pt.
 [553 <./3-privacybook.pdf>]
<3-privacybook.pdf, id=3622, page=105, 614.57608pt x 793.83575pt>
File: 3-privacybook.pdf Graphic file (type pdf)

<use 3-privacybook.pdf, page 105>
Package pdftex.def Info: 3-privacybook.pdf, page105 used on input line 178.
(pdftex.def)             Requested size: 598.0605pt x 772.50291pt.
File: 3-privacybook.pdf Graphic file (type pdf)
 <use 3-privacybook.pdf, page 105>
Package pdftex.def Info: 3-privacybook.pdf, page105 used on input line 178.
(pdftex.def)             Requested size: 598.0605pt x 772.50291pt.
File: 3-privacybook.pdf Graphic file (type pdf)

<use 3-privacybook.pdf, page 105>
Package pdftex.def Info: 3-privacybook.pdf, page105 used on input line 178.
(pdftex.def)             Requested size: 598.0605pt x 772.50291pt.
 [554 <./3-privacybook.pdf>]
<3-privacybook.pdf, id=3632, page=106, 614.57608pt x 793.83575pt>
File: 3-privacybook.pdf Graphic file (type pdf)

<use 3-privacybook.pdf, page 106>
Package pdftex.def Info: 3-privacybook.pdf, page106 used on input line 178.
(pdftex.def)             Requested size: 598.0605pt x 772.50291pt.
File: 3-privacybook.pdf Graphic file (type pdf)
 <use 3-privacybook.pdf, page 106>
Package pdftex.def Info: 3-privacybook.pdf, page106 used on input line 178.
(pdftex.def)             Requested size: 598.0605pt x 772.50291pt.
File: 3-privacybook.pdf Graphic file (type pdf)

<use 3-privacybook.pdf, page 106>
Package pdftex.def Info: 3-privacybook.pdf, page106 used on input line 178.
(pdftex.def)             Requested size: 598.0605pt x 772.50291pt.
 [555 <./3-privacybook.pdf>]
<3-privacybook.pdf, id=3637, page=107, 614.57608pt x 793.83575pt>
File: 3-privacybook.pdf Graphic file (type pdf)

<use 3-privacybook.pdf, page 107>
Package pdftex.def Info: 3-privacybook.pdf, page107 used on input line 178.
(pdftex.def)             Requested size: 598.0605pt x 772.50291pt.
File: 3-privacybook.pdf Graphic file (type pdf)
 <use 3-privacybook.pdf, page 107>
Package pdftex.def Info: 3-privacybook.pdf, page107 used on input line 178.
(pdftex.def)             Requested size: 598.0605pt x 772.50291pt.
File: 3-privacybook.pdf Graphic file (type pdf)

<use 3-privacybook.pdf, page 107>
Package pdftex.def Info: 3-privacybook.pdf, page107 used on input line 178.
(pdftex.def)             Requested size: 598.0605pt x 772.50291pt.
 [556 <./3-privacybook.pdf>]
<3-privacybook.pdf, id=3642, page=108, 614.57608pt x 793.83575pt>
File: 3-privacybook.pdf Graphic file (type pdf)

<use 3-privacybook.pdf, page 108>
Package pdftex.def Info: 3-privacybook.pdf, page108 used on input line 178.
(pdftex.def)             Requested size: 598.0605pt x 772.50291pt.
File: 3-privacybook.pdf Graphic file (type pdf)
 <use 3-privacybook.pdf, page 108>
Package pdftex.def Info: 3-privacybook.pdf, page108 used on input line 178.
(pdftex.def)             Requested size: 598.0605pt x 772.50291pt.
File: 3-privacybook.pdf Graphic file (type pdf)

<use 3-privacybook.pdf, page 108>
Package pdftex.def Info: 3-privacybook.pdf, page108 used on input line 178.
(pdftex.def)             Requested size: 598.0605pt x 772.50291pt.
 [557 <./3-privacybook.pdf>]
<3-privacybook.pdf, id=3647, page=109, 614.57608pt x 793.83575pt>
File: 3-privacybook.pdf Graphic file (type pdf)

<use 3-privacybook.pdf, page 109>
Package pdftex.def Info: 3-privacybook.pdf, page109 used on input line 178.
(pdftex.def)             Requested size: 598.0605pt x 772.50291pt.
File: 3-privacybook.pdf Graphic file (type pdf)
 <use 3-privacybook.pdf, page 109>
Package pdftex.def Info: 3-privacybook.pdf, page109 used on input line 178.
(pdftex.def)             Requested size: 598.0605pt x 772.50291pt.
File: 3-privacybook.pdf Graphic file (type pdf)

<use 3-privacybook.pdf, page 109>
Package pdftex.def Info: 3-privacybook.pdf, page109 used on input line 178.
(pdftex.def)             Requested size: 598.0605pt x 772.50291pt.
 [558 <./3-privacybook.pdf>]
<3-privacybook.pdf, id=3652, page=110, 614.57608pt x 793.83575pt>
File: 3-privacybook.pdf Graphic file (type pdf)

<use 3-privacybook.pdf, page 110>
Package pdftex.def Info: 3-privacybook.pdf, page110 used on input line 178.
(pdftex.def)             Requested size: 598.0605pt x 772.50291pt.
File: 3-privacybook.pdf Graphic file (type pdf)
 <use 3-privacybook.pdf, page 110>
Package pdftex.def Info: 3-privacybook.pdf, page110 used on input line 178.
(pdftex.def)             Requested size: 598.0605pt x 772.50291pt.
File: 3-privacybook.pdf Graphic file (type pdf)

<use 3-privacybook.pdf, page 110>
Package pdftex.def Info: 3-privacybook.pdf, page110 used on input line 178.
(pdftex.def)             Requested size: 598.0605pt x 772.50291pt.
 [559 <./3-privacybook.pdf>]
<3-privacybook.pdf, id=3658, page=111, 614.57608pt x 793.83575pt>
File: 3-privacybook.pdf Graphic file (type pdf)

<use 3-privacybook.pdf, page 111>
Package pdftex.def Info: 3-privacybook.pdf, page111 used on input line 178.
(pdftex.def)             Requested size: 598.0605pt x 772.50291pt.
File: 3-privacybook.pdf Graphic file (type pdf)
 <use 3-privacybook.pdf, page 111>
Package pdftex.def Info: 3-privacybook.pdf, page111 used on input line 178.
(pdftex.def)             Requested size: 598.0605pt x 772.50291pt.
File: 3-privacybook.pdf Graphic file (type pdf)

<use 3-privacybook.pdf, page 111>
Package pdftex.def Info: 3-privacybook.pdf, page111 used on input line 178.
(pdftex.def)             Requested size: 598.0605pt x 772.50291pt.
 [560 <./3-privacybook.pdf>]
<3-privacybook.pdf, id=3663, page=112, 614.57608pt x 793.83575pt>
File: 3-privacybook.pdf Graphic file (type pdf)

<use 3-privacybook.pdf, page 112>
Package pdftex.def Info: 3-privacybook.pdf, page112 used on input line 178.
(pdftex.def)             Requested size: 598.0605pt x 772.50291pt.
File: 3-privacybook.pdf Graphic file (type pdf)
 <use 3-privacybook.pdf, page 112>
Package pdftex.def Info: 3-privacybook.pdf, page112 used on input line 178.
(pdftex.def)             Requested size: 598.0605pt x 772.50291pt.
File: 3-privacybook.pdf Graphic file (type pdf)

<use 3-privacybook.pdf, page 112>
Package pdftex.def Info: 3-privacybook.pdf, page112 used on input line 178.
(pdftex.def)             Requested size: 598.0605pt x 772.50291pt.
 [561 <./3-privacybook.pdf>]
<3-privacybook.pdf, id=3668, page=113, 614.57608pt x 793.83575pt>
File: 3-privacybook.pdf Graphic file (type pdf)

<use 3-privacybook.pdf, page 113>
Package pdftex.def Info: 3-privacybook.pdf, page113 used on input line 178.
(pdftex.def)             Requested size: 598.0605pt x 772.50291pt.
File: 3-privacybook.pdf Graphic file (type pdf)
 <use 3-privacybook.pdf, page 113>
Package pdftex.def Info: 3-privacybook.pdf, page113 used on input line 178.
(pdftex.def)             Requested size: 598.0605pt x 772.50291pt.
File: 3-privacybook.pdf Graphic file (type pdf)

<use 3-privacybook.pdf, page 113>
Package pdftex.def Info: 3-privacybook.pdf, page113 used on input line 178.
(pdftex.def)             Requested size: 598.0605pt x 772.50291pt.
 [562 <./3-privacybook.pdf>]
<3-privacybook.pdf, id=3673, page=114, 614.57608pt x 793.83575pt>
File: 3-privacybook.pdf Graphic file (type pdf)

<use 3-privacybook.pdf, page 114>
Package pdftex.def Info: 3-privacybook.pdf, page114 used on input line 178.
(pdftex.def)             Requested size: 598.0605pt x 772.50291pt.
File: 3-privacybook.pdf Graphic file (type pdf)
 <use 3-privacybook.pdf, page 114>
Package pdftex.def Info: 3-privacybook.pdf, page114 used on input line 178.
(pdftex.def)             Requested size: 598.0605pt x 772.50291pt.
File: 3-privacybook.pdf Graphic file (type pdf)

<use 3-privacybook.pdf, page 114>
Package pdftex.def Info: 3-privacybook.pdf, page114 used on input line 178.
(pdftex.def)             Requested size: 598.0605pt x 772.50291pt.
 [563 <./3-privacybook.pdf>]
<3-privacybook.pdf, id=3678, page=115, 614.57608pt x 793.83575pt>
File: 3-privacybook.pdf Graphic file (type pdf)

<use 3-privacybook.pdf, page 115>
Package pdftex.def Info: 3-privacybook.pdf, page115 used on input line 178.
(pdftex.def)             Requested size: 598.0605pt x 772.50291pt.
File: 3-privacybook.pdf Graphic file (type pdf)
 <use 3-privacybook.pdf, page 115>
Package pdftex.def Info: 3-privacybook.pdf, page115 used on input line 178.
(pdftex.def)             Requested size: 598.0605pt x 772.50291pt.
File: 3-privacybook.pdf Graphic file (type pdf)

<use 3-privacybook.pdf, page 115>
Package pdftex.def Info: 3-privacybook.pdf, page115 used on input line 178.
(pdftex.def)             Requested size: 598.0605pt x 772.50291pt.
 [564 <./3-privacybook.pdf>]
<3-privacybook.pdf, id=3683, page=116, 614.57608pt x 793.83575pt>
File: 3-privacybook.pdf Graphic file (type pdf)

<use 3-privacybook.pdf, page 116>
Package pdftex.def Info: 3-privacybook.pdf, page116 used on input line 178.
(pdftex.def)             Requested size: 598.0605pt x 772.50291pt.
File: 3-privacybook.pdf Graphic file (type pdf)
 <use 3-privacybook.pdf, page 116>
Package pdftex.def Info: 3-privacybook.pdf, page116 used on input line 178.
(pdftex.def)             Requested size: 598.0605pt x 772.50291pt.
File: 3-privacybook.pdf Graphic file (type pdf)

<use 3-privacybook.pdf, page 116>
Package pdftex.def Info: 3-privacybook.pdf, page116 used on input line 178.
(pdftex.def)             Requested size: 598.0605pt x 772.50291pt.
 [565 <./3-privacybook.pdf>]
<3-privacybook.pdf, id=3689, page=117, 614.57608pt x 793.83575pt>
File: 3-privacybook.pdf Graphic file (type pdf)

<use 3-privacybook.pdf, page 117>
Package pdftex.def Info: 3-privacybook.pdf, page117 used on input line 178.
(pdftex.def)             Requested size: 598.0605pt x 772.50291pt.
File: 3-privacybook.pdf Graphic file (type pdf)
 <use 3-privacybook.pdf, page 117>
Package pdftex.def Info: 3-privacybook.pdf, page117 used on input line 178.
(pdftex.def)             Requested size: 598.0605pt x 772.50291pt.
File: 3-privacybook.pdf Graphic file (type pdf)

<use 3-privacybook.pdf, page 117>
Package pdftex.def Info: 3-privacybook.pdf, page117 used on input line 178.
(pdftex.def)             Requested size: 598.0605pt x 772.50291pt.
 [566 <./3-privacybook.pdf>]
<3-privacybook.pdf, id=3694, page=118, 614.57608pt x 793.83575pt>
File: 3-privacybook.pdf Graphic file (type pdf)

<use 3-privacybook.pdf, page 118>
Package pdftex.def Info: 3-privacybook.pdf, page118 used on input line 178.
(pdftex.def)             Requested size: 598.0605pt x 772.50291pt.
File: 3-privacybook.pdf Graphic file (type pdf)
 <use 3-privacybook.pdf, page 118>
Package pdftex.def Info: 3-privacybook.pdf, page118 used on input line 178.
(pdftex.def)             Requested size: 598.0605pt x 772.50291pt.
File: 3-privacybook.pdf Graphic file (type pdf)

<use 3-privacybook.pdf, page 118>
Package pdftex.def Info: 3-privacybook.pdf, page118 used on input line 178.
(pdftex.def)             Requested size: 598.0605pt x 772.50291pt.
 [567 <./3-privacybook.pdf>]
<3-privacybook.pdf, id=3699, page=119, 614.57608pt x 793.83575pt>
File: 3-privacybook.pdf Graphic file (type pdf)

<use 3-privacybook.pdf, page 119>
Package pdftex.def Info: 3-privacybook.pdf, page119 used on input line 178.
(pdftex.def)             Requested size: 598.0605pt x 772.50291pt.
File: 3-privacybook.pdf Graphic file (type pdf)
 <use 3-privacybook.pdf, page 119>
Package pdftex.def Info: 3-privacybook.pdf, page119 used on input line 178.
(pdftex.def)             Requested size: 598.0605pt x 772.50291pt.
File: 3-privacybook.pdf Graphic file (type pdf)

<use 3-privacybook.pdf, page 119>
Package pdftex.def Info: 3-privacybook.pdf, page119 used on input line 178.
(pdftex.def)             Requested size: 598.0605pt x 772.50291pt.
 [568 <./3-privacybook.pdf>]
<3-privacybook.pdf, id=3704, page=120, 614.57608pt x 793.83575pt>
File: 3-privacybook.pdf Graphic file (type pdf)

<use 3-privacybook.pdf, page 120>
Package pdftex.def Info: 3-privacybook.pdf, page120 used on input line 178.
(pdftex.def)             Requested size: 598.0605pt x 772.50291pt.
File: 3-privacybook.pdf Graphic file (type pdf)
 <use 3-privacybook.pdf, page 120>
Package pdftex.def Info: 3-privacybook.pdf, page120 used on input line 178.
(pdftex.def)             Requested size: 598.0605pt x 772.50291pt.
File: 3-privacybook.pdf Graphic file (type pdf)

<use 3-privacybook.pdf, page 120>
Package pdftex.def Info: 3-privacybook.pdf, page120 used on input line 178.
(pdftex.def)             Requested size: 598.0605pt x 772.50291pt.
 [569 <./3-privacybook.pdf>]
<3-privacybook.pdf, id=3709, page=121, 614.57608pt x 793.83575pt>
File: 3-privacybook.pdf Graphic file (type pdf)

<use 3-privacybook.pdf, page 121>
Package pdftex.def Info: 3-privacybook.pdf, page121 used on input line 178.
(pdftex.def)             Requested size: 598.0605pt x 772.50291pt.
File: 3-privacybook.pdf Graphic file (type pdf)
 <use 3-privacybook.pdf, page 121>
Package pdftex.def Info: 3-privacybook.pdf, page121 used on input line 178.
(pdftex.def)             Requested size: 598.0605pt x 772.50291pt.
File: 3-privacybook.pdf Graphic file (type pdf)

<use 3-privacybook.pdf, page 121>
Package pdftex.def Info: 3-privacybook.pdf, page121 used on input line 178.
(pdftex.def)             Requested size: 598.0605pt x 772.50291pt.
 [570 <./3-privacybook.pdf>]
<3-privacybook.pdf, id=3714, page=122, 614.57608pt x 793.83575pt>
File: 3-privacybook.pdf Graphic file (type pdf)

<use 3-privacybook.pdf, page 122>
Package pdftex.def Info: 3-privacybook.pdf, page122 used on input line 178.
(pdftex.def)             Requested size: 598.0605pt x 772.50291pt.
File: 3-privacybook.pdf Graphic file (type pdf)
 <use 3-privacybook.pdf, page 122>
Package pdftex.def Info: 3-privacybook.pdf, page122 used on input line 178.
(pdftex.def)             Requested size: 598.0605pt x 772.50291pt.
File: 3-privacybook.pdf Graphic file (type pdf)

<use 3-privacybook.pdf, page 122>
Package pdftex.def Info: 3-privacybook.pdf, page122 used on input line 178.
(pdftex.def)             Requested size: 598.0605pt x 772.50291pt.
 [571 <./3-privacybook.pdf>]
<3-privacybook.pdf, id=3720, page=123, 614.57608pt x 793.83575pt>
File: 3-privacybook.pdf Graphic file (type pdf)

<use 3-privacybook.pdf, page 123>
Package pdftex.def Info: 3-privacybook.pdf, page123 used on input line 178.
(pdftex.def)             Requested size: 598.0605pt x 772.50291pt.
File: 3-privacybook.pdf Graphic file (type pdf)
 <use 3-privacybook.pdf, page 123>
Package pdftex.def Info: 3-privacybook.pdf, page123 used on input line 178.
(pdftex.def)             Requested size: 598.0605pt x 772.50291pt.
File: 3-privacybook.pdf Graphic file (type pdf)

<use 3-privacybook.pdf, page 123>
Package pdftex.def Info: 3-privacybook.pdf, page123 used on input line 178.
(pdftex.def)             Requested size: 598.0605pt x 772.50291pt.
 [572 <./3-privacybook.pdf>]
<3-privacybook.pdf, id=3725, page=124, 614.57608pt x 793.83575pt>
File: 3-privacybook.pdf Graphic file (type pdf)

<use 3-privacybook.pdf, page 124>
Package pdftex.def Info: 3-privacybook.pdf, page124 used on input line 178.
(pdftex.def)             Requested size: 598.0605pt x 772.50291pt.
File: 3-privacybook.pdf Graphic file (type pdf)
 <use 3-privacybook.pdf, page 124>
Package pdftex.def Info: 3-privacybook.pdf, page124 used on input line 178.
(pdftex.def)             Requested size: 598.0605pt x 772.50291pt.
File: 3-privacybook.pdf Graphic file (type pdf)

<use 3-privacybook.pdf, page 124>
Package pdftex.def Info: 3-privacybook.pdf, page124 used on input line 178.
(pdftex.def)             Requested size: 598.0605pt x 772.50291pt.
 [573 <./3-privacybook.pdf>]
<3-privacybook.pdf, id=3731, page=125, 614.57608pt x 793.83575pt>
File: 3-privacybook.pdf Graphic file (type pdf)

<use 3-privacybook.pdf, page 125>
Package pdftex.def Info: 3-privacybook.pdf, page125 used on input line 178.
(pdftex.def)             Requested size: 598.0605pt x 772.50291pt.
File: 3-privacybook.pdf Graphic file (type pdf)
 <use 3-privacybook.pdf, page 125>
Package pdftex.def Info: 3-privacybook.pdf, page125 used on input line 178.
(pdftex.def)             Requested size: 598.0605pt x 772.50291pt.
File: 3-privacybook.pdf Graphic file (type pdf)

<use 3-privacybook.pdf, page 125>
Package pdftex.def Info: 3-privacybook.pdf, page125 used on input line 178.
(pdftex.def)             Requested size: 598.0605pt x 772.50291pt.
 [574 <./3-privacybook.pdf>]
<3-privacybook.pdf, id=3736, page=126, 614.57608pt x 793.83575pt>
File: 3-privacybook.pdf Graphic file (type pdf)

<use 3-privacybook.pdf, page 126>
Package pdftex.def Info: 3-privacybook.pdf, page126 used on input line 178.
(pdftex.def)             Requested size: 598.0605pt x 772.50291pt.
File: 3-privacybook.pdf Graphic file (type pdf)
 <use 3-privacybook.pdf, page 126>
Package pdftex.def Info: 3-privacybook.pdf, page126 used on input line 178.
(pdftex.def)             Requested size: 598.0605pt x 772.50291pt.
File: 3-privacybook.pdf Graphic file (type pdf)

<use 3-privacybook.pdf, page 126>
Package pdftex.def Info: 3-privacybook.pdf, page126 used on input line 178.
(pdftex.def)             Requested size: 598.0605pt x 772.50291pt.
 [575 <./3-privacybook.pdf>]
<3-privacybook.pdf, id=3741, page=127, 614.57608pt x 793.83575pt>
File: 3-privacybook.pdf Graphic file (type pdf)

<use 3-privacybook.pdf, page 127>
Package pdftex.def Info: 3-privacybook.pdf, page127 used on input line 178.
(pdftex.def)             Requested size: 598.0605pt x 772.50291pt.
File: 3-privacybook.pdf Graphic file (type pdf)
 <use 3-privacybook.pdf, page 127>
Package pdftex.def Info: 3-privacybook.pdf, page127 used on input line 178.
(pdftex.def)             Requested size: 598.0605pt x 772.50291pt.
File: 3-privacybook.pdf Graphic file (type pdf)

<use 3-privacybook.pdf, page 127>
Package pdftex.def Info: 3-privacybook.pdf, page127 used on input line 178.
(pdftex.def)             Requested size: 598.0605pt x 772.50291pt.
 [576 <./3-privacybook.pdf>]
<3-privacybook.pdf, id=3746, page=128, 614.57608pt x 793.83575pt>
File: 3-privacybook.pdf Graphic file (type pdf)

<use 3-privacybook.pdf, page 128>
Package pdftex.def Info: 3-privacybook.pdf, page128 used on input line 178.
(pdftex.def)             Requested size: 598.0605pt x 772.50291pt.
File: 3-privacybook.pdf Graphic file (type pdf)
 <use 3-privacybook.pdf, page 128>
Package pdftex.def Info: 3-privacybook.pdf, page128 used on input line 178.
(pdftex.def)             Requested size: 598.0605pt x 772.50291pt.
File: 3-privacybook.pdf Graphic file (type pdf)

<use 3-privacybook.pdf, page 128>
Package pdftex.def Info: 3-privacybook.pdf, page128 used on input line 178.
(pdftex.def)             Requested size: 598.0605pt x 772.50291pt.
 [577 <./3-privacybook.pdf>]
<3-privacybook.pdf, id=3760, page=129, 614.57608pt x 793.83575pt>
File: 3-privacybook.pdf Graphic file (type pdf)

<use 3-privacybook.pdf, page 129>
Package pdftex.def Info: 3-privacybook.pdf, page129 used on input line 178.
(pdftex.def)             Requested size: 598.0605pt x 772.50291pt.
File: 3-privacybook.pdf Graphic file (type pdf)
 <use 3-privacybook.pdf, page 129>
Package pdftex.def Info: 3-privacybook.pdf, page129 used on input line 178.
(pdftex.def)             Requested size: 598.0605pt x 772.50291pt.
File: 3-privacybook.pdf Graphic file (type pdf)

<use 3-privacybook.pdf, page 129>
Package pdftex.def Info: 3-privacybook.pdf, page129 used on input line 178.
(pdftex.def)             Requested size: 598.0605pt x 772.50291pt.
 [578 <./3-privacybook.pdf>]
<3-privacybook.pdf, id=3768, page=130, 614.57608pt x 793.83575pt>
File: 3-privacybook.pdf Graphic file (type pdf)

<use 3-privacybook.pdf, page 130>
Package pdftex.def Info: 3-privacybook.pdf, page130 used on input line 178.
(pdftex.def)             Requested size: 598.0605pt x 772.50291pt.
File: 3-privacybook.pdf Graphic file (type pdf)
 <use 3-privacybook.pdf, page 130>
Package pdftex.def Info: 3-privacybook.pdf, page130 used on input line 178.
(pdftex.def)             Requested size: 598.0605pt x 772.50291pt.
File: 3-privacybook.pdf Graphic file (type pdf)

<use 3-privacybook.pdf, page 130>
Package pdftex.def Info: 3-privacybook.pdf, page130 used on input line 178.
(pdftex.def)             Requested size: 598.0605pt x 772.50291pt.
 [579 <./3-privacybook.pdf>]
<3-privacybook.pdf, id=3773, page=131, 614.57608pt x 793.83575pt>
File: 3-privacybook.pdf Graphic file (type pdf)

<use 3-privacybook.pdf, page 131>
Package pdftex.def Info: 3-privacybook.pdf, page131 used on input line 178.
(pdftex.def)             Requested size: 598.0605pt x 772.50291pt.
File: 3-privacybook.pdf Graphic file (type pdf)
 <use 3-privacybook.pdf, page 131>
Package pdftex.def Info: 3-privacybook.pdf, page131 used on input line 178.
(pdftex.def)             Requested size: 598.0605pt x 772.50291pt.
File: 3-privacybook.pdf Graphic file (type pdf)

<use 3-privacybook.pdf, page 131>
Package pdftex.def Info: 3-privacybook.pdf, page131 used on input line 178.
(pdftex.def)             Requested size: 598.0605pt x 772.50291pt.
 [580 <./3-privacybook.pdf>]
<3-privacybook.pdf, id=3778, page=132, 614.57608pt x 793.83575pt>
File: 3-privacybook.pdf Graphic file (type pdf)

<use 3-privacybook.pdf, page 132>
Package pdftex.def Info: 3-privacybook.pdf, page132 used on input line 178.
(pdftex.def)             Requested size: 598.0605pt x 772.50291pt.
File: 3-privacybook.pdf Graphic file (type pdf)
 <use 3-privacybook.pdf, page 132>
Package pdftex.def Info: 3-privacybook.pdf, page132 used on input line 178.
(pdftex.def)             Requested size: 598.0605pt x 772.50291pt.
File: 3-privacybook.pdf Graphic file (type pdf)

<use 3-privacybook.pdf, page 132>
Package pdftex.def Info: 3-privacybook.pdf, page132 used on input line 178.
(pdftex.def)             Requested size: 598.0605pt x 772.50291pt.
 [581 <./3-privacybook.pdf>]
<3-privacybook.pdf, id=3783, page=133, 614.57608pt x 793.83575pt>
File: 3-privacybook.pdf Graphic file (type pdf)

<use 3-privacybook.pdf, page 133>
Package pdftex.def Info: 3-privacybook.pdf, page133 used on input line 178.
(pdftex.def)             Requested size: 598.0605pt x 772.50291pt.
File: 3-privacybook.pdf Graphic file (type pdf)
 <use 3-privacybook.pdf, page 133>
Package pdftex.def Info: 3-privacybook.pdf, page133 used on input line 178.
(pdftex.def)             Requested size: 598.0605pt x 772.50291pt.
File: 3-privacybook.pdf Graphic file (type pdf)

<use 3-privacybook.pdf, page 133>
Package pdftex.def Info: 3-privacybook.pdf, page133 used on input line 178.
(pdftex.def)             Requested size: 598.0605pt x 772.50291pt.
 [582 <./3-privacybook.pdf>]
<3-privacybook.pdf, id=3788, page=134, 614.57608pt x 793.83575pt>
File: 3-privacybook.pdf Graphic file (type pdf)

<use 3-privacybook.pdf, page 134>
Package pdftex.def Info: 3-privacybook.pdf, page134 used on input line 178.
(pdftex.def)             Requested size: 598.0605pt x 772.50291pt.
File: 3-privacybook.pdf Graphic file (type pdf)
 <use 3-privacybook.pdf, page 134>
Package pdftex.def Info: 3-privacybook.pdf, page134 used on input line 178.
(pdftex.def)             Requested size: 598.0605pt x 772.50291pt.
File: 3-privacybook.pdf Graphic file (type pdf)

<use 3-privacybook.pdf, page 134>
Package pdftex.def Info: 3-privacybook.pdf, page134 used on input line 178.
(pdftex.def)             Requested size: 598.0605pt x 772.50291pt.
 [583 <./3-privacybook.pdf>]
<3-privacybook.pdf, id=3794, page=135, 614.57608pt x 793.83575pt>
File: 3-privacybook.pdf Graphic file (type pdf)

<use 3-privacybook.pdf, page 135>
Package pdftex.def Info: 3-privacybook.pdf, page135 used on input line 178.
(pdftex.def)             Requested size: 598.0605pt x 772.50291pt.
File: 3-privacybook.pdf Graphic file (type pdf)
 <use 3-privacybook.pdf, page 135>
Package pdftex.def Info: 3-privacybook.pdf, page135 used on input line 178.
(pdftex.def)             Requested size: 598.0605pt x 772.50291pt.
File: 3-privacybook.pdf Graphic file (type pdf)

<use 3-privacybook.pdf, page 135>
Package pdftex.def Info: 3-privacybook.pdf, page135 used on input line 178.
(pdftex.def)             Requested size: 598.0605pt x 772.50291pt.
 [584 <./3-privacybook.pdf>]
<3-privacybook.pdf, id=3799, page=136, 614.57608pt x 793.83575pt>
File: 3-privacybook.pdf Graphic file (type pdf)

<use 3-privacybook.pdf, page 136>
Package pdftex.def Info: 3-privacybook.pdf, page136 used on input line 178.
(pdftex.def)             Requested size: 598.0605pt x 772.50291pt.
File: 3-privacybook.pdf Graphic file (type pdf)
 <use 3-privacybook.pdf, page 136>
Package pdftex.def Info: 3-privacybook.pdf, page136 used on input line 178.
(pdftex.def)             Requested size: 598.0605pt x 772.50291pt.
File: 3-privacybook.pdf Graphic file (type pdf)

<use 3-privacybook.pdf, page 136>
Package pdftex.def Info: 3-privacybook.pdf, page136 used on input line 178.
(pdftex.def)             Requested size: 598.0605pt x 772.50291pt.
 [585 <./3-privacybook.pdf>]
<3-privacybook.pdf, id=3804, page=137, 614.57608pt x 793.83575pt>
File: 3-privacybook.pdf Graphic file (type pdf)

<use 3-privacybook.pdf, page 137>
Package pdftex.def Info: 3-privacybook.pdf, page137 used on input line 178.
(pdftex.def)             Requested size: 598.0605pt x 772.50291pt.
File: 3-privacybook.pdf Graphic file (type pdf)
 <use 3-privacybook.pdf, page 137>
Package pdftex.def Info: 3-privacybook.pdf, page137 used on input line 178.
(pdftex.def)             Requested size: 598.0605pt x 772.50291pt.
File: 3-privacybook.pdf Graphic file (type pdf)

<use 3-privacybook.pdf, page 137>
Package pdftex.def Info: 3-privacybook.pdf, page137 used on input line 178.
(pdftex.def)             Requested size: 598.0605pt x 772.50291pt.
 [586 <./3-privacybook.pdf>]
<3-privacybook.pdf, id=3809, page=138, 614.57608pt x 793.83575pt>
File: 3-privacybook.pdf Graphic file (type pdf)

<use 3-privacybook.pdf, page 138>
Package pdftex.def Info: 3-privacybook.pdf, page138 used on input line 178.
(pdftex.def)             Requested size: 598.0605pt x 772.50291pt.
File: 3-privacybook.pdf Graphic file (type pdf)
 <use 3-privacybook.pdf, page 138>
Package pdftex.def Info: 3-privacybook.pdf, page138 used on input line 178.
(pdftex.def)             Requested size: 598.0605pt x 772.50291pt.
File: 3-privacybook.pdf Graphic file (type pdf)

<use 3-privacybook.pdf, page 138>
Package pdftex.def Info: 3-privacybook.pdf, page138 used on input line 178.
(pdftex.def)             Requested size: 598.0605pt x 772.50291pt.
 [587 <./3-privacybook.pdf>]
<3-privacybook.pdf, id=3814, page=139, 614.57608pt x 793.83575pt>
File: 3-privacybook.pdf Graphic file (type pdf)

<use 3-privacybook.pdf, page 139>
Package pdftex.def Info: 3-privacybook.pdf, page139 used on input line 178.
(pdftex.def)             Requested size: 598.0605pt x 772.50291pt.
File: 3-privacybook.pdf Graphic file (type pdf)
 <use 3-privacybook.pdf, page 139>
Package pdftex.def Info: 3-privacybook.pdf, page139 used on input line 178.
(pdftex.def)             Requested size: 598.0605pt x 772.50291pt.
File: 3-privacybook.pdf Graphic file (type pdf)

<use 3-privacybook.pdf, page 139>
Package pdftex.def Info: 3-privacybook.pdf, page139 used on input line 178.
(pdftex.def)             Requested size: 598.0605pt x 772.50291pt.
 [588 <./3-privacybook.pdf>]
<3-privacybook.pdf, id=3819, page=140, 614.57608pt x 793.83575pt>
File: 3-privacybook.pdf Graphic file (type pdf)

<use 3-privacybook.pdf, page 140>
Package pdftex.def Info: 3-privacybook.pdf, page140 used on input line 178.
(pdftex.def)             Requested size: 598.0605pt x 772.50291pt.
File: 3-privacybook.pdf Graphic file (type pdf)
 <use 3-privacybook.pdf, page 140>
Package pdftex.def Info: 3-privacybook.pdf, page140 used on input line 178.
(pdftex.def)             Requested size: 598.0605pt x 772.50291pt.
File: 3-privacybook.pdf Graphic file (type pdf)

<use 3-privacybook.pdf, page 140>
Package pdftex.def Info: 3-privacybook.pdf, page140 used on input line 178.
(pdftex.def)             Requested size: 598.0605pt x 772.50291pt.
 [589 <./3-privacybook.pdf>]
<3-privacybook.pdf, id=3825, page=141, 614.57608pt x 793.83575pt>
File: 3-privacybook.pdf Graphic file (type pdf)

<use 3-privacybook.pdf, page 141>
Package pdftex.def Info: 3-privacybook.pdf, page141 used on input line 178.
(pdftex.def)             Requested size: 598.0605pt x 772.50291pt.
File: 3-privacybook.pdf Graphic file (type pdf)
 <use 3-privacybook.pdf, page 141>
Package pdftex.def Info: 3-privacybook.pdf, page141 used on input line 178.
(pdftex.def)             Requested size: 598.0605pt x 772.50291pt.
File: 3-privacybook.pdf Graphic file (type pdf)

<use 3-privacybook.pdf, page 141>
Package pdftex.def Info: 3-privacybook.pdf, page141 used on input line 178.
(pdftex.def)             Requested size: 598.0605pt x 772.50291pt.
 [590 <./3-privacybook.pdf>]
<3-privacybook.pdf, id=3830, page=142, 614.57608pt x 793.83575pt>
File: 3-privacybook.pdf Graphic file (type pdf)

<use 3-privacybook.pdf, page 142>
Package pdftex.def Info: 3-privacybook.pdf, page142 used on input line 178.
(pdftex.def)             Requested size: 598.0605pt x 772.50291pt.
File: 3-privacybook.pdf Graphic file (type pdf)
 <use 3-privacybook.pdf, page 142>
Package pdftex.def Info: 3-privacybook.pdf, page142 used on input line 178.
(pdftex.def)             Requested size: 598.0605pt x 772.50291pt.
File: 3-privacybook.pdf Graphic file (type pdf)

<use 3-privacybook.pdf, page 142>
Package pdftex.def Info: 3-privacybook.pdf, page142 used on input line 178.
(pdftex.def)             Requested size: 598.0605pt x 772.50291pt.
 [591 <./3-privacybook.pdf>]
<3-privacybook.pdf, id=3835, page=143, 614.57608pt x 793.83575pt>
File: 3-privacybook.pdf Graphic file (type pdf)

<use 3-privacybook.pdf, page 143>
Package pdftex.def Info: 3-privacybook.pdf, page143 used on input line 178.
(pdftex.def)             Requested size: 598.0605pt x 772.50291pt.
File: 3-privacybook.pdf Graphic file (type pdf)
 <use 3-privacybook.pdf, page 143>
Package pdftex.def Info: 3-privacybook.pdf, page143 used on input line 178.
(pdftex.def)             Requested size: 598.0605pt x 772.50291pt.
File: 3-privacybook.pdf Graphic file (type pdf)

<use 3-privacybook.pdf, page 143>
Package pdftex.def Info: 3-privacybook.pdf, page143 used on input line 178.
(pdftex.def)             Requested size: 598.0605pt x 772.50291pt.
 [592 <./3-privacybook.pdf>]
<3-privacybook.pdf, id=3840, page=144, 614.57608pt x 793.83575pt>
File: 3-privacybook.pdf Graphic file (type pdf)

<use 3-privacybook.pdf, page 144>
Package pdftex.def Info: 3-privacybook.pdf, page144 used on input line 178.
(pdftex.def)             Requested size: 598.0605pt x 772.50291pt.
File: 3-privacybook.pdf Graphic file (type pdf)
 <use 3-privacybook.pdf, page 144>
Package pdftex.def Info: 3-privacybook.pdf, page144 used on input line 178.
(pdftex.def)             Requested size: 598.0605pt x 772.50291pt.
File: 3-privacybook.pdf Graphic file (type pdf)

<use 3-privacybook.pdf, page 144>
Package pdftex.def Info: 3-privacybook.pdf, page144 used on input line 178.
(pdftex.def)             Requested size: 598.0605pt x 772.50291pt.
 [593 <./3-privacybook.pdf>]
<3-privacybook.pdf, id=3845, page=145, 614.57608pt x 793.83575pt>
File: 3-privacybook.pdf Graphic file (type pdf)

<use 3-privacybook.pdf, page 145>
Package pdftex.def Info: 3-privacybook.pdf, page145 used on input line 178.
(pdftex.def)             Requested size: 598.0605pt x 772.50291pt.
File: 3-privacybook.pdf Graphic file (type pdf)
 <use 3-privacybook.pdf, page 145>
Package pdftex.def Info: 3-privacybook.pdf, page145 used on input line 178.
(pdftex.def)             Requested size: 598.0605pt x 772.50291pt.
File: 3-privacybook.pdf Graphic file (type pdf)

<use 3-privacybook.pdf, page 145>
Package pdftex.def Info: 3-privacybook.pdf, page145 used on input line 178.
(pdftex.def)             Requested size: 598.0605pt x 772.50291pt.
 [594 <./3-privacybook.pdf>]
<3-privacybook.pdf, id=3854, page=146, 614.57608pt x 793.83575pt>
File: 3-privacybook.pdf Graphic file (type pdf)

<use 3-privacybook.pdf, page 146>
Package pdftex.def Info: 3-privacybook.pdf, page146 used on input line 178.
(pdftex.def)             Requested size: 598.0605pt x 772.50291pt.
File: 3-privacybook.pdf Graphic file (type pdf)
 <use 3-privacybook.pdf, page 146>
Package pdftex.def Info: 3-privacybook.pdf, page146 used on input line 178.
(pdftex.def)             Requested size: 598.0605pt x 772.50291pt.
File: 3-privacybook.pdf Graphic file (type pdf)

<use 3-privacybook.pdf, page 146>
Package pdftex.def Info: 3-privacybook.pdf, page146 used on input line 178.
(pdftex.def)             Requested size: 598.0605pt x 772.50291pt.
 [595 <./3-privacybook.pdf>]
<3-privacybook.pdf, id=3860, page=147, 614.57608pt x 793.83575pt>
File: 3-privacybook.pdf Graphic file (type pdf)

<use 3-privacybook.pdf, page 147>
Package pdftex.def Info: 3-privacybook.pdf, page147 used on input line 178.
(pdftex.def)             Requested size: 598.0605pt x 772.50291pt.
File: 3-privacybook.pdf Graphic file (type pdf)
 <use 3-privacybook.pdf, page 147>
Package pdftex.def Info: 3-privacybook.pdf, page147 used on input line 178.
(pdftex.def)             Requested size: 598.0605pt x 772.50291pt.
File: 3-privacybook.pdf Graphic file (type pdf)

<use 3-privacybook.pdf, page 147>
Package pdftex.def Info: 3-privacybook.pdf, page147 used on input line 178.
(pdftex.def)             Requested size: 598.0605pt x 772.50291pt.
 [596 <./3-privacybook.pdf>]
<3-privacybook.pdf, id=3865, page=148, 614.57608pt x 793.83575pt>
File: 3-privacybook.pdf Graphic file (type pdf)

<use 3-privacybook.pdf, page 148>
Package pdftex.def Info: 3-privacybook.pdf, page148 used on input line 178.
(pdftex.def)             Requested size: 598.0605pt x 772.50291pt.
File: 3-privacybook.pdf Graphic file (type pdf)
 <use 3-privacybook.pdf, page 148>
Package pdftex.def Info: 3-privacybook.pdf, page148 used on input line 178.
(pdftex.def)             Requested size: 598.0605pt x 772.50291pt.
File: 3-privacybook.pdf Graphic file (type pdf)

<use 3-privacybook.pdf, page 148>
Package pdftex.def Info: 3-privacybook.pdf, page148 used on input line 178.
(pdftex.def)             Requested size: 598.0605pt x 772.50291pt.
 [597 <./3-privacybook.pdf>]
<3-privacybook.pdf, id=3870, page=149, 614.57608pt x 793.83575pt>
File: 3-privacybook.pdf Graphic file (type pdf)

<use 3-privacybook.pdf, page 149>
Package pdftex.def Info: 3-privacybook.pdf, page149 used on input line 178.
(pdftex.def)             Requested size: 598.0605pt x 772.50291pt.
File: 3-privacybook.pdf Graphic file (type pdf)
 <use 3-privacybook.pdf, page 149>
Package pdftex.def Info: 3-privacybook.pdf, page149 used on input line 178.
(pdftex.def)             Requested size: 598.0605pt x 772.50291pt.
File: 3-privacybook.pdf Graphic file (type pdf)

<use 3-privacybook.pdf, page 149>
Package pdftex.def Info: 3-privacybook.pdf, page149 used on input line 178.
(pdftex.def)             Requested size: 598.0605pt x 772.50291pt.
 [598 <./3-privacybook.pdf>]
<3-privacybook.pdf, id=3875, page=150, 614.57608pt x 793.83575pt>
File: 3-privacybook.pdf Graphic file (type pdf)

<use 3-privacybook.pdf, page 150>
Package pdftex.def Info: 3-privacybook.pdf, page150 used on input line 178.
(pdftex.def)             Requested size: 598.0605pt x 772.50291pt.
File: 3-privacybook.pdf Graphic file (type pdf)
 <use 3-privacybook.pdf, page 150>
Package pdftex.def Info: 3-privacybook.pdf, page150 used on input line 178.
(pdftex.def)             Requested size: 598.0605pt x 772.50291pt.
File: 3-privacybook.pdf Graphic file (type pdf)

<use 3-privacybook.pdf, page 150>
Package pdftex.def Info: 3-privacybook.pdf, page150 used on input line 178.
(pdftex.def)             Requested size: 598.0605pt x 772.50291pt.
 [599 <./3-privacybook.pdf>]
<3-privacybook.pdf, id=3880, page=151, 614.57608pt x 793.83575pt>
File: 3-privacybook.pdf Graphic file (type pdf)

<use 3-privacybook.pdf, page 151>
Package pdftex.def Info: 3-privacybook.pdf, page151 used on input line 178.
(pdftex.def)             Requested size: 598.0605pt x 772.50291pt.
File: 3-privacybook.pdf Graphic file (type pdf)
 <use 3-privacybook.pdf, page 151>
Package pdftex.def Info: 3-privacybook.pdf, page151 used on input line 178.
(pdftex.def)             Requested size: 598.0605pt x 772.50291pt.
File: 3-privacybook.pdf Graphic file (type pdf)

<use 3-privacybook.pdf, page 151>
Package pdftex.def Info: 3-privacybook.pdf, page151 used on input line 178.
(pdftex.def)             Requested size: 598.0605pt x 772.50291pt.
 [600 <./3-privacybook.pdf>]
<3-privacybook.pdf, id=3885, page=152, 614.57608pt x 793.83575pt>
File: 3-privacybook.pdf Graphic file (type pdf)

<use 3-privacybook.pdf, page 152>
Package pdftex.def Info: 3-privacybook.pdf, page152 used on input line 178.
(pdftex.def)             Requested size: 598.0605pt x 772.50291pt.
File: 3-privacybook.pdf Graphic file (type pdf)
 <use 3-privacybook.pdf, page 152>
Package pdftex.def Info: 3-privacybook.pdf, page152 used on input line 178.
(pdftex.def)             Requested size: 598.0605pt x 772.50291pt.
File: 3-privacybook.pdf Graphic file (type pdf)

<use 3-privacybook.pdf, page 152>
Package pdftex.def Info: 3-privacybook.pdf, page152 used on input line 178.
(pdftex.def)             Requested size: 598.0605pt x 772.50291pt.
 [601 <./3-privacybook.pdf>]
<3-privacybook.pdf, id=3891, page=153, 614.57608pt x 793.83575pt>
File: 3-privacybook.pdf Graphic file (type pdf)

<use 3-privacybook.pdf, page 153>
Package pdftex.def Info: 3-privacybook.pdf, page153 used on input line 178.
(pdftex.def)             Requested size: 598.0605pt x 772.50291pt.
File: 3-privacybook.pdf Graphic file (type pdf)
 <use 3-privacybook.pdf, page 153>
Package pdftex.def Info: 3-privacybook.pdf, page153 used on input line 178.
(pdftex.def)             Requested size: 598.0605pt x 772.50291pt.
File: 3-privacybook.pdf Graphic file (type pdf)

<use 3-privacybook.pdf, page 153>
Package pdftex.def Info: 3-privacybook.pdf, page153 used on input line 178.
(pdftex.def)             Requested size: 598.0605pt x 772.50291pt.
 [602 <./3-privacybook.pdf>]
<3-privacybook.pdf, id=3896, page=154, 614.57608pt x 793.83575pt>
File: 3-privacybook.pdf Graphic file (type pdf)

<use 3-privacybook.pdf, page 154>
Package pdftex.def Info: 3-privacybook.pdf, page154 used on input line 178.
(pdftex.def)             Requested size: 598.0605pt x 772.50291pt.
File: 3-privacybook.pdf Graphic file (type pdf)
 <use 3-privacybook.pdf, page 154>
Package pdftex.def Info: 3-privacybook.pdf, page154 used on input line 178.
(pdftex.def)             Requested size: 598.0605pt x 772.50291pt.
File: 3-privacybook.pdf Graphic file (type pdf)

<use 3-privacybook.pdf, page 154>
Package pdftex.def Info: 3-privacybook.pdf, page154 used on input line 178.
(pdftex.def)             Requested size: 598.0605pt x 772.50291pt.
 [603 <./3-privacybook.pdf>]
<3-privacybook.pdf, id=3902, page=155, 614.57608pt x 793.83575pt>
File: 3-privacybook.pdf Graphic file (type pdf)

<use 3-privacybook.pdf, page 155>
Package pdftex.def Info: 3-privacybook.pdf, page155 used on input line 178.
(pdftex.def)             Requested size: 598.0605pt x 772.50291pt.
File: 3-privacybook.pdf Graphic file (type pdf)
 <use 3-privacybook.pdf, page 155>
Package pdftex.def Info: 3-privacybook.pdf, page155 used on input line 178.
(pdftex.def)             Requested size: 598.0605pt x 772.50291pt.
File: 3-privacybook.pdf Graphic file (type pdf)

<use 3-privacybook.pdf, page 155>
Package pdftex.def Info: 3-privacybook.pdf, page155 used on input line 178.
(pdftex.def)             Requested size: 598.0605pt x 772.50291pt.
 [604 <./3-privacybook.pdf>]
<3-privacybook.pdf, id=3907, page=156, 614.57608pt x 793.83575pt>
File: 3-privacybook.pdf Graphic file (type pdf)

<use 3-privacybook.pdf, page 156>
Package pdftex.def Info: 3-privacybook.pdf, page156 used on input line 178.
(pdftex.def)             Requested size: 598.0605pt x 772.50291pt.
File: 3-privacybook.pdf Graphic file (type pdf)
 <use 3-privacybook.pdf, page 156>
Package pdftex.def Info: 3-privacybook.pdf, page156 used on input line 178.
(pdftex.def)             Requested size: 598.0605pt x 772.50291pt.
File: 3-privacybook.pdf Graphic file (type pdf)

<use 3-privacybook.pdf, page 156>
Package pdftex.def Info: 3-privacybook.pdf, page156 used on input line 178.
(pdftex.def)             Requested size: 598.0605pt x 772.50291pt.
 [605 <./3-privacybook.pdf>]
<3-privacybook.pdf, id=3912, page=157, 614.57608pt x 793.83575pt>
File: 3-privacybook.pdf Graphic file (type pdf)

<use 3-privacybook.pdf, page 157>
Package pdftex.def Info: 3-privacybook.pdf, page157 used on input line 178.
(pdftex.def)             Requested size: 598.0605pt x 772.50291pt.
File: 3-privacybook.pdf Graphic file (type pdf)
 <use 3-privacybook.pdf, page 157>
Package pdftex.def Info: 3-privacybook.pdf, page157 used on input line 178.
(pdftex.def)             Requested size: 598.0605pt x 772.50291pt.
File: 3-privacybook.pdf Graphic file (type pdf)

<use 3-privacybook.pdf, page 157>
Package pdftex.def Info: 3-privacybook.pdf, page157 used on input line 178.
(pdftex.def)             Requested size: 598.0605pt x 772.50291pt.
 [606 <./3-privacybook.pdf>]
<3-privacybook.pdf, id=3917, page=158, 614.57608pt x 793.83575pt>
File: 3-privacybook.pdf Graphic file (type pdf)

<use 3-privacybook.pdf, page 158>
Package pdftex.def Info: 3-privacybook.pdf, page158 used on input line 178.
(pdftex.def)             Requested size: 598.0605pt x 772.50291pt.
File: 3-privacybook.pdf Graphic file (type pdf)
 <use 3-privacybook.pdf, page 158>
Package pdftex.def Info: 3-privacybook.pdf, page158 used on input line 178.
(pdftex.def)             Requested size: 598.0605pt x 772.50291pt.
File: 3-privacybook.pdf Graphic file (type pdf)

<use 3-privacybook.pdf, page 158>
Package pdftex.def Info: 3-privacybook.pdf, page158 used on input line 178.
(pdftex.def)             Requested size: 598.0605pt x 772.50291pt.
 [607 <./3-privacybook.pdf>]
<3-privacybook.pdf, id=3923, page=159, 614.57608pt x 793.83575pt>
File: 3-privacybook.pdf Graphic file (type pdf)

<use 3-privacybook.pdf, page 159>
Package pdftex.def Info: 3-privacybook.pdf, page159 used on input line 178.
(pdftex.def)             Requested size: 598.0605pt x 772.50291pt.
File: 3-privacybook.pdf Graphic file (type pdf)
 <use 3-privacybook.pdf, page 159>
Package pdftex.def Info: 3-privacybook.pdf, page159 used on input line 178.
(pdftex.def)             Requested size: 598.0605pt x 772.50291pt.
File: 3-privacybook.pdf Graphic file (type pdf)

<use 3-privacybook.pdf, page 159>
Package pdftex.def Info: 3-privacybook.pdf, page159 used on input line 178.
(pdftex.def)             Requested size: 598.0605pt x 772.50291pt.
 [608 <./3-privacybook.pdf>]
<3-privacybook.pdf, id=3928, page=160, 614.57608pt x 793.83575pt>
File: 3-privacybook.pdf Graphic file (type pdf)

<use 3-privacybook.pdf, page 160>
Package pdftex.def Info: 3-privacybook.pdf, page160 used on input line 178.
(pdftex.def)             Requested size: 598.0605pt x 772.50291pt.
File: 3-privacybook.pdf Graphic file (type pdf)
 <use 3-privacybook.pdf, page 160>
Package pdftex.def Info: 3-privacybook.pdf, page160 used on input line 178.
(pdftex.def)             Requested size: 598.0605pt x 772.50291pt.
File: 3-privacybook.pdf Graphic file (type pdf)

<use 3-privacybook.pdf, page 160>
Package pdftex.def Info: 3-privacybook.pdf, page160 used on input line 178.
(pdftex.def)             Requested size: 598.0605pt x 772.50291pt.
 [609 <./3-privacybook.pdf>]
<3-privacybook.pdf, id=3933, page=161, 614.57608pt x 793.83575pt>
File: 3-privacybook.pdf Graphic file (type pdf)

<use 3-privacybook.pdf, page 161>
Package pdftex.def Info: 3-privacybook.pdf, page161 used on input line 178.
(pdftex.def)             Requested size: 598.0605pt x 772.50291pt.
File: 3-privacybook.pdf Graphic file (type pdf)
 <use 3-privacybook.pdf, page 161>
Package pdftex.def Info: 3-privacybook.pdf, page161 used on input line 178.
(pdftex.def)             Requested size: 598.0605pt x 772.50291pt.
File: 3-privacybook.pdf Graphic file (type pdf)

<use 3-privacybook.pdf, page 161>
Package pdftex.def Info: 3-privacybook.pdf, page161 used on input line 178.
(pdftex.def)             Requested size: 598.0605pt x 772.50291pt.
 [610 <./3-privacybook.pdf>]
<3-privacybook.pdf, id=3938, page=162, 614.57608pt x 793.83575pt>
File: 3-privacybook.pdf Graphic file (type pdf)

<use 3-privacybook.pdf, page 162>
Package pdftex.def Info: 3-privacybook.pdf, page162 used on input line 178.
(pdftex.def)             Requested size: 598.0605pt x 772.50291pt.
File: 3-privacybook.pdf Graphic file (type pdf)
 <use 3-privacybook.pdf, page 162>
Package pdftex.def Info: 3-privacybook.pdf, page162 used on input line 178.
(pdftex.def)             Requested size: 598.0605pt x 772.50291pt.
File: 3-privacybook.pdf Graphic file (type pdf)

<use 3-privacybook.pdf, page 162>
Package pdftex.def Info: 3-privacybook.pdf, page162 used on input line 178.
(pdftex.def)             Requested size: 598.0605pt x 772.50291pt.
 [611 <./3-privacybook.pdf>]
<3-privacybook.pdf, id=3943, page=163, 614.57608pt x 793.83575pt>
File: 3-privacybook.pdf Graphic file (type pdf)

<use 3-privacybook.pdf, page 163>
Package pdftex.def Info: 3-privacybook.pdf, page163 used on input line 178.
(pdftex.def)             Requested size: 598.0605pt x 772.50291pt.
File: 3-privacybook.pdf Graphic file (type pdf)
 <use 3-privacybook.pdf, page 163>
Package pdftex.def Info: 3-privacybook.pdf, page163 used on input line 178.
(pdftex.def)             Requested size: 598.0605pt x 772.50291pt.
File: 3-privacybook.pdf Graphic file (type pdf)

<use 3-privacybook.pdf, page 163>
Package pdftex.def Info: 3-privacybook.pdf, page163 used on input line 178.
(pdftex.def)             Requested size: 598.0605pt x 772.50291pt.
 [612 <./3-privacybook.pdf>]
<3-privacybook.pdf, id=3948, page=164, 614.57608pt x 793.83575pt>
File: 3-privacybook.pdf Graphic file (type pdf)

<use 3-privacybook.pdf, page 164>
Package pdftex.def Info: 3-privacybook.pdf, page164 used on input line 178.
(pdftex.def)             Requested size: 598.0605pt x 772.50291pt.
File: 3-privacybook.pdf Graphic file (type pdf)
 <use 3-privacybook.pdf, page 164>
Package pdftex.def Info: 3-privacybook.pdf, page164 used on input line 178.
(pdftex.def)             Requested size: 598.0605pt x 772.50291pt.
File: 3-privacybook.pdf Graphic file (type pdf)

<use 3-privacybook.pdf, page 164>
Package pdftex.def Info: 3-privacybook.pdf, page164 used on input line 178.
(pdftex.def)             Requested size: 598.0605pt x 772.50291pt.
 [613 <./3-privacybook.pdf>]
<3-privacybook.pdf, id=3954, page=165, 614.57608pt x 793.83575pt>
File: 3-privacybook.pdf Graphic file (type pdf)

<use 3-privacybook.pdf, page 165>
Package pdftex.def Info: 3-privacybook.pdf, page165 used on input line 178.
(pdftex.def)             Requested size: 598.0605pt x 772.50291pt.
File: 3-privacybook.pdf Graphic file (type pdf)
 <use 3-privacybook.pdf, page 165>
Package pdftex.def Info: 3-privacybook.pdf, page165 used on input line 178.
(pdftex.def)             Requested size: 598.0605pt x 772.50291pt.
File: 3-privacybook.pdf Graphic file (type pdf)

<use 3-privacybook.pdf, page 165>
Package pdftex.def Info: 3-privacybook.pdf, page165 used on input line 178.
(pdftex.def)             Requested size: 598.0605pt x 772.50291pt.
 [614 <./3-privacybook.pdf>]
<3-privacybook.pdf, id=3959, page=166, 614.57608pt x 793.83575pt>
File: 3-privacybook.pdf Graphic file (type pdf)

<use 3-privacybook.pdf, page 166>
Package pdftex.def Info: 3-privacybook.pdf, page166 used on input line 178.
(pdftex.def)             Requested size: 598.0605pt x 772.50291pt.
File: 3-privacybook.pdf Graphic file (type pdf)
 <use 3-privacybook.pdf, page 166>
Package pdftex.def Info: 3-privacybook.pdf, page166 used on input line 178.
(pdftex.def)             Requested size: 598.0605pt x 772.50291pt.
File: 3-privacybook.pdf Graphic file (type pdf)

<use 3-privacybook.pdf, page 166>
Package pdftex.def Info: 3-privacybook.pdf, page166 used on input line 178.
(pdftex.def)             Requested size: 598.0605pt x 772.50291pt.
 [615 <./3-privacybook.pdf>]
<3-privacybook.pdf, id=3964, page=167, 614.57608pt x 793.83575pt>
File: 3-privacybook.pdf Graphic file (type pdf)

<use 3-privacybook.pdf, page 167>
Package pdftex.def Info: 3-privacybook.pdf, page167 used on input line 178.
(pdftex.def)             Requested size: 598.0605pt x 772.50291pt.
File: 3-privacybook.pdf Graphic file (type pdf)
 <use 3-privacybook.pdf, page 167>
Package pdftex.def Info: 3-privacybook.pdf, page167 used on input line 178.
(pdftex.def)             Requested size: 598.0605pt x 772.50291pt.
File: 3-privacybook.pdf Graphic file (type pdf)

<use 3-privacybook.pdf, page 167>
Package pdftex.def Info: 3-privacybook.pdf, page167 used on input line 178.
(pdftex.def)             Requested size: 598.0605pt x 772.50291pt.
 [616 <./3-privacybook.pdf>]
<3-privacybook.pdf, id=3969, page=168, 614.57608pt x 793.83575pt>
File: 3-privacybook.pdf Graphic file (type pdf)

<use 3-privacybook.pdf, page 168>
Package pdftex.def Info: 3-privacybook.pdf, page168 used on input line 178.
(pdftex.def)             Requested size: 598.0605pt x 772.50291pt.
File: 3-privacybook.pdf Graphic file (type pdf)
 <use 3-privacybook.pdf, page 168>
Package pdftex.def Info: 3-privacybook.pdf, page168 used on input line 178.
(pdftex.def)             Requested size: 598.0605pt x 772.50291pt.
File: 3-privacybook.pdf Graphic file (type pdf)

<use 3-privacybook.pdf, page 168>
Package pdftex.def Info: 3-privacybook.pdf, page168 used on input line 178.
(pdftex.def)             Requested size: 598.0605pt x 772.50291pt.
 [617 <./3-privacybook.pdf>]
<3-privacybook.pdf, id=3974, page=169, 614.57608pt x 793.83575pt>
File: 3-privacybook.pdf Graphic file (type pdf)

<use 3-privacybook.pdf, page 169>
Package pdftex.def Info: 3-privacybook.pdf, page169 used on input line 178.
(pdftex.def)             Requested size: 598.0605pt x 772.50291pt.
File: 3-privacybook.pdf Graphic file (type pdf)
 <use 3-privacybook.pdf, page 169>
Package pdftex.def Info: 3-privacybook.pdf, page169 used on input line 178.
(pdftex.def)             Requested size: 598.0605pt x 772.50291pt.
File: 3-privacybook.pdf Graphic file (type pdf)

<use 3-privacybook.pdf, page 169>
Package pdftex.def Info: 3-privacybook.pdf, page169 used on input line 178.
(pdftex.def)             Requested size: 598.0605pt x 772.50291pt.
 [618 <./3-privacybook.pdf>]
<3-privacybook.pdf, id=3979, page=170, 614.57608pt x 793.83575pt>
File: 3-privacybook.pdf Graphic file (type pdf)

<use 3-privacybook.pdf, page 170>
Package pdftex.def Info: 3-privacybook.pdf, page170 used on input line 178.
(pdftex.def)             Requested size: 598.0605pt x 772.50291pt.
File: 3-privacybook.pdf Graphic file (type pdf)
 <use 3-privacybook.pdf, page 170>
Package pdftex.def Info: 3-privacybook.pdf, page170 used on input line 178.
(pdftex.def)             Requested size: 598.0605pt x 772.50291pt.
File: 3-privacybook.pdf Graphic file (type pdf)

<use 3-privacybook.pdf, page 170>
Package pdftex.def Info: 3-privacybook.pdf, page170 used on input line 178.
(pdftex.def)             Requested size: 598.0605pt x 772.50291pt.
 [619 <./3-privacybook.pdf>]
<3-privacybook.pdf, id=3985, page=171, 614.57608pt x 793.83575pt>
File: 3-privacybook.pdf Graphic file (type pdf)

<use 3-privacybook.pdf, page 171>
Package pdftex.def Info: 3-privacybook.pdf, page171 used on input line 178.
(pdftex.def)             Requested size: 598.0605pt x 772.50291pt.
File: 3-privacybook.pdf Graphic file (type pdf)
 <use 3-privacybook.pdf, page 171>
Package pdftex.def Info: 3-privacybook.pdf, page171 used on input line 178.
(pdftex.def)             Requested size: 598.0605pt x 772.50291pt.
File: 3-privacybook.pdf Graphic file (type pdf)

<use 3-privacybook.pdf, page 171>
Package pdftex.def Info: 3-privacybook.pdf, page171 used on input line 178.
(pdftex.def)             Requested size: 598.0605pt x 772.50291pt.
 [620 <./3-privacybook.pdf>]
<3-privacybook.pdf, id=3990, page=172, 614.57608pt x 793.83575pt>
File: 3-privacybook.pdf Graphic file (type pdf)

<use 3-privacybook.pdf, page 172>
Package pdftex.def Info: 3-privacybook.pdf, page172 used on input line 178.
(pdftex.def)             Requested size: 598.0605pt x 772.50291pt.
File: 3-privacybook.pdf Graphic file (type pdf)
 <use 3-privacybook.pdf, page 172>
Package pdftex.def Info: 3-privacybook.pdf, page172 used on input line 178.
(pdftex.def)             Requested size: 598.0605pt x 772.50291pt.
File: 3-privacybook.pdf Graphic file (type pdf)

<use 3-privacybook.pdf, page 172>
Package pdftex.def Info: 3-privacybook.pdf, page172 used on input line 178.
(pdftex.def)             Requested size: 598.0605pt x 772.50291pt.
 [621 <./3-privacybook.pdf>]
<3-privacybook.pdf, id=3995, page=173, 614.57608pt x 793.83575pt>
File: 3-privacybook.pdf Graphic file (type pdf)

<use 3-privacybook.pdf, page 173>
Package pdftex.def Info: 3-privacybook.pdf, page173 used on input line 178.
(pdftex.def)             Requested size: 598.0605pt x 772.50291pt.
File: 3-privacybook.pdf Graphic file (type pdf)
 <use 3-privacybook.pdf, page 173>
Package pdftex.def Info: 3-privacybook.pdf, page173 used on input line 178.
(pdftex.def)             Requested size: 598.0605pt x 772.50291pt.
File: 3-privacybook.pdf Graphic file (type pdf)

<use 3-privacybook.pdf, page 173>
Package pdftex.def Info: 3-privacybook.pdf, page173 used on input line 178.
(pdftex.def)             Requested size: 598.0605pt x 772.50291pt.
 [622 <./3-privacybook.pdf>]
<3-privacybook.pdf, id=4000, page=174, 614.57608pt x 793.83575pt>
File: 3-privacybook.pdf Graphic file (type pdf)

<use 3-privacybook.pdf, page 174>
Package pdftex.def Info: 3-privacybook.pdf, page174 used on input line 178.
(pdftex.def)             Requested size: 598.0605pt x 772.50291pt.
File: 3-privacybook.pdf Graphic file (type pdf)
 <use 3-privacybook.pdf, page 174>
Package pdftex.def Info: 3-privacybook.pdf, page174 used on input line 178.
(pdftex.def)             Requested size: 598.0605pt x 772.50291pt.
File: 3-privacybook.pdf Graphic file (type pdf)

<use 3-privacybook.pdf, page 174>
Package pdftex.def Info: 3-privacybook.pdf, page174 used on input line 178.
(pdftex.def)             Requested size: 598.0605pt x 772.50291pt.
 [623 <./3-privacybook.pdf>]
<3-privacybook.pdf, id=4005, page=175, 614.57608pt x 793.83575pt>
File: 3-privacybook.pdf Graphic file (type pdf)

<use 3-privacybook.pdf, page 175>
Package pdftex.def Info: 3-privacybook.pdf, page175 used on input line 178.
(pdftex.def)             Requested size: 598.0605pt x 772.50291pt.
File: 3-privacybook.pdf Graphic file (type pdf)
 <use 3-privacybook.pdf, page 175>
Package pdftex.def Info: 3-privacybook.pdf, page175 used on input line 178.
(pdftex.def)             Requested size: 598.0605pt x 772.50291pt.
File: 3-privacybook.pdf Graphic file (type pdf)

<use 3-privacybook.pdf, page 175>
Package pdftex.def Info: 3-privacybook.pdf, page175 used on input line 178.
(pdftex.def)             Requested size: 598.0605pt x 772.50291pt.
 [624 <./3-privacybook.pdf>]
<3-privacybook.pdf, id=4010, page=176, 614.57608pt x 793.83575pt>
File: 3-privacybook.pdf Graphic file (type pdf)

<use 3-privacybook.pdf, page 176>
Package pdftex.def Info: 3-privacybook.pdf, page176 used on input line 178.
(pdftex.def)             Requested size: 598.0605pt x 772.50291pt.
File: 3-privacybook.pdf Graphic file (type pdf)
 <use 3-privacybook.pdf, page 176>
Package pdftex.def Info: 3-privacybook.pdf, page176 used on input line 178.
(pdftex.def)             Requested size: 598.0605pt x 772.50291pt.
File: 3-privacybook.pdf Graphic file (type pdf)

<use 3-privacybook.pdf, page 176>
Package pdftex.def Info: 3-privacybook.pdf, page176 used on input line 178.
(pdftex.def)             Requested size: 598.0605pt x 772.50291pt.
 [625 <./3-privacybook.pdf>]
<3-privacybook.pdf, id=4016, page=177, 614.57608pt x 793.83575pt>
File: 3-privacybook.pdf Graphic file (type pdf)

<use 3-privacybook.pdf, page 177>
Package pdftex.def Info: 3-privacybook.pdf, page177 used on input line 178.
(pdftex.def)             Requested size: 598.0605pt x 772.50291pt.
File: 3-privacybook.pdf Graphic file (type pdf)
 <use 3-privacybook.pdf, page 177>
Package pdftex.def Info: 3-privacybook.pdf, page177 used on input line 178.
(pdftex.def)             Requested size: 598.0605pt x 772.50291pt.
File: 3-privacybook.pdf Graphic file (type pdf)

<use 3-privacybook.pdf, page 177>
Package pdftex.def Info: 3-privacybook.pdf, page177 used on input line 178.
(pdftex.def)             Requested size: 598.0605pt x 772.50291pt.
 [626 <./3-privacybook.pdf>]
<3-privacybook.pdf, id=4021, page=178, 614.57608pt x 793.83575pt>
File: 3-privacybook.pdf Graphic file (type pdf)

<use 3-privacybook.pdf, page 178>
Package pdftex.def Info: 3-privacybook.pdf, page178 used on input line 178.
(pdftex.def)             Requested size: 598.0605pt x 772.50291pt.
File: 3-privacybook.pdf Graphic file (type pdf)
 <use 3-privacybook.pdf, page 178>
Package pdftex.def Info: 3-privacybook.pdf, page178 used on input line 178.
(pdftex.def)             Requested size: 598.0605pt x 772.50291pt.
File: 3-privacybook.pdf Graphic file (type pdf)

<use 3-privacybook.pdf, page 178>
Package pdftex.def Info: 3-privacybook.pdf, page178 used on input line 178.
(pdftex.def)             Requested size: 598.0605pt x 772.50291pt.
 [627 <./3-privacybook.pdf>]
<3-privacybook.pdf, id=4026, page=179, 614.57608pt x 793.83575pt>
File: 3-privacybook.pdf Graphic file (type pdf)

<use 3-privacybook.pdf, page 179>
Package pdftex.def Info: 3-privacybook.pdf, page179 used on input line 178.
(pdftex.def)             Requested size: 598.0605pt x 772.50291pt.
File: 3-privacybook.pdf Graphic file (type pdf)
 <use 3-privacybook.pdf, page 179>
Package pdftex.def Info: 3-privacybook.pdf, page179 used on input line 178.
(pdftex.def)             Requested size: 598.0605pt x 772.50291pt.
File: 3-privacybook.pdf Graphic file (type pdf)

<use 3-privacybook.pdf, page 179>
Package pdftex.def Info: 3-privacybook.pdf, page179 used on input line 178.
(pdftex.def)             Requested size: 598.0605pt x 772.50291pt.
 [628 <./3-privacybook.pdf>]
<3-privacybook.pdf, id=4031, page=180, 614.57608pt x 793.83575pt>
File: 3-privacybook.pdf Graphic file (type pdf)

<use 3-privacybook.pdf, page 180>
Package pdftex.def Info: 3-privacybook.pdf, page180 used on input line 178.
(pdftex.def)             Requested size: 598.0605pt x 772.50291pt.
File: 3-privacybook.pdf Graphic file (type pdf)
 <use 3-privacybook.pdf, page 180>
Package pdftex.def Info: 3-privacybook.pdf, page180 used on input line 178.
(pdftex.def)             Requested size: 598.0605pt x 772.50291pt.
File: 3-privacybook.pdf Graphic file (type pdf)

<use 3-privacybook.pdf, page 180>
Package pdftex.def Info: 3-privacybook.pdf, page180 used on input line 178.
(pdftex.def)             Requested size: 598.0605pt x 772.50291pt.
 [629 <./3-privacybook.pdf>]
<3-privacybook.pdf, id=4036, page=181, 614.57608pt x 793.83575pt>
File: 3-privacybook.pdf Graphic file (type pdf)

<use 3-privacybook.pdf, page 181>
Package pdftex.def Info: 3-privacybook.pdf, page181 used on input line 178.
(pdftex.def)             Requested size: 598.0605pt x 772.50291pt.
File: 3-privacybook.pdf Graphic file (type pdf)
 <use 3-privacybook.pdf, page 181>
Package pdftex.def Info: 3-privacybook.pdf, page181 used on input line 178.
(pdftex.def)             Requested size: 598.0605pt x 772.50291pt.
File: 3-privacybook.pdf Graphic file (type pdf)

<use 3-privacybook.pdf, page 181>
Package pdftex.def Info: 3-privacybook.pdf, page181 used on input line 178.
(pdftex.def)             Requested size: 598.0605pt x 772.50291pt.
 [630 <./3-privacybook.pdf>]
<3-privacybook.pdf, id=4041, page=182, 614.57608pt x 793.83575pt>
File: 3-privacybook.pdf Graphic file (type pdf)

<use 3-privacybook.pdf, page 182>
Package pdftex.def Info: 3-privacybook.pdf, page182 used on input line 178.
(pdftex.def)             Requested size: 598.0605pt x 772.50291pt.
File: 3-privacybook.pdf Graphic file (type pdf)
 <use 3-privacybook.pdf, page 182>
Package pdftex.def Info: 3-privacybook.pdf, page182 used on input line 178.
(pdftex.def)             Requested size: 598.0605pt x 772.50291pt.
File: 3-privacybook.pdf Graphic file (type pdf)

<use 3-privacybook.pdf, page 182>
Package pdftex.def Info: 3-privacybook.pdf, page182 used on input line 178.
(pdftex.def)             Requested size: 598.0605pt x 772.50291pt.
 [631 <./3-privacybook.pdf>]
<3-privacybook.pdf, id=4047, page=183, 614.57608pt x 793.83575pt>
File: 3-privacybook.pdf Graphic file (type pdf)

<use 3-privacybook.pdf, page 183>
Package pdftex.def Info: 3-privacybook.pdf, page183 used on input line 178.
(pdftex.def)             Requested size: 598.0605pt x 772.50291pt.
File: 3-privacybook.pdf Graphic file (type pdf)
 <use 3-privacybook.pdf, page 183>
Package pdftex.def Info: 3-privacybook.pdf, page183 used on input line 178.
(pdftex.def)             Requested size: 598.0605pt x 772.50291pt.
File: 3-privacybook.pdf Graphic file (type pdf)

<use 3-privacybook.pdf, page 183>
Package pdftex.def Info: 3-privacybook.pdf, page183 used on input line 178.
(pdftex.def)             Requested size: 598.0605pt x 772.50291pt.
 [632 <./3-privacybook.pdf>]
<3-privacybook.pdf, id=4052, page=184, 614.57608pt x 793.83575pt>
File: 3-privacybook.pdf Graphic file (type pdf)

<use 3-privacybook.pdf, page 184>
Package pdftex.def Info: 3-privacybook.pdf, page184 used on input line 178.
(pdftex.def)             Requested size: 598.0605pt x 772.50291pt.
File: 3-privacybook.pdf Graphic file (type pdf)
 <use 3-privacybook.pdf, page 184>
Package pdftex.def Info: 3-privacybook.pdf, page184 used on input line 178.
(pdftex.def)             Requested size: 598.0605pt x 772.50291pt.
File: 3-privacybook.pdf Graphic file (type pdf)

<use 3-privacybook.pdf, page 184>
Package pdftex.def Info: 3-privacybook.pdf, page184 used on input line 178.
(pdftex.def)             Requested size: 598.0605pt x 772.50291pt.
 [633 <./3-privacybook.pdf>]
<3-privacybook.pdf, id=4057, page=185, 614.57608pt x 793.83575pt>
File: 3-privacybook.pdf Graphic file (type pdf)

<use 3-privacybook.pdf, page 185>
Package pdftex.def Info: 3-privacybook.pdf, page185 used on input line 178.
(pdftex.def)             Requested size: 598.0605pt x 772.50291pt.
File: 3-privacybook.pdf Graphic file (type pdf)
 <use 3-privacybook.pdf, page 185>
Package pdftex.def Info: 3-privacybook.pdf, page185 used on input line 178.
(pdftex.def)             Requested size: 598.0605pt x 772.50291pt.
File: 3-privacybook.pdf Graphic file (type pdf)

<use 3-privacybook.pdf, page 185>
Package pdftex.def Info: 3-privacybook.pdf, page185 used on input line 178.
(pdftex.def)             Requested size: 598.0605pt x 772.50291pt.
 [634 <./3-privacybook.pdf>]
<3-privacybook.pdf, id=4062, page=186, 614.57608pt x 793.83575pt>
File: 3-privacybook.pdf Graphic file (type pdf)

<use 3-privacybook.pdf, page 186>
Package pdftex.def Info: 3-privacybook.pdf, page186 used on input line 178.
(pdftex.def)             Requested size: 598.0605pt x 772.50291pt.
File: 3-privacybook.pdf Graphic file (type pdf)
 <use 3-privacybook.pdf, page 186>
Package pdftex.def Info: 3-privacybook.pdf, page186 used on input line 178.
(pdftex.def)             Requested size: 598.0605pt x 772.50291pt.
File: 3-privacybook.pdf Graphic file (type pdf)

<use 3-privacybook.pdf, page 186>
Package pdftex.def Info: 3-privacybook.pdf, page186 used on input line 178.
(pdftex.def)             Requested size: 598.0605pt x 772.50291pt.
 [635 <./3-privacybook.pdf>]
<3-privacybook.pdf, id=4067, page=187, 614.57608pt x 793.83575pt>
File: 3-privacybook.pdf Graphic file (type pdf)

<use 3-privacybook.pdf, page 187>
Package pdftex.def Info: 3-privacybook.pdf, page187 used on input line 178.
(pdftex.def)             Requested size: 598.0605pt x 772.50291pt.
File: 3-privacybook.pdf Graphic file (type pdf)
 <use 3-privacybook.pdf, page 187>
Package pdftex.def Info: 3-privacybook.pdf, page187 used on input line 178.
(pdftex.def)             Requested size: 598.0605pt x 772.50291pt.
File: 3-privacybook.pdf Graphic file (type pdf)

<use 3-privacybook.pdf, page 187>
Package pdftex.def Info: 3-privacybook.pdf, page187 used on input line 178.
(pdftex.def)             Requested size: 598.0605pt x 772.50291pt.
 [636 <./3-privacybook.pdf>]
<3-privacybook.pdf, id=4073, page=188, 614.57608pt x 793.83575pt>
File: 3-privacybook.pdf Graphic file (type pdf)

<use 3-privacybook.pdf, page 188>
Package pdftex.def Info: 3-privacybook.pdf, page188 used on input line 178.
(pdftex.def)             Requested size: 598.0605pt x 772.50291pt.
File: 3-privacybook.pdf Graphic file (type pdf)
 <use 3-privacybook.pdf, page 188>
Package pdftex.def Info: 3-privacybook.pdf, page188 used on input line 178.
(pdftex.def)             Requested size: 598.0605pt x 772.50291pt.
File: 3-privacybook.pdf Graphic file (type pdf)

<use 3-privacybook.pdf, page 188>
Package pdftex.def Info: 3-privacybook.pdf, page188 used on input line 178.
(pdftex.def)             Requested size: 598.0605pt x 772.50291pt.
 [637 <./3-privacybook.pdf>]
<3-privacybook.pdf, id=4079, page=189, 614.57608pt x 793.83575pt>
File: 3-privacybook.pdf Graphic file (type pdf)

<use 3-privacybook.pdf, page 189>
Package pdftex.def Info: 3-privacybook.pdf, page189 used on input line 178.
(pdftex.def)             Requested size: 598.0605pt x 772.50291pt.
File: 3-privacybook.pdf Graphic file (type pdf)
 <use 3-privacybook.pdf, page 189>
Package pdftex.def Info: 3-privacybook.pdf, page189 used on input line 178.
(pdftex.def)             Requested size: 598.0605pt x 772.50291pt.
File: 3-privacybook.pdf Graphic file (type pdf)

<use 3-privacybook.pdf, page 189>
Package pdftex.def Info: 3-privacybook.pdf, page189 used on input line 178.
(pdftex.def)             Requested size: 598.0605pt x 772.50291pt.
 [638 <./3-privacybook.pdf>]
<3-privacybook.pdf, id=4084, page=190, 614.57608pt x 793.83575pt>
File: 3-privacybook.pdf Graphic file (type pdf)

<use 3-privacybook.pdf, page 190>
Package pdftex.def Info: 3-privacybook.pdf, page190 used on input line 178.
(pdftex.def)             Requested size: 598.0605pt x 772.50291pt.
File: 3-privacybook.pdf Graphic file (type pdf)
 <use 3-privacybook.pdf, page 190>
Package pdftex.def Info: 3-privacybook.pdf, page190 used on input line 178.
(pdftex.def)             Requested size: 598.0605pt x 772.50291pt.
File: 3-privacybook.pdf Graphic file (type pdf)

<use 3-privacybook.pdf, page 190>
Package pdftex.def Info: 3-privacybook.pdf, page190 used on input line 178.
(pdftex.def)             Requested size: 598.0605pt x 772.50291pt.
 [639 <./3-privacybook.pdf>]
<3-privacybook.pdf, id=4089, page=191, 614.57608pt x 793.83575pt>
File: 3-privacybook.pdf Graphic file (type pdf)

<use 3-privacybook.pdf, page 191>
Package pdftex.def Info: 3-privacybook.pdf, page191 used on input line 178.
(pdftex.def)             Requested size: 598.0605pt x 772.50291pt.
File: 3-privacybook.pdf Graphic file (type pdf)
 <use 3-privacybook.pdf, page 191>
Package pdftex.def Info: 3-privacybook.pdf, page191 used on input line 178.
(pdftex.def)             Requested size: 598.0605pt x 772.50291pt.
File: 3-privacybook.pdf Graphic file (type pdf)

<use 3-privacybook.pdf, page 191>
Package pdftex.def Info: 3-privacybook.pdf, page191 used on input line 178.
(pdftex.def)             Requested size: 598.0605pt x 772.50291pt.
 [640 <./3-privacybook.pdf>]
<3-privacybook.pdf, id=4094, page=192, 614.57608pt x 793.83575pt>
File: 3-privacybook.pdf Graphic file (type pdf)

<use 3-privacybook.pdf, page 192>
Package pdftex.def Info: 3-privacybook.pdf, page192 used on input line 178.
(pdftex.def)             Requested size: 598.0605pt x 772.50291pt.
File: 3-privacybook.pdf Graphic file (type pdf)
 <use 3-privacybook.pdf, page 192>
Package pdftex.def Info: 3-privacybook.pdf, page192 used on input line 178.
(pdftex.def)             Requested size: 598.0605pt x 772.50291pt.
File: 3-privacybook.pdf Graphic file (type pdf)

<use 3-privacybook.pdf, page 192>
Package pdftex.def Info: 3-privacybook.pdf, page192 used on input line 178.
(pdftex.def)             Requested size: 598.0605pt x 772.50291pt.
 [641 <./3-privacybook.pdf>]
<3-privacybook.pdf, id=4099, page=193, 614.57608pt x 793.83575pt>
File: 3-privacybook.pdf Graphic file (type pdf)

<use 3-privacybook.pdf, page 193>
Package pdftex.def Info: 3-privacybook.pdf, page193 used on input line 178.
(pdftex.def)             Requested size: 598.0605pt x 772.50291pt.
File: 3-privacybook.pdf Graphic file (type pdf)
 <use 3-privacybook.pdf, page 193>
Package pdftex.def Info: 3-privacybook.pdf, page193 used on input line 178.
(pdftex.def)             Requested size: 598.0605pt x 772.50291pt.
File: 3-privacybook.pdf Graphic file (type pdf)

<use 3-privacybook.pdf, page 193>
Package pdftex.def Info: 3-privacybook.pdf, page193 used on input line 178.
(pdftex.def)             Requested size: 598.0605pt x 772.50291pt.
 [642 <./3-privacybook.pdf>]
<3-privacybook.pdf, id=4104, page=194, 614.57608pt x 793.83575pt>
File: 3-privacybook.pdf Graphic file (type pdf)

<use 3-privacybook.pdf, page 194>
Package pdftex.def Info: 3-privacybook.pdf, page194 used on input line 178.
(pdftex.def)             Requested size: 598.0605pt x 772.50291pt.
File: 3-privacybook.pdf Graphic file (type pdf)
 <use 3-privacybook.pdf, page 194>
Package pdftex.def Info: 3-privacybook.pdf, page194 used on input line 178.
(pdftex.def)             Requested size: 598.0605pt x 772.50291pt.
File: 3-privacybook.pdf Graphic file (type pdf)

<use 3-privacybook.pdf, page 194>
Package pdftex.def Info: 3-privacybook.pdf, page194 used on input line 178.
(pdftex.def)             Requested size: 598.0605pt x 772.50291pt.
 [643 <./3-privacybook.pdf>]
<3-privacybook.pdf, id=4110, page=195, 614.57608pt x 793.83575pt>
File: 3-privacybook.pdf Graphic file (type pdf)

<use 3-privacybook.pdf, page 195>
Package pdftex.def Info: 3-privacybook.pdf, page195 used on input line 178.
(pdftex.def)             Requested size: 598.0605pt x 772.50291pt.
File: 3-privacybook.pdf Graphic file (type pdf)
 <use 3-privacybook.pdf, page 195>
Package pdftex.def Info: 3-privacybook.pdf, page195 used on input line 178.
(pdftex.def)             Requested size: 598.0605pt x 772.50291pt.
File: 3-privacybook.pdf Graphic file (type pdf)

<use 3-privacybook.pdf, page 195>
Package pdftex.def Info: 3-privacybook.pdf, page195 used on input line 178.
(pdftex.def)             Requested size: 598.0605pt x 772.50291pt.
 [644 <./3-privacybook.pdf>]
<3-privacybook.pdf, id=4115, page=196, 614.57608pt x 793.83575pt>
File: 3-privacybook.pdf Graphic file (type pdf)

<use 3-privacybook.pdf, page 196>
Package pdftex.def Info: 3-privacybook.pdf, page196 used on input line 178.
(pdftex.def)             Requested size: 598.0605pt x 772.50291pt.
File: 3-privacybook.pdf Graphic file (type pdf)
 <use 3-privacybook.pdf, page 196>
Package pdftex.def Info: 3-privacybook.pdf, page196 used on input line 178.
(pdftex.def)             Requested size: 598.0605pt x 772.50291pt.
File: 3-privacybook.pdf Graphic file (type pdf)

<use 3-privacybook.pdf, page 196>
Package pdftex.def Info: 3-privacybook.pdf, page196 used on input line 178.
(pdftex.def)             Requested size: 598.0605pt x 772.50291pt.
 [645 <./3-privacybook.pdf>]
<3-privacybook.pdf, id=4120, page=197, 614.57608pt x 793.83575pt>
File: 3-privacybook.pdf Graphic file (type pdf)

<use 3-privacybook.pdf, page 197>
Package pdftex.def Info: 3-privacybook.pdf, page197 used on input line 178.
(pdftex.def)             Requested size: 598.0605pt x 772.50291pt.
File: 3-privacybook.pdf Graphic file (type pdf)
 <use 3-privacybook.pdf, page 197>
Package pdftex.def Info: 3-privacybook.pdf, page197 used on input line 178.
(pdftex.def)             Requested size: 598.0605pt x 772.50291pt.
File: 3-privacybook.pdf Graphic file (type pdf)

<use 3-privacybook.pdf, page 197>
Package pdftex.def Info: 3-privacybook.pdf, page197 used on input line 178.
(pdftex.def)             Requested size: 598.0605pt x 772.50291pt.
 [646 <./3-privacybook.pdf>]
<3-privacybook.pdf, id=4125, page=198, 614.57608pt x 793.83575pt>
File: 3-privacybook.pdf Graphic file (type pdf)

<use 3-privacybook.pdf, page 198>
Package pdftex.def Info: 3-privacybook.pdf, page198 used on input line 178.
(pdftex.def)             Requested size: 598.0605pt x 772.50291pt.
File: 3-privacybook.pdf Graphic file (type pdf)
 <use 3-privacybook.pdf, page 198>
Package pdftex.def Info: 3-privacybook.pdf, page198 used on input line 178.
(pdftex.def)             Requested size: 598.0605pt x 772.50291pt.
File: 3-privacybook.pdf Graphic file (type pdf)

<use 3-privacybook.pdf, page 198>
Package pdftex.def Info: 3-privacybook.pdf, page198 used on input line 178.
(pdftex.def)             Requested size: 598.0605pt x 772.50291pt.
 [647 <./3-privacybook.pdf>]
<3-privacybook.pdf, id=4130, page=199, 614.57608pt x 793.83575pt>
File: 3-privacybook.pdf Graphic file (type pdf)

<use 3-privacybook.pdf, page 199>
Package pdftex.def Info: 3-privacybook.pdf, page199 used on input line 178.
(pdftex.def)             Requested size: 598.0605pt x 772.50291pt.
File: 3-privacybook.pdf Graphic file (type pdf)
 <use 3-privacybook.pdf, page 199>
Package pdftex.def Info: 3-privacybook.pdf, page199 used on input line 178.
(pdftex.def)             Requested size: 598.0605pt x 772.50291pt.
File: 3-privacybook.pdf Graphic file (type pdf)

<use 3-privacybook.pdf, page 199>
Package pdftex.def Info: 3-privacybook.pdf, page199 used on input line 178.
(pdftex.def)             Requested size: 598.0605pt x 772.50291pt.
 [648 <./3-privacybook.pdf>]
<3-privacybook.pdf, id=4135, page=200, 614.57608pt x 793.83575pt>
File: 3-privacybook.pdf Graphic file (type pdf)

<use 3-privacybook.pdf, page 200>
Package pdftex.def Info: 3-privacybook.pdf, page200 used on input line 178.
(pdftex.def)             Requested size: 598.0605pt x 772.50291pt.
File: 3-privacybook.pdf Graphic file (type pdf)
 <use 3-privacybook.pdf, page 200>
Package pdftex.def Info: 3-privacybook.pdf, page200 used on input line 178.
(pdftex.def)             Requested size: 598.0605pt x 772.50291pt.
File: 3-privacybook.pdf Graphic file (type pdf)

<use 3-privacybook.pdf, page 200>
Package pdftex.def Info: 3-privacybook.pdf, page200 used on input line 178.
(pdftex.def)             Requested size: 598.0605pt x 772.50291pt.
 [649 <./3-privacybook.pdf>]
<3-privacybook.pdf, id=4141, page=201, 614.57608pt x 793.83575pt>
File: 3-privacybook.pdf Graphic file (type pdf)

<use 3-privacybook.pdf, page 201>
Package pdftex.def Info: 3-privacybook.pdf, page201 used on input line 178.
(pdftex.def)             Requested size: 598.0605pt x 772.50291pt.
File: 3-privacybook.pdf Graphic file (type pdf)
 <use 3-privacybook.pdf, page 201>
Package pdftex.def Info: 3-privacybook.pdf, page201 used on input line 178.
(pdftex.def)             Requested size: 598.0605pt x 772.50291pt.
File: 3-privacybook.pdf Graphic file (type pdf)

<use 3-privacybook.pdf, page 201>
Package pdftex.def Info: 3-privacybook.pdf, page201 used on input line 178.
(pdftex.def)             Requested size: 598.0605pt x 772.50291pt.
 [650 <./3-privacybook.pdf>]
<3-privacybook.pdf, id=4146, page=202, 614.57608pt x 793.83575pt>
File: 3-privacybook.pdf Graphic file (type pdf)

<use 3-privacybook.pdf, page 202>
Package pdftex.def Info: 3-privacybook.pdf, page202 used on input line 178.
(pdftex.def)             Requested size: 598.0605pt x 772.50291pt.
File: 3-privacybook.pdf Graphic file (type pdf)
 <use 3-privacybook.pdf, page 202>
Package pdftex.def Info: 3-privacybook.pdf, page202 used on input line 178.
(pdftex.def)             Requested size: 598.0605pt x 772.50291pt.
File: 3-privacybook.pdf Graphic file (type pdf)

<use 3-privacybook.pdf, page 202>
Package pdftex.def Info: 3-privacybook.pdf, page202 used on input line 178.
(pdftex.def)             Requested size: 598.0605pt x 772.50291pt.
 [651 <./3-privacybook.pdf>]
<3-privacybook.pdf, id=4151, page=203, 614.57608pt x 793.83575pt>
File: 3-privacybook.pdf Graphic file (type pdf)

<use 3-privacybook.pdf, page 203>
Package pdftex.def Info: 3-privacybook.pdf, page203 used on input line 178.
(pdftex.def)             Requested size: 598.0605pt x 772.50291pt.
File: 3-privacybook.pdf Graphic file (type pdf)
 <use 3-privacybook.pdf, page 203>
Package pdftex.def Info: 3-privacybook.pdf, page203 used on input line 178.
(pdftex.def)             Requested size: 598.0605pt x 772.50291pt.
File: 3-privacybook.pdf Graphic file (type pdf)

<use 3-privacybook.pdf, page 203>
Package pdftex.def Info: 3-privacybook.pdf, page203 used on input line 178.
(pdftex.def)             Requested size: 598.0605pt x 772.50291pt.
 [652 <./3-privacybook.pdf>]
<3-privacybook.pdf, id=4156, page=204, 614.57608pt x 793.83575pt>
File: 3-privacybook.pdf Graphic file (type pdf)

<use 3-privacybook.pdf, page 204>
Package pdftex.def Info: 3-privacybook.pdf, page204 used on input line 178.
(pdftex.def)             Requested size: 598.0605pt x 772.50291pt.
File: 3-privacybook.pdf Graphic file (type pdf)
 <use 3-privacybook.pdf, page 204>
Package pdftex.def Info: 3-privacybook.pdf, page204 used on input line 178.
(pdftex.def)             Requested size: 598.0605pt x 772.50291pt.
File: 3-privacybook.pdf Graphic file (type pdf)

<use 3-privacybook.pdf, page 204>
Package pdftex.def Info: 3-privacybook.pdf, page204 used on input line 178.
(pdftex.def)             Requested size: 598.0605pt x 772.50291pt.
 [653 <./3-privacybook.pdf>]
<3-privacybook.pdf, id=4161, page=205, 614.57608pt x 793.83575pt>
File: 3-privacybook.pdf Graphic file (type pdf)

<use 3-privacybook.pdf, page 205>
Package pdftex.def Info: 3-privacybook.pdf, page205 used on input line 178.
(pdftex.def)             Requested size: 598.0605pt x 772.50291pt.
File: 3-privacybook.pdf Graphic file (type pdf)
 <use 3-privacybook.pdf, page 205>
Package pdftex.def Info: 3-privacybook.pdf, page205 used on input line 178.
(pdftex.def)             Requested size: 598.0605pt x 772.50291pt.
File: 3-privacybook.pdf Graphic file (type pdf)

<use 3-privacybook.pdf, page 205>
Package pdftex.def Info: 3-privacybook.pdf, page205 used on input line 178.
(pdftex.def)             Requested size: 598.0605pt x 772.50291pt.
 [654 <./3-privacybook.pdf>]
<3-privacybook.pdf, id=4166, page=206, 614.57608pt x 793.83575pt>
File: 3-privacybook.pdf Graphic file (type pdf)

<use 3-privacybook.pdf, page 206>
Package pdftex.def Info: 3-privacybook.pdf, page206 used on input line 178.
(pdftex.def)             Requested size: 598.0605pt x 772.50291pt.
File: 3-privacybook.pdf Graphic file (type pdf)
 <use 3-privacybook.pdf, page 206>
Package pdftex.def Info: 3-privacybook.pdf, page206 used on input line 178.
(pdftex.def)             Requested size: 598.0605pt x 772.50291pt.
File: 3-privacybook.pdf Graphic file (type pdf)

<use 3-privacybook.pdf, page 206>
Package pdftex.def Info: 3-privacybook.pdf, page206 used on input line 178.
(pdftex.def)             Requested size: 598.0605pt x 772.50291pt.
 [655 <./3-privacybook.pdf>]
<3-privacybook.pdf, id=4172, page=207, 614.57608pt x 793.83575pt>
File: 3-privacybook.pdf Graphic file (type pdf)

<use 3-privacybook.pdf, page 207>
Package pdftex.def Info: 3-privacybook.pdf, page207 used on input line 178.
(pdftex.def)             Requested size: 598.0605pt x 772.50291pt.
File: 3-privacybook.pdf Graphic file (type pdf)
 <use 3-privacybook.pdf, page 207>
Package pdftex.def Info: 3-privacybook.pdf, page207 used on input line 178.
(pdftex.def)             Requested size: 598.0605pt x 772.50291pt.
File: 3-privacybook.pdf Graphic file (type pdf)

<use 3-privacybook.pdf, page 207>
Package pdftex.def Info: 3-privacybook.pdf, page207 used on input line 178.
(pdftex.def)             Requested size: 598.0605pt x 772.50291pt.
 [656 <./3-privacybook.pdf>]
<3-privacybook.pdf, id=4177, page=208, 614.57608pt x 793.83575pt>
File: 3-privacybook.pdf Graphic file (type pdf)

<use 3-privacybook.pdf, page 208>
Package pdftex.def Info: 3-privacybook.pdf, page208 used on input line 178.
(pdftex.def)             Requested size: 598.0605pt x 772.50291pt.
File: 3-privacybook.pdf Graphic file (type pdf)
 <use 3-privacybook.pdf, page 208>
Package pdftex.def Info: 3-privacybook.pdf, page208 used on input line 178.
(pdftex.def)             Requested size: 598.0605pt x 772.50291pt.
File: 3-privacybook.pdf Graphic file (type pdf)

<use 3-privacybook.pdf, page 208>
Package pdftex.def Info: 3-privacybook.pdf, page208 used on input line 178.
(pdftex.def)             Requested size: 598.0605pt x 772.50291pt.
 [657 <./3-privacybook.pdf>]
<3-privacybook.pdf, id=4182, page=209, 614.57608pt x 793.83575pt>
File: 3-privacybook.pdf Graphic file (type pdf)

<use 3-privacybook.pdf, page 209>
Package pdftex.def Info: 3-privacybook.pdf, page209 used on input line 178.
(pdftex.def)             Requested size: 598.0605pt x 772.50291pt.
File: 3-privacybook.pdf Graphic file (type pdf)
 <use 3-privacybook.pdf, page 209>
Package pdftex.def Info: 3-privacybook.pdf, page209 used on input line 178.
(pdftex.def)             Requested size: 598.0605pt x 772.50291pt.
File: 3-privacybook.pdf Graphic file (type pdf)

<use 3-privacybook.pdf, page 209>
Package pdftex.def Info: 3-privacybook.pdf, page209 used on input line 178.
(pdftex.def)             Requested size: 598.0605pt x 772.50291pt.
 [658 <./3-privacybook.pdf>]
<3-privacybook.pdf, id=4187, page=210, 614.57608pt x 793.83575pt>
File: 3-privacybook.pdf Graphic file (type pdf)

<use 3-privacybook.pdf, page 210>
Package pdftex.def Info: 3-privacybook.pdf, page210 used on input line 178.
(pdftex.def)             Requested size: 598.0605pt x 772.50291pt.
File: 3-privacybook.pdf Graphic file (type pdf)
 <use 3-privacybook.pdf, page 210>
Package pdftex.def Info: 3-privacybook.pdf, page210 used on input line 178.
(pdftex.def)             Requested size: 598.0605pt x 772.50291pt.
File: 3-privacybook.pdf Graphic file (type pdf)

<use 3-privacybook.pdf, page 210>
Package pdftex.def Info: 3-privacybook.pdf, page210 used on input line 178.
(pdftex.def)             Requested size: 598.0605pt x 772.50291pt.
 [659 <./3-privacybook.pdf>]
<3-privacybook.pdf, id=4192, page=211, 614.57608pt x 793.83575pt>
File: 3-privacybook.pdf Graphic file (type pdf)

<use 3-privacybook.pdf, page 211>
Package pdftex.def Info: 3-privacybook.pdf, page211 used on input line 178.
(pdftex.def)             Requested size: 598.0605pt x 772.50291pt.
File: 3-privacybook.pdf Graphic file (type pdf)
 <use 3-privacybook.pdf, page 211>
Package pdftex.def Info: 3-privacybook.pdf, page211 used on input line 178.
(pdftex.def)             Requested size: 598.0605pt x 772.50291pt.
File: 3-privacybook.pdf Graphic file (type pdf)

<use 3-privacybook.pdf, page 211>
Package pdftex.def Info: 3-privacybook.pdf, page211 used on input line 178.
(pdftex.def)             Requested size: 598.0605pt x 772.50291pt.
 [660 <./3-privacybook.pdf>]
<3-privacybook.pdf, id=4197, page=212, 614.57608pt x 793.83575pt>
File: 3-privacybook.pdf Graphic file (type pdf)

<use 3-privacybook.pdf, page 212>
Package pdftex.def Info: 3-privacybook.pdf, page212 used on input line 178.
(pdftex.def)             Requested size: 598.0605pt x 772.50291pt.
File: 3-privacybook.pdf Graphic file (type pdf)
 <use 3-privacybook.pdf, page 212>
Package pdftex.def Info: 3-privacybook.pdf, page212 used on input line 178.
(pdftex.def)             Requested size: 598.0605pt x 772.50291pt.
File: 3-privacybook.pdf Graphic file (type pdf)

<use 3-privacybook.pdf, page 212>
Package pdftex.def Info: 3-privacybook.pdf, page212 used on input line 178.
(pdftex.def)             Requested size: 598.0605pt x 772.50291pt.
 [661 <./3-privacybook.pdf>]
<3-privacybook.pdf, id=4203, page=213, 614.57608pt x 793.83575pt>
File: 3-privacybook.pdf Graphic file (type pdf)

<use 3-privacybook.pdf, page 213>
Package pdftex.def Info: 3-privacybook.pdf, page213 used on input line 178.
(pdftex.def)             Requested size: 598.0605pt x 772.50291pt.
File: 3-privacybook.pdf Graphic file (type pdf)
 <use 3-privacybook.pdf, page 213>
Package pdftex.def Info: 3-privacybook.pdf, page213 used on input line 178.
(pdftex.def)             Requested size: 598.0605pt x 772.50291pt.
File: 3-privacybook.pdf Graphic file (type pdf)

<use 3-privacybook.pdf, page 213>
Package pdftex.def Info: 3-privacybook.pdf, page213 used on input line 178.
(pdftex.def)             Requested size: 598.0605pt x 772.50291pt.
 [662 <./3-privacybook.pdf>]
<3-privacybook.pdf, id=4208, page=214, 614.57608pt x 793.83575pt>
File: 3-privacybook.pdf Graphic file (type pdf)

<use 3-privacybook.pdf, page 214>
Package pdftex.def Info: 3-privacybook.pdf, page214 used on input line 178.
(pdftex.def)             Requested size: 598.0605pt x 772.50291pt.
File: 3-privacybook.pdf Graphic file (type pdf)
 <use 3-privacybook.pdf, page 214>
Package pdftex.def Info: 3-privacybook.pdf, page214 used on input line 178.
(pdftex.def)             Requested size: 598.0605pt x 772.50291pt.
File: 3-privacybook.pdf Graphic file (type pdf)

<use 3-privacybook.pdf, page 214>
Package pdftex.def Info: 3-privacybook.pdf, page214 used on input line 178.
(pdftex.def)             Requested size: 598.0605pt x 772.50291pt.
 [663 <./3-privacybook.pdf>]
<3-privacybook.pdf, id=4213, page=215, 614.57608pt x 793.83575pt>
File: 3-privacybook.pdf Graphic file (type pdf)

<use 3-privacybook.pdf, page 215>
Package pdftex.def Info: 3-privacybook.pdf, page215 used on input line 178.
(pdftex.def)             Requested size: 598.0605pt x 772.50291pt.
File: 3-privacybook.pdf Graphic file (type pdf)
 <use 3-privacybook.pdf, page 215>
Package pdftex.def Info: 3-privacybook.pdf, page215 used on input line 178.
(pdftex.def)             Requested size: 598.0605pt x 772.50291pt.
File: 3-privacybook.pdf Graphic file (type pdf)

<use 3-privacybook.pdf, page 215>
Package pdftex.def Info: 3-privacybook.pdf, page215 used on input line 178.
(pdftex.def)             Requested size: 598.0605pt x 772.50291pt.
 [664 <./3-privacybook.pdf>]
<3-privacybook.pdf, id=4218, page=216, 614.57608pt x 793.83575pt>
File: 3-privacybook.pdf Graphic file (type pdf)

<use 3-privacybook.pdf, page 216>
Package pdftex.def Info: 3-privacybook.pdf, page216 used on input line 178.
(pdftex.def)             Requested size: 598.0605pt x 772.50291pt.
File: 3-privacybook.pdf Graphic file (type pdf)
 <use 3-privacybook.pdf, page 216>
Package pdftex.def Info: 3-privacybook.pdf, page216 used on input line 178.
(pdftex.def)             Requested size: 598.0605pt x 772.50291pt.
File: 3-privacybook.pdf Graphic file (type pdf)

<use 3-privacybook.pdf, page 216>
Package pdftex.def Info: 3-privacybook.pdf, page216 used on input line 178.
(pdftex.def)             Requested size: 598.0605pt x 772.50291pt.
 [665 <./3-privacybook.pdf>]
<3-privacybook.pdf, id=4223, page=217, 614.57608pt x 793.83575pt>
File: 3-privacybook.pdf Graphic file (type pdf)

<use 3-privacybook.pdf, page 217>
Package pdftex.def Info: 3-privacybook.pdf, page217 used on input line 178.
(pdftex.def)             Requested size: 598.0605pt x 772.50291pt.
File: 3-privacybook.pdf Graphic file (type pdf)
 <use 3-privacybook.pdf, page 217>
Package pdftex.def Info: 3-privacybook.pdf, page217 used on input line 178.
(pdftex.def)             Requested size: 598.0605pt x 772.50291pt.
File: 3-privacybook.pdf Graphic file (type pdf)

<use 3-privacybook.pdf, page 217>
Package pdftex.def Info: 3-privacybook.pdf, page217 used on input line 178.
(pdftex.def)             Requested size: 598.0605pt x 772.50291pt.
 [666 <./3-privacybook.pdf>]
<3-privacybook.pdf, id=4228, page=218, 614.57608pt x 793.83575pt>
File: 3-privacybook.pdf Graphic file (type pdf)

<use 3-privacybook.pdf, page 218>
Package pdftex.def Info: 3-privacybook.pdf, page218 used on input line 178.
(pdftex.def)             Requested size: 598.0605pt x 772.50291pt.
File: 3-privacybook.pdf Graphic file (type pdf)
 <use 3-privacybook.pdf, page 218>
Package pdftex.def Info: 3-privacybook.pdf, page218 used on input line 178.
(pdftex.def)             Requested size: 598.0605pt x 772.50291pt.
File: 3-privacybook.pdf Graphic file (type pdf)

<use 3-privacybook.pdf, page 218>
Package pdftex.def Info: 3-privacybook.pdf, page218 used on input line 178.
(pdftex.def)             Requested size: 598.0605pt x 772.50291pt.
 [667 <./3-privacybook.pdf>]
<3-privacybook.pdf, id=4234, page=219, 614.57608pt x 793.83575pt>
File: 3-privacybook.pdf Graphic file (type pdf)

<use 3-privacybook.pdf, page 219>
Package pdftex.def Info: 3-privacybook.pdf, page219 used on input line 178.
(pdftex.def)             Requested size: 598.0605pt x 772.50291pt.
File: 3-privacybook.pdf Graphic file (type pdf)
 <use 3-privacybook.pdf, page 219>
Package pdftex.def Info: 3-privacybook.pdf, page219 used on input line 178.
(pdftex.def)             Requested size: 598.0605pt x 772.50291pt.
File: 3-privacybook.pdf Graphic file (type pdf)

<use 3-privacybook.pdf, page 219>
Package pdftex.def Info: 3-privacybook.pdf, page219 used on input line 178.
(pdftex.def)             Requested size: 598.0605pt x 772.50291pt.
 [668 <./3-privacybook.pdf>]
<3-privacybook.pdf, id=4239, page=220, 614.57608pt x 793.83575pt>
File: 3-privacybook.pdf Graphic file (type pdf)

<use 3-privacybook.pdf, page 220>
Package pdftex.def Info: 3-privacybook.pdf, page220 used on input line 178.
(pdftex.def)             Requested size: 598.0605pt x 772.50291pt.
File: 3-privacybook.pdf Graphic file (type pdf)
 <use 3-privacybook.pdf, page 220>
Package pdftex.def Info: 3-privacybook.pdf, page220 used on input line 178.
(pdftex.def)             Requested size: 598.0605pt x 772.50291pt.
File: 3-privacybook.pdf Graphic file (type pdf)

<use 3-privacybook.pdf, page 220>
Package pdftex.def Info: 3-privacybook.pdf, page220 used on input line 178.
(pdftex.def)             Requested size: 598.0605pt x 772.50291pt.
 [669 <./3-privacybook.pdf>]
<3-privacybook.pdf, id=4245, page=221, 614.57608pt x 793.83575pt>
File: 3-privacybook.pdf Graphic file (type pdf)

<use 3-privacybook.pdf, page 221>
Package pdftex.def Info: 3-privacybook.pdf, page221 used on input line 178.
(pdftex.def)             Requested size: 598.0605pt x 772.50291pt.
File: 3-privacybook.pdf Graphic file (type pdf)
 <use 3-privacybook.pdf, page 221>
Package pdftex.def Info: 3-privacybook.pdf, page221 used on input line 178.
(pdftex.def)             Requested size: 598.0605pt x 772.50291pt.
File: 3-privacybook.pdf Graphic file (type pdf)

<use 3-privacybook.pdf, page 221>
Package pdftex.def Info: 3-privacybook.pdf, page221 used on input line 178.
(pdftex.def)             Requested size: 598.0605pt x 772.50291pt.
 [670 <./3-privacybook.pdf>]
<3-privacybook.pdf, id=4250, page=222, 614.57608pt x 793.83575pt>
File: 3-privacybook.pdf Graphic file (type pdf)

<use 3-privacybook.pdf, page 222>
Package pdftex.def Info: 3-privacybook.pdf, page222 used on input line 178.
(pdftex.def)             Requested size: 598.0605pt x 772.50291pt.
File: 3-privacybook.pdf Graphic file (type pdf)
 <use 3-privacybook.pdf, page 222>
Package pdftex.def Info: 3-privacybook.pdf, page222 used on input line 178.
(pdftex.def)             Requested size: 598.0605pt x 772.50291pt.
File: 3-privacybook.pdf Graphic file (type pdf)

<use 3-privacybook.pdf, page 222>
Package pdftex.def Info: 3-privacybook.pdf, page222 used on input line 178.
(pdftex.def)             Requested size: 598.0605pt x 772.50291pt.
 [671 <./3-privacybook.pdf>]
<3-privacybook.pdf, id=4255, page=223, 614.57608pt x 793.83575pt>
File: 3-privacybook.pdf Graphic file (type pdf)

<use 3-privacybook.pdf, page 223>
Package pdftex.def Info: 3-privacybook.pdf, page223 used on input line 178.
(pdftex.def)             Requested size: 598.0605pt x 772.50291pt.
File: 3-privacybook.pdf Graphic file (type pdf)
 <use 3-privacybook.pdf, page 223>
Package pdftex.def Info: 3-privacybook.pdf, page223 used on input line 178.
(pdftex.def)             Requested size: 598.0605pt x 772.50291pt.
File: 3-privacybook.pdf Graphic file (type pdf)

<use 3-privacybook.pdf, page 223>
Package pdftex.def Info: 3-privacybook.pdf, page223 used on input line 178.
(pdftex.def)             Requested size: 598.0605pt x 772.50291pt.
 [672 <./3-privacybook.pdf>]
<3-privacybook.pdf, id=4260, page=224, 614.57608pt x 793.83575pt>
File: 3-privacybook.pdf Graphic file (type pdf)

<use 3-privacybook.pdf, page 224>
Package pdftex.def Info: 3-privacybook.pdf, page224 used on input line 178.
(pdftex.def)             Requested size: 598.0605pt x 772.50291pt.
File: 3-privacybook.pdf Graphic file (type pdf)
 <use 3-privacybook.pdf, page 224>
Package pdftex.def Info: 3-privacybook.pdf, page224 used on input line 178.
(pdftex.def)             Requested size: 598.0605pt x 772.50291pt.
File: 3-privacybook.pdf Graphic file (type pdf)

<use 3-privacybook.pdf, page 224>
Package pdftex.def Info: 3-privacybook.pdf, page224 used on input line 178.
(pdftex.def)             Requested size: 598.0605pt x 772.50291pt.
 [673 <./3-privacybook.pdf>]
<3-privacybook.pdf, id=4266, page=225, 614.57608pt x 793.83575pt>
File: 3-privacybook.pdf Graphic file (type pdf)

<use 3-privacybook.pdf, page 225>
Package pdftex.def Info: 3-privacybook.pdf, page225 used on input line 178.
(pdftex.def)             Requested size: 598.0605pt x 772.50291pt.
File: 3-privacybook.pdf Graphic file (type pdf)
 <use 3-privacybook.pdf, page 225>
Package pdftex.def Info: 3-privacybook.pdf, page225 used on input line 178.
(pdftex.def)             Requested size: 598.0605pt x 772.50291pt.
File: 3-privacybook.pdf Graphic file (type pdf)

<use 3-privacybook.pdf, page 225>
Package pdftex.def Info: 3-privacybook.pdf, page225 used on input line 178.
(pdftex.def)             Requested size: 598.0605pt x 772.50291pt.
 [674 <./3-privacybook.pdf>]
<3-privacybook.pdf, id=4271, page=226, 614.57608pt x 793.83575pt>
File: 3-privacybook.pdf Graphic file (type pdf)

<use 3-privacybook.pdf, page 226>
Package pdftex.def Info: 3-privacybook.pdf, page226 used on input line 178.
(pdftex.def)             Requested size: 598.0605pt x 772.50291pt.
File: 3-privacybook.pdf Graphic file (type pdf)
 <use 3-privacybook.pdf, page 226>
Package pdftex.def Info: 3-privacybook.pdf, page226 used on input line 178.
(pdftex.def)             Requested size: 598.0605pt x 772.50291pt.
File: 3-privacybook.pdf Graphic file (type pdf)

<use 3-privacybook.pdf, page 226>
Package pdftex.def Info: 3-privacybook.pdf, page226 used on input line 178.
(pdftex.def)             Requested size: 598.0605pt x 772.50291pt.
 [675 <./3-privacybook.pdf>]
<3-privacybook.pdf, id=4276, page=227, 614.57608pt x 793.83575pt>
File: 3-privacybook.pdf Graphic file (type pdf)

<use 3-privacybook.pdf, page 227>
Package pdftex.def Info: 3-privacybook.pdf, page227 used on input line 178.
(pdftex.def)             Requested size: 598.0605pt x 772.50291pt.
File: 3-privacybook.pdf Graphic file (type pdf)
 <use 3-privacybook.pdf, page 227>
Package pdftex.def Info: 3-privacybook.pdf, page227 used on input line 178.
(pdftex.def)             Requested size: 598.0605pt x 772.50291pt.
File: 3-privacybook.pdf Graphic file (type pdf)

<use 3-privacybook.pdf, page 227>
Package pdftex.def Info: 3-privacybook.pdf, page227 used on input line 178.
(pdftex.def)             Requested size: 598.0605pt x 772.50291pt.
 [676 <./3-privacybook.pdf>]
<3-privacybook.pdf, id=4281, page=228, 614.57608pt x 793.83575pt>
File: 3-privacybook.pdf Graphic file (type pdf)

<use 3-privacybook.pdf, page 228>
Package pdftex.def Info: 3-privacybook.pdf, page228 used on input line 178.
(pdftex.def)             Requested size: 598.0605pt x 772.50291pt.
File: 3-privacybook.pdf Graphic file (type pdf)
 <use 3-privacybook.pdf, page 228>
Package pdftex.def Info: 3-privacybook.pdf, page228 used on input line 178.
(pdftex.def)             Requested size: 598.0605pt x 772.50291pt.
File: 3-privacybook.pdf Graphic file (type pdf)

<use 3-privacybook.pdf, page 228>
Package pdftex.def Info: 3-privacybook.pdf, page228 used on input line 178.
(pdftex.def)             Requested size: 598.0605pt x 772.50291pt.
 [677 <./3-privacybook.pdf>]
<3-privacybook.pdf, id=4286, page=229, 614.57608pt x 793.83575pt>
File: 3-privacybook.pdf Graphic file (type pdf)

<use 3-privacybook.pdf, page 229>
Package pdftex.def Info: 3-privacybook.pdf, page229 used on input line 178.
(pdftex.def)             Requested size: 598.0605pt x 772.50291pt.
File: 3-privacybook.pdf Graphic file (type pdf)
 <use 3-privacybook.pdf, page 229>
Package pdftex.def Info: 3-privacybook.pdf, page229 used on input line 178.
(pdftex.def)             Requested size: 598.0605pt x 772.50291pt.
File: 3-privacybook.pdf Graphic file (type pdf)

<use 3-privacybook.pdf, page 229>
Package pdftex.def Info: 3-privacybook.pdf, page229 used on input line 178.
(pdftex.def)             Requested size: 598.0605pt x 772.50291pt.
 [678 <./3-privacybook.pdf>]
<3-privacybook.pdf, id=4291, page=230, 614.57608pt x 793.83575pt>
File: 3-privacybook.pdf Graphic file (type pdf)

<use 3-privacybook.pdf, page 230>
Package pdftex.def Info: 3-privacybook.pdf, page230 used on input line 178.
(pdftex.def)             Requested size: 598.0605pt x 772.50291pt.
File: 3-privacybook.pdf Graphic file (type pdf)
 <use 3-privacybook.pdf, page 230>
Package pdftex.def Info: 3-privacybook.pdf, page230 used on input line 178.
(pdftex.def)             Requested size: 598.0605pt x 772.50291pt.
File: 3-privacybook.pdf Graphic file (type pdf)

<use 3-privacybook.pdf, page 230>
Package pdftex.def Info: 3-privacybook.pdf, page230 used on input line 178.
(pdftex.def)             Requested size: 598.0605pt x 772.50291pt.
 [679 <./3-privacybook.pdf>]
<3-privacybook.pdf, id=4297, page=231, 614.57608pt x 793.83575pt>
File: 3-privacybook.pdf Graphic file (type pdf)

<use 3-privacybook.pdf, page 231>
Package pdftex.def Info: 3-privacybook.pdf, page231 used on input line 178.
(pdftex.def)             Requested size: 598.0605pt x 772.50291pt.
File: 3-privacybook.pdf Graphic file (type pdf)
 <use 3-privacybook.pdf, page 231>
Package pdftex.def Info: 3-privacybook.pdf, page231 used on input line 178.
(pdftex.def)             Requested size: 598.0605pt x 772.50291pt.
File: 3-privacybook.pdf Graphic file (type pdf)

<use 3-privacybook.pdf, page 231>
Package pdftex.def Info: 3-privacybook.pdf, page231 used on input line 178.
(pdftex.def)             Requested size: 598.0605pt x 772.50291pt.
 [680 <./3-privacybook.pdf>]
<3-privacybook.pdf, id=4302, page=232, 614.57608pt x 793.83575pt>
File: 3-privacybook.pdf Graphic file (type pdf)

<use 3-privacybook.pdf, page 232>
Package pdftex.def Info: 3-privacybook.pdf, page232 used on input line 178.
(pdftex.def)             Requested size: 598.0605pt x 772.50291pt.
File: 3-privacybook.pdf Graphic file (type pdf)
 <use 3-privacybook.pdf, page 232>
Package pdftex.def Info: 3-privacybook.pdf, page232 used on input line 178.
(pdftex.def)             Requested size: 598.0605pt x 772.50291pt.
File: 3-privacybook.pdf Graphic file (type pdf)

<use 3-privacybook.pdf, page 232>
Package pdftex.def Info: 3-privacybook.pdf, page232 used on input line 178.
(pdftex.def)             Requested size: 598.0605pt x 772.50291pt.
 [681 <./3-privacybook.pdf>]
<3-privacybook.pdf, id=4307, page=233, 614.57608pt x 793.83575pt>
File: 3-privacybook.pdf Graphic file (type pdf)

<use 3-privacybook.pdf, page 233>
Package pdftex.def Info: 3-privacybook.pdf, page233 used on input line 178.
(pdftex.def)             Requested size: 598.0605pt x 772.50291pt.
File: 3-privacybook.pdf Graphic file (type pdf)
 <use 3-privacybook.pdf, page 233>
Package pdftex.def Info: 3-privacybook.pdf, page233 used on input line 178.
(pdftex.def)             Requested size: 598.0605pt x 772.50291pt.
File: 3-privacybook.pdf Graphic file (type pdf)

<use 3-privacybook.pdf, page 233>
Package pdftex.def Info: 3-privacybook.pdf, page233 used on input line 178.
(pdftex.def)             Requested size: 598.0605pt x 772.50291pt.
 [682 <./3-privacybook.pdf>]
<3-privacybook.pdf, id=4312, page=234, 614.57608pt x 793.83575pt>
File: 3-privacybook.pdf Graphic file (type pdf)

<use 3-privacybook.pdf, page 234>
Package pdftex.def Info: 3-privacybook.pdf, page234 used on input line 178.
(pdftex.def)             Requested size: 598.0605pt x 772.50291pt.
File: 3-privacybook.pdf Graphic file (type pdf)
 <use 3-privacybook.pdf, page 234>
Package pdftex.def Info: 3-privacybook.pdf, page234 used on input line 178.
(pdftex.def)             Requested size: 598.0605pt x 772.50291pt.
File: 3-privacybook.pdf Graphic file (type pdf)

<use 3-privacybook.pdf, page 234>
Package pdftex.def Info: 3-privacybook.pdf, page234 used on input line 178.
(pdftex.def)             Requested size: 598.0605pt x 772.50291pt.
 [683 <./3-privacybook.pdf>]
<3-privacybook.pdf, id=4317, page=235, 614.57608pt x 793.83575pt>
File: 3-privacybook.pdf Graphic file (type pdf)

<use 3-privacybook.pdf, page 235>
Package pdftex.def Info: 3-privacybook.pdf, page235 used on input line 178.
(pdftex.def)             Requested size: 598.0605pt x 772.50291pt.
File: 3-privacybook.pdf Graphic file (type pdf)
 <use 3-privacybook.pdf, page 235>
Package pdftex.def Info: 3-privacybook.pdf, page235 used on input line 178.
(pdftex.def)             Requested size: 598.0605pt x 772.50291pt.
File: 3-privacybook.pdf Graphic file (type pdf)

<use 3-privacybook.pdf, page 235>
Package pdftex.def Info: 3-privacybook.pdf, page235 used on input line 178.
(pdftex.def)             Requested size: 598.0605pt x 772.50291pt.
 [684 <./3-privacybook.pdf>]
<3-privacybook.pdf, id=4322, page=236, 614.57608pt x 793.83575pt>
File: 3-privacybook.pdf Graphic file (type pdf)

<use 3-privacybook.pdf, page 236>
Package pdftex.def Info: 3-privacybook.pdf, page236 used on input line 178.
(pdftex.def)             Requested size: 598.0605pt x 772.50291pt.
File: 3-privacybook.pdf Graphic file (type pdf)
 <use 3-privacybook.pdf, page 236>
Package pdftex.def Info: 3-privacybook.pdf, page236 used on input line 178.
(pdftex.def)             Requested size: 598.0605pt x 772.50291pt.
File: 3-privacybook.pdf Graphic file (type pdf)

<use 3-privacybook.pdf, page 236>
Package pdftex.def Info: 3-privacybook.pdf, page236 used on input line 178.
(pdftex.def)             Requested size: 598.0605pt x 772.50291pt.
 [685 <./3-privacybook.pdf>]
<3-privacybook.pdf, id=4328, page=237, 614.57608pt x 793.83575pt>
File: 3-privacybook.pdf Graphic file (type pdf)

<use 3-privacybook.pdf, page 237>
Package pdftex.def Info: 3-privacybook.pdf, page237 used on input line 178.
(pdftex.def)             Requested size: 598.0605pt x 772.50291pt.
File: 3-privacybook.pdf Graphic file (type pdf)
 <use 3-privacybook.pdf, page 237>
Package pdftex.def Info: 3-privacybook.pdf, page237 used on input line 178.
(pdftex.def)             Requested size: 598.0605pt x 772.50291pt.
File: 3-privacybook.pdf Graphic file (type pdf)

<use 3-privacybook.pdf, page 237>
Package pdftex.def Info: 3-privacybook.pdf, page237 used on input line 178.
(pdftex.def)             Requested size: 598.0605pt x 772.50291pt.
 [686 <./3-privacybook.pdf>]
<3-privacybook.pdf, id=4333, page=238, 614.57608pt x 793.83575pt>
File: 3-privacybook.pdf Graphic file (type pdf)

<use 3-privacybook.pdf, page 238>
Package pdftex.def Info: 3-privacybook.pdf, page238 used on input line 178.
(pdftex.def)             Requested size: 598.0605pt x 772.50291pt.
File: 3-privacybook.pdf Graphic file (type pdf)
 <use 3-privacybook.pdf, page 238>
Package pdftex.def Info: 3-privacybook.pdf, page238 used on input line 178.
(pdftex.def)             Requested size: 598.0605pt x 772.50291pt.
File: 3-privacybook.pdf Graphic file (type pdf)

<use 3-privacybook.pdf, page 238>
Package pdftex.def Info: 3-privacybook.pdf, page238 used on input line 178.
(pdftex.def)             Requested size: 598.0605pt x 772.50291pt.
 [687 <./3-privacybook.pdf>]
<3-privacybook.pdf, id=4338, page=239, 614.57608pt x 793.83575pt>
File: 3-privacybook.pdf Graphic file (type pdf)

<use 3-privacybook.pdf, page 239>
Package pdftex.def Info: 3-privacybook.pdf, page239 used on input line 178.
(pdftex.def)             Requested size: 598.0605pt x 772.50291pt.
File: 3-privacybook.pdf Graphic file (type pdf)
 <use 3-privacybook.pdf, page 239>
Package pdftex.def Info: 3-privacybook.pdf, page239 used on input line 178.
(pdftex.def)             Requested size: 598.0605pt x 772.50291pt.
File: 3-privacybook.pdf Graphic file (type pdf)

<use 3-privacybook.pdf, page 239>
Package pdftex.def Info: 3-privacybook.pdf, page239 used on input line 178.
(pdftex.def)             Requested size: 598.0605pt x 772.50291pt.
 [688 <./3-privacybook.pdf>]
<3-privacybook.pdf, id=4343, page=240, 614.57608pt x 793.83575pt>
File: 3-privacybook.pdf Graphic file (type pdf)

<use 3-privacybook.pdf, page 240>
Package pdftex.def Info: 3-privacybook.pdf, page240 used on input line 178.
(pdftex.def)             Requested size: 598.0605pt x 772.50291pt.
File: 3-privacybook.pdf Graphic file (type pdf)
 <use 3-privacybook.pdf, page 240>
Package pdftex.def Info: 3-privacybook.pdf, page240 used on input line 178.
(pdftex.def)             Requested size: 598.0605pt x 772.50291pt.
File: 3-privacybook.pdf Graphic file (type pdf)

<use 3-privacybook.pdf, page 240>
Package pdftex.def Info: 3-privacybook.pdf, page240 used on input line 178.
(pdftex.def)             Requested size: 598.0605pt x 772.50291pt.
 [689 <./3-privacybook.pdf>]
<3-privacybook.pdf, id=4348, page=241, 614.57608pt x 793.83575pt>
File: 3-privacybook.pdf Graphic file (type pdf)

<use 3-privacybook.pdf, page 241>
Package pdftex.def Info: 3-privacybook.pdf, page241 used on input line 178.
(pdftex.def)             Requested size: 598.0605pt x 772.50291pt.
File: 3-privacybook.pdf Graphic file (type pdf)
 <use 3-privacybook.pdf, page 241>
Package pdftex.def Info: 3-privacybook.pdf, page241 used on input line 178.
(pdftex.def)             Requested size: 598.0605pt x 772.50291pt.
File: 3-privacybook.pdf Graphic file (type pdf)

<use 3-privacybook.pdf, page 241>
Package pdftex.def Info: 3-privacybook.pdf, page241 used on input line 178.
(pdftex.def)             Requested size: 598.0605pt x 772.50291pt.
 [690 <./3-privacybook.pdf>]
<3-privacybook.pdf, id=4353, page=242, 614.57608pt x 793.83575pt>
File: 3-privacybook.pdf Graphic file (type pdf)

<use 3-privacybook.pdf, page 242>
Package pdftex.def Info: 3-privacybook.pdf, page242 used on input line 178.
(pdftex.def)             Requested size: 598.0605pt x 772.50291pt.
File: 3-privacybook.pdf Graphic file (type pdf)
 <use 3-privacybook.pdf, page 242>
Package pdftex.def Info: 3-privacybook.pdf, page242 used on input line 178.
(pdftex.def)             Requested size: 598.0605pt x 772.50291pt.
File: 3-privacybook.pdf Graphic file (type pdf)

<use 3-privacybook.pdf, page 242>
Package pdftex.def Info: 3-privacybook.pdf, page242 used on input line 178.
(pdftex.def)             Requested size: 598.0605pt x 772.50291pt.
 [691 <./3-privacybook.pdf>]
<3-privacybook.pdf, id=4359, page=243, 614.57608pt x 793.83575pt>
File: 3-privacybook.pdf Graphic file (type pdf)

<use 3-privacybook.pdf, page 243>
Package pdftex.def Info: 3-privacybook.pdf, page243 used on input line 178.
(pdftex.def)             Requested size: 598.0605pt x 772.50291pt.
File: 3-privacybook.pdf Graphic file (type pdf)
 <use 3-privacybook.pdf, page 243>
Package pdftex.def Info: 3-privacybook.pdf, page243 used on input line 178.
(pdftex.def)             Requested size: 598.0605pt x 772.50291pt.
File: 3-privacybook.pdf Graphic file (type pdf)

<use 3-privacybook.pdf, page 243>
Package pdftex.def Info: 3-privacybook.pdf, page243 used on input line 178.
(pdftex.def)             Requested size: 598.0605pt x 772.50291pt.
 [692 <./3-privacybook.pdf>]
<3-privacybook.pdf, id=4364, page=244, 614.57608pt x 793.83575pt>
File: 3-privacybook.pdf Graphic file (type pdf)

<use 3-privacybook.pdf, page 244>
Package pdftex.def Info: 3-privacybook.pdf, page244 used on input line 178.
(pdftex.def)             Requested size: 598.0605pt x 772.50291pt.
File: 3-privacybook.pdf Graphic file (type pdf)
 <use 3-privacybook.pdf, page 244>
Package pdftex.def Info: 3-privacybook.pdf, page244 used on input line 178.
(pdftex.def)             Requested size: 598.0605pt x 772.50291pt.
File: 3-privacybook.pdf Graphic file (type pdf)

<use 3-privacybook.pdf, page 244>
Package pdftex.def Info: 3-privacybook.pdf, page244 used on input line 178.
(pdftex.def)             Requested size: 598.0605pt x 772.50291pt.
 [693 <./3-privacybook.pdf>]
<3-privacybook.pdf, id=4369, page=245, 614.57608pt x 793.83575pt>
File: 3-privacybook.pdf Graphic file (type pdf)

<use 3-privacybook.pdf, page 245>
Package pdftex.def Info: 3-privacybook.pdf, page245 used on input line 178.
(pdftex.def)             Requested size: 598.0605pt x 772.50291pt.
File: 3-privacybook.pdf Graphic file (type pdf)
 <use 3-privacybook.pdf, page 245>
Package pdftex.def Info: 3-privacybook.pdf, page245 used on input line 178.
(pdftex.def)             Requested size: 598.0605pt x 772.50291pt.
File: 3-privacybook.pdf Graphic file (type pdf)

<use 3-privacybook.pdf, page 245>
Package pdftex.def Info: 3-privacybook.pdf, page245 used on input line 178.
(pdftex.def)             Requested size: 598.0605pt x 772.50291pt.
 [694 <./3-privacybook.pdf>]
<3-privacybook.pdf, id=4374, page=246, 614.57608pt x 793.83575pt>
File: 3-privacybook.pdf Graphic file (type pdf)

<use 3-privacybook.pdf, page 246>
Package pdftex.def Info: 3-privacybook.pdf, page246 used on input line 178.
(pdftex.def)             Requested size: 598.0605pt x 772.50291pt.
File: 3-privacybook.pdf Graphic file (type pdf)
 <use 3-privacybook.pdf, page 246>
Package pdftex.def Info: 3-privacybook.pdf, page246 used on input line 178.
(pdftex.def)             Requested size: 598.0605pt x 772.50291pt.
File: 3-privacybook.pdf Graphic file (type pdf)

<use 3-privacybook.pdf, page 246>
Package pdftex.def Info: 3-privacybook.pdf, page246 used on input line 178.
(pdftex.def)             Requested size: 598.0605pt x 772.50291pt.
 [695 <./3-privacybook.pdf>]
<3-privacybook.pdf, id=4379, page=247, 614.57608pt x 793.83575pt>
File: 3-privacybook.pdf Graphic file (type pdf)

<use 3-privacybook.pdf, page 247>
Package pdftex.def Info: 3-privacybook.pdf, page247 used on input line 178.
(pdftex.def)             Requested size: 598.0605pt x 772.50291pt.
File: 3-privacybook.pdf Graphic file (type pdf)
 <use 3-privacybook.pdf, page 247>
Package pdftex.def Info: 3-privacybook.pdf, page247 used on input line 178.
(pdftex.def)             Requested size: 598.0605pt x 772.50291pt.
File: 3-privacybook.pdf Graphic file (type pdf)

<use 3-privacybook.pdf, page 247>
Package pdftex.def Info: 3-privacybook.pdf, page247 used on input line 178.
(pdftex.def)             Requested size: 598.0605pt x 772.50291pt.
 [696 <./3-privacybook.pdf>]
<3-privacybook.pdf, id=4387, page=248, 614.57608pt x 793.83575pt>
File: 3-privacybook.pdf Graphic file (type pdf)

<use 3-privacybook.pdf, page 248>
Package pdftex.def Info: 3-privacybook.pdf, page248 used on input line 178.
(pdftex.def)             Requested size: 598.0605pt x 772.50291pt.
File: 3-privacybook.pdf Graphic file (type pdf)
 <use 3-privacybook.pdf, page 248>
Package pdftex.def Info: 3-privacybook.pdf, page248 used on input line 178.
(pdftex.def)             Requested size: 598.0605pt x 772.50291pt.
File: 3-privacybook.pdf Graphic file (type pdf)

<use 3-privacybook.pdf, page 248>
Package pdftex.def Info: 3-privacybook.pdf, page248 used on input line 178.
(pdftex.def)             Requested size: 598.0605pt x 772.50291pt.
 [697 <./3-privacybook.pdf>]
<3-privacybook.pdf, id=4393, page=249, 614.57608pt x 793.83575pt>
File: 3-privacybook.pdf Graphic file (type pdf)

<use 3-privacybook.pdf, page 249>
Package pdftex.def Info: 3-privacybook.pdf, page249 used on input line 178.
(pdftex.def)             Requested size: 598.0605pt x 772.50291pt.
File: 3-privacybook.pdf Graphic file (type pdf)
 <use 3-privacybook.pdf, page 249>
Package pdftex.def Info: 3-privacybook.pdf, page249 used on input line 178.
(pdftex.def)             Requested size: 598.0605pt x 772.50291pt.
File: 3-privacybook.pdf Graphic file (type pdf)

<use 3-privacybook.pdf, page 249>
Package pdftex.def Info: 3-privacybook.pdf, page249 used on input line 178.
(pdftex.def)             Requested size: 598.0605pt x 772.50291pt.
 [698 <./3-privacybook.pdf>]
<3-privacybook.pdf, id=4398, page=250, 614.57608pt x 793.83575pt>
File: 3-privacybook.pdf Graphic file (type pdf)

<use 3-privacybook.pdf, page 250>
Package pdftex.def Info: 3-privacybook.pdf, page250 used on input line 178.
(pdftex.def)             Requested size: 598.0605pt x 772.50291pt.
File: 3-privacybook.pdf Graphic file (type pdf)
 <use 3-privacybook.pdf, page 250>
Package pdftex.def Info: 3-privacybook.pdf, page250 used on input line 178.
(pdftex.def)             Requested size: 598.0605pt x 772.50291pt.
File: 3-privacybook.pdf Graphic file (type pdf)

<use 3-privacybook.pdf, page 250>
Package pdftex.def Info: 3-privacybook.pdf, page250 used on input line 178.
(pdftex.def)             Requested size: 598.0605pt x 772.50291pt.
 [699 <./3-privacybook.pdf>]
<3-privacybook.pdf, id=4406, page=251, 614.57608pt x 793.83575pt>
File: 3-privacybook.pdf Graphic file (type pdf)

<use 3-privacybook.pdf, page 251>
Package pdftex.def Info: 3-privacybook.pdf, page251 used on input line 178.
(pdftex.def)             Requested size: 598.0605pt x 772.50291pt.
File: 3-privacybook.pdf Graphic file (type pdf)
 <use 3-privacybook.pdf, page 251>
Package pdftex.def Info: 3-privacybook.pdf, page251 used on input line 178.
(pdftex.def)             Requested size: 598.0605pt x 772.50291pt.
File: 3-privacybook.pdf Graphic file (type pdf)

<use 3-privacybook.pdf, page 251>
Package pdftex.def Info: 3-privacybook.pdf, page251 used on input line 178.
(pdftex.def)             Requested size: 598.0605pt x 772.50291pt.
 [700 <./3-privacybook.pdf>]
<3-privacybook.pdf, id=4411, page=252, 614.57608pt x 793.83575pt>
File: 3-privacybook.pdf Graphic file (type pdf)

<use 3-privacybook.pdf, page 252>
Package pdftex.def Info: 3-privacybook.pdf, page252 used on input line 178.
(pdftex.def)             Requested size: 598.0605pt x 772.50291pt.
File: 3-privacybook.pdf Graphic file (type pdf)
 <use 3-privacybook.pdf, page 252>
Package pdftex.def Info: 3-privacybook.pdf, page252 used on input line 178.
(pdftex.def)             Requested size: 598.0605pt x 772.50291pt.
File: 3-privacybook.pdf Graphic file (type pdf)

<use 3-privacybook.pdf, page 252>
Package pdftex.def Info: 3-privacybook.pdf, page252 used on input line 178.
(pdftex.def)             Requested size: 598.0605pt x 772.50291pt.
 [701 <./3-privacybook.pdf>]
<3-privacybook.pdf, id=4417, page=253, 614.57608pt x 793.83575pt>
File: 3-privacybook.pdf Graphic file (type pdf)

<use 3-privacybook.pdf, page 253>
Package pdftex.def Info: 3-privacybook.pdf, page253 used on input line 178.
(pdftex.def)             Requested size: 598.0605pt x 772.50291pt.
File: 3-privacybook.pdf Graphic file (type pdf)
 <use 3-privacybook.pdf, page 253>
Package pdftex.def Info: 3-privacybook.pdf, page253 used on input line 178.
(pdftex.def)             Requested size: 598.0605pt x 772.50291pt.
File: 3-privacybook.pdf Graphic file (type pdf)

<use 3-privacybook.pdf, page 253>
Package pdftex.def Info: 3-privacybook.pdf, page253 used on input line 178.
(pdftex.def)             Requested size: 598.0605pt x 772.50291pt.
 [702 <./3-privacybook.pdf>]
<3-privacybook.pdf, id=4422, page=254, 614.57608pt x 793.83575pt>
File: 3-privacybook.pdf Graphic file (type pdf)

<use 3-privacybook.pdf, page 254>
Package pdftex.def Info: 3-privacybook.pdf, page254 used on input line 178.
(pdftex.def)             Requested size: 598.0605pt x 772.50291pt.
File: 3-privacybook.pdf Graphic file (type pdf)
 <use 3-privacybook.pdf, page 254>
Package pdftex.def Info: 3-privacybook.pdf, page254 used on input line 178.
(pdftex.def)             Requested size: 598.0605pt x 772.50291pt.
File: 3-privacybook.pdf Graphic file (type pdf)

<use 3-privacybook.pdf, page 254>
Package pdftex.def Info: 3-privacybook.pdf, page254 used on input line 178.
(pdftex.def)             Requested size: 598.0605pt x 772.50291pt.
 [703 <./3-privacybook.pdf>]
<3-privacybook.pdf, id=4428, page=255, 614.57608pt x 793.83575pt>
File: 3-privacybook.pdf Graphic file (type pdf)

<use 3-privacybook.pdf, page 255>
Package pdftex.def Info: 3-privacybook.pdf, page255 used on input line 178.
(pdftex.def)             Requested size: 598.0605pt x 772.50291pt.
File: 3-privacybook.pdf Graphic file (type pdf)
 <use 3-privacybook.pdf, page 255>
Package pdftex.def Info: 3-privacybook.pdf, page255 used on input line 178.
(pdftex.def)             Requested size: 598.0605pt x 772.50291pt.
File: 3-privacybook.pdf Graphic file (type pdf)

<use 3-privacybook.pdf, page 255>
Package pdftex.def Info: 3-privacybook.pdf, page255 used on input line 178.
(pdftex.def)             Requested size: 598.0605pt x 772.50291pt.
 [704 <./3-privacybook.pdf>]
<3-privacybook.pdf, id=4433, page=256, 614.57608pt x 793.83575pt>
File: 3-privacybook.pdf Graphic file (type pdf)

<use 3-privacybook.pdf, page 256>
Package pdftex.def Info: 3-privacybook.pdf, page256 used on input line 178.
(pdftex.def)             Requested size: 598.0605pt x 772.50291pt.
File: 3-privacybook.pdf Graphic file (type pdf)
 <use 3-privacybook.pdf, page 256>
Package pdftex.def Info: 3-privacybook.pdf, page256 used on input line 178.
(pdftex.def)             Requested size: 598.0605pt x 772.50291pt.
File: 3-privacybook.pdf Graphic file (type pdf)

<use 3-privacybook.pdf, page 256>
Package pdftex.def Info: 3-privacybook.pdf, page256 used on input line 178.
(pdftex.def)             Requested size: 598.0605pt x 772.50291pt.
 [705 <./3-privacybook.pdf>]
<3-privacybook.pdf, id=4438, page=257, 614.57608pt x 793.83575pt>
File: 3-privacybook.pdf Graphic file (type pdf)

<use 3-privacybook.pdf, page 257>
Package pdftex.def Info: 3-privacybook.pdf, page257 used on input line 178.
(pdftex.def)             Requested size: 598.0605pt x 772.50291pt.
File: 3-privacybook.pdf Graphic file (type pdf)
 <use 3-privacybook.pdf, page 257>
Package pdftex.def Info: 3-privacybook.pdf, page257 used on input line 178.
(pdftex.def)             Requested size: 598.0605pt x 772.50291pt.
File: 3-privacybook.pdf Graphic file (type pdf)

<use 3-privacybook.pdf, page 257>
Package pdftex.def Info: 3-privacybook.pdf, page257 used on input line 178.
(pdftex.def)             Requested size: 598.0605pt x 772.50291pt.
 [706 <./3-privacybook.pdf>]
<3-privacybook.pdf, id=4443, page=258, 614.57608pt x 793.83575pt>
File: 3-privacybook.pdf Graphic file (type pdf)

<use 3-privacybook.pdf, page 258>
Package pdftex.def Info: 3-privacybook.pdf, page258 used on input line 178.
(pdftex.def)             Requested size: 598.0605pt x 772.50291pt.
File: 3-privacybook.pdf Graphic file (type pdf)
 <use 3-privacybook.pdf, page 258>
Package pdftex.def Info: 3-privacybook.pdf, page258 used on input line 178.
(pdftex.def)             Requested size: 598.0605pt x 772.50291pt.
File: 3-privacybook.pdf Graphic file (type pdf)

<use 3-privacybook.pdf, page 258>
Package pdftex.def Info: 3-privacybook.pdf, page258 used on input line 178.
(pdftex.def)             Requested size: 598.0605pt x 772.50291pt.
 [707 <./3-privacybook.pdf>]
<3-privacybook.pdf, id=4448, page=259, 614.57608pt x 793.83575pt>
File: 3-privacybook.pdf Graphic file (type pdf)

<use 3-privacybook.pdf, page 259>
Package pdftex.def Info: 3-privacybook.pdf, page259 used on input line 178.
(pdftex.def)             Requested size: 598.0605pt x 772.50291pt.
File: 3-privacybook.pdf Graphic file (type pdf)
 <use 3-privacybook.pdf, page 259>
Package pdftex.def Info: 3-privacybook.pdf, page259 used on input line 178.
(pdftex.def)             Requested size: 598.0605pt x 772.50291pt.
File: 3-privacybook.pdf Graphic file (type pdf)

<use 3-privacybook.pdf, page 259>
Package pdftex.def Info: 3-privacybook.pdf, page259 used on input line 178.
(pdftex.def)             Requested size: 598.0605pt x 772.50291pt.
 [708 <./3-privacybook.pdf>]
<3-privacybook.pdf, id=4453, page=260, 614.57608pt x 793.83575pt>
File: 3-privacybook.pdf Graphic file (type pdf)

<use 3-privacybook.pdf, page 260>
Package pdftex.def Info: 3-privacybook.pdf, page260 used on input line 178.
(pdftex.def)             Requested size: 598.0605pt x 772.50291pt.
File: 3-privacybook.pdf Graphic file (type pdf)
 <use 3-privacybook.pdf, page 260>
Package pdftex.def Info: 3-privacybook.pdf, page260 used on input line 178.
(pdftex.def)             Requested size: 598.0605pt x 772.50291pt.
File: 3-privacybook.pdf Graphic file (type pdf)

<use 3-privacybook.pdf, page 260>
Package pdftex.def Info: 3-privacybook.pdf, page260 used on input line 178.
(pdftex.def)             Requested size: 598.0605pt x 772.50291pt.
 [709 <./3-privacybook.pdf>]
<3-privacybook.pdf, id=4459, page=261, 614.57608pt x 793.83575pt>
File: 3-privacybook.pdf Graphic file (type pdf)

<use 3-privacybook.pdf, page 261>
Package pdftex.def Info: 3-privacybook.pdf, page261 used on input line 178.
(pdftex.def)             Requested size: 598.0605pt x 772.50291pt.
File: 3-privacybook.pdf Graphic file (type pdf)
 <use 3-privacybook.pdf, page 261>
Package pdftex.def Info: 3-privacybook.pdf, page261 used on input line 178.
(pdftex.def)             Requested size: 598.0605pt x 772.50291pt.
File: 3-privacybook.pdf Graphic file (type pdf)

<use 3-privacybook.pdf, page 261>
Package pdftex.def Info: 3-privacybook.pdf, page261 used on input line 178.
(pdftex.def)             Requested size: 598.0605pt x 772.50291pt.
 [710 <./3-privacybook.pdf>]
<3-privacybook.pdf, id=4464, page=262, 614.57608pt x 793.83575pt>
File: 3-privacybook.pdf Graphic file (type pdf)

<use 3-privacybook.pdf, page 262>
Package pdftex.def Info: 3-privacybook.pdf, page262 used on input line 178.
(pdftex.def)             Requested size: 598.0605pt x 772.50291pt.
File: 3-privacybook.pdf Graphic file (type pdf)
 <use 3-privacybook.pdf, page 262>
Package pdftex.def Info: 3-privacybook.pdf, page262 used on input line 178.
(pdftex.def)             Requested size: 598.0605pt x 772.50291pt.
File: 3-privacybook.pdf Graphic file (type pdf)

<use 3-privacybook.pdf, page 262>
Package pdftex.def Info: 3-privacybook.pdf, page262 used on input line 178.
(pdftex.def)             Requested size: 598.0605pt x 772.50291pt.
 [711 <./3-privacybook.pdf>]
<3-privacybook.pdf, id=4469, page=263, 614.57608pt x 793.83575pt>
File: 3-privacybook.pdf Graphic file (type pdf)

<use 3-privacybook.pdf, page 263>
Package pdftex.def Info: 3-privacybook.pdf, page263 used on input line 178.
(pdftex.def)             Requested size: 598.0605pt x 772.50291pt.
File: 3-privacybook.pdf Graphic file (type pdf)
 <use 3-privacybook.pdf, page 263>
Package pdftex.def Info: 3-privacybook.pdf, page263 used on input line 178.
(pdftex.def)             Requested size: 598.0605pt x 772.50291pt.
File: 3-privacybook.pdf Graphic file (type pdf)

<use 3-privacybook.pdf, page 263>
Package pdftex.def Info: 3-privacybook.pdf, page263 used on input line 178.
(pdftex.def)             Requested size: 598.0605pt x 772.50291pt.
 [712 <./3-privacybook.pdf>]
<3-privacybook.pdf, id=4474, page=264, 614.57608pt x 793.83575pt>
File: 3-privacybook.pdf Graphic file (type pdf)

<use 3-privacybook.pdf, page 264>
Package pdftex.def Info: 3-privacybook.pdf, page264 used on input line 178.
(pdftex.def)             Requested size: 598.0605pt x 772.50291pt.
File: 3-privacybook.pdf Graphic file (type pdf)
 <use 3-privacybook.pdf, page 264>
Package pdftex.def Info: 3-privacybook.pdf, page264 used on input line 178.
(pdftex.def)             Requested size: 598.0605pt x 772.50291pt.
File: 3-privacybook.pdf Graphic file (type pdf)

<use 3-privacybook.pdf, page 264>
Package pdftex.def Info: 3-privacybook.pdf, page264 used on input line 178.
(pdftex.def)             Requested size: 598.0605pt x 772.50291pt.
 [713 <./3-privacybook.pdf>]
<3-privacybook.pdf, id=4479, page=265, 614.57608pt x 793.83575pt>
File: 3-privacybook.pdf Graphic file (type pdf)

<use 3-privacybook.pdf, page 265>
Package pdftex.def Info: 3-privacybook.pdf, page265 used on input line 178.
(pdftex.def)             Requested size: 598.0605pt x 772.50291pt.
File: 3-privacybook.pdf Graphic file (type pdf)
 <use 3-privacybook.pdf, page 265>
Package pdftex.def Info: 3-privacybook.pdf, page265 used on input line 178.
(pdftex.def)             Requested size: 598.0605pt x 772.50291pt.
File: 3-privacybook.pdf Graphic file (type pdf)

<use 3-privacybook.pdf, page 265>
Package pdftex.def Info: 3-privacybook.pdf, page265 used on input line 178.
(pdftex.def)             Requested size: 598.0605pt x 772.50291pt.
 [714 <./3-privacybook.pdf>]
<3-privacybook.pdf, id=4484, page=266, 614.57608pt x 793.83575pt>
File: 3-privacybook.pdf Graphic file (type pdf)

<use 3-privacybook.pdf, page 266>
Package pdftex.def Info: 3-privacybook.pdf, page266 used on input line 178.
(pdftex.def)             Requested size: 598.0605pt x 772.50291pt.
File: 3-privacybook.pdf Graphic file (type pdf)
 <use 3-privacybook.pdf, page 266>
Package pdftex.def Info: 3-privacybook.pdf, page266 used on input line 178.
(pdftex.def)             Requested size: 598.0605pt x 772.50291pt.
File: 3-privacybook.pdf Graphic file (type pdf)

<use 3-privacybook.pdf, page 266>
Package pdftex.def Info: 3-privacybook.pdf, page266 used on input line 178.
(pdftex.def)             Requested size: 598.0605pt x 772.50291pt.
 [715 <./3-privacybook.pdf>]
<3-privacybook.pdf, id=4490, page=267, 614.57608pt x 793.83575pt>
File: 3-privacybook.pdf Graphic file (type pdf)

<use 3-privacybook.pdf, page 267>
Package pdftex.def Info: 3-privacybook.pdf, page267 used on input line 178.
(pdftex.def)             Requested size: 598.0605pt x 772.50291pt.
File: 3-privacybook.pdf Graphic file (type pdf)
 <use 3-privacybook.pdf, page 267>
Package pdftex.def Info: 3-privacybook.pdf, page267 used on input line 178.
(pdftex.def)             Requested size: 598.0605pt x 772.50291pt.
File: 3-privacybook.pdf Graphic file (type pdf)

<use 3-privacybook.pdf, page 267>
Package pdftex.def Info: 3-privacybook.pdf, page267 used on input line 178.
(pdftex.def)             Requested size: 598.0605pt x 772.50291pt.
 [716 <./3-privacybook.pdf>]
<3-privacybook.pdf, id=4495, page=268, 614.57608pt x 793.83575pt>
File: 3-privacybook.pdf Graphic file (type pdf)

<use 3-privacybook.pdf, page 268>
Package pdftex.def Info: 3-privacybook.pdf, page268 used on input line 178.
(pdftex.def)             Requested size: 598.0605pt x 772.50291pt.
File: 3-privacybook.pdf Graphic file (type pdf)
 <use 3-privacybook.pdf, page 268>
Package pdftex.def Info: 3-privacybook.pdf, page268 used on input line 178.
(pdftex.def)             Requested size: 598.0605pt x 772.50291pt.
File: 3-privacybook.pdf Graphic file (type pdf)

<use 3-privacybook.pdf, page 268>
Package pdftex.def Info: 3-privacybook.pdf, page268 used on input line 178.
(pdftex.def)             Requested size: 598.0605pt x 772.50291pt.
 [717 <./3-privacybook.pdf>]
<3-privacybook.pdf, id=4500, page=269, 614.57608pt x 793.83575pt>
File: 3-privacybook.pdf Graphic file (type pdf)

<use 3-privacybook.pdf, page 269>
Package pdftex.def Info: 3-privacybook.pdf, page269 used on input line 178.
(pdftex.def)             Requested size: 598.0605pt x 772.50291pt.
File: 3-privacybook.pdf Graphic file (type pdf)
 <use 3-privacybook.pdf, page 269>
Package pdftex.def Info: 3-privacybook.pdf, page269 used on input line 178.
(pdftex.def)             Requested size: 598.0605pt x 772.50291pt.
File: 3-privacybook.pdf Graphic file (type pdf)

<use 3-privacybook.pdf, page 269>
Package pdftex.def Info: 3-privacybook.pdf, page269 used on input line 178.
(pdftex.def)             Requested size: 598.0605pt x 772.50291pt.
 [718 <./3-privacybook.pdf>]
<3-privacybook.pdf, id=4505, page=270, 614.57608pt x 793.83575pt>
File: 3-privacybook.pdf Graphic file (type pdf)

<use 3-privacybook.pdf, page 270>
Package pdftex.def Info: 3-privacybook.pdf, page270 used on input line 178.
(pdftex.def)             Requested size: 598.0605pt x 772.50291pt.
File: 3-privacybook.pdf Graphic file (type pdf)
 <use 3-privacybook.pdf, page 270>
Package pdftex.def Info: 3-privacybook.pdf, page270 used on input line 178.
(pdftex.def)             Requested size: 598.0605pt x 772.50291pt.
File: 3-privacybook.pdf Graphic file (type pdf)

<use 3-privacybook.pdf, page 270>
Package pdftex.def Info: 3-privacybook.pdf, page270 used on input line 178.
(pdftex.def)             Requested size: 598.0605pt x 772.50291pt.
 [719 <./3-privacybook.pdf>]
<3-privacybook.pdf, id=4510, page=271, 614.57608pt x 793.83575pt>
File: 3-privacybook.pdf Graphic file (type pdf)

<use 3-privacybook.pdf, page 271>
Package pdftex.def Info: 3-privacybook.pdf, page271 used on input line 178.
(pdftex.def)             Requested size: 598.0605pt x 772.50291pt.
File: 3-privacybook.pdf Graphic file (type pdf)
 <use 3-privacybook.pdf, page 271>
Package pdftex.def Info: 3-privacybook.pdf, page271 used on input line 178.
(pdftex.def)             Requested size: 598.0605pt x 772.50291pt.
File: 3-privacybook.pdf Graphic file (type pdf)

<use 3-privacybook.pdf, page 271>
Package pdftex.def Info: 3-privacybook.pdf, page271 used on input line 178.
(pdftex.def)             Requested size: 598.0605pt x 772.50291pt.
 [720 <./3-privacybook.pdf>]
<3-privacybook.pdf, id=4520, page=272, 614.57608pt x 793.83575pt>
File: 3-privacybook.pdf Graphic file (type pdf)

<use 3-privacybook.pdf, page 272>
Package pdftex.def Info: 3-privacybook.pdf, page272 used on input line 178.
(pdftex.def)             Requested size: 598.0605pt x 772.50291pt.
File: 3-privacybook.pdf Graphic file (type pdf)
 <use 3-privacybook.pdf, page 272>
Package pdftex.def Info: 3-privacybook.pdf, page272 used on input line 178.
(pdftex.def)             Requested size: 598.0605pt x 772.50291pt.
File: 3-privacybook.pdf Graphic file (type pdf)

<use 3-privacybook.pdf, page 272>
Package pdftex.def Info: 3-privacybook.pdf, page272 used on input line 178.
(pdftex.def)             Requested size: 598.0605pt x 772.50291pt.
 [721 <./3-privacybook.pdf>]
<3-privacybook.pdf, id=4526, page=273, 614.57608pt x 793.83575pt>
File: 3-privacybook.pdf Graphic file (type pdf)

<use 3-privacybook.pdf, page 273>
Package pdftex.def Info: 3-privacybook.pdf, page273 used on input line 178.
(pdftex.def)             Requested size: 598.0605pt x 772.50291pt.
File: 3-privacybook.pdf Graphic file (type pdf)
 <use 3-privacybook.pdf, page 273>
Package pdftex.def Info: 3-privacybook.pdf, page273 used on input line 178.
(pdftex.def)             Requested size: 598.0605pt x 772.50291pt.
File: 3-privacybook.pdf Graphic file (type pdf)

<use 3-privacybook.pdf, page 273>
Package pdftex.def Info: 3-privacybook.pdf, page273 used on input line 178.
(pdftex.def)             Requested size: 598.0605pt x 772.50291pt.
 [722 <./3-privacybook.pdf>]
<3-privacybook.pdf, id=4531, page=274, 614.57608pt x 793.83575pt>
File: 3-privacybook.pdf Graphic file (type pdf)

<use 3-privacybook.pdf, page 274>
Package pdftex.def Info: 3-privacybook.pdf, page274 used on input line 178.
(pdftex.def)             Requested size: 598.0605pt x 772.50291pt.
File: 3-privacybook.pdf Graphic file (type pdf)
 <use 3-privacybook.pdf, page 274>
Package pdftex.def Info: 3-privacybook.pdf, page274 used on input line 178.
(pdftex.def)             Requested size: 598.0605pt x 772.50291pt.
File: 3-privacybook.pdf Graphic file (type pdf)

<use 3-privacybook.pdf, page 274>
Package pdftex.def Info: 3-privacybook.pdf, page274 used on input line 178.
(pdftex.def)             Requested size: 598.0605pt x 772.50291pt.
 [723 <./3-privacybook.pdf>]
<3-privacybook.pdf, id=4536, page=275, 614.57608pt x 793.83575pt>
File: 3-privacybook.pdf Graphic file (type pdf)

<use 3-privacybook.pdf, page 275>
Package pdftex.def Info: 3-privacybook.pdf, page275 used on input line 178.
(pdftex.def)             Requested size: 598.0605pt x 772.50291pt.
File: 3-privacybook.pdf Graphic file (type pdf)
 <use 3-privacybook.pdf, page 275>
Package pdftex.def Info: 3-privacybook.pdf, page275 used on input line 178.
(pdftex.def)             Requested size: 598.0605pt x 772.50291pt.
File: 3-privacybook.pdf Graphic file (type pdf)

<use 3-privacybook.pdf, page 275>
Package pdftex.def Info: 3-privacybook.pdf, page275 used on input line 178.
(pdftex.def)             Requested size: 598.0605pt x 772.50291pt.
 [724 <./3-privacybook.pdf>]
<3-privacybook.pdf, id=4541, page=276, 614.57608pt x 793.83575pt>
File: 3-privacybook.pdf Graphic file (type pdf)

<use 3-privacybook.pdf, page 276>
Package pdftex.def Info: 3-privacybook.pdf, page276 used on input line 178.
(pdftex.def)             Requested size: 598.0605pt x 772.50291pt.
File: 3-privacybook.pdf Graphic file (type pdf)
 <use 3-privacybook.pdf, page 276>
Package pdftex.def Info: 3-privacybook.pdf, page276 used on input line 178.
(pdftex.def)             Requested size: 598.0605pt x 772.50291pt.
File: 3-privacybook.pdf Graphic file (type pdf)

<use 3-privacybook.pdf, page 276>
Package pdftex.def Info: 3-privacybook.pdf, page276 used on input line 178.
(pdftex.def)             Requested size: 598.0605pt x 772.50291pt.
 [725 <./3-privacybook.pdf>]
<3-privacybook.pdf, id=4546, page=277, 614.57608pt x 793.83575pt>
File: 3-privacybook.pdf Graphic file (type pdf)

<use 3-privacybook.pdf, page 277>
Package pdftex.def Info: 3-privacybook.pdf, page277 used on input line 178.
(pdftex.def)             Requested size: 598.0605pt x 772.50291pt.
File: 3-privacybook.pdf Graphic file (type pdf)
 <use 3-privacybook.pdf, page 277>
Package pdftex.def Info: 3-privacybook.pdf, page277 used on input line 178.
(pdftex.def)             Requested size: 598.0605pt x 772.50291pt.
File: 3-privacybook.pdf Graphic file (type pdf)

<use 3-privacybook.pdf, page 277>
Package pdftex.def Info: 3-privacybook.pdf, page277 used on input line 178.
(pdftex.def)             Requested size: 598.0605pt x 772.50291pt.
 [726 <./3-privacybook.pdf>]
<3-privacybook.pdf, id=4551, page=278, 614.57608pt x 793.83575pt>
File: 3-privacybook.pdf Graphic file (type pdf)

<use 3-privacybook.pdf, page 278>
Package pdftex.def Info: 3-privacybook.pdf, page278 used on input line 178.
(pdftex.def)             Requested size: 598.0605pt x 772.50291pt.
File: 3-privacybook.pdf Graphic file (type pdf)
 <use 3-privacybook.pdf, page 278>
Package pdftex.def Info: 3-privacybook.pdf, page278 used on input line 178.
(pdftex.def)             Requested size: 598.0605pt x 772.50291pt.
File: 3-privacybook.pdf Graphic file (type pdf)

<use 3-privacybook.pdf, page 278>
Package pdftex.def Info: 3-privacybook.pdf, page278 used on input line 178.
(pdftex.def)             Requested size: 598.0605pt x 772.50291pt.
 [727 <./3-privacybook.pdf>]
<3-privacybook.pdf, id=4557, page=279, 614.57608pt x 793.83575pt>
File: 3-privacybook.pdf Graphic file (type pdf)

<use 3-privacybook.pdf, page 279>
Package pdftex.def Info: 3-privacybook.pdf, page279 used on input line 178.
(pdftex.def)             Requested size: 598.0605pt x 772.50291pt.
File: 3-privacybook.pdf Graphic file (type pdf)
 <use 3-privacybook.pdf, page 279>
Package pdftex.def Info: 3-privacybook.pdf, page279 used on input line 178.
(pdftex.def)             Requested size: 598.0605pt x 772.50291pt.
File: 3-privacybook.pdf Graphic file (type pdf)

<use 3-privacybook.pdf, page 279>
Package pdftex.def Info: 3-privacybook.pdf, page279 used on input line 178.
(pdftex.def)             Requested size: 598.0605pt x 772.50291pt.
 [728 <./3-privacybook.pdf>]
<3-privacybook.pdf, id=4562, page=280, 614.57608pt x 793.83575pt>
File: 3-privacybook.pdf Graphic file (type pdf)

<use 3-privacybook.pdf, page 280>
Package pdftex.def Info: 3-privacybook.pdf, page280 used on input line 178.
(pdftex.def)             Requested size: 598.0605pt x 772.50291pt.
File: 3-privacybook.pdf Graphic file (type pdf)
 <use 3-privacybook.pdf, page 280>
Package pdftex.def Info: 3-privacybook.pdf, page280 used on input line 178.
(pdftex.def)             Requested size: 598.0605pt x 772.50291pt.
File: 3-privacybook.pdf Graphic file (type pdf)

<use 3-privacybook.pdf, page 280>
Package pdftex.def Info: 3-privacybook.pdf, page280 used on input line 178.
(pdftex.def)             Requested size: 598.0605pt x 772.50291pt.
 [729 <./3-privacybook.pdf>]
<3-privacybook.pdf, id=4582, page=281, 614.57608pt x 793.83575pt>
File: 3-privacybook.pdf Graphic file (type pdf)

<use 3-privacybook.pdf, page 281>
Package pdftex.def Info: 3-privacybook.pdf, page281 used on input line 178.
(pdftex.def)             Requested size: 598.0605pt x 772.50291pt.
File: 3-privacybook.pdf Graphic file (type pdf)
 <use 3-privacybook.pdf, page 281>
Package pdftex.def Info: 3-privacybook.pdf, page281 used on input line 178.
(pdftex.def)             Requested size: 598.0605pt x 772.50291pt.
File: 3-privacybook.pdf Graphic file (type pdf)

<use 3-privacybook.pdf, page 281>
Package pdftex.def Info: 3-privacybook.pdf, page281 used on input line 178.
(pdftex.def)             Requested size: 598.0605pt x 772.50291pt.
 [730 <./3-privacybook.pdf>]

pdfTeX warning: pdflatex (file ./4-LaneEtAlPrivacyBigDataAndThePublicGood.pdf):
 PDF inclusion: found PDF version <1.6>, but at most version <1.5> allowed

<4-LaneEtAlPrivacyBigDataAndThePublicGood.pdf, id=4587, 611.76553pt x 794.60866
pt>
File: 4-LaneEtAlPrivacyBigDataAndThePublicGood.pdf Graphic file (type pdf)
 <use 4-LaneEtAlPrivacyBigDataAndThePublicGood.pdf>
Package pdftex.def Info: 4-LaneEtAlPrivacyBigDataAndThePublicGood.pdf used on i
nput line 181.
(pdftex.def)             Requested size: 611.76404pt x 794.6067pt.


pdfTeX warning: pdflatex (file ./4-LaneEtAlPrivacyBigDataAndThePublicGood.pdf):
 PDF inclusion: found PDF version <1.6>, but at most version <1.5> allowed
File: 4-LaneEtAlPrivacyBigDataAndThePublicGood.pdf Graphic file (type pdf)
<use 4-LaneEtAlPrivacyBigDataAndThePublicGood.pdf>
Package pdftex.def Info: 4-LaneEtAlPrivacyBigDataAndThePublicGood.pdf used on i
nput line 181.
(pdftex.def)             Requested size: 611.76404pt x 794.6067pt.


pdfTeX warning: pdflatex (file ./4-LaneEtAlPrivacyBigDataAndThePublicGood.pdf):
 PDF inclusion: found PDF version <1.6>, but at most version <1.5> allowed


pdfTeX warning: pdflatex (file ./4-LaneEtAlPrivacyBigDataAndThePublicGood.pdf):
 PDF inclusion: found PDF version <1.6>, but at most version <1.5> allowed

<4-LaneEtAlPrivacyBigDataAndThePublicGood.pdf, id=4590, page=1, 611.76553pt x 7
94.60866pt>
File: 4-LaneEtAlPrivacyBigDataAndThePublicGood.pdf Graphic file (type pdf)
 <use 4-LaneEtAlPrivacyBigDataAndThePublicGood.pdf, page 1>
Package pdftex.def Info: 4-LaneEtAlPrivacyBigDataAndThePublicGood.pdf, page1 us
ed on input line 181.
(pdftex.def)             Requested size: 611.76404pt x 794.6067pt.
File: 4-LaneEtAlPrivacyBigDataAndThePublicGood.pdf Graphic file (type pdf)

<use 4-LaneEtAlPrivacyBigDataAndThePublicGood.pdf, page 1>
Package pdftex.def Info: 4-LaneEtAlPrivacyBigDataAndThePublicGood.pdf, page1 us
ed on input line 181.
(pdftex.def)             Requested size: 598.24727pt x 777.05008pt.
File: 4-LaneEtAlPrivacyBigDataAndThePublicGood.pdf Graphic file (type pdf)

<use 4-LaneEtAlPrivacyBigDataAndThePublicGood.pdf, page 1>
Package pdftex.def Info: 4-LaneEtAlPrivacyBigDataAndThePublicGood.pdf, page1 us
ed on input line 181.
(pdftex.def)             Requested size: 598.24727pt x 777.05008pt.
File: 4-LaneEtAlPrivacyBigDataAndThePublicGood.pdf Graphic file (type pdf)

<use 4-LaneEtAlPrivacyBigDataAndThePublicGood.pdf, page 1>
Package pdftex.def Info: 4-LaneEtAlPrivacyBigDataAndThePublicGood.pdf, page1 us
ed on input line 181.
(pdftex.def)             Requested size: 598.24727pt x 777.05008pt.
File: 4-LaneEtAlPrivacyBigDataAndThePublicGood.pdf Graphic file (type pdf)

<use 4-LaneEtAlPrivacyBigDataAndThePublicGood.pdf, page 1>
Package pdftex.def Info: 4-LaneEtAlPrivacyBigDataAndThePublicGood.pdf, page1 us
ed on input line 181.
(pdftex.def)             Requested size: 598.24727pt x 777.05008pt.
 [731 <./4-LaneEtAlPrivacyBigDataAndThePublicGood.pdf>]

pdfTeX warning: pdflatex (file ./4-LaneEtAlPrivacyBigDataAndThePublicGood.pdf):
 PDF inclusion: found PDF version <1.6>, but at most version <1.5> allowed

<4-LaneEtAlPrivacyBigDataAndThePublicGood.pdf, id=4654, page=2, 613.21094pt x 7
96.05406pt>
File: 4-LaneEtAlPrivacyBigDataAndThePublicGood.pdf Graphic file (type pdf)
 <use 4-LaneEtAlPrivacyBigDataAndThePublicGood.pdf, page 2>
Package pdftex.def Info: 4-LaneEtAlPrivacyBigDataAndThePublicGood.pdf, page2 us
ed on input line 181.
(pdftex.def)             Requested size: 599.66074pt x 778.46355pt.
File: 4-LaneEtAlPrivacyBigDataAndThePublicGood.pdf Graphic file (type pdf)

<use 4-LaneEtAlPrivacyBigDataAndThePublicGood.pdf, page 2>
Package pdftex.def Info: 4-LaneEtAlPrivacyBigDataAndThePublicGood.pdf, page2 us
ed on input line 181.
(pdftex.def)             Requested size: 599.66074pt x 778.46355pt.
File: 4-LaneEtAlPrivacyBigDataAndThePublicGood.pdf Graphic file (type pdf)

<use 4-LaneEtAlPrivacyBigDataAndThePublicGood.pdf, page 2>
Package pdftex.def Info: 4-LaneEtAlPrivacyBigDataAndThePublicGood.pdf, page2 us
ed on input line 181.
(pdftex.def)             Requested size: 599.66074pt x 778.46355pt.
 [732 <./4-LaneEtAlPrivacyBigDataAndThePublicGood.pdf>]

pdfTeX warning: pdflatex (file ./4-LaneEtAlPrivacyBigDataAndThePublicGood.pdf):
 PDF inclusion: found PDF version <1.6>, but at most version <1.5> allowed

<4-LaneEtAlPrivacyBigDataAndThePublicGood.pdf, id=4710, page=3, 612.48827pt x 7
95.33133pt>
File: 4-LaneEtAlPrivacyBigDataAndThePublicGood.pdf Graphic file (type pdf)
 <use 4-LaneEtAlPrivacyBigDataAndThePublicGood.pdf, page 3>
Package pdftex.def Info: 4-LaneEtAlPrivacyBigDataAndThePublicGood.pdf, page3 us
ed on input line 181.
(pdftex.def)             Requested size: 598.95404pt x 777.75679pt.
File: 4-LaneEtAlPrivacyBigDataAndThePublicGood.pdf Graphic file (type pdf)

<use 4-LaneEtAlPrivacyBigDataAndThePublicGood.pdf, page 3>
Package pdftex.def Info: 4-LaneEtAlPrivacyBigDataAndThePublicGood.pdf, page3 us
ed on input line 181.
(pdftex.def)             Requested size: 598.95404pt x 777.75679pt.
File: 4-LaneEtAlPrivacyBigDataAndThePublicGood.pdf Graphic file (type pdf)

<use 4-LaneEtAlPrivacyBigDataAndThePublicGood.pdf, page 3>
Package pdftex.def Info: 4-LaneEtAlPrivacyBigDataAndThePublicGood.pdf, page3 us
ed on input line 181.
(pdftex.def)             Requested size: 598.95404pt x 777.75679pt.
 [733 <./4-LaneEtAlPrivacyBigDataAndThePublicGood.pdf>]

pdfTeX warning: pdflatex (file ./4-LaneEtAlPrivacyBigDataAndThePublicGood.pdf):
 PDF inclusion: found PDF version <1.6>, but at most version <1.5> allowed

<4-LaneEtAlPrivacyBigDataAndThePublicGood.pdf, id=4721, page=4, 611.76553pt x 7
93.88593pt>
File: 4-LaneEtAlPrivacyBigDataAndThePublicGood.pdf Graphic file (type pdf)
 <use 4-LaneEtAlPrivacyBigDataAndThePublicGood.pdf, page 4>
Package pdftex.def Info: 4-LaneEtAlPrivacyBigDataAndThePublicGood.pdf, page4 us
ed on input line 181.
(pdftex.def)             Requested size: 598.24727pt x 776.34332pt.
File: 4-LaneEtAlPrivacyBigDataAndThePublicGood.pdf Graphic file (type pdf)

<use 4-LaneEtAlPrivacyBigDataAndThePublicGood.pdf, page 4>
Package pdftex.def Info: 4-LaneEtAlPrivacyBigDataAndThePublicGood.pdf, page4 us
ed on input line 181.
(pdftex.def)             Requested size: 598.24727pt x 776.34332pt.
File: 4-LaneEtAlPrivacyBigDataAndThePublicGood.pdf Graphic file (type pdf)

<use 4-LaneEtAlPrivacyBigDataAndThePublicGood.pdf, page 4>
Package pdftex.def Info: 4-LaneEtAlPrivacyBigDataAndThePublicGood.pdf, page4 us
ed on input line 181.
(pdftex.def)             Requested size: 598.24727pt x 776.34332pt.
 [734 <./4-LaneEtAlPrivacyBigDataAndThePublicGood.pdf>]

pdfTeX warning: pdflatex (file ./4-LaneEtAlPrivacyBigDataAndThePublicGood.pdf):
 PDF inclusion: found PDF version <1.6>, but at most version <1.5> allowed

<4-LaneEtAlPrivacyBigDataAndThePublicGood.pdf, id=4743, page=5, 611.76553pt x 7
94.97pt>
File: 4-LaneEtAlPrivacyBigDataAndThePublicGood.pdf Graphic file (type pdf)
 <use 4-LaneEtAlPrivacyBigDataAndThePublicGood.pdf, page 5>
Package pdftex.def Info: 4-LaneEtAlPrivacyBigDataAndThePublicGood.pdf, page5 us
ed on input line 181.
(pdftex.def)             Requested size: 598.24727pt x 777.40346pt.
File: 4-LaneEtAlPrivacyBigDataAndThePublicGood.pdf Graphic file (type pdf)

<use 4-LaneEtAlPrivacyBigDataAndThePublicGood.pdf, page 5>
Package pdftex.def Info: 4-LaneEtAlPrivacyBigDataAndThePublicGood.pdf, page5 us
ed on input line 181.
(pdftex.def)             Requested size: 598.24727pt x 777.40346pt.
File: 4-LaneEtAlPrivacyBigDataAndThePublicGood.pdf Graphic file (type pdf)

<use 4-LaneEtAlPrivacyBigDataAndThePublicGood.pdf, page 5>
Package pdftex.def Info: 4-LaneEtAlPrivacyBigDataAndThePublicGood.pdf, page5 us
ed on input line 181.
(pdftex.def)             Requested size: 598.24727pt x 777.40346pt.
 [735 <./4-LaneEtAlPrivacyBigDataAndThePublicGood.pdf>]

pdfTeX warning: pdflatex (file ./4-LaneEtAlPrivacyBigDataAndThePublicGood.pdf):
 PDF inclusion: found PDF version <1.6>, but at most version <1.5> allowed

<4-LaneEtAlPrivacyBigDataAndThePublicGood.pdf, id=4761, page=6, 612.8496pt x 79
4.97pt>
File: 4-LaneEtAlPrivacyBigDataAndThePublicGood.pdf Graphic file (type pdf)
 <use 4-LaneEtAlPrivacyBigDataAndThePublicGood.pdf, page 6>
Package pdftex.def Info: 4-LaneEtAlPrivacyBigDataAndThePublicGood.pdf, page6 us
ed on input line 181.
(pdftex.def)             Requested size: 599.30736pt x 777.40346pt.
File: 4-LaneEtAlPrivacyBigDataAndThePublicGood.pdf Graphic file (type pdf)

<use 4-LaneEtAlPrivacyBigDataAndThePublicGood.pdf, page 6>
Package pdftex.def Info: 4-LaneEtAlPrivacyBigDataAndThePublicGood.pdf, page6 us
ed on input line 181.
(pdftex.def)             Requested size: 599.30736pt x 777.40346pt.
File: 4-LaneEtAlPrivacyBigDataAndThePublicGood.pdf Graphic file (type pdf)

<use 4-LaneEtAlPrivacyBigDataAndThePublicGood.pdf, page 6>
Package pdftex.def Info: 4-LaneEtAlPrivacyBigDataAndThePublicGood.pdf, page6 us
ed on input line 181.
(pdftex.def)             Requested size: 599.30736pt x 777.40346pt.
 [736 <./4-LaneEtAlPrivacyBigDataAndThePublicGood.pdf>]

pdfTeX warning: pdflatex (file ./4-LaneEtAlPrivacyBigDataAndThePublicGood.pdf):
 PDF inclusion: found PDF version <1.6>, but at most version <1.5> allowed

<4-LaneEtAlPrivacyBigDataAndThePublicGood.pdf, id=4769, page=7, 612.12692pt x 7
93.88593pt>
File: 4-LaneEtAlPrivacyBigDataAndThePublicGood.pdf Graphic file (type pdf)
 <use 4-LaneEtAlPrivacyBigDataAndThePublicGood.pdf, page 7>
Package pdftex.def Info: 4-LaneEtAlPrivacyBigDataAndThePublicGood.pdf, page7 us
ed on input line 181.
(pdftex.def)             Requested size: 598.60066pt x 776.34332pt.
File: 4-LaneEtAlPrivacyBigDataAndThePublicGood.pdf Graphic file (type pdf)

<use 4-LaneEtAlPrivacyBigDataAndThePublicGood.pdf, page 7>
Package pdftex.def Info: 4-LaneEtAlPrivacyBigDataAndThePublicGood.pdf, page7 us
ed on input line 181.
(pdftex.def)             Requested size: 598.60066pt x 776.34332pt.
File: 4-LaneEtAlPrivacyBigDataAndThePublicGood.pdf Graphic file (type pdf)

<use 4-LaneEtAlPrivacyBigDataAndThePublicGood.pdf, page 7>
Package pdftex.def Info: 4-LaneEtAlPrivacyBigDataAndThePublicGood.pdf, page7 us
ed on input line 181.
(pdftex.def)             Requested size: 598.60066pt x 776.34332pt.
 [737 <./4-LaneEtAlPrivacyBigDataAndThePublicGood.pdf>]

pdfTeX warning: pdflatex (file ./4-LaneEtAlPrivacyBigDataAndThePublicGood.pdf):
 PDF inclusion: found PDF version <1.6>, but at most version <1.5> allowed

<4-LaneEtAlPrivacyBigDataAndThePublicGood.pdf, id=4797, page=8, 611.04286pt x 7
94.24733pt>
File: 4-LaneEtAlPrivacyBigDataAndThePublicGood.pdf Graphic file (type pdf)
 <use 4-LaneEtAlPrivacyBigDataAndThePublicGood.pdf, page 8>
Package pdftex.def Info: 4-LaneEtAlPrivacyBigDataAndThePublicGood.pdf, page8 us
ed on input line 181.
(pdftex.def)             Requested size: 597.54057pt x 776.69675pt.
File: 4-LaneEtAlPrivacyBigDataAndThePublicGood.pdf Graphic file (type pdf)

<use 4-LaneEtAlPrivacyBigDataAndThePublicGood.pdf, page 8>
Package pdftex.def Info: 4-LaneEtAlPrivacyBigDataAndThePublicGood.pdf, page8 us
ed on input line 181.
(pdftex.def)             Requested size: 597.54057pt x 776.69675pt.
File: 4-LaneEtAlPrivacyBigDataAndThePublicGood.pdf Graphic file (type pdf)

<use 4-LaneEtAlPrivacyBigDataAndThePublicGood.pdf, page 8>
Package pdftex.def Info: 4-LaneEtAlPrivacyBigDataAndThePublicGood.pdf, page8 us
ed on input line 181.
(pdftex.def)             Requested size: 597.54057pt x 776.69675pt.
 [738 <./4-LaneEtAlPrivacyBigDataAndThePublicGood.pdf>]

pdfTeX warning: pdflatex (file ./4-LaneEtAlPrivacyBigDataAndThePublicGood.pdf):
 PDF inclusion: found PDF version <1.6>, but at most version <1.5> allowed

<4-LaneEtAlPrivacyBigDataAndThePublicGood.pdf, id=4804, page=9, 612.8496pt x 79
5.69267pt>
File: 4-LaneEtAlPrivacyBigDataAndThePublicGood.pdf Graphic file (type pdf)
 <use 4-LaneEtAlPrivacyBigDataAndThePublicGood.pdf, page 9>
Package pdftex.def Info: 4-LaneEtAlPrivacyBigDataAndThePublicGood.pdf, page9 us
ed on input line 181.
(pdftex.def)             Requested size: 599.30736pt x 778.11015pt.
File: 4-LaneEtAlPrivacyBigDataAndThePublicGood.pdf Graphic file (type pdf)

<use 4-LaneEtAlPrivacyBigDataAndThePublicGood.pdf, page 9>
Package pdftex.def Info: 4-LaneEtAlPrivacyBigDataAndThePublicGood.pdf, page9 us
ed on input line 181.
(pdftex.def)             Requested size: 599.30736pt x 778.11015pt.
File: 4-LaneEtAlPrivacyBigDataAndThePublicGood.pdf Graphic file (type pdf)

<use 4-LaneEtAlPrivacyBigDataAndThePublicGood.pdf, page 9>
Package pdftex.def Info: 4-LaneEtAlPrivacyBigDataAndThePublicGood.pdf, page9 us
ed on input line 181.
(pdftex.def)             Requested size: 599.30736pt x 778.11015pt.
 [739 <./4-LaneEtAlPrivacyBigDataAndThePublicGood.pdf>]

pdfTeX warning: pdflatex (file ./4-LaneEtAlPrivacyBigDataAndThePublicGood.pdf):
 PDF inclusion: found PDF version <1.6>, but at most version <1.5> allowed

<4-LaneEtAlPrivacyBigDataAndThePublicGood.pdf, id=4812, page=10, 612.12692pt x 
795.69267pt>
File: 4-LaneEtAlPrivacyBigDataAndThePublicGood.pdf Graphic file (type pdf)
 <use 4-LaneEtAlPrivacyBigDataAndThePublicGood.pdf, page 10>
Package pdftex.def Info: 4-LaneEtAlPrivacyBigDataAndThePublicGood.pdf, page10 u
sed on input line 181.
(pdftex.def)             Requested size: 598.60066pt x 778.11015pt.
File: 4-LaneEtAlPrivacyBigDataAndThePublicGood.pdf Graphic file (type pdf)

<use 4-LaneEtAlPrivacyBigDataAndThePublicGood.pdf, page 10>
Package pdftex.def Info: 4-LaneEtAlPrivacyBigDataAndThePublicGood.pdf, page10 u
sed on input line 181.
(pdftex.def)             Requested size: 598.60066pt x 778.11015pt.
File: 4-LaneEtAlPrivacyBigDataAndThePublicGood.pdf Graphic file (type pdf)

<use 4-LaneEtAlPrivacyBigDataAndThePublicGood.pdf, page 10>
Package pdftex.def Info: 4-LaneEtAlPrivacyBigDataAndThePublicGood.pdf, page10 u
sed on input line 181.
(pdftex.def)             Requested size: 598.60066pt x 778.11015pt.
 [740 <./4-LaneEtAlPrivacyBigDataAndThePublicGood.pdf>]

pdfTeX warning: pdflatex (file ./4-LaneEtAlPrivacyBigDataAndThePublicGood.pdf):
 PDF inclusion: found PDF version <1.6>, but at most version <1.5> allowed

<4-LaneEtAlPrivacyBigDataAndThePublicGood.pdf, id=4818, page=11, 613.21094pt x 
794.97pt>
File: 4-LaneEtAlPrivacyBigDataAndThePublicGood.pdf Graphic file (type pdf)
 <use 4-LaneEtAlPrivacyBigDataAndThePublicGood.pdf, page 11>
Package pdftex.def Info: 4-LaneEtAlPrivacyBigDataAndThePublicGood.pdf, page11 u
sed on input line 181.
(pdftex.def)             Requested size: 599.66074pt x 777.40346pt.
File: 4-LaneEtAlPrivacyBigDataAndThePublicGood.pdf Graphic file (type pdf)

<use 4-LaneEtAlPrivacyBigDataAndThePublicGood.pdf, page 11>
Package pdftex.def Info: 4-LaneEtAlPrivacyBigDataAndThePublicGood.pdf, page11 u
sed on input line 181.
(pdftex.def)             Requested size: 599.66074pt x 777.40346pt.
File: 4-LaneEtAlPrivacyBigDataAndThePublicGood.pdf Graphic file (type pdf)

<use 4-LaneEtAlPrivacyBigDataAndThePublicGood.pdf, page 11>
Package pdftex.def Info: 4-LaneEtAlPrivacyBigDataAndThePublicGood.pdf, page11 u
sed on input line 181.
(pdftex.def)             Requested size: 599.66074pt x 777.40346pt.
 [741 <./4-LaneEtAlPrivacyBigDataAndThePublicGood.pdf>]

pdfTeX warning: pdflatex (file ./4-LaneEtAlPrivacyBigDataAndThePublicGood.pdf):
 PDF inclusion: found PDF version <1.6>, but at most version <1.5> allowed

<4-LaneEtAlPrivacyBigDataAndThePublicGood.pdf, id=4825, page=12, 611.76553pt x 
794.60866pt>
File: 4-LaneEtAlPrivacyBigDataAndThePublicGood.pdf Graphic file (type pdf)
 <use 4-LaneEtAlPrivacyBigDataAndThePublicGood.pdf, page 12>
Package pdftex.def Info: 4-LaneEtAlPrivacyBigDataAndThePublicGood.pdf, page12 u
sed on input line 181.
(pdftex.def)             Requested size: 598.24727pt x 777.05008pt.
File: 4-LaneEtAlPrivacyBigDataAndThePublicGood.pdf Graphic file (type pdf)

<use 4-LaneEtAlPrivacyBigDataAndThePublicGood.pdf, page 12>
Package pdftex.def Info: 4-LaneEtAlPrivacyBigDataAndThePublicGood.pdf, page12 u
sed on input line 181.
(pdftex.def)             Requested size: 598.24727pt x 777.05008pt.
File: 4-LaneEtAlPrivacyBigDataAndThePublicGood.pdf Graphic file (type pdf)

<use 4-LaneEtAlPrivacyBigDataAndThePublicGood.pdf, page 12>
Package pdftex.def Info: 4-LaneEtAlPrivacyBigDataAndThePublicGood.pdf, page12 u
sed on input line 181.
(pdftex.def)             Requested size: 598.24727pt x 777.05008pt.
 [742 <./4-LaneEtAlPrivacyBigDataAndThePublicGood.pdf>]

pdfTeX warning: pdflatex (file ./4-LaneEtAlPrivacyBigDataAndThePublicGood.pdf):
 PDF inclusion: found PDF version <1.6>, but at most version <1.5> allowed

<4-LaneEtAlPrivacyBigDataAndThePublicGood.pdf, id=4888, page=13, 612.8496pt x 7
94.97pt>
File: 4-LaneEtAlPrivacyBigDataAndThePublicGood.pdf Graphic file (type pdf)
 <use 4-LaneEtAlPrivacyBigDataAndThePublicGood.pdf, page 13>
Package pdftex.def Info: 4-LaneEtAlPrivacyBigDataAndThePublicGood.pdf, page13 u
sed on input line 181.
(pdftex.def)             Requested size: 599.30736pt x 777.40346pt.
File: 4-LaneEtAlPrivacyBigDataAndThePublicGood.pdf Graphic file (type pdf)

<use 4-LaneEtAlPrivacyBigDataAndThePublicGood.pdf, page 13>
Package pdftex.def Info: 4-LaneEtAlPrivacyBigDataAndThePublicGood.pdf, page13 u
sed on input line 181.
(pdftex.def)             Requested size: 599.30736pt x 777.40346pt.
File: 4-LaneEtAlPrivacyBigDataAndThePublicGood.pdf Graphic file (type pdf)

<use 4-LaneEtAlPrivacyBigDataAndThePublicGood.pdf, page 13>
Package pdftex.def Info: 4-LaneEtAlPrivacyBigDataAndThePublicGood.pdf, page13 u
sed on input line 181.
(pdftex.def)             Requested size: 599.30736pt x 777.40346pt.
 [743 <./4-LaneEtAlPrivacyBigDataAndThePublicGood.pdf>]

pdfTeX warning: pdflatex (file ./4-LaneEtAlPrivacyBigDataAndThePublicGood.pdf):
 PDF inclusion: found PDF version <1.6>, but at most version <1.5> allowed

<4-LaneEtAlPrivacyBigDataAndThePublicGood.pdf, id=4911, page=14, 612.8496pt x 7
95.33133pt>
File: 4-LaneEtAlPrivacyBigDataAndThePublicGood.pdf Graphic file (type pdf)
 <use 4-LaneEtAlPrivacyBigDataAndThePublicGood.pdf, page 14>
Package pdftex.def Info: 4-LaneEtAlPrivacyBigDataAndThePublicGood.pdf, page14 u
sed on input line 181.
(pdftex.def)             Requested size: 599.30736pt x 777.75679pt.
File: 4-LaneEtAlPrivacyBigDataAndThePublicGood.pdf Graphic file (type pdf)

<use 4-LaneEtAlPrivacyBigDataAndThePublicGood.pdf, page 14>
Package pdftex.def Info: 4-LaneEtAlPrivacyBigDataAndThePublicGood.pdf, page14 u
sed on input line 181.
(pdftex.def)             Requested size: 599.30736pt x 777.75679pt.
File: 4-LaneEtAlPrivacyBigDataAndThePublicGood.pdf Graphic file (type pdf)

<use 4-LaneEtAlPrivacyBigDataAndThePublicGood.pdf, page 14>
Package pdftex.def Info: 4-LaneEtAlPrivacyBigDataAndThePublicGood.pdf, page14 u
sed on input line 181.
(pdftex.def)             Requested size: 599.30736pt x 777.75679pt.
 [744 <./4-LaneEtAlPrivacyBigDataAndThePublicGood.pdf>]

pdfTeX warning: pdflatex (file ./4-LaneEtAlPrivacyBigDataAndThePublicGood.pdf):
 PDF inclusion: found PDF version <1.6>, but at most version <1.5> allowed

<4-LaneEtAlPrivacyBigDataAndThePublicGood.pdf, id=4918, page=15, 612.12692pt x 
795.69267pt>
File: 4-LaneEtAlPrivacyBigDataAndThePublicGood.pdf Graphic file (type pdf)
 <use 4-LaneEtAlPrivacyBigDataAndThePublicGood.pdf, page 15>
Package pdftex.def Info: 4-LaneEtAlPrivacyBigDataAndThePublicGood.pdf, page15 u
sed on input line 181.
(pdftex.def)             Requested size: 598.60066pt x 778.11015pt.
File: 4-LaneEtAlPrivacyBigDataAndThePublicGood.pdf Graphic file (type pdf)

<use 4-LaneEtAlPrivacyBigDataAndThePublicGood.pdf, page 15>
Package pdftex.def Info: 4-LaneEtAlPrivacyBigDataAndThePublicGood.pdf, page15 u
sed on input line 181.
(pdftex.def)             Requested size: 598.60066pt x 778.11015pt.
File: 4-LaneEtAlPrivacyBigDataAndThePublicGood.pdf Graphic file (type pdf)

<use 4-LaneEtAlPrivacyBigDataAndThePublicGood.pdf, page 15>
Package pdftex.def Info: 4-LaneEtAlPrivacyBigDataAndThePublicGood.pdf, page15 u
sed on input line 181.
(pdftex.def)             Requested size: 598.60066pt x 778.11015pt.
 [745 <./4-LaneEtAlPrivacyBigDataAndThePublicGood.pdf>]

pdfTeX warning: pdflatex (file ./4-LaneEtAlPrivacyBigDataAndThePublicGood.pdf):
 PDF inclusion: found PDF version <1.6>, but at most version <1.5> allowed

<4-LaneEtAlPrivacyBigDataAndThePublicGood.pdf, id=4936, page=16, 611.76553pt x 
794.97pt>
File: 4-LaneEtAlPrivacyBigDataAndThePublicGood.pdf Graphic file (type pdf)
 <use 4-LaneEtAlPrivacyBigDataAndThePublicGood.pdf, page 16>
Package pdftex.def Info: 4-LaneEtAlPrivacyBigDataAndThePublicGood.pdf, page16 u
sed on input line 181.
(pdftex.def)             Requested size: 598.24727pt x 777.40346pt.
File: 4-LaneEtAlPrivacyBigDataAndThePublicGood.pdf Graphic file (type pdf)

<use 4-LaneEtAlPrivacyBigDataAndThePublicGood.pdf, page 16>
Package pdftex.def Info: 4-LaneEtAlPrivacyBigDataAndThePublicGood.pdf, page16 u
sed on input line 181.
(pdftex.def)             Requested size: 598.24727pt x 777.40346pt.
File: 4-LaneEtAlPrivacyBigDataAndThePublicGood.pdf Graphic file (type pdf)

<use 4-LaneEtAlPrivacyBigDataAndThePublicGood.pdf, page 16>
Package pdftex.def Info: 4-LaneEtAlPrivacyBigDataAndThePublicGood.pdf, page16 u
sed on input line 181.
(pdftex.def)             Requested size: 598.24727pt x 777.40346pt.
 [746 <./4-LaneEtAlPrivacyBigDataAndThePublicGood.pdf>]

pdfTeX warning: pdflatex (file ./4-LaneEtAlPrivacyBigDataAndThePublicGood.pdf):
 PDF inclusion: found PDF version <1.6>, but at most version <1.5> allowed

<4-LaneEtAlPrivacyBigDataAndThePublicGood.pdf, id=4962, page=17, 612.12692pt x 
795.69267pt>
File: 4-LaneEtAlPrivacyBigDataAndThePublicGood.pdf Graphic file (type pdf)
 <use 4-LaneEtAlPrivacyBigDataAndThePublicGood.pdf, page 17>
Package pdftex.def Info: 4-LaneEtAlPrivacyBigDataAndThePublicGood.pdf, page17 u
sed on input line 181.
(pdftex.def)             Requested size: 598.60066pt x 778.11015pt.
File: 4-LaneEtAlPrivacyBigDataAndThePublicGood.pdf Graphic file (type pdf)

<use 4-LaneEtAlPrivacyBigDataAndThePublicGood.pdf, page 17>
Package pdftex.def Info: 4-LaneEtAlPrivacyBigDataAndThePublicGood.pdf, page17 u
sed on input line 181.
(pdftex.def)             Requested size: 598.60066pt x 778.11015pt.
File: 4-LaneEtAlPrivacyBigDataAndThePublicGood.pdf Graphic file (type pdf)

<use 4-LaneEtAlPrivacyBigDataAndThePublicGood.pdf, page 17>
Package pdftex.def Info: 4-LaneEtAlPrivacyBigDataAndThePublicGood.pdf, page17 u
sed on input line 181.
(pdftex.def)             Requested size: 598.60066pt x 778.11015pt.
 [747 <./4-LaneEtAlPrivacyBigDataAndThePublicGood.pdf>]

pdfTeX warning: pdflatex (file ./4-LaneEtAlPrivacyBigDataAndThePublicGood.pdf):
 PDF inclusion: found PDF version <1.6>, but at most version <1.5> allowed

<4-LaneEtAlPrivacyBigDataAndThePublicGood.pdf, id=4982, page=18, 612.12692pt x 
794.24733pt>
File: 4-LaneEtAlPrivacyBigDataAndThePublicGood.pdf Graphic file (type pdf)
 <use 4-LaneEtAlPrivacyBigDataAndThePublicGood.pdf, page 18>
Package pdftex.def Info: 4-LaneEtAlPrivacyBigDataAndThePublicGood.pdf, page18 u
sed on input line 181.
(pdftex.def)             Requested size: 598.60066pt x 776.69675pt.
File: 4-LaneEtAlPrivacyBigDataAndThePublicGood.pdf Graphic file (type pdf)

<use 4-LaneEtAlPrivacyBigDataAndThePublicGood.pdf, page 18>
Package pdftex.def Info: 4-LaneEtAlPrivacyBigDataAndThePublicGood.pdf, page18 u
sed on input line 181.
(pdftex.def)             Requested size: 598.60066pt x 776.69675pt.
File: 4-LaneEtAlPrivacyBigDataAndThePublicGood.pdf Graphic file (type pdf)

<use 4-LaneEtAlPrivacyBigDataAndThePublicGood.pdf, page 18>
Package pdftex.def Info: 4-LaneEtAlPrivacyBigDataAndThePublicGood.pdf, page18 u
sed on input line 181.
(pdftex.def)             Requested size: 598.60066pt x 776.69675pt.
 [748 <./4-LaneEtAlPrivacyBigDataAndThePublicGood.pdf>]

pdfTeX warning: pdflatex (file ./4-LaneEtAlPrivacyBigDataAndThePublicGood.pdf):
 PDF inclusion: found PDF version <1.6>, but at most version <1.5> allowed

<4-LaneEtAlPrivacyBigDataAndThePublicGood.pdf, id=4988, page=19, 611.76553pt x 
794.24733pt>
File: 4-LaneEtAlPrivacyBigDataAndThePublicGood.pdf Graphic file (type pdf)
 <use 4-LaneEtAlPrivacyBigDataAndThePublicGood.pdf, page 19>
Package pdftex.def Info: 4-LaneEtAlPrivacyBigDataAndThePublicGood.pdf, page19 u
sed on input line 181.
(pdftex.def)             Requested size: 598.24727pt x 776.69675pt.
File: 4-LaneEtAlPrivacyBigDataAndThePublicGood.pdf Graphic file (type pdf)

<use 4-LaneEtAlPrivacyBigDataAndThePublicGood.pdf, page 19>
Package pdftex.def Info: 4-LaneEtAlPrivacyBigDataAndThePublicGood.pdf, page19 u
sed on input line 181.
(pdftex.def)             Requested size: 598.24727pt x 776.69675pt.
File: 4-LaneEtAlPrivacyBigDataAndThePublicGood.pdf Graphic file (type pdf)

<use 4-LaneEtAlPrivacyBigDataAndThePublicGood.pdf, page 19>
Package pdftex.def Info: 4-LaneEtAlPrivacyBigDataAndThePublicGood.pdf, page19 u
sed on input line 181.
(pdftex.def)             Requested size: 598.24727pt x 776.69675pt.
 [749 <./4-LaneEtAlPrivacyBigDataAndThePublicGood.pdf>]

pdfTeX warning: pdflatex (file ./4-LaneEtAlPrivacyBigDataAndThePublicGood.pdf):
 PDF inclusion: found PDF version <1.6>, but at most version <1.5> allowed

<4-LaneEtAlPrivacyBigDataAndThePublicGood.pdf, id=5000, page=20, 611.76553pt x 
793.88593pt>
File: 4-LaneEtAlPrivacyBigDataAndThePublicGood.pdf Graphic file (type pdf)
 <use 4-LaneEtAlPrivacyBigDataAndThePublicGood.pdf, page 20>
Package pdftex.def Info: 4-LaneEtAlPrivacyBigDataAndThePublicGood.pdf, page20 u
sed on input line 181.
(pdftex.def)             Requested size: 598.24727pt x 776.34332pt.
File: 4-LaneEtAlPrivacyBigDataAndThePublicGood.pdf Graphic file (type pdf)

<use 4-LaneEtAlPrivacyBigDataAndThePublicGood.pdf, page 20>
Package pdftex.def Info: 4-LaneEtAlPrivacyBigDataAndThePublicGood.pdf, page20 u
sed on input line 181.
(pdftex.def)             Requested size: 598.24727pt x 776.34332pt.
File: 4-LaneEtAlPrivacyBigDataAndThePublicGood.pdf Graphic file (type pdf)

<use 4-LaneEtAlPrivacyBigDataAndThePublicGood.pdf, page 20>
Package pdftex.def Info: 4-LaneEtAlPrivacyBigDataAndThePublicGood.pdf, page20 u
sed on input line 181.
(pdftex.def)             Requested size: 598.24727pt x 776.34332pt.
 [750 <./4-LaneEtAlPrivacyBigDataAndThePublicGood.pdf>]

pdfTeX warning: pdflatex (file ./4-LaneEtAlPrivacyBigDataAndThePublicGood.pdf):
 PDF inclusion: found PDF version <1.6>, but at most version <1.5> allowed

<4-LaneEtAlPrivacyBigDataAndThePublicGood.pdf, id=5021, page=21, 613.21094pt x 
794.60866pt>
File: 4-LaneEtAlPrivacyBigDataAndThePublicGood.pdf Graphic file (type pdf)
 <use 4-LaneEtAlPrivacyBigDataAndThePublicGood.pdf, page 21>
Package pdftex.def Info: 4-LaneEtAlPrivacyBigDataAndThePublicGood.pdf, page21 u
sed on input line 181.
(pdftex.def)             Requested size: 599.66074pt x 777.05008pt.
File: 4-LaneEtAlPrivacyBigDataAndThePublicGood.pdf Graphic file (type pdf)

<use 4-LaneEtAlPrivacyBigDataAndThePublicGood.pdf, page 21>
Package pdftex.def Info: 4-LaneEtAlPrivacyBigDataAndThePublicGood.pdf, page21 u
sed on input line 181.
(pdftex.def)             Requested size: 599.66074pt x 777.05008pt.
File: 4-LaneEtAlPrivacyBigDataAndThePublicGood.pdf Graphic file (type pdf)

<use 4-LaneEtAlPrivacyBigDataAndThePublicGood.pdf, page 21>
Package pdftex.def Info: 4-LaneEtAlPrivacyBigDataAndThePublicGood.pdf, page21 u
sed on input line 181.
(pdftex.def)             Requested size: 599.66074pt x 777.05008pt.
 [751 <./4-LaneEtAlPrivacyBigDataAndThePublicGood.pdf>]

pdfTeX warning: pdflatex (file ./4-LaneEtAlPrivacyBigDataAndThePublicGood.pdf):
 PDF inclusion: found PDF version <1.6>, but at most version <1.5> allowed

<4-LaneEtAlPrivacyBigDataAndThePublicGood.pdf, id=5035, page=22, 612.48827pt x 
794.24733pt>
File: 4-LaneEtAlPrivacyBigDataAndThePublicGood.pdf Graphic file (type pdf)
 <use 4-LaneEtAlPrivacyBigDataAndThePublicGood.pdf, page 22>
Package pdftex.def Info: 4-LaneEtAlPrivacyBigDataAndThePublicGood.pdf, page22 u
sed on input line 181.
(pdftex.def)             Requested size: 598.95404pt x 776.69675pt.
File: 4-LaneEtAlPrivacyBigDataAndThePublicGood.pdf Graphic file (type pdf)

<use 4-LaneEtAlPrivacyBigDataAndThePublicGood.pdf, page 22>
Package pdftex.def Info: 4-LaneEtAlPrivacyBigDataAndThePublicGood.pdf, page22 u
sed on input line 181.
(pdftex.def)             Requested size: 598.95404pt x 776.69675pt.
File: 4-LaneEtAlPrivacyBigDataAndThePublicGood.pdf Graphic file (type pdf)

<use 4-LaneEtAlPrivacyBigDataAndThePublicGood.pdf, page 22>
Package pdftex.def Info: 4-LaneEtAlPrivacyBigDataAndThePublicGood.pdf, page22 u
sed on input line 181.
(pdftex.def)             Requested size: 598.95404pt x 776.69675pt.
 [752 <./4-LaneEtAlPrivacyBigDataAndThePublicGood.pdf>]

pdfTeX warning: pdflatex (file ./4-LaneEtAlPrivacyBigDataAndThePublicGood.pdf):
 PDF inclusion: found PDF version <1.6>, but at most version <1.5> allowed

<4-LaneEtAlPrivacyBigDataAndThePublicGood.pdf, id=5041, page=23, 612.48827pt x 
794.24733pt>
File: 4-LaneEtAlPrivacyBigDataAndThePublicGood.pdf Graphic file (type pdf)
 <use 4-LaneEtAlPrivacyBigDataAndThePublicGood.pdf, page 23>
Package pdftex.def Info: 4-LaneEtAlPrivacyBigDataAndThePublicGood.pdf, page23 u
sed on input line 181.
(pdftex.def)             Requested size: 598.95404pt x 776.69675pt.
File: 4-LaneEtAlPrivacyBigDataAndThePublicGood.pdf Graphic file (type pdf)

<use 4-LaneEtAlPrivacyBigDataAndThePublicGood.pdf, page 23>
Package pdftex.def Info: 4-LaneEtAlPrivacyBigDataAndThePublicGood.pdf, page23 u
sed on input line 181.
(pdftex.def)             Requested size: 598.95404pt x 776.69675pt.
File: 4-LaneEtAlPrivacyBigDataAndThePublicGood.pdf Graphic file (type pdf)

<use 4-LaneEtAlPrivacyBigDataAndThePublicGood.pdf, page 23>
Package pdftex.def Info: 4-LaneEtAlPrivacyBigDataAndThePublicGood.pdf, page23 u
sed on input line 181.
(pdftex.def)             Requested size: 598.95404pt x 776.69675pt.
 [753 <./4-LaneEtAlPrivacyBigDataAndThePublicGood.pdf>]

pdfTeX warning: pdflatex (file ./4-LaneEtAlPrivacyBigDataAndThePublicGood.pdf):
 PDF inclusion: found PDF version <1.6>, but at most version <1.5> allowed

<4-LaneEtAlPrivacyBigDataAndThePublicGood.pdf, id=5049, page=24, 612.12692pt x 
794.97pt>
File: 4-LaneEtAlPrivacyBigDataAndThePublicGood.pdf Graphic file (type pdf)
 <use 4-LaneEtAlPrivacyBigDataAndThePublicGood.pdf, page 24>
Package pdftex.def Info: 4-LaneEtAlPrivacyBigDataAndThePublicGood.pdf, page24 u
sed on input line 181.
(pdftex.def)             Requested size: 598.60066pt x 777.40346pt.
File: 4-LaneEtAlPrivacyBigDataAndThePublicGood.pdf Graphic file (type pdf)

<use 4-LaneEtAlPrivacyBigDataAndThePublicGood.pdf, page 24>
Package pdftex.def Info: 4-LaneEtAlPrivacyBigDataAndThePublicGood.pdf, page24 u
sed on input line 181.
(pdftex.def)             Requested size: 598.60066pt x 777.40346pt.
File: 4-LaneEtAlPrivacyBigDataAndThePublicGood.pdf Graphic file (type pdf)

<use 4-LaneEtAlPrivacyBigDataAndThePublicGood.pdf, page 24>
Package pdftex.def Info: 4-LaneEtAlPrivacyBigDataAndThePublicGood.pdf, page24 u
sed on input line 181.
(pdftex.def)             Requested size: 598.60066pt x 777.40346pt.
 [754 <./4-LaneEtAlPrivacyBigDataAndThePublicGood.pdf>]

pdfTeX warning: pdflatex (file ./4-LaneEtAlPrivacyBigDataAndThePublicGood.pdf):
 PDF inclusion: found PDF version <1.6>, but at most version <1.5> allowed

<4-LaneEtAlPrivacyBigDataAndThePublicGood.pdf, id=5062, page=25, 612.12692pt x 
794.60866pt>
File: 4-LaneEtAlPrivacyBigDataAndThePublicGood.pdf Graphic file (type pdf)
 <use 4-LaneEtAlPrivacyBigDataAndThePublicGood.pdf, page 25>
Package pdftex.def Info: 4-LaneEtAlPrivacyBigDataAndThePublicGood.pdf, page25 u
sed on input line 181.
(pdftex.def)             Requested size: 598.60066pt x 777.05008pt.
File: 4-LaneEtAlPrivacyBigDataAndThePublicGood.pdf Graphic file (type pdf)

<use 4-LaneEtAlPrivacyBigDataAndThePublicGood.pdf, page 25>
Package pdftex.def Info: 4-LaneEtAlPrivacyBigDataAndThePublicGood.pdf, page25 u
sed on input line 181.
(pdftex.def)             Requested size: 598.60066pt x 777.05008pt.
File: 4-LaneEtAlPrivacyBigDataAndThePublicGood.pdf Graphic file (type pdf)

<use 4-LaneEtAlPrivacyBigDataAndThePublicGood.pdf, page 25>
Package pdftex.def Info: 4-LaneEtAlPrivacyBigDataAndThePublicGood.pdf, page25 u
sed on input line 181.
(pdftex.def)             Requested size: 598.60066pt x 777.05008pt.
 [755 <./4-LaneEtAlPrivacyBigDataAndThePublicGood.pdf>]

pdfTeX warning: pdflatex (file ./4-LaneEtAlPrivacyBigDataAndThePublicGood.pdf):
 PDF inclusion: found PDF version <1.6>, but at most version <1.5> allowed

<4-LaneEtAlPrivacyBigDataAndThePublicGood.pdf, id=5081, page=26, 612.12692pt x 
794.60866pt>
File: 4-LaneEtAlPrivacyBigDataAndThePublicGood.pdf Graphic file (type pdf)
 <use 4-LaneEtAlPrivacyBigDataAndThePublicGood.pdf, page 26>
Package pdftex.def Info: 4-LaneEtAlPrivacyBigDataAndThePublicGood.pdf, page26 u
sed on input line 181.
(pdftex.def)             Requested size: 598.60066pt x 777.05008pt.
File: 4-LaneEtAlPrivacyBigDataAndThePublicGood.pdf Graphic file (type pdf)

<use 4-LaneEtAlPrivacyBigDataAndThePublicGood.pdf, page 26>
Package pdftex.def Info: 4-LaneEtAlPrivacyBigDataAndThePublicGood.pdf, page26 u
sed on input line 181.
(pdftex.def)             Requested size: 598.60066pt x 777.05008pt.
File: 4-LaneEtAlPrivacyBigDataAndThePublicGood.pdf Graphic file (type pdf)

<use 4-LaneEtAlPrivacyBigDataAndThePublicGood.pdf, page 26>
Package pdftex.def Info: 4-LaneEtAlPrivacyBigDataAndThePublicGood.pdf, page26 u
sed on input line 181.
(pdftex.def)             Requested size: 598.60066pt x 777.05008pt.
 [756 <./4-LaneEtAlPrivacyBigDataAndThePublicGood.pdf>]

pdfTeX warning: pdflatex (file ./4-LaneEtAlPrivacyBigDataAndThePublicGood.pdf):
 PDF inclusion: found PDF version <1.6>, but at most version <1.5> allowed

<4-LaneEtAlPrivacyBigDataAndThePublicGood.pdf, id=5087, page=27, 612.12692pt x 
795.33133pt>
File: 4-LaneEtAlPrivacyBigDataAndThePublicGood.pdf Graphic file (type pdf)
 <use 4-LaneEtAlPrivacyBigDataAndThePublicGood.pdf, page 27>
Package pdftex.def Info: 4-LaneEtAlPrivacyBigDataAndThePublicGood.pdf, page27 u
sed on input line 181.
(pdftex.def)             Requested size: 598.60066pt x 777.75679pt.
File: 4-LaneEtAlPrivacyBigDataAndThePublicGood.pdf Graphic file (type pdf)

<use 4-LaneEtAlPrivacyBigDataAndThePublicGood.pdf, page 27>
Package pdftex.def Info: 4-LaneEtAlPrivacyBigDataAndThePublicGood.pdf, page27 u
sed on input line 181.
(pdftex.def)             Requested size: 598.60066pt x 777.75679pt.
File: 4-LaneEtAlPrivacyBigDataAndThePublicGood.pdf Graphic file (type pdf)

<use 4-LaneEtAlPrivacyBigDataAndThePublicGood.pdf, page 27>
Package pdftex.def Info: 4-LaneEtAlPrivacyBigDataAndThePublicGood.pdf, page27 u
sed on input line 181.
(pdftex.def)             Requested size: 598.60066pt x 777.75679pt.
 [757 <./4-LaneEtAlPrivacyBigDataAndThePublicGood.pdf>]

pdfTeX warning: pdflatex (file ./4-LaneEtAlPrivacyBigDataAndThePublicGood.pdf):
 PDF inclusion: found PDF version <1.6>, but at most version <1.5> allowed

<4-LaneEtAlPrivacyBigDataAndThePublicGood.pdf, id=5096, page=28, 612.12692pt x 
794.24733pt>
File: 4-LaneEtAlPrivacyBigDataAndThePublicGood.pdf Graphic file (type pdf)
 <use 4-LaneEtAlPrivacyBigDataAndThePublicGood.pdf, page 28>
Package pdftex.def Info: 4-LaneEtAlPrivacyBigDataAndThePublicGood.pdf, page28 u
sed on input line 181.
(pdftex.def)             Requested size: 598.60066pt x 776.69675pt.
File: 4-LaneEtAlPrivacyBigDataAndThePublicGood.pdf Graphic file (type pdf)

<use 4-LaneEtAlPrivacyBigDataAndThePublicGood.pdf, page 28>
Package pdftex.def Info: 4-LaneEtAlPrivacyBigDataAndThePublicGood.pdf, page28 u
sed on input line 181.
(pdftex.def)             Requested size: 598.60066pt x 776.69675pt.
File: 4-LaneEtAlPrivacyBigDataAndThePublicGood.pdf Graphic file (type pdf)

<use 4-LaneEtAlPrivacyBigDataAndThePublicGood.pdf, page 28>
Package pdftex.def Info: 4-LaneEtAlPrivacyBigDataAndThePublicGood.pdf, page28 u
sed on input line 181.
(pdftex.def)             Requested size: 598.60066pt x 776.69675pt.
 [758 <./4-LaneEtAlPrivacyBigDataAndThePublicGood.pdf>]

pdfTeX warning: pdflatex (file ./4-LaneEtAlPrivacyBigDataAndThePublicGood.pdf):
 PDF inclusion: found PDF version <1.6>, but at most version <1.5> allowed

<4-LaneEtAlPrivacyBigDataAndThePublicGood.pdf, id=5103, page=29, 611.76553pt x 
794.97pt>
File: 4-LaneEtAlPrivacyBigDataAndThePublicGood.pdf Graphic file (type pdf)
 <use 4-LaneEtAlPrivacyBigDataAndThePublicGood.pdf, page 29>
Package pdftex.def Info: 4-LaneEtAlPrivacyBigDataAndThePublicGood.pdf, page29 u
sed on input line 181.
(pdftex.def)             Requested size: 598.24727pt x 777.40346pt.
File: 4-LaneEtAlPrivacyBigDataAndThePublicGood.pdf Graphic file (type pdf)

<use 4-LaneEtAlPrivacyBigDataAndThePublicGood.pdf, page 29>
Package pdftex.def Info: 4-LaneEtAlPrivacyBigDataAndThePublicGood.pdf, page29 u
sed on input line 181.
(pdftex.def)             Requested size: 598.24727pt x 777.40346pt.
File: 4-LaneEtAlPrivacyBigDataAndThePublicGood.pdf Graphic file (type pdf)

<use 4-LaneEtAlPrivacyBigDataAndThePublicGood.pdf, page 29>
Package pdftex.def Info: 4-LaneEtAlPrivacyBigDataAndThePublicGood.pdf, page29 u
sed on input line 181.
(pdftex.def)             Requested size: 598.24727pt x 777.40346pt.
 [759 <./4-LaneEtAlPrivacyBigDataAndThePublicGood.pdf>]

pdfTeX warning: pdflatex (file ./4-LaneEtAlPrivacyBigDataAndThePublicGood.pdf):
 PDF inclusion: found PDF version <1.6>, but at most version <1.5> allowed

<4-LaneEtAlPrivacyBigDataAndThePublicGood.pdf, id=5109, page=30, 612.48827pt x 
794.97pt>
File: 4-LaneEtAlPrivacyBigDataAndThePublicGood.pdf Graphic file (type pdf)
 <use 4-LaneEtAlPrivacyBigDataAndThePublicGood.pdf, page 30>
Package pdftex.def Info: 4-LaneEtAlPrivacyBigDataAndThePublicGood.pdf, page30 u
sed on input line 181.
(pdftex.def)             Requested size: 598.95404pt x 777.40346pt.
File: 4-LaneEtAlPrivacyBigDataAndThePublicGood.pdf Graphic file (type pdf)

<use 4-LaneEtAlPrivacyBigDataAndThePublicGood.pdf, page 30>
Package pdftex.def Info: 4-LaneEtAlPrivacyBigDataAndThePublicGood.pdf, page30 u
sed on input line 181.
(pdftex.def)             Requested size: 598.95404pt x 777.40346pt.
File: 4-LaneEtAlPrivacyBigDataAndThePublicGood.pdf Graphic file (type pdf)

<use 4-LaneEtAlPrivacyBigDataAndThePublicGood.pdf, page 30>
Package pdftex.def Info: 4-LaneEtAlPrivacyBigDataAndThePublicGood.pdf, page30 u
sed on input line 181.
(pdftex.def)             Requested size: 598.95404pt x 777.40346pt.
 [760 <./4-LaneEtAlPrivacyBigDataAndThePublicGood.pdf>]

pdfTeX warning: pdflatex (file ./4-LaneEtAlPrivacyBigDataAndThePublicGood.pdf):
 PDF inclusion: found PDF version <1.6>, but at most version <1.5> allowed

<4-LaneEtAlPrivacyBigDataAndThePublicGood.pdf, id=5116, page=31, 611.76553pt x 
794.60866pt>
File: 4-LaneEtAlPrivacyBigDataAndThePublicGood.pdf Graphic file (type pdf)
 <use 4-LaneEtAlPrivacyBigDataAndThePublicGood.pdf, page 31>
Package pdftex.def Info: 4-LaneEtAlPrivacyBigDataAndThePublicGood.pdf, page31 u
sed on input line 181.
(pdftex.def)             Requested size: 598.24727pt x 777.05008pt.
File: 4-LaneEtAlPrivacyBigDataAndThePublicGood.pdf Graphic file (type pdf)

<use 4-LaneEtAlPrivacyBigDataAndThePublicGood.pdf, page 31>
Package pdftex.def Info: 4-LaneEtAlPrivacyBigDataAndThePublicGood.pdf, page31 u
sed on input line 181.
(pdftex.def)             Requested size: 598.24727pt x 777.05008pt.
File: 4-LaneEtAlPrivacyBigDataAndThePublicGood.pdf Graphic file (type pdf)

<use 4-LaneEtAlPrivacyBigDataAndThePublicGood.pdf, page 31>
Package pdftex.def Info: 4-LaneEtAlPrivacyBigDataAndThePublicGood.pdf, page31 u
sed on input line 181.
(pdftex.def)             Requested size: 598.24727pt x 777.05008pt.
 [761 <./4-LaneEtAlPrivacyBigDataAndThePublicGood.pdf>]

pdfTeX warning: pdflatex (file ./4-LaneEtAlPrivacyBigDataAndThePublicGood.pdf):
 PDF inclusion: found PDF version <1.6>, but at most version <1.5> allowed

<4-LaneEtAlPrivacyBigDataAndThePublicGood.pdf, id=5129, page=32, 611.40419pt x 
794.97pt>
File: 4-LaneEtAlPrivacyBigDataAndThePublicGood.pdf Graphic file (type pdf)
 <use 4-LaneEtAlPrivacyBigDataAndThePublicGood.pdf, page 32>
Package pdftex.def Info: 4-LaneEtAlPrivacyBigDataAndThePublicGood.pdf, page32 u
sed on input line 181.
(pdftex.def)             Requested size: 597.89389pt x 777.40346pt.
File: 4-LaneEtAlPrivacyBigDataAndThePublicGood.pdf Graphic file (type pdf)

<use 4-LaneEtAlPrivacyBigDataAndThePublicGood.pdf, page 32>
Package pdftex.def Info: 4-LaneEtAlPrivacyBigDataAndThePublicGood.pdf, page32 u
sed on input line 181.
(pdftex.def)             Requested size: 597.89389pt x 777.40346pt.
File: 4-LaneEtAlPrivacyBigDataAndThePublicGood.pdf Graphic file (type pdf)

<use 4-LaneEtAlPrivacyBigDataAndThePublicGood.pdf, page 32>
Package pdftex.def Info: 4-LaneEtAlPrivacyBigDataAndThePublicGood.pdf, page32 u
sed on input line 181.
(pdftex.def)             Requested size: 597.89389pt x 777.40346pt.
 [762 <./4-LaneEtAlPrivacyBigDataAndThePublicGood.pdf>]

pdfTeX warning: pdflatex (file ./4-LaneEtAlPrivacyBigDataAndThePublicGood.pdf):
 PDF inclusion: found PDF version <1.6>, but at most version <1.5> allowed

<4-LaneEtAlPrivacyBigDataAndThePublicGood.pdf, id=5136, page=33, 612.48827pt x 
795.33133pt>
File: 4-LaneEtAlPrivacyBigDataAndThePublicGood.pdf Graphic file (type pdf)
 <use 4-LaneEtAlPrivacyBigDataAndThePublicGood.pdf, page 33>
Package pdftex.def Info: 4-LaneEtAlPrivacyBigDataAndThePublicGood.pdf, page33 u
sed on input line 181.
(pdftex.def)             Requested size: 598.95404pt x 777.75679pt.
File: 4-LaneEtAlPrivacyBigDataAndThePublicGood.pdf Graphic file (type pdf)

<use 4-LaneEtAlPrivacyBigDataAndThePublicGood.pdf, page 33>
Package pdftex.def Info: 4-LaneEtAlPrivacyBigDataAndThePublicGood.pdf, page33 u
sed on input line 181.
(pdftex.def)             Requested size: 598.95404pt x 777.75679pt.
File: 4-LaneEtAlPrivacyBigDataAndThePublicGood.pdf Graphic file (type pdf)

<use 4-LaneEtAlPrivacyBigDataAndThePublicGood.pdf, page 33>
Package pdftex.def Info: 4-LaneEtAlPrivacyBigDataAndThePublicGood.pdf, page33 u
sed on input line 181.
(pdftex.def)             Requested size: 598.95404pt x 777.75679pt.
 [763 <./4-LaneEtAlPrivacyBigDataAndThePublicGood.pdf>]

pdfTeX warning: pdflatex (file ./4-LaneEtAlPrivacyBigDataAndThePublicGood.pdf):
 PDF inclusion: found PDF version <1.6>, but at most version <1.5> allowed

<4-LaneEtAlPrivacyBigDataAndThePublicGood.pdf, id=5144, page=34, 613.21094pt x 
795.69267pt>
File: 4-LaneEtAlPrivacyBigDataAndThePublicGood.pdf Graphic file (type pdf)
 <use 4-LaneEtAlPrivacyBigDataAndThePublicGood.pdf, page 34>
Package pdftex.def Info: 4-LaneEtAlPrivacyBigDataAndThePublicGood.pdf, page34 u
sed on input line 181.
(pdftex.def)             Requested size: 599.66074pt x 778.11015pt.
File: 4-LaneEtAlPrivacyBigDataAndThePublicGood.pdf Graphic file (type pdf)

<use 4-LaneEtAlPrivacyBigDataAndThePublicGood.pdf, page 34>
Package pdftex.def Info: 4-LaneEtAlPrivacyBigDataAndThePublicGood.pdf, page34 u
sed on input line 181.
(pdftex.def)             Requested size: 599.66074pt x 778.11015pt.
File: 4-LaneEtAlPrivacyBigDataAndThePublicGood.pdf Graphic file (type pdf)

<use 4-LaneEtAlPrivacyBigDataAndThePublicGood.pdf, page 34>
Package pdftex.def Info: 4-LaneEtAlPrivacyBigDataAndThePublicGood.pdf, page34 u
sed on input line 181.
(pdftex.def)             Requested size: 599.66074pt x 778.11015pt.
 [764 <./4-LaneEtAlPrivacyBigDataAndThePublicGood.pdf>]

pdfTeX warning: pdflatex (file ./4-LaneEtAlPrivacyBigDataAndThePublicGood.pdf):
 PDF inclusion: found PDF version <1.6>, but at most version <1.5> allowed

<4-LaneEtAlPrivacyBigDataAndThePublicGood.pdf, id=5150, page=35, 611.76553pt x 
794.60866pt>
File: 4-LaneEtAlPrivacyBigDataAndThePublicGood.pdf Graphic file (type pdf)
 <use 4-LaneEtAlPrivacyBigDataAndThePublicGood.pdf, page 35>
Package pdftex.def Info: 4-LaneEtAlPrivacyBigDataAndThePublicGood.pdf, page35 u
sed on input line 181.
(pdftex.def)             Requested size: 598.24727pt x 777.05008pt.
File: 4-LaneEtAlPrivacyBigDataAndThePublicGood.pdf Graphic file (type pdf)

<use 4-LaneEtAlPrivacyBigDataAndThePublicGood.pdf, page 35>
Package pdftex.def Info: 4-LaneEtAlPrivacyBigDataAndThePublicGood.pdf, page35 u
sed on input line 181.
(pdftex.def)             Requested size: 598.24727pt x 777.05008pt.
File: 4-LaneEtAlPrivacyBigDataAndThePublicGood.pdf Graphic file (type pdf)

<use 4-LaneEtAlPrivacyBigDataAndThePublicGood.pdf, page 35>
Package pdftex.def Info: 4-LaneEtAlPrivacyBigDataAndThePublicGood.pdf, page35 u
sed on input line 181.
(pdftex.def)             Requested size: 598.24727pt x 777.05008pt.
 [765 <./4-LaneEtAlPrivacyBigDataAndThePublicGood.pdf>]

pdfTeX warning: pdflatex (file ./4-LaneEtAlPrivacyBigDataAndThePublicGood.pdf):
 PDF inclusion: found PDF version <1.6>, but at most version <1.5> allowed

<4-LaneEtAlPrivacyBigDataAndThePublicGood.pdf, id=5159, page=36, 611.76553pt x 
795.33133pt>
File: 4-LaneEtAlPrivacyBigDataAndThePublicGood.pdf Graphic file (type pdf)
 <use 4-LaneEtAlPrivacyBigDataAndThePublicGood.pdf, page 36>
Package pdftex.def Info: 4-LaneEtAlPrivacyBigDataAndThePublicGood.pdf, page36 u
sed on input line 181.
(pdftex.def)             Requested size: 598.24727pt x 777.75679pt.
File: 4-LaneEtAlPrivacyBigDataAndThePublicGood.pdf Graphic file (type pdf)

<use 4-LaneEtAlPrivacyBigDataAndThePublicGood.pdf, page 36>
Package pdftex.def Info: 4-LaneEtAlPrivacyBigDataAndThePublicGood.pdf, page36 u
sed on input line 181.
(pdftex.def)             Requested size: 598.24727pt x 777.75679pt.
File: 4-LaneEtAlPrivacyBigDataAndThePublicGood.pdf Graphic file (type pdf)

<use 4-LaneEtAlPrivacyBigDataAndThePublicGood.pdf, page 36>
Package pdftex.def Info: 4-LaneEtAlPrivacyBigDataAndThePublicGood.pdf, page36 u
sed on input line 181.
(pdftex.def)             Requested size: 598.24727pt x 777.75679pt.
 [766 <./4-LaneEtAlPrivacyBigDataAndThePublicGood.pdf>]

pdfTeX warning: pdflatex (file ./4-LaneEtAlPrivacyBigDataAndThePublicGood.pdf):
 PDF inclusion: found PDF version <1.6>, but at most version <1.5> allowed

<4-LaneEtAlPrivacyBigDataAndThePublicGood.pdf, id=5166, page=37, 612.8496pt x 7
95.33133pt>
File: 4-LaneEtAlPrivacyBigDataAndThePublicGood.pdf Graphic file (type pdf)
 <use 4-LaneEtAlPrivacyBigDataAndThePublicGood.pdf, page 37>
Package pdftex.def Info: 4-LaneEtAlPrivacyBigDataAndThePublicGood.pdf, page37 u
sed on input line 181.
(pdftex.def)             Requested size: 599.30736pt x 777.75679pt.
File: 4-LaneEtAlPrivacyBigDataAndThePublicGood.pdf Graphic file (type pdf)

<use 4-LaneEtAlPrivacyBigDataAndThePublicGood.pdf, page 37>
Package pdftex.def Info: 4-LaneEtAlPrivacyBigDataAndThePublicGood.pdf, page37 u
sed on input line 181.
(pdftex.def)             Requested size: 599.30736pt x 777.75679pt.
File: 4-LaneEtAlPrivacyBigDataAndThePublicGood.pdf Graphic file (type pdf)

<use 4-LaneEtAlPrivacyBigDataAndThePublicGood.pdf, page 37>
Package pdftex.def Info: 4-LaneEtAlPrivacyBigDataAndThePublicGood.pdf, page37 u
sed on input line 181.
(pdftex.def)             Requested size: 599.30736pt x 777.75679pt.
 [767 <./4-LaneEtAlPrivacyBigDataAndThePublicGood.pdf>]

pdfTeX warning: pdflatex (file ./4-LaneEtAlPrivacyBigDataAndThePublicGood.pdf):
 PDF inclusion: found PDF version <1.6>, but at most version <1.5> allowed

<4-LaneEtAlPrivacyBigDataAndThePublicGood.pdf, id=5173, page=38, 612.12692pt x 
795.33133pt>
File: 4-LaneEtAlPrivacyBigDataAndThePublicGood.pdf Graphic file (type pdf)
 <use 4-LaneEtAlPrivacyBigDataAndThePublicGood.pdf, page 38>
Package pdftex.def Info: 4-LaneEtAlPrivacyBigDataAndThePublicGood.pdf, page38 u
sed on input line 181.
(pdftex.def)             Requested size: 598.60066pt x 777.75679pt.
File: 4-LaneEtAlPrivacyBigDataAndThePublicGood.pdf Graphic file (type pdf)

<use 4-LaneEtAlPrivacyBigDataAndThePublicGood.pdf, page 38>
Package pdftex.def Info: 4-LaneEtAlPrivacyBigDataAndThePublicGood.pdf, page38 u
sed on input line 181.
(pdftex.def)             Requested size: 598.60066pt x 777.75679pt.
File: 4-LaneEtAlPrivacyBigDataAndThePublicGood.pdf Graphic file (type pdf)

<use 4-LaneEtAlPrivacyBigDataAndThePublicGood.pdf, page 38>
Package pdftex.def Info: 4-LaneEtAlPrivacyBigDataAndThePublicGood.pdf, page38 u
sed on input line 181.
(pdftex.def)             Requested size: 598.60066pt x 777.75679pt.
 [768 <./4-LaneEtAlPrivacyBigDataAndThePublicGood.pdf>]

pdfTeX warning: pdflatex (file ./4-LaneEtAlPrivacyBigDataAndThePublicGood.pdf):
 PDF inclusion: found PDF version <1.6>, but at most version <1.5> allowed

<4-LaneEtAlPrivacyBigDataAndThePublicGood.pdf, id=5178, page=39, 611.76553pt x 
795.69267pt>
File: 4-LaneEtAlPrivacyBigDataAndThePublicGood.pdf Graphic file (type pdf)
 <use 4-LaneEtAlPrivacyBigDataAndThePublicGood.pdf, page 39>
Package pdftex.def Info: 4-LaneEtAlPrivacyBigDataAndThePublicGood.pdf, page39 u
sed on input line 181.
(pdftex.def)             Requested size: 598.24727pt x 778.11015pt.
File: 4-LaneEtAlPrivacyBigDataAndThePublicGood.pdf Graphic file (type pdf)

<use 4-LaneEtAlPrivacyBigDataAndThePublicGood.pdf, page 39>
Package pdftex.def Info: 4-LaneEtAlPrivacyBigDataAndThePublicGood.pdf, page39 u
sed on input line 181.
(pdftex.def)             Requested size: 598.24727pt x 778.11015pt.
File: 4-LaneEtAlPrivacyBigDataAndThePublicGood.pdf Graphic file (type pdf)

<use 4-LaneEtAlPrivacyBigDataAndThePublicGood.pdf, page 39>
Package pdftex.def Info: 4-LaneEtAlPrivacyBigDataAndThePublicGood.pdf, page39 u
sed on input line 181.
(pdftex.def)             Requested size: 598.24727pt x 778.11015pt.
 [769 <./4-LaneEtAlPrivacyBigDataAndThePublicGood.pdf>]

pdfTeX warning: pdflatex (file ./4-LaneEtAlPrivacyBigDataAndThePublicGood.pdf):
 PDF inclusion: found PDF version <1.6>, but at most version <1.5> allowed

<4-LaneEtAlPrivacyBigDataAndThePublicGood.pdf, id=5187, page=40, 612.48827pt x 
796.05406pt>
File: 4-LaneEtAlPrivacyBigDataAndThePublicGood.pdf Graphic file (type pdf)
 <use 4-LaneEtAlPrivacyBigDataAndThePublicGood.pdf, page 40>
Package pdftex.def Info: 4-LaneEtAlPrivacyBigDataAndThePublicGood.pdf, page40 u
sed on input line 181.
(pdftex.def)             Requested size: 598.95404pt x 778.46355pt.
File: 4-LaneEtAlPrivacyBigDataAndThePublicGood.pdf Graphic file (type pdf)

<use 4-LaneEtAlPrivacyBigDataAndThePublicGood.pdf, page 40>
Package pdftex.def Info: 4-LaneEtAlPrivacyBigDataAndThePublicGood.pdf, page40 u
sed on input line 181.
(pdftex.def)             Requested size: 598.95404pt x 778.46355pt.
File: 4-LaneEtAlPrivacyBigDataAndThePublicGood.pdf Graphic file (type pdf)

<use 4-LaneEtAlPrivacyBigDataAndThePublicGood.pdf, page 40>
Package pdftex.def Info: 4-LaneEtAlPrivacyBigDataAndThePublicGood.pdf, page40 u
sed on input line 181.
(pdftex.def)             Requested size: 598.95404pt x 778.46355pt.
 [770 <./4-LaneEtAlPrivacyBigDataAndThePublicGood.pdf>]

pdfTeX warning: pdflatex (file ./4-LaneEtAlPrivacyBigDataAndThePublicGood.pdf):
 PDF inclusion: found PDF version <1.6>, but at most version <1.5> allowed

<4-LaneEtAlPrivacyBigDataAndThePublicGood.pdf, id=5196, page=41, 611.76553pt x 
795.69267pt>
File: 4-LaneEtAlPrivacyBigDataAndThePublicGood.pdf Graphic file (type pdf)
 <use 4-LaneEtAlPrivacyBigDataAndThePublicGood.pdf, page 41>
Package pdftex.def Info: 4-LaneEtAlPrivacyBigDataAndThePublicGood.pdf, page41 u
sed on input line 181.
(pdftex.def)             Requested size: 598.24727pt x 778.11015pt.
File: 4-LaneEtAlPrivacyBigDataAndThePublicGood.pdf Graphic file (type pdf)

<use 4-LaneEtAlPrivacyBigDataAndThePublicGood.pdf, page 41>
Package pdftex.def Info: 4-LaneEtAlPrivacyBigDataAndThePublicGood.pdf, page41 u
sed on input line 181.
(pdftex.def)             Requested size: 598.24727pt x 778.11015pt.
File: 4-LaneEtAlPrivacyBigDataAndThePublicGood.pdf Graphic file (type pdf)

<use 4-LaneEtAlPrivacyBigDataAndThePublicGood.pdf, page 41>
Package pdftex.def Info: 4-LaneEtAlPrivacyBigDataAndThePublicGood.pdf, page41 u
sed on input line 181.
(pdftex.def)             Requested size: 598.24727pt x 778.11015pt.
 [771 <./4-LaneEtAlPrivacyBigDataAndThePublicGood.pdf>]

pdfTeX warning: pdflatex (file ./4-LaneEtAlPrivacyBigDataAndThePublicGood.pdf):
 PDF inclusion: found PDF version <1.6>, but at most version <1.5> allowed

<4-LaneEtAlPrivacyBigDataAndThePublicGood.pdf, id=5205, page=42, 612.48827pt x 
795.69267pt>
File: 4-LaneEtAlPrivacyBigDataAndThePublicGood.pdf Graphic file (type pdf)
 <use 4-LaneEtAlPrivacyBigDataAndThePublicGood.pdf, page 42>
Package pdftex.def Info: 4-LaneEtAlPrivacyBigDataAndThePublicGood.pdf, page42 u
sed on input line 181.
(pdftex.def)             Requested size: 598.95404pt x 778.11015pt.
File: 4-LaneEtAlPrivacyBigDataAndThePublicGood.pdf Graphic file (type pdf)

<use 4-LaneEtAlPrivacyBigDataAndThePublicGood.pdf, page 42>
Package pdftex.def Info: 4-LaneEtAlPrivacyBigDataAndThePublicGood.pdf, page42 u
sed on input line 181.
(pdftex.def)             Requested size: 598.95404pt x 778.11015pt.
File: 4-LaneEtAlPrivacyBigDataAndThePublicGood.pdf Graphic file (type pdf)

<use 4-LaneEtAlPrivacyBigDataAndThePublicGood.pdf, page 42>
Package pdftex.def Info: 4-LaneEtAlPrivacyBigDataAndThePublicGood.pdf, page42 u
sed on input line 181.
(pdftex.def)             Requested size: 598.95404pt x 778.11015pt.
 [772 <./4-LaneEtAlPrivacyBigDataAndThePublicGood.pdf>]

pdfTeX warning: pdflatex (file ./4-LaneEtAlPrivacyBigDataAndThePublicGood.pdf):
 PDF inclusion: found PDF version <1.6>, but at most version <1.5> allowed

<4-LaneEtAlPrivacyBigDataAndThePublicGood.pdf, id=5213, page=43, 611.76553pt x 
793.16327pt>
File: 4-LaneEtAlPrivacyBigDataAndThePublicGood.pdf Graphic file (type pdf)
 <use 4-LaneEtAlPrivacyBigDataAndThePublicGood.pdf, page 43>
Package pdftex.def Info: 4-LaneEtAlPrivacyBigDataAndThePublicGood.pdf, page43 u
sed on input line 181.
(pdftex.def)             Requested size: 598.24727pt x 775.63664pt.
File: 4-LaneEtAlPrivacyBigDataAndThePublicGood.pdf Graphic file (type pdf)

<use 4-LaneEtAlPrivacyBigDataAndThePublicGood.pdf, page 43>
Package pdftex.def Info: 4-LaneEtAlPrivacyBigDataAndThePublicGood.pdf, page43 u
sed on input line 181.
(pdftex.def)             Requested size: 598.24727pt x 775.63664pt.
File: 4-LaneEtAlPrivacyBigDataAndThePublicGood.pdf Graphic file (type pdf)

<use 4-LaneEtAlPrivacyBigDataAndThePublicGood.pdf, page 43>
Package pdftex.def Info: 4-LaneEtAlPrivacyBigDataAndThePublicGood.pdf, page43 u
sed on input line 181.
(pdftex.def)             Requested size: 598.24727pt x 775.63664pt.
 [773 <./4-LaneEtAlPrivacyBigDataAndThePublicGood.pdf>]

pdfTeX warning: pdflatex (file ./4-LaneEtAlPrivacyBigDataAndThePublicGood.pdf):
 PDF inclusion: found PDF version <1.6>, but at most version <1.5> allowed

<4-LaneEtAlPrivacyBigDataAndThePublicGood.pdf, id=5220, page=44, 610.68152pt x 
793.16327pt>
File: 4-LaneEtAlPrivacyBigDataAndThePublicGood.pdf Graphic file (type pdf)
 <use 4-LaneEtAlPrivacyBigDataAndThePublicGood.pdf, page 44>
Package pdftex.def Info: 4-LaneEtAlPrivacyBigDataAndThePublicGood.pdf, page44 u
sed on input line 181.
(pdftex.def)             Requested size: 597.18723pt x 775.63664pt.
File: 4-LaneEtAlPrivacyBigDataAndThePublicGood.pdf Graphic file (type pdf)

<use 4-LaneEtAlPrivacyBigDataAndThePublicGood.pdf, page 44>
Package pdftex.def Info: 4-LaneEtAlPrivacyBigDataAndThePublicGood.pdf, page44 u
sed on input line 181.
(pdftex.def)             Requested size: 597.18723pt x 775.63664pt.
File: 4-LaneEtAlPrivacyBigDataAndThePublicGood.pdf Graphic file (type pdf)

<use 4-LaneEtAlPrivacyBigDataAndThePublicGood.pdf, page 44>
Package pdftex.def Info: 4-LaneEtAlPrivacyBigDataAndThePublicGood.pdf, page44 u
sed on input line 181.
(pdftex.def)             Requested size: 597.18723pt x 775.63664pt.
 [774 <./4-LaneEtAlPrivacyBigDataAndThePublicGood.pdf>]

pdfTeX warning: pdflatex (file ./4-LaneEtAlPrivacyBigDataAndThePublicGood.pdf):
 PDF inclusion: found PDF version <1.6>, but at most version <1.5> allowed

<4-LaneEtAlPrivacyBigDataAndThePublicGood.pdf, id=5226, page=45, 613.57233pt x 
795.33133pt>
File: 4-LaneEtAlPrivacyBigDataAndThePublicGood.pdf Graphic file (type pdf)
 <use 4-LaneEtAlPrivacyBigDataAndThePublicGood.pdf, page 45>
Package pdftex.def Info: 4-LaneEtAlPrivacyBigDataAndThePublicGood.pdf, page45 u
sed on input line 181.
(pdftex.def)             Requested size: 600.01413pt x 777.75679pt.
File: 4-LaneEtAlPrivacyBigDataAndThePublicGood.pdf Graphic file (type pdf)

<use 4-LaneEtAlPrivacyBigDataAndThePublicGood.pdf, page 45>
Package pdftex.def Info: 4-LaneEtAlPrivacyBigDataAndThePublicGood.pdf, page45 u
sed on input line 181.
(pdftex.def)             Requested size: 600.01413pt x 777.75679pt.
File: 4-LaneEtAlPrivacyBigDataAndThePublicGood.pdf Graphic file (type pdf)

<use 4-LaneEtAlPrivacyBigDataAndThePublicGood.pdf, page 45>
Package pdftex.def Info: 4-LaneEtAlPrivacyBigDataAndThePublicGood.pdf, page45 u
sed on input line 181.
(pdftex.def)             Requested size: 600.01413pt x 777.75679pt.
 [775 <./4-LaneEtAlPrivacyBigDataAndThePublicGood.pdf>]

pdfTeX warning: pdflatex (file ./4-LaneEtAlPrivacyBigDataAndThePublicGood.pdf):
 PDF inclusion: found PDF version <1.6>, but at most version <1.5> allowed

<4-LaneEtAlPrivacyBigDataAndThePublicGood.pdf, id=5235, page=46, 612.12692pt x 
795.33133pt>
File: 4-LaneEtAlPrivacyBigDataAndThePublicGood.pdf Graphic file (type pdf)
 <use 4-LaneEtAlPrivacyBigDataAndThePublicGood.pdf, page 46>
Package pdftex.def Info: 4-LaneEtAlPrivacyBigDataAndThePublicGood.pdf, page46 u
sed on input line 181.
(pdftex.def)             Requested size: 598.60066pt x 777.75679pt.
File: 4-LaneEtAlPrivacyBigDataAndThePublicGood.pdf Graphic file (type pdf)

<use 4-LaneEtAlPrivacyBigDataAndThePublicGood.pdf, page 46>
Package pdftex.def Info: 4-LaneEtAlPrivacyBigDataAndThePublicGood.pdf, page46 u
sed on input line 181.
(pdftex.def)             Requested size: 598.60066pt x 777.75679pt.
File: 4-LaneEtAlPrivacyBigDataAndThePublicGood.pdf Graphic file (type pdf)

<use 4-LaneEtAlPrivacyBigDataAndThePublicGood.pdf, page 46>
Package pdftex.def Info: 4-LaneEtAlPrivacyBigDataAndThePublicGood.pdf, page46 u
sed on input line 181.
(pdftex.def)             Requested size: 598.60066pt x 777.75679pt.
 [776 <./4-LaneEtAlPrivacyBigDataAndThePublicGood.pdf>]

pdfTeX warning: pdflatex (file ./4-LaneEtAlPrivacyBigDataAndThePublicGood.pdf):
 PDF inclusion: found PDF version <1.6>, but at most version <1.5> allowed

<4-LaneEtAlPrivacyBigDataAndThePublicGood.pdf, id=5248, page=47, 612.8496pt x 7
95.33133pt>
File: 4-LaneEtAlPrivacyBigDataAndThePublicGood.pdf Graphic file (type pdf)
 <use 4-LaneEtAlPrivacyBigDataAndThePublicGood.pdf, page 47>
Package pdftex.def Info: 4-LaneEtAlPrivacyBigDataAndThePublicGood.pdf, page47 u
sed on input line 181.
(pdftex.def)             Requested size: 599.30736pt x 777.75679pt.
File: 4-LaneEtAlPrivacyBigDataAndThePublicGood.pdf Graphic file (type pdf)

<use 4-LaneEtAlPrivacyBigDataAndThePublicGood.pdf, page 47>
Package pdftex.def Info: 4-LaneEtAlPrivacyBigDataAndThePublicGood.pdf, page47 u
sed on input line 181.
(pdftex.def)             Requested size: 599.30736pt x 777.75679pt.
File: 4-LaneEtAlPrivacyBigDataAndThePublicGood.pdf Graphic file (type pdf)

<use 4-LaneEtAlPrivacyBigDataAndThePublicGood.pdf, page 47>
Package pdftex.def Info: 4-LaneEtAlPrivacyBigDataAndThePublicGood.pdf, page47 u
sed on input line 181.
(pdftex.def)             Requested size: 599.30736pt x 777.75679pt.
 [777 <./4-LaneEtAlPrivacyBigDataAndThePublicGood.pdf>]

pdfTeX warning: pdflatex (file ./4-LaneEtAlPrivacyBigDataAndThePublicGood.pdf):
 PDF inclusion: found PDF version <1.6>, but at most version <1.5> allowed

<4-LaneEtAlPrivacyBigDataAndThePublicGood.pdf, id=5255, page=48, 612.12692pt x 
794.97pt>
File: 4-LaneEtAlPrivacyBigDataAndThePublicGood.pdf Graphic file (type pdf)
 <use 4-LaneEtAlPrivacyBigDataAndThePublicGood.pdf, page 48>
Package pdftex.def Info: 4-LaneEtAlPrivacyBigDataAndThePublicGood.pdf, page48 u
sed on input line 181.
(pdftex.def)             Requested size: 598.60066pt x 777.40346pt.
File: 4-LaneEtAlPrivacyBigDataAndThePublicGood.pdf Graphic file (type pdf)

<use 4-LaneEtAlPrivacyBigDataAndThePublicGood.pdf, page 48>
Package pdftex.def Info: 4-LaneEtAlPrivacyBigDataAndThePublicGood.pdf, page48 u
sed on input line 181.
(pdftex.def)             Requested size: 598.60066pt x 777.40346pt.
File: 4-LaneEtAlPrivacyBigDataAndThePublicGood.pdf Graphic file (type pdf)

<use 4-LaneEtAlPrivacyBigDataAndThePublicGood.pdf, page 48>
Package pdftex.def Info: 4-LaneEtAlPrivacyBigDataAndThePublicGood.pdf, page48 u
sed on input line 181.
(pdftex.def)             Requested size: 598.60066pt x 777.40346pt.
 [778 <./4-LaneEtAlPrivacyBigDataAndThePublicGood.pdf>]

pdfTeX warning: pdflatex (file ./4-LaneEtAlPrivacyBigDataAndThePublicGood.pdf):
 PDF inclusion: found PDF version <1.6>, but at most version <1.5> allowed

<4-LaneEtAlPrivacyBigDataAndThePublicGood.pdf, id=5262, page=49, 611.76553pt x 
794.97pt>
File: 4-LaneEtAlPrivacyBigDataAndThePublicGood.pdf Graphic file (type pdf)
 <use 4-LaneEtAlPrivacyBigDataAndThePublicGood.pdf, page 49>
Package pdftex.def Info: 4-LaneEtAlPrivacyBigDataAndThePublicGood.pdf, page49 u
sed on input line 181.
(pdftex.def)             Requested size: 598.24727pt x 777.40346pt.
File: 4-LaneEtAlPrivacyBigDataAndThePublicGood.pdf Graphic file (type pdf)

<use 4-LaneEtAlPrivacyBigDataAndThePublicGood.pdf, page 49>
Package pdftex.def Info: 4-LaneEtAlPrivacyBigDataAndThePublicGood.pdf, page49 u
sed on input line 181.
(pdftex.def)             Requested size: 598.24727pt x 777.40346pt.
File: 4-LaneEtAlPrivacyBigDataAndThePublicGood.pdf Graphic file (type pdf)

<use 4-LaneEtAlPrivacyBigDataAndThePublicGood.pdf, page 49>
Package pdftex.def Info: 4-LaneEtAlPrivacyBigDataAndThePublicGood.pdf, page49 u
sed on input line 181.
(pdftex.def)             Requested size: 598.24727pt x 777.40346pt.
 [779 <./4-LaneEtAlPrivacyBigDataAndThePublicGood.pdf>]

pdfTeX warning: pdflatex (file ./4-LaneEtAlPrivacyBigDataAndThePublicGood.pdf):
 PDF inclusion: found PDF version <1.6>, but at most version <1.5> allowed

<4-LaneEtAlPrivacyBigDataAndThePublicGood.pdf, id=5271, page=50, 612.48827pt x 
794.24733pt>
File: 4-LaneEtAlPrivacyBigDataAndThePublicGood.pdf Graphic file (type pdf)
 <use 4-LaneEtAlPrivacyBigDataAndThePublicGood.pdf, page 50>
Package pdftex.def Info: 4-LaneEtAlPrivacyBigDataAndThePublicGood.pdf, page50 u
sed on input line 181.
(pdftex.def)             Requested size: 598.95404pt x 776.69675pt.
File: 4-LaneEtAlPrivacyBigDataAndThePublicGood.pdf Graphic file (type pdf)

<use 4-LaneEtAlPrivacyBigDataAndThePublicGood.pdf, page 50>
Package pdftex.def Info: 4-LaneEtAlPrivacyBigDataAndThePublicGood.pdf, page50 u
sed on input line 181.
(pdftex.def)             Requested size: 598.95404pt x 776.69675pt.
File: 4-LaneEtAlPrivacyBigDataAndThePublicGood.pdf Graphic file (type pdf)

<use 4-LaneEtAlPrivacyBigDataAndThePublicGood.pdf, page 50>
Package pdftex.def Info: 4-LaneEtAlPrivacyBigDataAndThePublicGood.pdf, page50 u
sed on input line 181.
(pdftex.def)             Requested size: 598.95404pt x 776.69675pt.
 [780 <./4-LaneEtAlPrivacyBigDataAndThePublicGood.pdf>]

pdfTeX warning: pdflatex (file ./4-LaneEtAlPrivacyBigDataAndThePublicGood.pdf):
 PDF inclusion: found PDF version <1.6>, but at most version <1.5> allowed

<4-LaneEtAlPrivacyBigDataAndThePublicGood.pdf, id=5280, page=51, 612.48827pt x 
794.97pt>
File: 4-LaneEtAlPrivacyBigDataAndThePublicGood.pdf Graphic file (type pdf)
 <use 4-LaneEtAlPrivacyBigDataAndThePublicGood.pdf, page 51>
Package pdftex.def Info: 4-LaneEtAlPrivacyBigDataAndThePublicGood.pdf, page51 u
sed on input line 181.
(pdftex.def)             Requested size: 598.95404pt x 777.40346pt.
File: 4-LaneEtAlPrivacyBigDataAndThePublicGood.pdf Graphic file (type pdf)

<use 4-LaneEtAlPrivacyBigDataAndThePublicGood.pdf, page 51>
Package pdftex.def Info: 4-LaneEtAlPrivacyBigDataAndThePublicGood.pdf, page51 u
sed on input line 181.
(pdftex.def)             Requested size: 598.95404pt x 777.40346pt.
File: 4-LaneEtAlPrivacyBigDataAndThePublicGood.pdf Graphic file (type pdf)

<use 4-LaneEtAlPrivacyBigDataAndThePublicGood.pdf, page 51>
Package pdftex.def Info: 4-LaneEtAlPrivacyBigDataAndThePublicGood.pdf, page51 u
sed on input line 181.
(pdftex.def)             Requested size: 598.95404pt x 777.40346pt.
 [781 <./4-LaneEtAlPrivacyBigDataAndThePublicGood.pdf>]

pdfTeX warning: pdflatex (file ./4-LaneEtAlPrivacyBigDataAndThePublicGood.pdf):
 PDF inclusion: found PDF version <1.6>, but at most version <1.5> allowed

<4-LaneEtAlPrivacyBigDataAndThePublicGood.pdf, id=5291, page=52, 611.76553pt x 
793.88593pt>
File: 4-LaneEtAlPrivacyBigDataAndThePublicGood.pdf Graphic file (type pdf)
 <use 4-LaneEtAlPrivacyBigDataAndThePublicGood.pdf, page 52>
Package pdftex.def Info: 4-LaneEtAlPrivacyBigDataAndThePublicGood.pdf, page52 u
sed on input line 181.
(pdftex.def)             Requested size: 598.24727pt x 776.34332pt.
File: 4-LaneEtAlPrivacyBigDataAndThePublicGood.pdf Graphic file (type pdf)

<use 4-LaneEtAlPrivacyBigDataAndThePublicGood.pdf, page 52>
Package pdftex.def Info: 4-LaneEtAlPrivacyBigDataAndThePublicGood.pdf, page52 u
sed on input line 181.
(pdftex.def)             Requested size: 598.24727pt x 776.34332pt.
File: 4-LaneEtAlPrivacyBigDataAndThePublicGood.pdf Graphic file (type pdf)

<use 4-LaneEtAlPrivacyBigDataAndThePublicGood.pdf, page 52>
Package pdftex.def Info: 4-LaneEtAlPrivacyBigDataAndThePublicGood.pdf, page52 u
sed on input line 181.
(pdftex.def)             Requested size: 598.24727pt x 776.34332pt.
 [782 <./4-LaneEtAlPrivacyBigDataAndThePublicGood.pdf>]

pdfTeX warning: pdflatex (file ./4-LaneEtAlPrivacyBigDataAndThePublicGood.pdf):
 PDF inclusion: found PDF version <1.6>, but at most version <1.5> allowed

<4-LaneEtAlPrivacyBigDataAndThePublicGood.pdf, id=5298, page=53, 612.48827pt x 
794.97pt>
File: 4-LaneEtAlPrivacyBigDataAndThePublicGood.pdf Graphic file (type pdf)
 <use 4-LaneEtAlPrivacyBigDataAndThePublicGood.pdf, page 53>
Package pdftex.def Info: 4-LaneEtAlPrivacyBigDataAndThePublicGood.pdf, page53 u
sed on input line 181.
(pdftex.def)             Requested size: 598.95404pt x 777.40346pt.
File: 4-LaneEtAlPrivacyBigDataAndThePublicGood.pdf Graphic file (type pdf)

<use 4-LaneEtAlPrivacyBigDataAndThePublicGood.pdf, page 53>
Package pdftex.def Info: 4-LaneEtAlPrivacyBigDataAndThePublicGood.pdf, page53 u
sed on input line 181.
(pdftex.def)             Requested size: 598.95404pt x 777.40346pt.
File: 4-LaneEtAlPrivacyBigDataAndThePublicGood.pdf Graphic file (type pdf)

<use 4-LaneEtAlPrivacyBigDataAndThePublicGood.pdf, page 53>
Package pdftex.def Info: 4-LaneEtAlPrivacyBigDataAndThePublicGood.pdf, page53 u
sed on input line 181.
(pdftex.def)             Requested size: 598.95404pt x 777.40346pt.
 [783 <./4-LaneEtAlPrivacyBigDataAndThePublicGood.pdf>]

pdfTeX warning: pdflatex (file ./4-LaneEtAlPrivacyBigDataAndThePublicGood.pdf):
 PDF inclusion: found PDF version <1.6>, but at most version <1.5> allowed

<4-LaneEtAlPrivacyBigDataAndThePublicGood.pdf, id=5310, page=54, 611.40419pt x 
793.16327pt>
File: 4-LaneEtAlPrivacyBigDataAndThePublicGood.pdf Graphic file (type pdf)
 <use 4-LaneEtAlPrivacyBigDataAndThePublicGood.pdf, page 54>
Package pdftex.def Info: 4-LaneEtAlPrivacyBigDataAndThePublicGood.pdf, page54 u
sed on input line 181.
(pdftex.def)             Requested size: 597.89389pt x 775.63664pt.
File: 4-LaneEtAlPrivacyBigDataAndThePublicGood.pdf Graphic file (type pdf)

<use 4-LaneEtAlPrivacyBigDataAndThePublicGood.pdf, page 54>
Package pdftex.def Info: 4-LaneEtAlPrivacyBigDataAndThePublicGood.pdf, page54 u
sed on input line 181.
(pdftex.def)             Requested size: 597.89389pt x 775.63664pt.
File: 4-LaneEtAlPrivacyBigDataAndThePublicGood.pdf Graphic file (type pdf)

<use 4-LaneEtAlPrivacyBigDataAndThePublicGood.pdf, page 54>
Package pdftex.def Info: 4-LaneEtAlPrivacyBigDataAndThePublicGood.pdf, page54 u
sed on input line 181.
(pdftex.def)             Requested size: 597.89389pt x 775.63664pt.
 [784 <./4-LaneEtAlPrivacyBigDataAndThePublicGood.pdf>]

pdfTeX warning: pdflatex (file ./4-LaneEtAlPrivacyBigDataAndThePublicGood.pdf):
 PDF inclusion: found PDF version <1.6>, but at most version <1.5> allowed

<4-LaneEtAlPrivacyBigDataAndThePublicGood.pdf, id=5320, page=55, 611.40419pt x 
794.97pt>
File: 4-LaneEtAlPrivacyBigDataAndThePublicGood.pdf Graphic file (type pdf)
 <use 4-LaneEtAlPrivacyBigDataAndThePublicGood.pdf, page 55>
Package pdftex.def Info: 4-LaneEtAlPrivacyBigDataAndThePublicGood.pdf, page55 u
sed on input line 181.
(pdftex.def)             Requested size: 597.89389pt x 777.40346pt.
File: 4-LaneEtAlPrivacyBigDataAndThePublicGood.pdf Graphic file (type pdf)

<use 4-LaneEtAlPrivacyBigDataAndThePublicGood.pdf, page 55>
Package pdftex.def Info: 4-LaneEtAlPrivacyBigDataAndThePublicGood.pdf, page55 u
sed on input line 181.
(pdftex.def)             Requested size: 597.89389pt x 777.40346pt.
File: 4-LaneEtAlPrivacyBigDataAndThePublicGood.pdf Graphic file (type pdf)

<use 4-LaneEtAlPrivacyBigDataAndThePublicGood.pdf, page 55>
Package pdftex.def Info: 4-LaneEtAlPrivacyBigDataAndThePublicGood.pdf, page55 u
sed on input line 181.
(pdftex.def)             Requested size: 597.89389pt x 777.40346pt.
 [785 <./4-LaneEtAlPrivacyBigDataAndThePublicGood.pdf>]

pdfTeX warning: pdflatex (file ./4-LaneEtAlPrivacyBigDataAndThePublicGood.pdf):
 PDF inclusion: found PDF version <1.6>, but at most version <1.5> allowed

<4-LaneEtAlPrivacyBigDataAndThePublicGood.pdf, id=5335, page=56, 611.40419pt x 
795.33133pt>
File: 4-LaneEtAlPrivacyBigDataAndThePublicGood.pdf Graphic file (type pdf)
 <use 4-LaneEtAlPrivacyBigDataAndThePublicGood.pdf, page 56>
Package pdftex.def Info: 4-LaneEtAlPrivacyBigDataAndThePublicGood.pdf, page56 u
sed on input line 181.
(pdftex.def)             Requested size: 597.89389pt x 777.75679pt.
File: 4-LaneEtAlPrivacyBigDataAndThePublicGood.pdf Graphic file (type pdf)

<use 4-LaneEtAlPrivacyBigDataAndThePublicGood.pdf, page 56>
Package pdftex.def Info: 4-LaneEtAlPrivacyBigDataAndThePublicGood.pdf, page56 u
sed on input line 181.
(pdftex.def)             Requested size: 597.89389pt x 777.75679pt.
File: 4-LaneEtAlPrivacyBigDataAndThePublicGood.pdf Graphic file (type pdf)

<use 4-LaneEtAlPrivacyBigDataAndThePublicGood.pdf, page 56>
Package pdftex.def Info: 4-LaneEtAlPrivacyBigDataAndThePublicGood.pdf, page56 u
sed on input line 181.
(pdftex.def)             Requested size: 597.89389pt x 777.75679pt.
 [786 <./4-LaneEtAlPrivacyBigDataAndThePublicGood.pdf>]

pdfTeX warning: pdflatex (file ./4-LaneEtAlPrivacyBigDataAndThePublicGood.pdf):
 PDF inclusion: found PDF version <1.6>, but at most version <1.5> allowed

<4-LaneEtAlPrivacyBigDataAndThePublicGood.pdf, id=5343, page=57, 613.57233pt x 
795.69267pt>
File: 4-LaneEtAlPrivacyBigDataAndThePublicGood.pdf Graphic file (type pdf)
 <use 4-LaneEtAlPrivacyBigDataAndThePublicGood.pdf, page 57>
Package pdftex.def Info: 4-LaneEtAlPrivacyBigDataAndThePublicGood.pdf, page57 u
sed on input line 181.
(pdftex.def)             Requested size: 600.01413pt x 778.11015pt.
File: 4-LaneEtAlPrivacyBigDataAndThePublicGood.pdf Graphic file (type pdf)

<use 4-LaneEtAlPrivacyBigDataAndThePublicGood.pdf, page 57>
Package pdftex.def Info: 4-LaneEtAlPrivacyBigDataAndThePublicGood.pdf, page57 u
sed on input line 181.
(pdftex.def)             Requested size: 600.01413pt x 778.11015pt.
File: 4-LaneEtAlPrivacyBigDataAndThePublicGood.pdf Graphic file (type pdf)

<use 4-LaneEtAlPrivacyBigDataAndThePublicGood.pdf, page 57>
Package pdftex.def Info: 4-LaneEtAlPrivacyBigDataAndThePublicGood.pdf, page57 u
sed on input line 181.
(pdftex.def)             Requested size: 600.01413pt x 778.11015pt.
 [787 <./4-LaneEtAlPrivacyBigDataAndThePublicGood.pdf>]

pdfTeX warning: pdflatex (file ./4-LaneEtAlPrivacyBigDataAndThePublicGood.pdf):
 PDF inclusion: found PDF version <1.6>, but at most version <1.5> allowed

<4-LaneEtAlPrivacyBigDataAndThePublicGood.pdf, id=5357, page=58, 612.48827pt x 
796.77673pt>
File: 4-LaneEtAlPrivacyBigDataAndThePublicGood.pdf Graphic file (type pdf)
 <use 4-LaneEtAlPrivacyBigDataAndThePublicGood.pdf, page 58>
Package pdftex.def Info: 4-LaneEtAlPrivacyBigDataAndThePublicGood.pdf, page58 u
sed on input line 181.
(pdftex.def)             Requested size: 598.95404pt x 779.17026pt.
File: 4-LaneEtAlPrivacyBigDataAndThePublicGood.pdf Graphic file (type pdf)

<use 4-LaneEtAlPrivacyBigDataAndThePublicGood.pdf, page 58>
Package pdftex.def Info: 4-LaneEtAlPrivacyBigDataAndThePublicGood.pdf, page58 u
sed on input line 181.
(pdftex.def)             Requested size: 598.95404pt x 779.17026pt.
File: 4-LaneEtAlPrivacyBigDataAndThePublicGood.pdf Graphic file (type pdf)

<use 4-LaneEtAlPrivacyBigDataAndThePublicGood.pdf, page 58>
Package pdftex.def Info: 4-LaneEtAlPrivacyBigDataAndThePublicGood.pdf, page58 u
sed on input line 181.
(pdftex.def)             Requested size: 598.95404pt x 779.17026pt.
 [788 <./4-LaneEtAlPrivacyBigDataAndThePublicGood.pdf>]

pdfTeX warning: pdflatex (file ./4-LaneEtAlPrivacyBigDataAndThePublicGood.pdf):
 PDF inclusion: found PDF version <1.6>, but at most version <1.5> allowed

<4-LaneEtAlPrivacyBigDataAndThePublicGood.pdf, id=5363, page=59, 612.12692pt x 
796.05406pt>
File: 4-LaneEtAlPrivacyBigDataAndThePublicGood.pdf Graphic file (type pdf)
 <use 4-LaneEtAlPrivacyBigDataAndThePublicGood.pdf, page 59>
Package pdftex.def Info: 4-LaneEtAlPrivacyBigDataAndThePublicGood.pdf, page59 u
sed on input line 181.
(pdftex.def)             Requested size: 598.60066pt x 778.46355pt.
File: 4-LaneEtAlPrivacyBigDataAndThePublicGood.pdf Graphic file (type pdf)

<use 4-LaneEtAlPrivacyBigDataAndThePublicGood.pdf, page 59>
Package pdftex.def Info: 4-LaneEtAlPrivacyBigDataAndThePublicGood.pdf, page59 u
sed on input line 181.
(pdftex.def)             Requested size: 598.60066pt x 778.46355pt.
File: 4-LaneEtAlPrivacyBigDataAndThePublicGood.pdf Graphic file (type pdf)

<use 4-LaneEtAlPrivacyBigDataAndThePublicGood.pdf, page 59>
Package pdftex.def Info: 4-LaneEtAlPrivacyBigDataAndThePublicGood.pdf, page59 u
sed on input line 181.
(pdftex.def)             Requested size: 598.60066pt x 778.46355pt.
 [789 <./4-LaneEtAlPrivacyBigDataAndThePublicGood.pdf>]

pdfTeX warning: pdflatex (file ./4-LaneEtAlPrivacyBigDataAndThePublicGood.pdf):
 PDF inclusion: found PDF version <1.6>, but at most version <1.5> allowed

<4-LaneEtAlPrivacyBigDataAndThePublicGood.pdf, id=5370, page=60, 612.12692pt x 
795.69267pt>
File: 4-LaneEtAlPrivacyBigDataAndThePublicGood.pdf Graphic file (type pdf)
 <use 4-LaneEtAlPrivacyBigDataAndThePublicGood.pdf, page 60>
Package pdftex.def Info: 4-LaneEtAlPrivacyBigDataAndThePublicGood.pdf, page60 u
sed on input line 181.
(pdftex.def)             Requested size: 598.60066pt x 778.11015pt.
File: 4-LaneEtAlPrivacyBigDataAndThePublicGood.pdf Graphic file (type pdf)

<use 4-LaneEtAlPrivacyBigDataAndThePublicGood.pdf, page 60>
Package pdftex.def Info: 4-LaneEtAlPrivacyBigDataAndThePublicGood.pdf, page60 u
sed on input line 181.
(pdftex.def)             Requested size: 598.60066pt x 778.11015pt.
File: 4-LaneEtAlPrivacyBigDataAndThePublicGood.pdf Graphic file (type pdf)

<use 4-LaneEtAlPrivacyBigDataAndThePublicGood.pdf, page 60>
Package pdftex.def Info: 4-LaneEtAlPrivacyBigDataAndThePublicGood.pdf, page60 u
sed on input line 181.
(pdftex.def)             Requested size: 598.60066pt x 778.11015pt.
 [790 <./4-LaneEtAlPrivacyBigDataAndThePublicGood.pdf>]

pdfTeX warning: pdflatex (file ./4-LaneEtAlPrivacyBigDataAndThePublicGood.pdf):
 PDF inclusion: found PDF version <1.6>, but at most version <1.5> allowed

<4-LaneEtAlPrivacyBigDataAndThePublicGood.pdf, id=5376, page=61, 612.12692pt x 
795.69267pt>
File: 4-LaneEtAlPrivacyBigDataAndThePublicGood.pdf Graphic file (type pdf)
 <use 4-LaneEtAlPrivacyBigDataAndThePublicGood.pdf, page 61>
Package pdftex.def Info: 4-LaneEtAlPrivacyBigDataAndThePublicGood.pdf, page61 u
sed on input line 181.
(pdftex.def)             Requested size: 598.60066pt x 778.11015pt.
File: 4-LaneEtAlPrivacyBigDataAndThePublicGood.pdf Graphic file (type pdf)

<use 4-LaneEtAlPrivacyBigDataAndThePublicGood.pdf, page 61>
Package pdftex.def Info: 4-LaneEtAlPrivacyBigDataAndThePublicGood.pdf, page61 u
sed on input line 181.
(pdftex.def)             Requested size: 598.60066pt x 778.11015pt.
File: 4-LaneEtAlPrivacyBigDataAndThePublicGood.pdf Graphic file (type pdf)

<use 4-LaneEtAlPrivacyBigDataAndThePublicGood.pdf, page 61>
Package pdftex.def Info: 4-LaneEtAlPrivacyBigDataAndThePublicGood.pdf, page61 u
sed on input line 181.
(pdftex.def)             Requested size: 598.60066pt x 778.11015pt.
 [791 <./4-LaneEtAlPrivacyBigDataAndThePublicGood.pdf>]

pdfTeX warning: pdflatex (file ./4-LaneEtAlPrivacyBigDataAndThePublicGood.pdf):
 PDF inclusion: found PDF version <1.6>, but at most version <1.5> allowed

<4-LaneEtAlPrivacyBigDataAndThePublicGood.pdf, id=5385, page=62, 612.48827pt x 
795.33133pt>
File: 4-LaneEtAlPrivacyBigDataAndThePublicGood.pdf Graphic file (type pdf)
 <use 4-LaneEtAlPrivacyBigDataAndThePublicGood.pdf, page 62>
Package pdftex.def Info: 4-LaneEtAlPrivacyBigDataAndThePublicGood.pdf, page62 u
sed on input line 181.
(pdftex.def)             Requested size: 598.95404pt x 777.75679pt.
File: 4-LaneEtAlPrivacyBigDataAndThePublicGood.pdf Graphic file (type pdf)

<use 4-LaneEtAlPrivacyBigDataAndThePublicGood.pdf, page 62>
Package pdftex.def Info: 4-LaneEtAlPrivacyBigDataAndThePublicGood.pdf, page62 u
sed on input line 181.
(pdftex.def)             Requested size: 598.95404pt x 777.75679pt.
File: 4-LaneEtAlPrivacyBigDataAndThePublicGood.pdf Graphic file (type pdf)

<use 4-LaneEtAlPrivacyBigDataAndThePublicGood.pdf, page 62>
Package pdftex.def Info: 4-LaneEtAlPrivacyBigDataAndThePublicGood.pdf, page62 u
sed on input line 181.
(pdftex.def)             Requested size: 598.95404pt x 777.75679pt.
 [792 <./4-LaneEtAlPrivacyBigDataAndThePublicGood.pdf>]

pdfTeX warning: pdflatex (file ./4-LaneEtAlPrivacyBigDataAndThePublicGood.pdf):
 PDF inclusion: found PDF version <1.6>, but at most version <1.5> allowed

<4-LaneEtAlPrivacyBigDataAndThePublicGood.pdf, id=5392, page=63, 612.48827pt x 
796.05406pt>
File: 4-LaneEtAlPrivacyBigDataAndThePublicGood.pdf Graphic file (type pdf)
 <use 4-LaneEtAlPrivacyBigDataAndThePublicGood.pdf, page 63>
Package pdftex.def Info: 4-LaneEtAlPrivacyBigDataAndThePublicGood.pdf, page63 u
sed on input line 181.
(pdftex.def)             Requested size: 598.95404pt x 778.46355pt.
File: 4-LaneEtAlPrivacyBigDataAndThePublicGood.pdf Graphic file (type pdf)

<use 4-LaneEtAlPrivacyBigDataAndThePublicGood.pdf, page 63>
Package pdftex.def Info: 4-LaneEtAlPrivacyBigDataAndThePublicGood.pdf, page63 u
sed on input line 181.
(pdftex.def)             Requested size: 598.95404pt x 778.46355pt.
File: 4-LaneEtAlPrivacyBigDataAndThePublicGood.pdf Graphic file (type pdf)

<use 4-LaneEtAlPrivacyBigDataAndThePublicGood.pdf, page 63>
Package pdftex.def Info: 4-LaneEtAlPrivacyBigDataAndThePublicGood.pdf, page63 u
sed on input line 181.
(pdftex.def)             Requested size: 598.95404pt x 778.46355pt.
 [793 <./4-LaneEtAlPrivacyBigDataAndThePublicGood.pdf>]

pdfTeX warning: pdflatex (file ./4-LaneEtAlPrivacyBigDataAndThePublicGood.pdf):
 PDF inclusion: found PDF version <1.6>, but at most version <1.5> allowed

<4-LaneEtAlPrivacyBigDataAndThePublicGood.pdf, id=5400, page=64, 611.76553pt x 
793.88593pt>
File: 4-LaneEtAlPrivacyBigDataAndThePublicGood.pdf Graphic file (type pdf)
 <use 4-LaneEtAlPrivacyBigDataAndThePublicGood.pdf, page 64>
Package pdftex.def Info: 4-LaneEtAlPrivacyBigDataAndThePublicGood.pdf, page64 u
sed on input line 181.
(pdftex.def)             Requested size: 598.24727pt x 776.34332pt.
File: 4-LaneEtAlPrivacyBigDataAndThePublicGood.pdf Graphic file (type pdf)

<use 4-LaneEtAlPrivacyBigDataAndThePublicGood.pdf, page 64>
Package pdftex.def Info: 4-LaneEtAlPrivacyBigDataAndThePublicGood.pdf, page64 u
sed on input line 181.
(pdftex.def)             Requested size: 598.24727pt x 776.34332pt.
File: 4-LaneEtAlPrivacyBigDataAndThePublicGood.pdf Graphic file (type pdf)

<use 4-LaneEtAlPrivacyBigDataAndThePublicGood.pdf, page 64>
Package pdftex.def Info: 4-LaneEtAlPrivacyBigDataAndThePublicGood.pdf, page64 u
sed on input line 181.
(pdftex.def)             Requested size: 598.24727pt x 776.34332pt.
 [794 <./4-LaneEtAlPrivacyBigDataAndThePublicGood.pdf>]

pdfTeX warning: pdflatex (file ./4-LaneEtAlPrivacyBigDataAndThePublicGood.pdf):
 PDF inclusion: found PDF version <1.6>, but at most version <1.5> allowed

<4-LaneEtAlPrivacyBigDataAndThePublicGood.pdf, id=5409, page=65, 612.48827pt x 
795.69267pt>
File: 4-LaneEtAlPrivacyBigDataAndThePublicGood.pdf Graphic file (type pdf)
 <use 4-LaneEtAlPrivacyBigDataAndThePublicGood.pdf, page 65>
Package pdftex.def Info: 4-LaneEtAlPrivacyBigDataAndThePublicGood.pdf, page65 u
sed on input line 181.
(pdftex.def)             Requested size: 598.95404pt x 778.11015pt.
File: 4-LaneEtAlPrivacyBigDataAndThePublicGood.pdf Graphic file (type pdf)

<use 4-LaneEtAlPrivacyBigDataAndThePublicGood.pdf, page 65>
Package pdftex.def Info: 4-LaneEtAlPrivacyBigDataAndThePublicGood.pdf, page65 u
sed on input line 181.
(pdftex.def)             Requested size: 598.95404pt x 778.11015pt.
File: 4-LaneEtAlPrivacyBigDataAndThePublicGood.pdf Graphic file (type pdf)

<use 4-LaneEtAlPrivacyBigDataAndThePublicGood.pdf, page 65>
Package pdftex.def Info: 4-LaneEtAlPrivacyBigDataAndThePublicGood.pdf, page65 u
sed on input line 181.
(pdftex.def)             Requested size: 598.95404pt x 778.11015pt.
 [795 <./4-LaneEtAlPrivacyBigDataAndThePublicGood.pdf>]

pdfTeX warning: pdflatex (file ./4-LaneEtAlPrivacyBigDataAndThePublicGood.pdf):
 PDF inclusion: found PDF version <1.6>, but at most version <1.5> allowed

<4-LaneEtAlPrivacyBigDataAndThePublicGood.pdf, id=5414, page=66, 612.12692pt x 
795.69267pt>
File: 4-LaneEtAlPrivacyBigDataAndThePublicGood.pdf Graphic file (type pdf)
 <use 4-LaneEtAlPrivacyBigDataAndThePublicGood.pdf, page 66>
Package pdftex.def Info: 4-LaneEtAlPrivacyBigDataAndThePublicGood.pdf, page66 u
sed on input line 181.
(pdftex.def)             Requested size: 598.60066pt x 778.11015pt.
File: 4-LaneEtAlPrivacyBigDataAndThePublicGood.pdf Graphic file (type pdf)

<use 4-LaneEtAlPrivacyBigDataAndThePublicGood.pdf, page 66>
Package pdftex.def Info: 4-LaneEtAlPrivacyBigDataAndThePublicGood.pdf, page66 u
sed on input line 181.
(pdftex.def)             Requested size: 598.60066pt x 778.11015pt.
File: 4-LaneEtAlPrivacyBigDataAndThePublicGood.pdf Graphic file (type pdf)

<use 4-LaneEtAlPrivacyBigDataAndThePublicGood.pdf, page 66>
Package pdftex.def Info: 4-LaneEtAlPrivacyBigDataAndThePublicGood.pdf, page66 u
sed on input line 181.
(pdftex.def)             Requested size: 598.60066pt x 778.11015pt.
 [796 <./4-LaneEtAlPrivacyBigDataAndThePublicGood.pdf>]

pdfTeX warning: pdflatex (file ./4-LaneEtAlPrivacyBigDataAndThePublicGood.pdf):
 PDF inclusion: found PDF version <1.6>, but at most version <1.5> allowed

<4-LaneEtAlPrivacyBigDataAndThePublicGood.pdf, id=5421, page=67, 612.12692pt x 
794.60866pt>
File: 4-LaneEtAlPrivacyBigDataAndThePublicGood.pdf Graphic file (type pdf)
 <use 4-LaneEtAlPrivacyBigDataAndThePublicGood.pdf, page 67>
Package pdftex.def Info: 4-LaneEtAlPrivacyBigDataAndThePublicGood.pdf, page67 u
sed on input line 181.
(pdftex.def)             Requested size: 598.60066pt x 777.05008pt.
File: 4-LaneEtAlPrivacyBigDataAndThePublicGood.pdf Graphic file (type pdf)

<use 4-LaneEtAlPrivacyBigDataAndThePublicGood.pdf, page 67>
Package pdftex.def Info: 4-LaneEtAlPrivacyBigDataAndThePublicGood.pdf, page67 u
sed on input line 181.
(pdftex.def)             Requested size: 598.60066pt x 777.05008pt.
File: 4-LaneEtAlPrivacyBigDataAndThePublicGood.pdf Graphic file (type pdf)

<use 4-LaneEtAlPrivacyBigDataAndThePublicGood.pdf, page 67>
Package pdftex.def Info: 4-LaneEtAlPrivacyBigDataAndThePublicGood.pdf, page67 u
sed on input line 181.
(pdftex.def)             Requested size: 598.60066pt x 777.05008pt.
 [797 <./4-LaneEtAlPrivacyBigDataAndThePublicGood.pdf>]

pdfTeX warning: pdflatex (file ./4-LaneEtAlPrivacyBigDataAndThePublicGood.pdf):
 PDF inclusion: found PDF version <1.6>, but at most version <1.5> allowed

<4-LaneEtAlPrivacyBigDataAndThePublicGood.pdf, id=5430, page=68, 611.40419pt x 
794.60866pt>
File: 4-LaneEtAlPrivacyBigDataAndThePublicGood.pdf Graphic file (type pdf)
 <use 4-LaneEtAlPrivacyBigDataAndThePublicGood.pdf, page 68>
Package pdftex.def Info: 4-LaneEtAlPrivacyBigDataAndThePublicGood.pdf, page68 u
sed on input line 181.
(pdftex.def)             Requested size: 597.89389pt x 777.05008pt.
File: 4-LaneEtAlPrivacyBigDataAndThePublicGood.pdf Graphic file (type pdf)

<use 4-LaneEtAlPrivacyBigDataAndThePublicGood.pdf, page 68>
Package pdftex.def Info: 4-LaneEtAlPrivacyBigDataAndThePublicGood.pdf, page68 u
sed on input line 181.
(pdftex.def)             Requested size: 597.89389pt x 777.05008pt.
File: 4-LaneEtAlPrivacyBigDataAndThePublicGood.pdf Graphic file (type pdf)

<use 4-LaneEtAlPrivacyBigDataAndThePublicGood.pdf, page 68>
Package pdftex.def Info: 4-LaneEtAlPrivacyBigDataAndThePublicGood.pdf, page68 u
sed on input line 181.
(pdftex.def)             Requested size: 597.89389pt x 777.05008pt.
 [798 <./4-LaneEtAlPrivacyBigDataAndThePublicGood.pdf>]

pdfTeX warning: pdflatex (file ./4-LaneEtAlPrivacyBigDataAndThePublicGood.pdf):
 PDF inclusion: found PDF version <1.6>, but at most version <1.5> allowed

<4-LaneEtAlPrivacyBigDataAndThePublicGood.pdf, id=5438, page=69, 612.8496pt x 7
96.05406pt>
File: 4-LaneEtAlPrivacyBigDataAndThePublicGood.pdf Graphic file (type pdf)
 <use 4-LaneEtAlPrivacyBigDataAndThePublicGood.pdf, page 69>
Package pdftex.def Info: 4-LaneEtAlPrivacyBigDataAndThePublicGood.pdf, page69 u
sed on input line 181.
(pdftex.def)             Requested size: 599.30736pt x 778.46355pt.
File: 4-LaneEtAlPrivacyBigDataAndThePublicGood.pdf Graphic file (type pdf)

<use 4-LaneEtAlPrivacyBigDataAndThePublicGood.pdf, page 69>
Package pdftex.def Info: 4-LaneEtAlPrivacyBigDataAndThePublicGood.pdf, page69 u
sed on input line 181.
(pdftex.def)             Requested size: 599.30736pt x 778.46355pt.
File: 4-LaneEtAlPrivacyBigDataAndThePublicGood.pdf Graphic file (type pdf)

<use 4-LaneEtAlPrivacyBigDataAndThePublicGood.pdf, page 69>
Package pdftex.def Info: 4-LaneEtAlPrivacyBigDataAndThePublicGood.pdf, page69 u
sed on input line 181.
(pdftex.def)             Requested size: 599.30736pt x 778.46355pt.
 [799 <./4-LaneEtAlPrivacyBigDataAndThePublicGood.pdf>]

pdfTeX warning: pdflatex (file ./4-LaneEtAlPrivacyBigDataAndThePublicGood.pdf):
 PDF inclusion: found PDF version <1.6>, but at most version <1.5> allowed

<4-LaneEtAlPrivacyBigDataAndThePublicGood.pdf, id=5447, page=70, 611.76553pt x 
794.97pt>
File: 4-LaneEtAlPrivacyBigDataAndThePublicGood.pdf Graphic file (type pdf)
 <use 4-LaneEtAlPrivacyBigDataAndThePublicGood.pdf, page 70>
Package pdftex.def Info: 4-LaneEtAlPrivacyBigDataAndThePublicGood.pdf, page70 u
sed on input line 181.
(pdftex.def)             Requested size: 598.24727pt x 777.40346pt.
File: 4-LaneEtAlPrivacyBigDataAndThePublicGood.pdf Graphic file (type pdf)

<use 4-LaneEtAlPrivacyBigDataAndThePublicGood.pdf, page 70>
Package pdftex.def Info: 4-LaneEtAlPrivacyBigDataAndThePublicGood.pdf, page70 u
sed on input line 181.
(pdftex.def)             Requested size: 598.24727pt x 777.40346pt.
File: 4-LaneEtAlPrivacyBigDataAndThePublicGood.pdf Graphic file (type pdf)

<use 4-LaneEtAlPrivacyBigDataAndThePublicGood.pdf, page 70>
Package pdftex.def Info: 4-LaneEtAlPrivacyBigDataAndThePublicGood.pdf, page70 u
sed on input line 181.
(pdftex.def)             Requested size: 598.24727pt x 777.40346pt.
 [800 <./4-LaneEtAlPrivacyBigDataAndThePublicGood.pdf>]

pdfTeX warning: pdflatex (file ./4-LaneEtAlPrivacyBigDataAndThePublicGood.pdf):
 PDF inclusion: found PDF version <1.6>, but at most version <1.5> allowed

<4-LaneEtAlPrivacyBigDataAndThePublicGood.pdf, id=5455, page=71, 612.12692pt x 
795.33133pt>
File: 4-LaneEtAlPrivacyBigDataAndThePublicGood.pdf Graphic file (type pdf)
 <use 4-LaneEtAlPrivacyBigDataAndThePublicGood.pdf, page 71>
Package pdftex.def Info: 4-LaneEtAlPrivacyBigDataAndThePublicGood.pdf, page71 u
sed on input line 181.
(pdftex.def)             Requested size: 598.60066pt x 777.75679pt.
File: 4-LaneEtAlPrivacyBigDataAndThePublicGood.pdf Graphic file (type pdf)

<use 4-LaneEtAlPrivacyBigDataAndThePublicGood.pdf, page 71>
Package pdftex.def Info: 4-LaneEtAlPrivacyBigDataAndThePublicGood.pdf, page71 u
sed on input line 181.
(pdftex.def)             Requested size: 598.60066pt x 777.75679pt.
File: 4-LaneEtAlPrivacyBigDataAndThePublicGood.pdf Graphic file (type pdf)

<use 4-LaneEtAlPrivacyBigDataAndThePublicGood.pdf, page 71>
Package pdftex.def Info: 4-LaneEtAlPrivacyBigDataAndThePublicGood.pdf, page71 u
sed on input line 181.
(pdftex.def)             Requested size: 598.60066pt x 777.75679pt.
 [801 <./4-LaneEtAlPrivacyBigDataAndThePublicGood.pdf>]

pdfTeX warning: pdflatex (file ./4-LaneEtAlPrivacyBigDataAndThePublicGood.pdf):
 PDF inclusion: found PDF version <1.6>, but at most version <1.5> allowed

<4-LaneEtAlPrivacyBigDataAndThePublicGood.pdf, id=5464, page=72, 612.12692pt x 
794.97pt>
File: 4-LaneEtAlPrivacyBigDataAndThePublicGood.pdf Graphic file (type pdf)
 <use 4-LaneEtAlPrivacyBigDataAndThePublicGood.pdf, page 72>
Package pdftex.def Info: 4-LaneEtAlPrivacyBigDataAndThePublicGood.pdf, page72 u
sed on input line 181.
(pdftex.def)             Requested size: 598.60066pt x 777.40346pt.
File: 4-LaneEtAlPrivacyBigDataAndThePublicGood.pdf Graphic file (type pdf)

<use 4-LaneEtAlPrivacyBigDataAndThePublicGood.pdf, page 72>
Package pdftex.def Info: 4-LaneEtAlPrivacyBigDataAndThePublicGood.pdf, page72 u
sed on input line 181.
(pdftex.def)             Requested size: 598.60066pt x 777.40346pt.
File: 4-LaneEtAlPrivacyBigDataAndThePublicGood.pdf Graphic file (type pdf)

<use 4-LaneEtAlPrivacyBigDataAndThePublicGood.pdf, page 72>
Package pdftex.def Info: 4-LaneEtAlPrivacyBigDataAndThePublicGood.pdf, page72 u
sed on input line 181.
(pdftex.def)             Requested size: 598.60066pt x 777.40346pt.
 [802 <./4-LaneEtAlPrivacyBigDataAndThePublicGood.pdf>]

pdfTeX warning: pdflatex (file ./4-LaneEtAlPrivacyBigDataAndThePublicGood.pdf):
 PDF inclusion: found PDF version <1.6>, but at most version <1.5> allowed

<4-LaneEtAlPrivacyBigDataAndThePublicGood.pdf, id=5471, page=73, 611.40419pt x 
794.97pt>
File: 4-LaneEtAlPrivacyBigDataAndThePublicGood.pdf Graphic file (type pdf)
 <use 4-LaneEtAlPrivacyBigDataAndThePublicGood.pdf, page 73>
Package pdftex.def Info: 4-LaneEtAlPrivacyBigDataAndThePublicGood.pdf, page73 u
sed on input line 181.
(pdftex.def)             Requested size: 597.89389pt x 777.40346pt.
File: 4-LaneEtAlPrivacyBigDataAndThePublicGood.pdf Graphic file (type pdf)

<use 4-LaneEtAlPrivacyBigDataAndThePublicGood.pdf, page 73>
Package pdftex.def Info: 4-LaneEtAlPrivacyBigDataAndThePublicGood.pdf, page73 u
sed on input line 181.
(pdftex.def)             Requested size: 597.89389pt x 777.40346pt.
File: 4-LaneEtAlPrivacyBigDataAndThePublicGood.pdf Graphic file (type pdf)

<use 4-LaneEtAlPrivacyBigDataAndThePublicGood.pdf, page 73>
Package pdftex.def Info: 4-LaneEtAlPrivacyBigDataAndThePublicGood.pdf, page73 u
sed on input line 181.
(pdftex.def)             Requested size: 597.89389pt x 777.40346pt.
 [803 <./4-LaneEtAlPrivacyBigDataAndThePublicGood.pdf>]

pdfTeX warning: pdflatex (file ./4-LaneEtAlPrivacyBigDataAndThePublicGood.pdf):
 PDF inclusion: found PDF version <1.6>, but at most version <1.5> allowed

<4-LaneEtAlPrivacyBigDataAndThePublicGood.pdf, id=5480, page=74, 612.12692pt x 
794.97pt>
File: 4-LaneEtAlPrivacyBigDataAndThePublicGood.pdf Graphic file (type pdf)
 <use 4-LaneEtAlPrivacyBigDataAndThePublicGood.pdf, page 74>
Package pdftex.def Info: 4-LaneEtAlPrivacyBigDataAndThePublicGood.pdf, page74 u
sed on input line 181.
(pdftex.def)             Requested size: 598.60066pt x 777.40346pt.
File: 4-LaneEtAlPrivacyBigDataAndThePublicGood.pdf Graphic file (type pdf)

<use 4-LaneEtAlPrivacyBigDataAndThePublicGood.pdf, page 74>
Package pdftex.def Info: 4-LaneEtAlPrivacyBigDataAndThePublicGood.pdf, page74 u
sed on input line 181.
(pdftex.def)             Requested size: 598.60066pt x 777.40346pt.
File: 4-LaneEtAlPrivacyBigDataAndThePublicGood.pdf Graphic file (type pdf)

<use 4-LaneEtAlPrivacyBigDataAndThePublicGood.pdf, page 74>
Package pdftex.def Info: 4-LaneEtAlPrivacyBigDataAndThePublicGood.pdf, page74 u
sed on input line 181.
(pdftex.def)             Requested size: 598.60066pt x 777.40346pt.
 [804 <./4-LaneEtAlPrivacyBigDataAndThePublicGood.pdf>]

pdfTeX warning: pdflatex (file ./4-LaneEtAlPrivacyBigDataAndThePublicGood.pdf):
 PDF inclusion: found PDF version <1.6>, but at most version <1.5> allowed

<4-LaneEtAlPrivacyBigDataAndThePublicGood.pdf, id=5486, page=75, 611.76553pt x 
796.05406pt>
File: 4-LaneEtAlPrivacyBigDataAndThePublicGood.pdf Graphic file (type pdf)
 <use 4-LaneEtAlPrivacyBigDataAndThePublicGood.pdf, page 75>
Package pdftex.def Info: 4-LaneEtAlPrivacyBigDataAndThePublicGood.pdf, page75 u
sed on input line 181.
(pdftex.def)             Requested size: 598.24727pt x 778.46355pt.
File: 4-LaneEtAlPrivacyBigDataAndThePublicGood.pdf Graphic file (type pdf)

<use 4-LaneEtAlPrivacyBigDataAndThePublicGood.pdf, page 75>
Package pdftex.def Info: 4-LaneEtAlPrivacyBigDataAndThePublicGood.pdf, page75 u
sed on input line 181.
(pdftex.def)             Requested size: 598.24727pt x 778.46355pt.
File: 4-LaneEtAlPrivacyBigDataAndThePublicGood.pdf Graphic file (type pdf)

<use 4-LaneEtAlPrivacyBigDataAndThePublicGood.pdf, page 75>
Package pdftex.def Info: 4-LaneEtAlPrivacyBigDataAndThePublicGood.pdf, page75 u
sed on input line 181.
(pdftex.def)             Requested size: 598.24727pt x 778.46355pt.
 [805 <./4-LaneEtAlPrivacyBigDataAndThePublicGood.pdf>]

pdfTeX warning: pdflatex (file ./4-LaneEtAlPrivacyBigDataAndThePublicGood.pdf):
 PDF inclusion: found PDF version <1.6>, but at most version <1.5> allowed

<4-LaneEtAlPrivacyBigDataAndThePublicGood.pdf, id=5495, page=76, 612.12692pt x 
793.88593pt>
File: 4-LaneEtAlPrivacyBigDataAndThePublicGood.pdf Graphic file (type pdf)
 <use 4-LaneEtAlPrivacyBigDataAndThePublicGood.pdf, page 76>
Package pdftex.def Info: 4-LaneEtAlPrivacyBigDataAndThePublicGood.pdf, page76 u
sed on input line 181.
(pdftex.def)             Requested size: 598.60066pt x 776.34332pt.
File: 4-LaneEtAlPrivacyBigDataAndThePublicGood.pdf Graphic file (type pdf)

<use 4-LaneEtAlPrivacyBigDataAndThePublicGood.pdf, page 76>
Package pdftex.def Info: 4-LaneEtAlPrivacyBigDataAndThePublicGood.pdf, page76 u
sed on input line 181.
(pdftex.def)             Requested size: 598.60066pt x 776.34332pt.
File: 4-LaneEtAlPrivacyBigDataAndThePublicGood.pdf Graphic file (type pdf)

<use 4-LaneEtAlPrivacyBigDataAndThePublicGood.pdf, page 76>
Package pdftex.def Info: 4-LaneEtAlPrivacyBigDataAndThePublicGood.pdf, page76 u
sed on input line 181.
(pdftex.def)             Requested size: 598.60066pt x 776.34332pt.
 [806 <./4-LaneEtAlPrivacyBigDataAndThePublicGood.pdf>]

pdfTeX warning: pdflatex (file ./4-LaneEtAlPrivacyBigDataAndThePublicGood.pdf):
 PDF inclusion: found PDF version <1.6>, but at most version <1.5> allowed

<4-LaneEtAlPrivacyBigDataAndThePublicGood.pdf, id=5501, page=77, 610.68152pt x 
794.60866pt>
File: 4-LaneEtAlPrivacyBigDataAndThePublicGood.pdf Graphic file (type pdf)
 <use 4-LaneEtAlPrivacyBigDataAndThePublicGood.pdf, page 77>
Package pdftex.def Info: 4-LaneEtAlPrivacyBigDataAndThePublicGood.pdf, page77 u
sed on input line 181.
(pdftex.def)             Requested size: 597.18723pt x 777.05008pt.
File: 4-LaneEtAlPrivacyBigDataAndThePublicGood.pdf Graphic file (type pdf)

<use 4-LaneEtAlPrivacyBigDataAndThePublicGood.pdf, page 77>
Package pdftex.def Info: 4-LaneEtAlPrivacyBigDataAndThePublicGood.pdf, page77 u
sed on input line 181.
(pdftex.def)             Requested size: 597.18723pt x 777.05008pt.
File: 4-LaneEtAlPrivacyBigDataAndThePublicGood.pdf Graphic file (type pdf)

<use 4-LaneEtAlPrivacyBigDataAndThePublicGood.pdf, page 77>
Package pdftex.def Info: 4-LaneEtAlPrivacyBigDataAndThePublicGood.pdf, page77 u
sed on input line 181.
(pdftex.def)             Requested size: 597.18723pt x 777.05008pt.
 [807 <./4-LaneEtAlPrivacyBigDataAndThePublicGood.pdf>]

pdfTeX warning: pdflatex (file ./4-LaneEtAlPrivacyBigDataAndThePublicGood.pdf):
 PDF inclusion: found PDF version <1.6>, but at most version <1.5> allowed

<4-LaneEtAlPrivacyBigDataAndThePublicGood.pdf, id=5511, page=78, 611.40419pt x 
792.80193pt>
File: 4-LaneEtAlPrivacyBigDataAndThePublicGood.pdf Graphic file (type pdf)
 <use 4-LaneEtAlPrivacyBigDataAndThePublicGood.pdf, page 78>
Package pdftex.def Info: 4-LaneEtAlPrivacyBigDataAndThePublicGood.pdf, page78 u
sed on input line 181.
(pdftex.def)             Requested size: 597.89389pt x 775.28328pt.
File: 4-LaneEtAlPrivacyBigDataAndThePublicGood.pdf Graphic file (type pdf)

<use 4-LaneEtAlPrivacyBigDataAndThePublicGood.pdf, page 78>
Package pdftex.def Info: 4-LaneEtAlPrivacyBigDataAndThePublicGood.pdf, page78 u
sed on input line 181.
(pdftex.def)             Requested size: 597.89389pt x 775.28328pt.
File: 4-LaneEtAlPrivacyBigDataAndThePublicGood.pdf Graphic file (type pdf)

<use 4-LaneEtAlPrivacyBigDataAndThePublicGood.pdf, page 78>
Package pdftex.def Info: 4-LaneEtAlPrivacyBigDataAndThePublicGood.pdf, page78 u
sed on input line 181.
(pdftex.def)             Requested size: 597.89389pt x 775.28328pt.
 [808 <./4-LaneEtAlPrivacyBigDataAndThePublicGood.pdf>]

pdfTeX warning: pdflatex (file ./4-LaneEtAlPrivacyBigDataAndThePublicGood.pdf):
 PDF inclusion: found PDF version <1.6>, but at most version <1.5> allowed

<4-LaneEtAlPrivacyBigDataAndThePublicGood.pdf, id=5521, page=79, 611.76553pt x 
794.24733pt>
File: 4-LaneEtAlPrivacyBigDataAndThePublicGood.pdf Graphic file (type pdf)
 <use 4-LaneEtAlPrivacyBigDataAndThePublicGood.pdf, page 79>
Package pdftex.def Info: 4-LaneEtAlPrivacyBigDataAndThePublicGood.pdf, page79 u
sed on input line 181.
(pdftex.def)             Requested size: 598.24727pt x 776.69675pt.
File: 4-LaneEtAlPrivacyBigDataAndThePublicGood.pdf Graphic file (type pdf)

<use 4-LaneEtAlPrivacyBigDataAndThePublicGood.pdf, page 79>
Package pdftex.def Info: 4-LaneEtAlPrivacyBigDataAndThePublicGood.pdf, page79 u
sed on input line 181.
(pdftex.def)             Requested size: 598.24727pt x 776.69675pt.
File: 4-LaneEtAlPrivacyBigDataAndThePublicGood.pdf Graphic file (type pdf)

<use 4-LaneEtAlPrivacyBigDataAndThePublicGood.pdf, page 79>
Package pdftex.def Info: 4-LaneEtAlPrivacyBigDataAndThePublicGood.pdf, page79 u
sed on input line 181.
(pdftex.def)             Requested size: 598.24727pt x 776.69675pt.
 [809 <./4-LaneEtAlPrivacyBigDataAndThePublicGood.pdf>]

pdfTeX warning: pdflatex (file ./4-LaneEtAlPrivacyBigDataAndThePublicGood.pdf):
 PDF inclusion: found PDF version <1.6>, but at most version <1.5> allowed

<4-LaneEtAlPrivacyBigDataAndThePublicGood.pdf, id=5530, page=80, 611.76553pt x 
794.24733pt>
File: 4-LaneEtAlPrivacyBigDataAndThePublicGood.pdf Graphic file (type pdf)
 <use 4-LaneEtAlPrivacyBigDataAndThePublicGood.pdf, page 80>
Package pdftex.def Info: 4-LaneEtAlPrivacyBigDataAndThePublicGood.pdf, page80 u
sed on input line 181.
(pdftex.def)             Requested size: 598.24727pt x 776.69675pt.
File: 4-LaneEtAlPrivacyBigDataAndThePublicGood.pdf Graphic file (type pdf)

<use 4-LaneEtAlPrivacyBigDataAndThePublicGood.pdf, page 80>
Package pdftex.def Info: 4-LaneEtAlPrivacyBigDataAndThePublicGood.pdf, page80 u
sed on input line 181.
(pdftex.def)             Requested size: 598.24727pt x 776.69675pt.
File: 4-LaneEtAlPrivacyBigDataAndThePublicGood.pdf Graphic file (type pdf)

<use 4-LaneEtAlPrivacyBigDataAndThePublicGood.pdf, page 80>
Package pdftex.def Info: 4-LaneEtAlPrivacyBigDataAndThePublicGood.pdf, page80 u
sed on input line 181.
(pdftex.def)             Requested size: 598.24727pt x 776.69675pt.
 [810 <./4-LaneEtAlPrivacyBigDataAndThePublicGood.pdf>]

pdfTeX warning: pdflatex (file ./4-LaneEtAlPrivacyBigDataAndThePublicGood.pdf):
 PDF inclusion: found PDF version <1.6>, but at most version <1.5> allowed

<4-LaneEtAlPrivacyBigDataAndThePublicGood.pdf, id=5537, page=81, 612.8496pt x 7
93.88593pt>
File: 4-LaneEtAlPrivacyBigDataAndThePublicGood.pdf Graphic file (type pdf)
 <use 4-LaneEtAlPrivacyBigDataAndThePublicGood.pdf, page 81>
Package pdftex.def Info: 4-LaneEtAlPrivacyBigDataAndThePublicGood.pdf, page81 u
sed on input line 181.
(pdftex.def)             Requested size: 599.30736pt x 776.34332pt.
File: 4-LaneEtAlPrivacyBigDataAndThePublicGood.pdf Graphic file (type pdf)

<use 4-LaneEtAlPrivacyBigDataAndThePublicGood.pdf, page 81>
Package pdftex.def Info: 4-LaneEtAlPrivacyBigDataAndThePublicGood.pdf, page81 u
sed on input line 181.
(pdftex.def)             Requested size: 599.30736pt x 776.34332pt.
File: 4-LaneEtAlPrivacyBigDataAndThePublicGood.pdf Graphic file (type pdf)

<use 4-LaneEtAlPrivacyBigDataAndThePublicGood.pdf, page 81>
Package pdftex.def Info: 4-LaneEtAlPrivacyBigDataAndThePublicGood.pdf, page81 u
sed on input line 181.
(pdftex.def)             Requested size: 599.30736pt x 776.34332pt.
 [811 <./4-LaneEtAlPrivacyBigDataAndThePublicGood.pdf>]

pdfTeX warning: pdflatex (file ./4-LaneEtAlPrivacyBigDataAndThePublicGood.pdf):
 PDF inclusion: found PDF version <1.6>, but at most version <1.5> allowed

<4-LaneEtAlPrivacyBigDataAndThePublicGood.pdf, id=5543, page=82, 611.76553pt x 
795.33133pt>
File: 4-LaneEtAlPrivacyBigDataAndThePublicGood.pdf Graphic file (type pdf)
 <use 4-LaneEtAlPrivacyBigDataAndThePublicGood.pdf, page 82>
Package pdftex.def Info: 4-LaneEtAlPrivacyBigDataAndThePublicGood.pdf, page82 u
sed on input line 181.
(pdftex.def)             Requested size: 598.24727pt x 777.75679pt.
File: 4-LaneEtAlPrivacyBigDataAndThePublicGood.pdf Graphic file (type pdf)

<use 4-LaneEtAlPrivacyBigDataAndThePublicGood.pdf, page 82>
Package pdftex.def Info: 4-LaneEtAlPrivacyBigDataAndThePublicGood.pdf, page82 u
sed on input line 181.
(pdftex.def)             Requested size: 598.24727pt x 777.75679pt.
File: 4-LaneEtAlPrivacyBigDataAndThePublicGood.pdf Graphic file (type pdf)

<use 4-LaneEtAlPrivacyBigDataAndThePublicGood.pdf, page 82>
Package pdftex.def Info: 4-LaneEtAlPrivacyBigDataAndThePublicGood.pdf, page82 u
sed on input line 181.
(pdftex.def)             Requested size: 598.24727pt x 777.75679pt.
 [812 <./4-LaneEtAlPrivacyBigDataAndThePublicGood.pdf>]

pdfTeX warning: pdflatex (file ./4-LaneEtAlPrivacyBigDataAndThePublicGood.pdf):
 PDF inclusion: found PDF version <1.6>, but at most version <1.5> allowed

<4-LaneEtAlPrivacyBigDataAndThePublicGood.pdf, id=5549, page=83, 611.76553pt x 
796.05406pt>
File: 4-LaneEtAlPrivacyBigDataAndThePublicGood.pdf Graphic file (type pdf)
 <use 4-LaneEtAlPrivacyBigDataAndThePublicGood.pdf, page 83>
Package pdftex.def Info: 4-LaneEtAlPrivacyBigDataAndThePublicGood.pdf, page83 u
sed on input line 181.
(pdftex.def)             Requested size: 598.24727pt x 778.46355pt.
File: 4-LaneEtAlPrivacyBigDataAndThePublicGood.pdf Graphic file (type pdf)

<use 4-LaneEtAlPrivacyBigDataAndThePublicGood.pdf, page 83>
Package pdftex.def Info: 4-LaneEtAlPrivacyBigDataAndThePublicGood.pdf, page83 u
sed on input line 181.
(pdftex.def)             Requested size: 598.24727pt x 778.46355pt.
File: 4-LaneEtAlPrivacyBigDataAndThePublicGood.pdf Graphic file (type pdf)

<use 4-LaneEtAlPrivacyBigDataAndThePublicGood.pdf, page 83>
Package pdftex.def Info: 4-LaneEtAlPrivacyBigDataAndThePublicGood.pdf, page83 u
sed on input line 181.
(pdftex.def)             Requested size: 598.24727pt x 778.46355pt.
 [813 <./4-LaneEtAlPrivacyBigDataAndThePublicGood.pdf>]

pdfTeX warning: pdflatex (file ./4-LaneEtAlPrivacyBigDataAndThePublicGood.pdf):
 PDF inclusion: found PDF version <1.6>, but at most version <1.5> allowed

<4-LaneEtAlPrivacyBigDataAndThePublicGood.pdf, id=5559, page=84, 612.8496pt x 7
95.69267pt>
File: 4-LaneEtAlPrivacyBigDataAndThePublicGood.pdf Graphic file (type pdf)
 <use 4-LaneEtAlPrivacyBigDataAndThePublicGood.pdf, page 84>
Package pdftex.def Info: 4-LaneEtAlPrivacyBigDataAndThePublicGood.pdf, page84 u
sed on input line 181.
(pdftex.def)             Requested size: 599.30736pt x 778.11015pt.
File: 4-LaneEtAlPrivacyBigDataAndThePublicGood.pdf Graphic file (type pdf)

<use 4-LaneEtAlPrivacyBigDataAndThePublicGood.pdf, page 84>
Package pdftex.def Info: 4-LaneEtAlPrivacyBigDataAndThePublicGood.pdf, page84 u
sed on input line 181.
(pdftex.def)             Requested size: 599.30736pt x 778.11015pt.
File: 4-LaneEtAlPrivacyBigDataAndThePublicGood.pdf Graphic file (type pdf)

<use 4-LaneEtAlPrivacyBigDataAndThePublicGood.pdf, page 84>
Package pdftex.def Info: 4-LaneEtAlPrivacyBigDataAndThePublicGood.pdf, page84 u
sed on input line 181.
(pdftex.def)             Requested size: 599.30736pt x 778.11015pt.
 [814 <./4-LaneEtAlPrivacyBigDataAndThePublicGood.pdf>]

pdfTeX warning: pdflatex (file ./4-LaneEtAlPrivacyBigDataAndThePublicGood.pdf):
 PDF inclusion: found PDF version <1.6>, but at most version <1.5> allowed

<4-LaneEtAlPrivacyBigDataAndThePublicGood.pdf, id=5569, page=85, 611.76553pt x 
795.69267pt>
File: 4-LaneEtAlPrivacyBigDataAndThePublicGood.pdf Graphic file (type pdf)
 <use 4-LaneEtAlPrivacyBigDataAndThePublicGood.pdf, page 85>
Package pdftex.def Info: 4-LaneEtAlPrivacyBigDataAndThePublicGood.pdf, page85 u
sed on input line 181.
(pdftex.def)             Requested size: 598.24727pt x 778.11015pt.
File: 4-LaneEtAlPrivacyBigDataAndThePublicGood.pdf Graphic file (type pdf)

<use 4-LaneEtAlPrivacyBigDataAndThePublicGood.pdf, page 85>
Package pdftex.def Info: 4-LaneEtAlPrivacyBigDataAndThePublicGood.pdf, page85 u
sed on input line 181.
(pdftex.def)             Requested size: 598.24727pt x 778.11015pt.
File: 4-LaneEtAlPrivacyBigDataAndThePublicGood.pdf Graphic file (type pdf)

<use 4-LaneEtAlPrivacyBigDataAndThePublicGood.pdf, page 85>
Package pdftex.def Info: 4-LaneEtAlPrivacyBigDataAndThePublicGood.pdf, page85 u
sed on input line 181.
(pdftex.def)             Requested size: 598.24727pt x 778.11015pt.
 [815 <./4-LaneEtAlPrivacyBigDataAndThePublicGood.pdf>]

pdfTeX warning: pdflatex (file ./4-LaneEtAlPrivacyBigDataAndThePublicGood.pdf):
 PDF inclusion: found PDF version <1.6>, but at most version <1.5> allowed

<4-LaneEtAlPrivacyBigDataAndThePublicGood.pdf, id=5578, page=86, 611.40419pt x 
794.97pt>
File: 4-LaneEtAlPrivacyBigDataAndThePublicGood.pdf Graphic file (type pdf)
 <use 4-LaneEtAlPrivacyBigDataAndThePublicGood.pdf, page 86>
Package pdftex.def Info: 4-LaneEtAlPrivacyBigDataAndThePublicGood.pdf, page86 u
sed on input line 181.
(pdftex.def)             Requested size: 597.89389pt x 777.40346pt.
File: 4-LaneEtAlPrivacyBigDataAndThePublicGood.pdf Graphic file (type pdf)

<use 4-LaneEtAlPrivacyBigDataAndThePublicGood.pdf, page 86>
Package pdftex.def Info: 4-LaneEtAlPrivacyBigDataAndThePublicGood.pdf, page86 u
sed on input line 181.
(pdftex.def)             Requested size: 597.89389pt x 777.40346pt.
File: 4-LaneEtAlPrivacyBigDataAndThePublicGood.pdf Graphic file (type pdf)

<use 4-LaneEtAlPrivacyBigDataAndThePublicGood.pdf, page 86>
Package pdftex.def Info: 4-LaneEtAlPrivacyBigDataAndThePublicGood.pdf, page86 u
sed on input line 181.
(pdftex.def)             Requested size: 597.89389pt x 777.40346pt.
 [816 <./4-LaneEtAlPrivacyBigDataAndThePublicGood.pdf>]

pdfTeX warning: pdflatex (file ./4-LaneEtAlPrivacyBigDataAndThePublicGood.pdf):
 PDF inclusion: found PDF version <1.6>, but at most version <1.5> allowed

<4-LaneEtAlPrivacyBigDataAndThePublicGood.pdf, id=5585, page=87, 611.40419pt x 
795.33133pt>
File: 4-LaneEtAlPrivacyBigDataAndThePublicGood.pdf Graphic file (type pdf)
 <use 4-LaneEtAlPrivacyBigDataAndThePublicGood.pdf, page 87>
Package pdftex.def Info: 4-LaneEtAlPrivacyBigDataAndThePublicGood.pdf, page87 u
sed on input line 181.
(pdftex.def)             Requested size: 597.89389pt x 777.75679pt.
File: 4-LaneEtAlPrivacyBigDataAndThePublicGood.pdf Graphic file (type pdf)

<use 4-LaneEtAlPrivacyBigDataAndThePublicGood.pdf, page 87>
Package pdftex.def Info: 4-LaneEtAlPrivacyBigDataAndThePublicGood.pdf, page87 u
sed on input line 181.
(pdftex.def)             Requested size: 597.89389pt x 777.75679pt.
File: 4-LaneEtAlPrivacyBigDataAndThePublicGood.pdf Graphic file (type pdf)

<use 4-LaneEtAlPrivacyBigDataAndThePublicGood.pdf, page 87>
Package pdftex.def Info: 4-LaneEtAlPrivacyBigDataAndThePublicGood.pdf, page87 u
sed on input line 181.
(pdftex.def)             Requested size: 597.89389pt x 777.75679pt.
 [817 <./4-LaneEtAlPrivacyBigDataAndThePublicGood.pdf>]

pdfTeX warning: pdflatex (file ./4-LaneEtAlPrivacyBigDataAndThePublicGood.pdf):
 PDF inclusion: found PDF version <1.6>, but at most version <1.5> allowed

<4-LaneEtAlPrivacyBigDataAndThePublicGood.pdf, id=5597, page=88, 611.04286pt x 
795.33133pt>
File: 4-LaneEtAlPrivacyBigDataAndThePublicGood.pdf Graphic file (type pdf)
 <use 4-LaneEtAlPrivacyBigDataAndThePublicGood.pdf, page 88>
Package pdftex.def Info: 4-LaneEtAlPrivacyBigDataAndThePublicGood.pdf, page88 u
sed on input line 181.
(pdftex.def)             Requested size: 597.54057pt x 777.75679pt.
File: 4-LaneEtAlPrivacyBigDataAndThePublicGood.pdf Graphic file (type pdf)

<use 4-LaneEtAlPrivacyBigDataAndThePublicGood.pdf, page 88>
Package pdftex.def Info: 4-LaneEtAlPrivacyBigDataAndThePublicGood.pdf, page88 u
sed on input line 181.
(pdftex.def)             Requested size: 597.54057pt x 777.75679pt.
File: 4-LaneEtAlPrivacyBigDataAndThePublicGood.pdf Graphic file (type pdf)

<use 4-LaneEtAlPrivacyBigDataAndThePublicGood.pdf, page 88>
Package pdftex.def Info: 4-LaneEtAlPrivacyBigDataAndThePublicGood.pdf, page88 u
sed on input line 181.
(pdftex.def)             Requested size: 597.54057pt x 777.75679pt.
 [818 <./4-LaneEtAlPrivacyBigDataAndThePublicGood.pdf>]

pdfTeX warning: pdflatex (file ./4-LaneEtAlPrivacyBigDataAndThePublicGood.pdf):
 PDF inclusion: found PDF version <1.6>, but at most version <1.5> allowed

<4-LaneEtAlPrivacyBigDataAndThePublicGood.pdf, id=5602, page=89, 611.04286pt x 
792.80193pt>
File: 4-LaneEtAlPrivacyBigDataAndThePublicGood.pdf Graphic file (type pdf)
 <use 4-LaneEtAlPrivacyBigDataAndThePublicGood.pdf, page 89>
Package pdftex.def Info: 4-LaneEtAlPrivacyBigDataAndThePublicGood.pdf, page89 u
sed on input line 181.
(pdftex.def)             Requested size: 597.54057pt x 775.28328pt.
File: 4-LaneEtAlPrivacyBigDataAndThePublicGood.pdf Graphic file (type pdf)

<use 4-LaneEtAlPrivacyBigDataAndThePublicGood.pdf, page 89>
Package pdftex.def Info: 4-LaneEtAlPrivacyBigDataAndThePublicGood.pdf, page89 u
sed on input line 181.
(pdftex.def)             Requested size: 597.54057pt x 775.28328pt.
File: 4-LaneEtAlPrivacyBigDataAndThePublicGood.pdf Graphic file (type pdf)

<use 4-LaneEtAlPrivacyBigDataAndThePublicGood.pdf, page 89>
Package pdftex.def Info: 4-LaneEtAlPrivacyBigDataAndThePublicGood.pdf, page89 u
sed on input line 181.
(pdftex.def)             Requested size: 597.54057pt x 775.28328pt.
 [819 <./4-LaneEtAlPrivacyBigDataAndThePublicGood.pdf>]

pdfTeX warning: pdflatex (file ./4-LaneEtAlPrivacyBigDataAndThePublicGood.pdf):
 PDF inclusion: found PDF version <1.6>, but at most version <1.5> allowed

<4-LaneEtAlPrivacyBigDataAndThePublicGood.pdf, id=5612, page=90, 611.04286pt x 
794.97pt>
File: 4-LaneEtAlPrivacyBigDataAndThePublicGood.pdf Graphic file (type pdf)
 <use 4-LaneEtAlPrivacyBigDataAndThePublicGood.pdf, page 90>
Package pdftex.def Info: 4-LaneEtAlPrivacyBigDataAndThePublicGood.pdf, page90 u
sed on input line 181.
(pdftex.def)             Requested size: 597.54057pt x 777.40346pt.
File: 4-LaneEtAlPrivacyBigDataAndThePublicGood.pdf Graphic file (type pdf)

<use 4-LaneEtAlPrivacyBigDataAndThePublicGood.pdf, page 90>
Package pdftex.def Info: 4-LaneEtAlPrivacyBigDataAndThePublicGood.pdf, page90 u
sed on input line 181.
(pdftex.def)             Requested size: 597.54057pt x 777.40346pt.
File: 4-LaneEtAlPrivacyBigDataAndThePublicGood.pdf Graphic file (type pdf)

<use 4-LaneEtAlPrivacyBigDataAndThePublicGood.pdf, page 90>
Package pdftex.def Info: 4-LaneEtAlPrivacyBigDataAndThePublicGood.pdf, page90 u
sed on input line 181.
(pdftex.def)             Requested size: 597.54057pt x 777.40346pt.
 [820 <./4-LaneEtAlPrivacyBigDataAndThePublicGood.pdf>]

pdfTeX warning: pdflatex (file ./4-LaneEtAlPrivacyBigDataAndThePublicGood.pdf):
 PDF inclusion: found PDF version <1.6>, but at most version <1.5> allowed

<4-LaneEtAlPrivacyBigDataAndThePublicGood.pdf, id=5620, page=91, 611.04286pt x 
793.16327pt>
File: 4-LaneEtAlPrivacyBigDataAndThePublicGood.pdf Graphic file (type pdf)
 <use 4-LaneEtAlPrivacyBigDataAndThePublicGood.pdf, page 91>
Package pdftex.def Info: 4-LaneEtAlPrivacyBigDataAndThePublicGood.pdf, page91 u
sed on input line 181.
(pdftex.def)             Requested size: 597.54057pt x 775.63664pt.
File: 4-LaneEtAlPrivacyBigDataAndThePublicGood.pdf Graphic file (type pdf)

<use 4-LaneEtAlPrivacyBigDataAndThePublicGood.pdf, page 91>
Package pdftex.def Info: 4-LaneEtAlPrivacyBigDataAndThePublicGood.pdf, page91 u
sed on input line 181.
(pdftex.def)             Requested size: 597.54057pt x 775.63664pt.
File: 4-LaneEtAlPrivacyBigDataAndThePublicGood.pdf Graphic file (type pdf)

<use 4-LaneEtAlPrivacyBigDataAndThePublicGood.pdf, page 91>
Package pdftex.def Info: 4-LaneEtAlPrivacyBigDataAndThePublicGood.pdf, page91 u
sed on input line 181.
(pdftex.def)             Requested size: 597.54057pt x 775.63664pt.
 [821 <./4-LaneEtAlPrivacyBigDataAndThePublicGood.pdf>]

pdfTeX warning: pdflatex (file ./4-LaneEtAlPrivacyBigDataAndThePublicGood.pdf):
 PDF inclusion: found PDF version <1.6>, but at most version <1.5> allowed

<4-LaneEtAlPrivacyBigDataAndThePublicGood.pdf, id=5629, page=92, 611.40419pt x 
794.24733pt>
File: 4-LaneEtAlPrivacyBigDataAndThePublicGood.pdf Graphic file (type pdf)
 <use 4-LaneEtAlPrivacyBigDataAndThePublicGood.pdf, page 92>
Package pdftex.def Info: 4-LaneEtAlPrivacyBigDataAndThePublicGood.pdf, page92 u
sed on input line 181.
(pdftex.def)             Requested size: 597.89389pt x 776.69675pt.
File: 4-LaneEtAlPrivacyBigDataAndThePublicGood.pdf Graphic file (type pdf)

<use 4-LaneEtAlPrivacyBigDataAndThePublicGood.pdf, page 92>
Package pdftex.def Info: 4-LaneEtAlPrivacyBigDataAndThePublicGood.pdf, page92 u
sed on input line 181.
(pdftex.def)             Requested size: 597.89389pt x 776.69675pt.
File: 4-LaneEtAlPrivacyBigDataAndThePublicGood.pdf Graphic file (type pdf)

<use 4-LaneEtAlPrivacyBigDataAndThePublicGood.pdf, page 92>
Package pdftex.def Info: 4-LaneEtAlPrivacyBigDataAndThePublicGood.pdf, page92 u
sed on input line 181.
(pdftex.def)             Requested size: 597.89389pt x 776.69675pt.
 [822 <./4-LaneEtAlPrivacyBigDataAndThePublicGood.pdf>]

pdfTeX warning: pdflatex (file ./4-LaneEtAlPrivacyBigDataAndThePublicGood.pdf):
 PDF inclusion: found PDF version <1.6>, but at most version <1.5> allowed

<4-LaneEtAlPrivacyBigDataAndThePublicGood.pdf, id=5636, page=93, 612.12692pt x 
794.60866pt>
File: 4-LaneEtAlPrivacyBigDataAndThePublicGood.pdf Graphic file (type pdf)
 <use 4-LaneEtAlPrivacyBigDataAndThePublicGood.pdf, page 93>
Package pdftex.def Info: 4-LaneEtAlPrivacyBigDataAndThePublicGood.pdf, page93 u
sed on input line 181.
(pdftex.def)             Requested size: 598.60066pt x 777.05008pt.
File: 4-LaneEtAlPrivacyBigDataAndThePublicGood.pdf Graphic file (type pdf)

<use 4-LaneEtAlPrivacyBigDataAndThePublicGood.pdf, page 93>
Package pdftex.def Info: 4-LaneEtAlPrivacyBigDataAndThePublicGood.pdf, page93 u
sed on input line 181.
(pdftex.def)             Requested size: 598.60066pt x 777.05008pt.
File: 4-LaneEtAlPrivacyBigDataAndThePublicGood.pdf Graphic file (type pdf)

<use 4-LaneEtAlPrivacyBigDataAndThePublicGood.pdf, page 93>
Package pdftex.def Info: 4-LaneEtAlPrivacyBigDataAndThePublicGood.pdf, page93 u
sed on input line 181.
(pdftex.def)             Requested size: 598.60066pt x 777.05008pt.
 [823 <./4-LaneEtAlPrivacyBigDataAndThePublicGood.pdf>]

pdfTeX warning: pdflatex (file ./4-LaneEtAlPrivacyBigDataAndThePublicGood.pdf):
 PDF inclusion: found PDF version <1.6>, but at most version <1.5> allowed

<4-LaneEtAlPrivacyBigDataAndThePublicGood.pdf, id=5643, page=94, 612.48827pt x 
795.33133pt>
File: 4-LaneEtAlPrivacyBigDataAndThePublicGood.pdf Graphic file (type pdf)
 <use 4-LaneEtAlPrivacyBigDataAndThePublicGood.pdf, page 94>
Package pdftex.def Info: 4-LaneEtAlPrivacyBigDataAndThePublicGood.pdf, page94 u
sed on input line 181.
(pdftex.def)             Requested size: 598.95404pt x 777.75679pt.
File: 4-LaneEtAlPrivacyBigDataAndThePublicGood.pdf Graphic file (type pdf)

<use 4-LaneEtAlPrivacyBigDataAndThePublicGood.pdf, page 94>
Package pdftex.def Info: 4-LaneEtAlPrivacyBigDataAndThePublicGood.pdf, page94 u
sed on input line 181.
(pdftex.def)             Requested size: 598.95404pt x 777.75679pt.
File: 4-LaneEtAlPrivacyBigDataAndThePublicGood.pdf Graphic file (type pdf)

<use 4-LaneEtAlPrivacyBigDataAndThePublicGood.pdf, page 94>
Package pdftex.def Info: 4-LaneEtAlPrivacyBigDataAndThePublicGood.pdf, page94 u
sed on input line 181.
(pdftex.def)             Requested size: 598.95404pt x 777.75679pt.
 [824 <./4-LaneEtAlPrivacyBigDataAndThePublicGood.pdf>]

pdfTeX warning: pdflatex (file ./4-LaneEtAlPrivacyBigDataAndThePublicGood.pdf):
 PDF inclusion: found PDF version <1.6>, but at most version <1.5> allowed

<4-LaneEtAlPrivacyBigDataAndThePublicGood.pdf, id=5651, page=95, 612.12692pt x 
795.69267pt>
File: 4-LaneEtAlPrivacyBigDataAndThePublicGood.pdf Graphic file (type pdf)
 <use 4-LaneEtAlPrivacyBigDataAndThePublicGood.pdf, page 95>
Package pdftex.def Info: 4-LaneEtAlPrivacyBigDataAndThePublicGood.pdf, page95 u
sed on input line 181.
(pdftex.def)             Requested size: 598.60066pt x 778.11015pt.
File: 4-LaneEtAlPrivacyBigDataAndThePublicGood.pdf Graphic file (type pdf)

<use 4-LaneEtAlPrivacyBigDataAndThePublicGood.pdf, page 95>
Package pdftex.def Info: 4-LaneEtAlPrivacyBigDataAndThePublicGood.pdf, page95 u
sed on input line 181.
(pdftex.def)             Requested size: 598.60066pt x 778.11015pt.
File: 4-LaneEtAlPrivacyBigDataAndThePublicGood.pdf Graphic file (type pdf)

<use 4-LaneEtAlPrivacyBigDataAndThePublicGood.pdf, page 95>
Package pdftex.def Info: 4-LaneEtAlPrivacyBigDataAndThePublicGood.pdf, page95 u
sed on input line 181.
(pdftex.def)             Requested size: 598.60066pt x 778.11015pt.
 [825 <./4-LaneEtAlPrivacyBigDataAndThePublicGood.pdf>]

pdfTeX warning: pdflatex (file ./4-LaneEtAlPrivacyBigDataAndThePublicGood.pdf):
 PDF inclusion: found PDF version <1.6>, but at most version <1.5> allowed

<4-LaneEtAlPrivacyBigDataAndThePublicGood.pdf, id=5656, page=96, 611.76553pt x 
794.60866pt>
File: 4-LaneEtAlPrivacyBigDataAndThePublicGood.pdf Graphic file (type pdf)
 <use 4-LaneEtAlPrivacyBigDataAndThePublicGood.pdf, page 96>
Package pdftex.def Info: 4-LaneEtAlPrivacyBigDataAndThePublicGood.pdf, page96 u
sed on input line 181.
(pdftex.def)             Requested size: 598.24727pt x 777.05008pt.
File: 4-LaneEtAlPrivacyBigDataAndThePublicGood.pdf Graphic file (type pdf)

<use 4-LaneEtAlPrivacyBigDataAndThePublicGood.pdf, page 96>
Package pdftex.def Info: 4-LaneEtAlPrivacyBigDataAndThePublicGood.pdf, page96 u
sed on input line 181.
(pdftex.def)             Requested size: 598.24727pt x 777.05008pt.
File: 4-LaneEtAlPrivacyBigDataAndThePublicGood.pdf Graphic file (type pdf)

<use 4-LaneEtAlPrivacyBigDataAndThePublicGood.pdf, page 96>
Package pdftex.def Info: 4-LaneEtAlPrivacyBigDataAndThePublicGood.pdf, page96 u
sed on input line 181.
(pdftex.def)             Requested size: 598.24727pt x 777.05008pt.
 [826 <./4-LaneEtAlPrivacyBigDataAndThePublicGood.pdf>]

pdfTeX warning: pdflatex (file ./4-LaneEtAlPrivacyBigDataAndThePublicGood.pdf):
 PDF inclusion: found PDF version <1.6>, but at most version <1.5> allowed

<4-LaneEtAlPrivacyBigDataAndThePublicGood.pdf, id=5661, page=97, 612.48827pt x 
794.60866pt>
File: 4-LaneEtAlPrivacyBigDataAndThePublicGood.pdf Graphic file (type pdf)
 <use 4-LaneEtAlPrivacyBigDataAndThePublicGood.pdf, page 97>
Package pdftex.def Info: 4-LaneEtAlPrivacyBigDataAndThePublicGood.pdf, page97 u
sed on input line 181.
(pdftex.def)             Requested size: 598.95404pt x 777.05008pt.
File: 4-LaneEtAlPrivacyBigDataAndThePublicGood.pdf Graphic file (type pdf)

<use 4-LaneEtAlPrivacyBigDataAndThePublicGood.pdf, page 97>
Package pdftex.def Info: 4-LaneEtAlPrivacyBigDataAndThePublicGood.pdf, page97 u
sed on input line 181.
(pdftex.def)             Requested size: 598.95404pt x 777.05008pt.
File: 4-LaneEtAlPrivacyBigDataAndThePublicGood.pdf Graphic file (type pdf)

<use 4-LaneEtAlPrivacyBigDataAndThePublicGood.pdf, page 97>
Package pdftex.def Info: 4-LaneEtAlPrivacyBigDataAndThePublicGood.pdf, page97 u
sed on input line 181.
(pdftex.def)             Requested size: 598.95404pt x 777.05008pt.
 [827 <./4-LaneEtAlPrivacyBigDataAndThePublicGood.pdf>]

pdfTeX warning: pdflatex (file ./4-LaneEtAlPrivacyBigDataAndThePublicGood.pdf):
 PDF inclusion: found PDF version <1.6>, but at most version <1.5> allowed

<4-LaneEtAlPrivacyBigDataAndThePublicGood.pdf, id=5668, page=98, 611.76553pt x 
794.24733pt>
File: 4-LaneEtAlPrivacyBigDataAndThePublicGood.pdf Graphic file (type pdf)
 <use 4-LaneEtAlPrivacyBigDataAndThePublicGood.pdf, page 98>
Package pdftex.def Info: 4-LaneEtAlPrivacyBigDataAndThePublicGood.pdf, page98 u
sed on input line 181.
(pdftex.def)             Requested size: 598.24727pt x 776.69675pt.
File: 4-LaneEtAlPrivacyBigDataAndThePublicGood.pdf Graphic file (type pdf)

<use 4-LaneEtAlPrivacyBigDataAndThePublicGood.pdf, page 98>
Package pdftex.def Info: 4-LaneEtAlPrivacyBigDataAndThePublicGood.pdf, page98 u
sed on input line 181.
(pdftex.def)             Requested size: 598.24727pt x 776.69675pt.
File: 4-LaneEtAlPrivacyBigDataAndThePublicGood.pdf Graphic file (type pdf)

<use 4-LaneEtAlPrivacyBigDataAndThePublicGood.pdf, page 98>
Package pdftex.def Info: 4-LaneEtAlPrivacyBigDataAndThePublicGood.pdf, page98 u
sed on input line 181.
(pdftex.def)             Requested size: 598.24727pt x 776.69675pt.
 [828 <./4-LaneEtAlPrivacyBigDataAndThePublicGood.pdf>]

pdfTeX warning: pdflatex (file ./4-LaneEtAlPrivacyBigDataAndThePublicGood.pdf):
 PDF inclusion: found PDF version <1.6>, but at most version <1.5> allowed

<4-LaneEtAlPrivacyBigDataAndThePublicGood.pdf, id=5675, page=99, 612.12692pt x 
795.33133pt>
File: 4-LaneEtAlPrivacyBigDataAndThePublicGood.pdf Graphic file (type pdf)
 <use 4-LaneEtAlPrivacyBigDataAndThePublicGood.pdf, page 99>
Package pdftex.def Info: 4-LaneEtAlPrivacyBigDataAndThePublicGood.pdf, page99 u
sed on input line 181.
(pdftex.def)             Requested size: 598.60066pt x 777.75679pt.
File: 4-LaneEtAlPrivacyBigDataAndThePublicGood.pdf Graphic file (type pdf)

<use 4-LaneEtAlPrivacyBigDataAndThePublicGood.pdf, page 99>
Package pdftex.def Info: 4-LaneEtAlPrivacyBigDataAndThePublicGood.pdf, page99 u
sed on input line 181.
(pdftex.def)             Requested size: 598.60066pt x 777.75679pt.
File: 4-LaneEtAlPrivacyBigDataAndThePublicGood.pdf Graphic file (type pdf)

<use 4-LaneEtAlPrivacyBigDataAndThePublicGood.pdf, page 99>
Package pdftex.def Info: 4-LaneEtAlPrivacyBigDataAndThePublicGood.pdf, page99 u
sed on input line 181.
(pdftex.def)             Requested size: 598.60066pt x 777.75679pt.
 [829 <./4-LaneEtAlPrivacyBigDataAndThePublicGood.pdf>]

pdfTeX warning: pdflatex (file ./4-LaneEtAlPrivacyBigDataAndThePublicGood.pdf):
 PDF inclusion: found PDF version <1.6>, but at most version <1.5> allowed

<4-LaneEtAlPrivacyBigDataAndThePublicGood.pdf, id=5686, page=100, 611.76553pt x
 794.24733pt>
File: 4-LaneEtAlPrivacyBigDataAndThePublicGood.pdf Graphic file (type pdf)
 <use 4-LaneEtAlPrivacyBigDataAndThePublicGood.pdf, page 100>
Package pdftex.def Info: 4-LaneEtAlPrivacyBigDataAndThePublicGood.pdf, page100 
used on input line 181.
(pdftex.def)             Requested size: 598.24727pt x 776.69675pt.
File: 4-LaneEtAlPrivacyBigDataAndThePublicGood.pdf Graphic file (type pdf)

<use 4-LaneEtAlPrivacyBigDataAndThePublicGood.pdf, page 100>
Package pdftex.def Info: 4-LaneEtAlPrivacyBigDataAndThePublicGood.pdf, page100 
used on input line 181.
(pdftex.def)             Requested size: 598.24727pt x 776.69675pt.
File: 4-LaneEtAlPrivacyBigDataAndThePublicGood.pdf Graphic file (type pdf)

<use 4-LaneEtAlPrivacyBigDataAndThePublicGood.pdf, page 100>
Package pdftex.def Info: 4-LaneEtAlPrivacyBigDataAndThePublicGood.pdf, page100 
used on input line 181.
(pdftex.def)             Requested size: 598.24727pt x 776.69675pt.
 [830 <./4-LaneEtAlPrivacyBigDataAndThePublicGood.pdf>]

pdfTeX warning: pdflatex (file ./4-LaneEtAlPrivacyBigDataAndThePublicGood.pdf):
 PDF inclusion: found PDF version <1.6>, but at most version <1.5> allowed

<4-LaneEtAlPrivacyBigDataAndThePublicGood.pdf, id=5694, page=101, 611.76553pt x
 794.24733pt>
File: 4-LaneEtAlPrivacyBigDataAndThePublicGood.pdf Graphic file (type pdf)
 <use 4-LaneEtAlPrivacyBigDataAndThePublicGood.pdf, page 101>
Package pdftex.def Info: 4-LaneEtAlPrivacyBigDataAndThePublicGood.pdf, page101 
used on input line 181.
(pdftex.def)             Requested size: 598.24727pt x 776.69675pt.
File: 4-LaneEtAlPrivacyBigDataAndThePublicGood.pdf Graphic file (type pdf)

<use 4-LaneEtAlPrivacyBigDataAndThePublicGood.pdf, page 101>
Package pdftex.def Info: 4-LaneEtAlPrivacyBigDataAndThePublicGood.pdf, page101 
used on input line 181.
(pdftex.def)             Requested size: 598.24727pt x 776.69675pt.
File: 4-LaneEtAlPrivacyBigDataAndThePublicGood.pdf Graphic file (type pdf)

<use 4-LaneEtAlPrivacyBigDataAndThePublicGood.pdf, page 101>
Package pdftex.def Info: 4-LaneEtAlPrivacyBigDataAndThePublicGood.pdf, page101 
used on input line 181.
(pdftex.def)             Requested size: 598.24727pt x 776.69675pt.
 [831 <./4-LaneEtAlPrivacyBigDataAndThePublicGood.pdf>]

pdfTeX warning: pdflatex (file ./4-LaneEtAlPrivacyBigDataAndThePublicGood.pdf):
 PDF inclusion: found PDF version <1.6>, but at most version <1.5> allowed

<4-LaneEtAlPrivacyBigDataAndThePublicGood.pdf, id=5701, page=102, 611.40419pt x
 792.44054pt>
File: 4-LaneEtAlPrivacyBigDataAndThePublicGood.pdf Graphic file (type pdf)
 <use 4-LaneEtAlPrivacyBigDataAndThePublicGood.pdf, page 102>
Package pdftex.def Info: 4-LaneEtAlPrivacyBigDataAndThePublicGood.pdf, page102 
used on input line 181.
(pdftex.def)             Requested size: 597.89389pt x 774.92989pt.
File: 4-LaneEtAlPrivacyBigDataAndThePublicGood.pdf Graphic file (type pdf)

<use 4-LaneEtAlPrivacyBigDataAndThePublicGood.pdf, page 102>
Package pdftex.def Info: 4-LaneEtAlPrivacyBigDataAndThePublicGood.pdf, page102 
used on input line 181.
(pdftex.def)             Requested size: 597.89389pt x 774.92989pt.
File: 4-LaneEtAlPrivacyBigDataAndThePublicGood.pdf Graphic file (type pdf)

<use 4-LaneEtAlPrivacyBigDataAndThePublicGood.pdf, page 102>
Package pdftex.def Info: 4-LaneEtAlPrivacyBigDataAndThePublicGood.pdf, page102 
used on input line 181.
(pdftex.def)             Requested size: 597.89389pt x 774.92989pt.
 [832 <./4-LaneEtAlPrivacyBigDataAndThePublicGood.pdf>]

pdfTeX warning: pdflatex (file ./4-LaneEtAlPrivacyBigDataAndThePublicGood.pdf):
 PDF inclusion: found PDF version <1.6>, but at most version <1.5> allowed

<4-LaneEtAlPrivacyBigDataAndThePublicGood.pdf, id=5706, page=103, 612.12692pt x
 793.88593pt>
File: 4-LaneEtAlPrivacyBigDataAndThePublicGood.pdf Graphic file (type pdf)
 <use 4-LaneEtAlPrivacyBigDataAndThePublicGood.pdf, page 103>
Package pdftex.def Info: 4-LaneEtAlPrivacyBigDataAndThePublicGood.pdf, page103 
used on input line 181.
(pdftex.def)             Requested size: 598.60066pt x 776.34332pt.
File: 4-LaneEtAlPrivacyBigDataAndThePublicGood.pdf Graphic file (type pdf)

<use 4-LaneEtAlPrivacyBigDataAndThePublicGood.pdf, page 103>
Package pdftex.def Info: 4-LaneEtAlPrivacyBigDataAndThePublicGood.pdf, page103 
used on input line 181.
(pdftex.def)             Requested size: 598.60066pt x 776.34332pt.
File: 4-LaneEtAlPrivacyBigDataAndThePublicGood.pdf Graphic file (type pdf)

<use 4-LaneEtAlPrivacyBigDataAndThePublicGood.pdf, page 103>
Package pdftex.def Info: 4-LaneEtAlPrivacyBigDataAndThePublicGood.pdf, page103 
used on input line 181.
(pdftex.def)             Requested size: 598.60066pt x 776.34332pt.
 [833 <./4-LaneEtAlPrivacyBigDataAndThePublicGood.pdf>]

pdfTeX warning: pdflatex (file ./4-LaneEtAlPrivacyBigDataAndThePublicGood.pdf):
 PDF inclusion: found PDF version <1.6>, but at most version <1.5> allowed

<4-LaneEtAlPrivacyBigDataAndThePublicGood.pdf, id=5711, page=104, 612.12692pt x
 793.88593pt>
File: 4-LaneEtAlPrivacyBigDataAndThePublicGood.pdf Graphic file (type pdf)
 <use 4-LaneEtAlPrivacyBigDataAndThePublicGood.pdf, page 104>
Package pdftex.def Info: 4-LaneEtAlPrivacyBigDataAndThePublicGood.pdf, page104 
used on input line 181.
(pdftex.def)             Requested size: 598.60066pt x 776.34332pt.
File: 4-LaneEtAlPrivacyBigDataAndThePublicGood.pdf Graphic file (type pdf)

<use 4-LaneEtAlPrivacyBigDataAndThePublicGood.pdf, page 104>
Package pdftex.def Info: 4-LaneEtAlPrivacyBigDataAndThePublicGood.pdf, page104 
used on input line 181.
(pdftex.def)             Requested size: 598.60066pt x 776.34332pt.
File: 4-LaneEtAlPrivacyBigDataAndThePublicGood.pdf Graphic file (type pdf)

<use 4-LaneEtAlPrivacyBigDataAndThePublicGood.pdf, page 104>
Package pdftex.def Info: 4-LaneEtAlPrivacyBigDataAndThePublicGood.pdf, page104 
used on input line 181.
(pdftex.def)             Requested size: 598.60066pt x 776.34332pt.
 [834 <./4-LaneEtAlPrivacyBigDataAndThePublicGood.pdf>]

pdfTeX warning: pdflatex (file ./4-LaneEtAlPrivacyBigDataAndThePublicGood.pdf):
 PDF inclusion: found PDF version <1.6>, but at most version <1.5> allowed

<4-LaneEtAlPrivacyBigDataAndThePublicGood.pdf, id=5719, page=105, 611.76553pt x
 795.33133pt>
File: 4-LaneEtAlPrivacyBigDataAndThePublicGood.pdf Graphic file (type pdf)
 <use 4-LaneEtAlPrivacyBigDataAndThePublicGood.pdf, page 105>
Package pdftex.def Info: 4-LaneEtAlPrivacyBigDataAndThePublicGood.pdf, page105 
used on input line 181.
(pdftex.def)             Requested size: 598.24727pt x 777.75679pt.
File: 4-LaneEtAlPrivacyBigDataAndThePublicGood.pdf Graphic file (type pdf)

<use 4-LaneEtAlPrivacyBigDataAndThePublicGood.pdf, page 105>
Package pdftex.def Info: 4-LaneEtAlPrivacyBigDataAndThePublicGood.pdf, page105 
used on input line 181.
(pdftex.def)             Requested size: 598.24727pt x 777.75679pt.
File: 4-LaneEtAlPrivacyBigDataAndThePublicGood.pdf Graphic file (type pdf)

<use 4-LaneEtAlPrivacyBigDataAndThePublicGood.pdf, page 105>
Package pdftex.def Info: 4-LaneEtAlPrivacyBigDataAndThePublicGood.pdf, page105 
used on input line 181.
(pdftex.def)             Requested size: 598.24727pt x 777.75679pt.
 [835 <./4-LaneEtAlPrivacyBigDataAndThePublicGood.pdf>]

pdfTeX warning: pdflatex (file ./4-LaneEtAlPrivacyBigDataAndThePublicGood.pdf):
 PDF inclusion: found PDF version <1.6>, but at most version <1.5> allowed

<4-LaneEtAlPrivacyBigDataAndThePublicGood.pdf, id=5730, page=106, 612.8496pt x 
795.69267pt>
File: 4-LaneEtAlPrivacyBigDataAndThePublicGood.pdf Graphic file (type pdf)
 <use 4-LaneEtAlPrivacyBigDataAndThePublicGood.pdf, page 106>
Package pdftex.def Info: 4-LaneEtAlPrivacyBigDataAndThePublicGood.pdf, page106 
used on input line 181.
(pdftex.def)             Requested size: 599.30736pt x 778.11015pt.
File: 4-LaneEtAlPrivacyBigDataAndThePublicGood.pdf Graphic file (type pdf)

<use 4-LaneEtAlPrivacyBigDataAndThePublicGood.pdf, page 106>
Package pdftex.def Info: 4-LaneEtAlPrivacyBigDataAndThePublicGood.pdf, page106 
used on input line 181.
(pdftex.def)             Requested size: 599.30736pt x 778.11015pt.
File: 4-LaneEtAlPrivacyBigDataAndThePublicGood.pdf Graphic file (type pdf)

<use 4-LaneEtAlPrivacyBigDataAndThePublicGood.pdf, page 106>
Package pdftex.def Info: 4-LaneEtAlPrivacyBigDataAndThePublicGood.pdf, page106 
used on input line 181.
(pdftex.def)             Requested size: 599.30736pt x 778.11015pt.
 [836 <./4-LaneEtAlPrivacyBigDataAndThePublicGood.pdf>]

pdfTeX warning: pdflatex (file ./4-LaneEtAlPrivacyBigDataAndThePublicGood.pdf):
 PDF inclusion: found PDF version <1.6>, but at most version <1.5> allowed

<4-LaneEtAlPrivacyBigDataAndThePublicGood.pdf, id=5738, page=107, 612.48827pt x
 794.97pt>
File: 4-LaneEtAlPrivacyBigDataAndThePublicGood.pdf Graphic file (type pdf)
 <use 4-LaneEtAlPrivacyBigDataAndThePublicGood.pdf, page 107>
Package pdftex.def Info: 4-LaneEtAlPrivacyBigDataAndThePublicGood.pdf, page107 
used on input line 181.
(pdftex.def)             Requested size: 598.95404pt x 777.40346pt.
File: 4-LaneEtAlPrivacyBigDataAndThePublicGood.pdf Graphic file (type pdf)

<use 4-LaneEtAlPrivacyBigDataAndThePublicGood.pdf, page 107>
Package pdftex.def Info: 4-LaneEtAlPrivacyBigDataAndThePublicGood.pdf, page107 
used on input line 181.
(pdftex.def)             Requested size: 598.95404pt x 777.40346pt.
File: 4-LaneEtAlPrivacyBigDataAndThePublicGood.pdf Graphic file (type pdf)

<use 4-LaneEtAlPrivacyBigDataAndThePublicGood.pdf, page 107>
Package pdftex.def Info: 4-LaneEtAlPrivacyBigDataAndThePublicGood.pdf, page107 
used on input line 181.
(pdftex.def)             Requested size: 598.95404pt x 777.40346pt.
 [837 <./4-LaneEtAlPrivacyBigDataAndThePublicGood.pdf>]

pdfTeX warning: pdflatex (file ./4-LaneEtAlPrivacyBigDataAndThePublicGood.pdf):
 PDF inclusion: found PDF version <1.6>, but at most version <1.5> allowed

<4-LaneEtAlPrivacyBigDataAndThePublicGood.pdf, id=5745, page=108, 612.12692pt x
 796.05406pt>
File: 4-LaneEtAlPrivacyBigDataAndThePublicGood.pdf Graphic file (type pdf)
 <use 4-LaneEtAlPrivacyBigDataAndThePublicGood.pdf, page 108>
Package pdftex.def Info: 4-LaneEtAlPrivacyBigDataAndThePublicGood.pdf, page108 
used on input line 181.
(pdftex.def)             Requested size: 598.60066pt x 778.46355pt.
File: 4-LaneEtAlPrivacyBigDataAndThePublicGood.pdf Graphic file (type pdf)

<use 4-LaneEtAlPrivacyBigDataAndThePublicGood.pdf, page 108>
Package pdftex.def Info: 4-LaneEtAlPrivacyBigDataAndThePublicGood.pdf, page108 
used on input line 181.
(pdftex.def)             Requested size: 598.60066pt x 778.46355pt.
File: 4-LaneEtAlPrivacyBigDataAndThePublicGood.pdf Graphic file (type pdf)

<use 4-LaneEtAlPrivacyBigDataAndThePublicGood.pdf, page 108>
Package pdftex.def Info: 4-LaneEtAlPrivacyBigDataAndThePublicGood.pdf, page108 
used on input line 181.
(pdftex.def)             Requested size: 598.60066pt x 778.46355pt.
 [838 <./4-LaneEtAlPrivacyBigDataAndThePublicGood.pdf>]

pdfTeX warning: pdflatex (file ./4-LaneEtAlPrivacyBigDataAndThePublicGood.pdf):
 PDF inclusion: found PDF version <1.6>, but at most version <1.5> allowed

<4-LaneEtAlPrivacyBigDataAndThePublicGood.pdf, id=5750, page=109, 612.48827pt x
 794.97pt>
File: 4-LaneEtAlPrivacyBigDataAndThePublicGood.pdf Graphic file (type pdf)
 <use 4-LaneEtAlPrivacyBigDataAndThePublicGood.pdf, page 109>
Package pdftex.def Info: 4-LaneEtAlPrivacyBigDataAndThePublicGood.pdf, page109 
used on input line 181.
(pdftex.def)             Requested size: 598.95404pt x 777.40346pt.
File: 4-LaneEtAlPrivacyBigDataAndThePublicGood.pdf Graphic file (type pdf)

<use 4-LaneEtAlPrivacyBigDataAndThePublicGood.pdf, page 109>
Package pdftex.def Info: 4-LaneEtAlPrivacyBigDataAndThePublicGood.pdf, page109 
used on input line 181.
(pdftex.def)             Requested size: 598.95404pt x 777.40346pt.
File: 4-LaneEtAlPrivacyBigDataAndThePublicGood.pdf Graphic file (type pdf)

<use 4-LaneEtAlPrivacyBigDataAndThePublicGood.pdf, page 109>
Package pdftex.def Info: 4-LaneEtAlPrivacyBigDataAndThePublicGood.pdf, page109 
used on input line 181.
(pdftex.def)             Requested size: 598.95404pt x 777.40346pt.
 [839 <./4-LaneEtAlPrivacyBigDataAndThePublicGood.pdf>]

pdfTeX warning: pdflatex (file ./4-LaneEtAlPrivacyBigDataAndThePublicGood.pdf):
 PDF inclusion: found PDF version <1.6>, but at most version <1.5> allowed

<4-LaneEtAlPrivacyBigDataAndThePublicGood.pdf, id=5758, page=110, 611.76553pt x
 795.33133pt>
File: 4-LaneEtAlPrivacyBigDataAndThePublicGood.pdf Graphic file (type pdf)
 <use 4-LaneEtAlPrivacyBigDataAndThePublicGood.pdf, page 110>
Package pdftex.def Info: 4-LaneEtAlPrivacyBigDataAndThePublicGood.pdf, page110 
used on input line 181.
(pdftex.def)             Requested size: 598.24727pt x 777.75679pt.
File: 4-LaneEtAlPrivacyBigDataAndThePublicGood.pdf Graphic file (type pdf)

<use 4-LaneEtAlPrivacyBigDataAndThePublicGood.pdf, page 110>
Package pdftex.def Info: 4-LaneEtAlPrivacyBigDataAndThePublicGood.pdf, page110 
used on input line 181.
(pdftex.def)             Requested size: 598.24727pt x 777.75679pt.
File: 4-LaneEtAlPrivacyBigDataAndThePublicGood.pdf Graphic file (type pdf)

<use 4-LaneEtAlPrivacyBigDataAndThePublicGood.pdf, page 110>
Package pdftex.def Info: 4-LaneEtAlPrivacyBigDataAndThePublicGood.pdf, page110 
used on input line 181.
(pdftex.def)             Requested size: 598.24727pt x 777.75679pt.
 [840 <./4-LaneEtAlPrivacyBigDataAndThePublicGood.pdf>]

pdfTeX warning: pdflatex (file ./4-LaneEtAlPrivacyBigDataAndThePublicGood.pdf):
 PDF inclusion: found PDF version <1.6>, but at most version <1.5> allowed

<4-LaneEtAlPrivacyBigDataAndThePublicGood.pdf, id=5766, page=111, 612.8496pt x 
794.97pt>
File: 4-LaneEtAlPrivacyBigDataAndThePublicGood.pdf Graphic file (type pdf)
 <use 4-LaneEtAlPrivacyBigDataAndThePublicGood.pdf, page 111>
Package pdftex.def Info: 4-LaneEtAlPrivacyBigDataAndThePublicGood.pdf, page111 
used on input line 181.
(pdftex.def)             Requested size: 599.30736pt x 777.40346pt.
File: 4-LaneEtAlPrivacyBigDataAndThePublicGood.pdf Graphic file (type pdf)

<use 4-LaneEtAlPrivacyBigDataAndThePublicGood.pdf, page 111>
Package pdftex.def Info: 4-LaneEtAlPrivacyBigDataAndThePublicGood.pdf, page111 
used on input line 181.
(pdftex.def)             Requested size: 599.30736pt x 777.40346pt.
File: 4-LaneEtAlPrivacyBigDataAndThePublicGood.pdf Graphic file (type pdf)

<use 4-LaneEtAlPrivacyBigDataAndThePublicGood.pdf, page 111>
Package pdftex.def Info: 4-LaneEtAlPrivacyBigDataAndThePublicGood.pdf, page111 
used on input line 181.
(pdftex.def)             Requested size: 599.30736pt x 777.40346pt.
 [841 <./4-LaneEtAlPrivacyBigDataAndThePublicGood.pdf>]

pdfTeX warning: pdflatex (file ./4-LaneEtAlPrivacyBigDataAndThePublicGood.pdf):
 PDF inclusion: found PDF version <1.6>, but at most version <1.5> allowed

<4-LaneEtAlPrivacyBigDataAndThePublicGood.pdf, id=5774, page=112, 611.76553pt x
 793.5246pt>
File: 4-LaneEtAlPrivacyBigDataAndThePublicGood.pdf Graphic file (type pdf)
 <use 4-LaneEtAlPrivacyBigDataAndThePublicGood.pdf, page 112>
Package pdftex.def Info: 4-LaneEtAlPrivacyBigDataAndThePublicGood.pdf, page112 
used on input line 181.
(pdftex.def)             Requested size: 598.24727pt x 775.98999pt.
File: 4-LaneEtAlPrivacyBigDataAndThePublicGood.pdf Graphic file (type pdf)

<use 4-LaneEtAlPrivacyBigDataAndThePublicGood.pdf, page 112>
Package pdftex.def Info: 4-LaneEtAlPrivacyBigDataAndThePublicGood.pdf, page112 
used on input line 181.
(pdftex.def)             Requested size: 598.24727pt x 775.98999pt.
File: 4-LaneEtAlPrivacyBigDataAndThePublicGood.pdf Graphic file (type pdf)

<use 4-LaneEtAlPrivacyBigDataAndThePublicGood.pdf, page 112>
Package pdftex.def Info: 4-LaneEtAlPrivacyBigDataAndThePublicGood.pdf, page112 
used on input line 181.
(pdftex.def)             Requested size: 598.24727pt x 775.98999pt.
 [842 <./4-LaneEtAlPrivacyBigDataAndThePublicGood.pdf>]

pdfTeX warning: pdflatex (file ./4-LaneEtAlPrivacyBigDataAndThePublicGood.pdf):
 PDF inclusion: found PDF version <1.6>, but at most version <1.5> allowed

<4-LaneEtAlPrivacyBigDataAndThePublicGood.pdf, id=5780, page=113, 611.40419pt x
 794.60866pt>
File: 4-LaneEtAlPrivacyBigDataAndThePublicGood.pdf Graphic file (type pdf)
 <use 4-LaneEtAlPrivacyBigDataAndThePublicGood.pdf, page 113>
Package pdftex.def Info: 4-LaneEtAlPrivacyBigDataAndThePublicGood.pdf, page113 
used on input line 181.
(pdftex.def)             Requested size: 597.89389pt x 777.05008pt.
File: 4-LaneEtAlPrivacyBigDataAndThePublicGood.pdf Graphic file (type pdf)

<use 4-LaneEtAlPrivacyBigDataAndThePublicGood.pdf, page 113>
Package pdftex.def Info: 4-LaneEtAlPrivacyBigDataAndThePublicGood.pdf, page113 
used on input line 181.
(pdftex.def)             Requested size: 597.89389pt x 777.05008pt.
File: 4-LaneEtAlPrivacyBigDataAndThePublicGood.pdf Graphic file (type pdf)

<use 4-LaneEtAlPrivacyBigDataAndThePublicGood.pdf, page 113>
Package pdftex.def Info: 4-LaneEtAlPrivacyBigDataAndThePublicGood.pdf, page113 
used on input line 181.
(pdftex.def)             Requested size: 597.89389pt x 777.05008pt.
 [843 <./4-LaneEtAlPrivacyBigDataAndThePublicGood.pdf>]

pdfTeX warning: pdflatex (file ./4-LaneEtAlPrivacyBigDataAndThePublicGood.pdf):
 PDF inclusion: found PDF version <1.6>, but at most version <1.5> allowed

<4-LaneEtAlPrivacyBigDataAndThePublicGood.pdf, id=5786, page=114, 612.8496pt x 
794.97pt>
File: 4-LaneEtAlPrivacyBigDataAndThePublicGood.pdf Graphic file (type pdf)
 <use 4-LaneEtAlPrivacyBigDataAndThePublicGood.pdf, page 114>
Package pdftex.def Info: 4-LaneEtAlPrivacyBigDataAndThePublicGood.pdf, page114 
used on input line 181.
(pdftex.def)             Requested size: 599.30736pt x 777.40346pt.
File: 4-LaneEtAlPrivacyBigDataAndThePublicGood.pdf Graphic file (type pdf)

<use 4-LaneEtAlPrivacyBigDataAndThePublicGood.pdf, page 114>
Package pdftex.def Info: 4-LaneEtAlPrivacyBigDataAndThePublicGood.pdf, page114 
used on input line 181.
(pdftex.def)             Requested size: 599.30736pt x 777.40346pt.
File: 4-LaneEtAlPrivacyBigDataAndThePublicGood.pdf Graphic file (type pdf)

<use 4-LaneEtAlPrivacyBigDataAndThePublicGood.pdf, page 114>
Package pdftex.def Info: 4-LaneEtAlPrivacyBigDataAndThePublicGood.pdf, page114 
used on input line 181.
(pdftex.def)             Requested size: 599.30736pt x 777.40346pt.
 [844 <./4-LaneEtAlPrivacyBigDataAndThePublicGood.pdf>]

pdfTeX warning: pdflatex (file ./4-LaneEtAlPrivacyBigDataAndThePublicGood.pdf):
 PDF inclusion: found PDF version <1.6>, but at most version <1.5> allowed

<4-LaneEtAlPrivacyBigDataAndThePublicGood.pdf, id=5792, page=115, 612.12692pt x
 794.24733pt>
File: 4-LaneEtAlPrivacyBigDataAndThePublicGood.pdf Graphic file (type pdf)
 <use 4-LaneEtAlPrivacyBigDataAndThePublicGood.pdf, page 115>
Package pdftex.def Info: 4-LaneEtAlPrivacyBigDataAndThePublicGood.pdf, page115 
used on input line 181.
(pdftex.def)             Requested size: 598.60066pt x 776.69675pt.
File: 4-LaneEtAlPrivacyBigDataAndThePublicGood.pdf Graphic file (type pdf)

<use 4-LaneEtAlPrivacyBigDataAndThePublicGood.pdf, page 115>
Package pdftex.def Info: 4-LaneEtAlPrivacyBigDataAndThePublicGood.pdf, page115 
used on input line 181.
(pdftex.def)             Requested size: 598.60066pt x 776.69675pt.
File: 4-LaneEtAlPrivacyBigDataAndThePublicGood.pdf Graphic file (type pdf)

<use 4-LaneEtAlPrivacyBigDataAndThePublicGood.pdf, page 115>
Package pdftex.def Info: 4-LaneEtAlPrivacyBigDataAndThePublicGood.pdf, page115 
used on input line 181.
(pdftex.def)             Requested size: 598.60066pt x 776.69675pt.
 [845 <./4-LaneEtAlPrivacyBigDataAndThePublicGood.pdf>]

pdfTeX warning: pdflatex (file ./4-LaneEtAlPrivacyBigDataAndThePublicGood.pdf):
 PDF inclusion: found PDF version <1.6>, but at most version <1.5> allowed

<4-LaneEtAlPrivacyBigDataAndThePublicGood.pdf, id=5799, page=116, 611.76553pt x
 794.60866pt>
File: 4-LaneEtAlPrivacyBigDataAndThePublicGood.pdf Graphic file (type pdf)
 <use 4-LaneEtAlPrivacyBigDataAndThePublicGood.pdf, page 116>
Package pdftex.def Info: 4-LaneEtAlPrivacyBigDataAndThePublicGood.pdf, page116 
used on input line 181.
(pdftex.def)             Requested size: 598.24727pt x 777.05008pt.
File: 4-LaneEtAlPrivacyBigDataAndThePublicGood.pdf Graphic file (type pdf)

<use 4-LaneEtAlPrivacyBigDataAndThePublicGood.pdf, page 116>
Package pdftex.def Info: 4-LaneEtAlPrivacyBigDataAndThePublicGood.pdf, page116 
used on input line 181.
(pdftex.def)             Requested size: 598.24727pt x 777.05008pt.
File: 4-LaneEtAlPrivacyBigDataAndThePublicGood.pdf Graphic file (type pdf)

<use 4-LaneEtAlPrivacyBigDataAndThePublicGood.pdf, page 116>
Package pdftex.def Info: 4-LaneEtAlPrivacyBigDataAndThePublicGood.pdf, page116 
used on input line 181.
(pdftex.def)             Requested size: 598.24727pt x 777.05008pt.
 [846 <./4-LaneEtAlPrivacyBigDataAndThePublicGood.pdf>]

pdfTeX warning: pdflatex (file ./4-LaneEtAlPrivacyBigDataAndThePublicGood.pdf):
 PDF inclusion: found PDF version <1.6>, but at most version <1.5> allowed

<4-LaneEtAlPrivacyBigDataAndThePublicGood.pdf, id=5806, page=117, 612.8496pt x 
796.4154pt>
File: 4-LaneEtAlPrivacyBigDataAndThePublicGood.pdf Graphic file (type pdf)
 <use 4-LaneEtAlPrivacyBigDataAndThePublicGood.pdf, page 117>
Package pdftex.def Info: 4-LaneEtAlPrivacyBigDataAndThePublicGood.pdf, page117 
used on input line 181.
(pdftex.def)             Requested size: 599.30736pt x 778.81693pt.
File: 4-LaneEtAlPrivacyBigDataAndThePublicGood.pdf Graphic file (type pdf)

<use 4-LaneEtAlPrivacyBigDataAndThePublicGood.pdf, page 117>
Package pdftex.def Info: 4-LaneEtAlPrivacyBigDataAndThePublicGood.pdf, page117 
used on input line 181.
(pdftex.def)             Requested size: 599.30736pt x 778.81693pt.
File: 4-LaneEtAlPrivacyBigDataAndThePublicGood.pdf Graphic file (type pdf)

<use 4-LaneEtAlPrivacyBigDataAndThePublicGood.pdf, page 117>
Package pdftex.def Info: 4-LaneEtAlPrivacyBigDataAndThePublicGood.pdf, page117 
used on input line 181.
(pdftex.def)             Requested size: 599.30736pt x 778.81693pt.
 [847 <./4-LaneEtAlPrivacyBigDataAndThePublicGood.pdf>]

pdfTeX warning: pdflatex (file ./4-LaneEtAlPrivacyBigDataAndThePublicGood.pdf):
 PDF inclusion: found PDF version <1.6>, but at most version <1.5> allowed

<4-LaneEtAlPrivacyBigDataAndThePublicGood.pdf, id=5813, page=118, 612.12692pt x
 795.69273pt>
File: 4-LaneEtAlPrivacyBigDataAndThePublicGood.pdf Graphic file (type pdf)
 <use 4-LaneEtAlPrivacyBigDataAndThePublicGood.pdf, page 118>
Package pdftex.def Info: 4-LaneEtAlPrivacyBigDataAndThePublicGood.pdf, page118 
used on input line 181.
(pdftex.def)             Requested size: 598.60066pt x 778.11021pt.
File: 4-LaneEtAlPrivacyBigDataAndThePublicGood.pdf Graphic file (type pdf)

<use 4-LaneEtAlPrivacyBigDataAndThePublicGood.pdf, page 118>
Package pdftex.def Info: 4-LaneEtAlPrivacyBigDataAndThePublicGood.pdf, page118 
used on input line 181.
(pdftex.def)             Requested size: 598.60066pt x 778.11021pt.
File: 4-LaneEtAlPrivacyBigDataAndThePublicGood.pdf Graphic file (type pdf)

<use 4-LaneEtAlPrivacyBigDataAndThePublicGood.pdf, page 118>
Package pdftex.def Info: 4-LaneEtAlPrivacyBigDataAndThePublicGood.pdf, page118 
used on input line 181.
(pdftex.def)             Requested size: 598.60066pt x 778.11021pt.
 [848 <./4-LaneEtAlPrivacyBigDataAndThePublicGood.pdf>]

pdfTeX warning: pdflatex (file ./4-LaneEtAlPrivacyBigDataAndThePublicGood.pdf):
 PDF inclusion: found PDF version <1.6>, but at most version <1.5> allowed

<4-LaneEtAlPrivacyBigDataAndThePublicGood.pdf, id=5820, page=119, 612.48827pt x
 795.33133pt>
File: 4-LaneEtAlPrivacyBigDataAndThePublicGood.pdf Graphic file (type pdf)
 <use 4-LaneEtAlPrivacyBigDataAndThePublicGood.pdf, page 119>
Package pdftex.def Info: 4-LaneEtAlPrivacyBigDataAndThePublicGood.pdf, page119 
used on input line 181.
(pdftex.def)             Requested size: 598.95404pt x 777.75679pt.
File: 4-LaneEtAlPrivacyBigDataAndThePublicGood.pdf Graphic file (type pdf)

<use 4-LaneEtAlPrivacyBigDataAndThePublicGood.pdf, page 119>
Package pdftex.def Info: 4-LaneEtAlPrivacyBigDataAndThePublicGood.pdf, page119 
used on input line 181.
(pdftex.def)             Requested size: 598.95404pt x 777.75679pt.
File: 4-LaneEtAlPrivacyBigDataAndThePublicGood.pdf Graphic file (type pdf)

<use 4-LaneEtAlPrivacyBigDataAndThePublicGood.pdf, page 119>
Package pdftex.def Info: 4-LaneEtAlPrivacyBigDataAndThePublicGood.pdf, page119 
used on input line 181.
(pdftex.def)             Requested size: 598.95404pt x 777.75679pt.
 [849 <./4-LaneEtAlPrivacyBigDataAndThePublicGood.pdf>]

pdfTeX warning: pdflatex (file ./4-LaneEtAlPrivacyBigDataAndThePublicGood.pdf):
 PDF inclusion: found PDF version <1.6>, but at most version <1.5> allowed

<4-LaneEtAlPrivacyBigDataAndThePublicGood.pdf, id=5828, page=120, 612.48827pt x
 794.97pt>
File: 4-LaneEtAlPrivacyBigDataAndThePublicGood.pdf Graphic file (type pdf)
 <use 4-LaneEtAlPrivacyBigDataAndThePublicGood.pdf, page 120>
Package pdftex.def Info: 4-LaneEtAlPrivacyBigDataAndThePublicGood.pdf, page120 
used on input line 181.
(pdftex.def)             Requested size: 598.95404pt x 777.40346pt.
File: 4-LaneEtAlPrivacyBigDataAndThePublicGood.pdf Graphic file (type pdf)

<use 4-LaneEtAlPrivacyBigDataAndThePublicGood.pdf, page 120>
Package pdftex.def Info: 4-LaneEtAlPrivacyBigDataAndThePublicGood.pdf, page120 
used on input line 181.
(pdftex.def)             Requested size: 598.95404pt x 777.40346pt.
File: 4-LaneEtAlPrivacyBigDataAndThePublicGood.pdf Graphic file (type pdf)

<use 4-LaneEtAlPrivacyBigDataAndThePublicGood.pdf, page 120>
Package pdftex.def Info: 4-LaneEtAlPrivacyBigDataAndThePublicGood.pdf, page120 
used on input line 181.
(pdftex.def)             Requested size: 598.95404pt x 777.40346pt.
 [850 <./4-LaneEtAlPrivacyBigDataAndThePublicGood.pdf>]

pdfTeX warning: pdflatex (file ./4-LaneEtAlPrivacyBigDataAndThePublicGood.pdf):
 PDF inclusion: found PDF version <1.6>, but at most version <1.5> allowed

<4-LaneEtAlPrivacyBigDataAndThePublicGood.pdf, id=5835, page=121, 612.12692pt x
 795.69267pt>
File: 4-LaneEtAlPrivacyBigDataAndThePublicGood.pdf Graphic file (type pdf)
 <use 4-LaneEtAlPrivacyBigDataAndThePublicGood.pdf, page 121>
Package pdftex.def Info: 4-LaneEtAlPrivacyBigDataAndThePublicGood.pdf, page121 
used on input line 181.
(pdftex.def)             Requested size: 598.60066pt x 778.11015pt.
File: 4-LaneEtAlPrivacyBigDataAndThePublicGood.pdf Graphic file (type pdf)

<use 4-LaneEtAlPrivacyBigDataAndThePublicGood.pdf, page 121>
Package pdftex.def Info: 4-LaneEtAlPrivacyBigDataAndThePublicGood.pdf, page121 
used on input line 181.
(pdftex.def)             Requested size: 598.60066pt x 778.11015pt.
File: 4-LaneEtAlPrivacyBigDataAndThePublicGood.pdf Graphic file (type pdf)

<use 4-LaneEtAlPrivacyBigDataAndThePublicGood.pdf, page 121>
Package pdftex.def Info: 4-LaneEtAlPrivacyBigDataAndThePublicGood.pdf, page121 
used on input line 181.
(pdftex.def)             Requested size: 598.60066pt x 778.11015pt.
 [851 <./4-LaneEtAlPrivacyBigDataAndThePublicGood.pdf>]

pdfTeX warning: pdflatex (file ./4-LaneEtAlPrivacyBigDataAndThePublicGood.pdf):
 PDF inclusion: found PDF version <1.6>, but at most version <1.5> allowed

<4-LaneEtAlPrivacyBigDataAndThePublicGood.pdf, id=5847, page=122, 612.8496pt x 
795.69267pt>
File: 4-LaneEtAlPrivacyBigDataAndThePublicGood.pdf Graphic file (type pdf)
 <use 4-LaneEtAlPrivacyBigDataAndThePublicGood.pdf, page 122>
Package pdftex.def Info: 4-LaneEtAlPrivacyBigDataAndThePublicGood.pdf, page122 
used on input line 181.
(pdftex.def)             Requested size: 599.30736pt x 778.11015pt.
File: 4-LaneEtAlPrivacyBigDataAndThePublicGood.pdf Graphic file (type pdf)

<use 4-LaneEtAlPrivacyBigDataAndThePublicGood.pdf, page 122>
Package pdftex.def Info: 4-LaneEtAlPrivacyBigDataAndThePublicGood.pdf, page122 
used on input line 181.
(pdftex.def)             Requested size: 599.30736pt x 778.11015pt.
File: 4-LaneEtAlPrivacyBigDataAndThePublicGood.pdf Graphic file (type pdf)

<use 4-LaneEtAlPrivacyBigDataAndThePublicGood.pdf, page 122>
Package pdftex.def Info: 4-LaneEtAlPrivacyBigDataAndThePublicGood.pdf, page122 
used on input line 181.
(pdftex.def)             Requested size: 599.30736pt x 778.11015pt.
 [852 <./4-LaneEtAlPrivacyBigDataAndThePublicGood.pdf>]

pdfTeX warning: pdflatex (file ./4-LaneEtAlPrivacyBigDataAndThePublicGood.pdf):
 PDF inclusion: found PDF version <1.6>, but at most version <1.5> allowed

<4-LaneEtAlPrivacyBigDataAndThePublicGood.pdf, id=5856, page=123, 611.76553pt x
 794.97pt>
File: 4-LaneEtAlPrivacyBigDataAndThePublicGood.pdf Graphic file (type pdf)
 <use 4-LaneEtAlPrivacyBigDataAndThePublicGood.pdf, page 123>
Package pdftex.def Info: 4-LaneEtAlPrivacyBigDataAndThePublicGood.pdf, page123 
used on input line 181.
(pdftex.def)             Requested size: 598.24727pt x 777.40346pt.
File: 4-LaneEtAlPrivacyBigDataAndThePublicGood.pdf Graphic file (type pdf)

<use 4-LaneEtAlPrivacyBigDataAndThePublicGood.pdf, page 123>
Package pdftex.def Info: 4-LaneEtAlPrivacyBigDataAndThePublicGood.pdf, page123 
used on input line 181.
(pdftex.def)             Requested size: 598.24727pt x 777.40346pt.
File: 4-LaneEtAlPrivacyBigDataAndThePublicGood.pdf Graphic file (type pdf)

<use 4-LaneEtAlPrivacyBigDataAndThePublicGood.pdf, page 123>
Package pdftex.def Info: 4-LaneEtAlPrivacyBigDataAndThePublicGood.pdf, page123 
used on input line 181.
(pdftex.def)             Requested size: 598.24727pt x 777.40346pt.
 [853 <./4-LaneEtAlPrivacyBigDataAndThePublicGood.pdf>]

pdfTeX warning: pdflatex (file ./4-LaneEtAlPrivacyBigDataAndThePublicGood.pdf):
 PDF inclusion: found PDF version <1.6>, but at most version <1.5> allowed

<4-LaneEtAlPrivacyBigDataAndThePublicGood.pdf, id=5868, page=124, 611.76553pt x
 793.5246pt>
File: 4-LaneEtAlPrivacyBigDataAndThePublicGood.pdf Graphic file (type pdf)
 <use 4-LaneEtAlPrivacyBigDataAndThePublicGood.pdf, page 124>
Package pdftex.def Info: 4-LaneEtAlPrivacyBigDataAndThePublicGood.pdf, page124 
used on input line 181.
(pdftex.def)             Requested size: 598.24727pt x 775.98999pt.
File: 4-LaneEtAlPrivacyBigDataAndThePublicGood.pdf Graphic file (type pdf)

<use 4-LaneEtAlPrivacyBigDataAndThePublicGood.pdf, page 124>
Package pdftex.def Info: 4-LaneEtAlPrivacyBigDataAndThePublicGood.pdf, page124 
used on input line 181.
(pdftex.def)             Requested size: 598.24727pt x 775.98999pt.
File: 4-LaneEtAlPrivacyBigDataAndThePublicGood.pdf Graphic file (type pdf)

<use 4-LaneEtAlPrivacyBigDataAndThePublicGood.pdf, page 124>
Package pdftex.def Info: 4-LaneEtAlPrivacyBigDataAndThePublicGood.pdf, page124 
used on input line 181.
(pdftex.def)             Requested size: 598.24727pt x 775.98999pt.
 [854 <./4-LaneEtAlPrivacyBigDataAndThePublicGood.pdf>]

pdfTeX warning: pdflatex (file ./4-LaneEtAlPrivacyBigDataAndThePublicGood.pdf):
 PDF inclusion: found PDF version <1.6>, but at most version <1.5> allowed

<4-LaneEtAlPrivacyBigDataAndThePublicGood.pdf, id=5874, page=125, 611.04286pt x
 795.33133pt>
File: 4-LaneEtAlPrivacyBigDataAndThePublicGood.pdf Graphic file (type pdf)
 <use 4-LaneEtAlPrivacyBigDataAndThePublicGood.pdf, page 125>
Package pdftex.def Info: 4-LaneEtAlPrivacyBigDataAndThePublicGood.pdf, page125 
used on input line 181.
(pdftex.def)             Requested size: 597.54057pt x 777.75679pt.
File: 4-LaneEtAlPrivacyBigDataAndThePublicGood.pdf Graphic file (type pdf)

<use 4-LaneEtAlPrivacyBigDataAndThePublicGood.pdf, page 125>
Package pdftex.def Info: 4-LaneEtAlPrivacyBigDataAndThePublicGood.pdf, page125 
used on input line 181.
(pdftex.def)             Requested size: 597.54057pt x 777.75679pt.
File: 4-LaneEtAlPrivacyBigDataAndThePublicGood.pdf Graphic file (type pdf)

<use 4-LaneEtAlPrivacyBigDataAndThePublicGood.pdf, page 125>
Package pdftex.def Info: 4-LaneEtAlPrivacyBigDataAndThePublicGood.pdf, page125 
used on input line 181.
(pdftex.def)             Requested size: 597.54057pt x 777.75679pt.
 [855 <./4-LaneEtAlPrivacyBigDataAndThePublicGood.pdf>]

pdfTeX warning: pdflatex (file ./4-LaneEtAlPrivacyBigDataAndThePublicGood.pdf):
 PDF inclusion: found PDF version <1.6>, but at most version <1.5> allowed

<4-LaneEtAlPrivacyBigDataAndThePublicGood.pdf, id=5880, page=126, 610.68152pt x
 795.33133pt>
File: 4-LaneEtAlPrivacyBigDataAndThePublicGood.pdf Graphic file (type pdf)
 <use 4-LaneEtAlPrivacyBigDataAndThePublicGood.pdf, page 126>
Package pdftex.def Info: 4-LaneEtAlPrivacyBigDataAndThePublicGood.pdf, page126 
used on input line 181.
(pdftex.def)             Requested size: 597.18723pt x 777.75679pt.
File: 4-LaneEtAlPrivacyBigDataAndThePublicGood.pdf Graphic file (type pdf)

<use 4-LaneEtAlPrivacyBigDataAndThePublicGood.pdf, page 126>
Package pdftex.def Info: 4-LaneEtAlPrivacyBigDataAndThePublicGood.pdf, page126 
used on input line 181.
(pdftex.def)             Requested size: 597.18723pt x 777.75679pt.
File: 4-LaneEtAlPrivacyBigDataAndThePublicGood.pdf Graphic file (type pdf)

<use 4-LaneEtAlPrivacyBigDataAndThePublicGood.pdf, page 126>
Package pdftex.def Info: 4-LaneEtAlPrivacyBigDataAndThePublicGood.pdf, page126 
used on input line 181.
(pdftex.def)             Requested size: 597.18723pt x 777.75679pt.
 [856 <./4-LaneEtAlPrivacyBigDataAndThePublicGood.pdf>]

pdfTeX warning: pdflatex (file ./4-LaneEtAlPrivacyBigDataAndThePublicGood.pdf):
 PDF inclusion: found PDF version <1.6>, but at most version <1.5> allowed

<4-LaneEtAlPrivacyBigDataAndThePublicGood.pdf, id=5885, page=127, 611.40419pt x
 794.97pt>
File: 4-LaneEtAlPrivacyBigDataAndThePublicGood.pdf Graphic file (type pdf)
 <use 4-LaneEtAlPrivacyBigDataAndThePublicGood.pdf, page 127>
Package pdftex.def Info: 4-LaneEtAlPrivacyBigDataAndThePublicGood.pdf, page127 
used on input line 181.
(pdftex.def)             Requested size: 597.89389pt x 777.40346pt.
File: 4-LaneEtAlPrivacyBigDataAndThePublicGood.pdf Graphic file (type pdf)

<use 4-LaneEtAlPrivacyBigDataAndThePublicGood.pdf, page 127>
Package pdftex.def Info: 4-LaneEtAlPrivacyBigDataAndThePublicGood.pdf, page127 
used on input line 181.
(pdftex.def)             Requested size: 597.89389pt x 777.40346pt.
File: 4-LaneEtAlPrivacyBigDataAndThePublicGood.pdf Graphic file (type pdf)

<use 4-LaneEtAlPrivacyBigDataAndThePublicGood.pdf, page 127>
Package pdftex.def Info: 4-LaneEtAlPrivacyBigDataAndThePublicGood.pdf, page127 
used on input line 181.
(pdftex.def)             Requested size: 597.89389pt x 777.40346pt.
 [857 <./4-LaneEtAlPrivacyBigDataAndThePublicGood.pdf>]

pdfTeX warning: pdflatex (file ./4-LaneEtAlPrivacyBigDataAndThePublicGood.pdf):
 PDF inclusion: found PDF version <1.6>, but at most version <1.5> allowed

<4-LaneEtAlPrivacyBigDataAndThePublicGood.pdf, id=5892, page=128, 611.40419pt x
 794.60866pt>
File: 4-LaneEtAlPrivacyBigDataAndThePublicGood.pdf Graphic file (type pdf)
 <use 4-LaneEtAlPrivacyBigDataAndThePublicGood.pdf, page 128>
Package pdftex.def Info: 4-LaneEtAlPrivacyBigDataAndThePublicGood.pdf, page128 
used on input line 181.
(pdftex.def)             Requested size: 597.89389pt x 777.05008pt.
File: 4-LaneEtAlPrivacyBigDataAndThePublicGood.pdf Graphic file (type pdf)

<use 4-LaneEtAlPrivacyBigDataAndThePublicGood.pdf, page 128>
Package pdftex.def Info: 4-LaneEtAlPrivacyBigDataAndThePublicGood.pdf, page128 
used on input line 181.
(pdftex.def)             Requested size: 597.89389pt x 777.05008pt.
File: 4-LaneEtAlPrivacyBigDataAndThePublicGood.pdf Graphic file (type pdf)

<use 4-LaneEtAlPrivacyBigDataAndThePublicGood.pdf, page 128>
Package pdftex.def Info: 4-LaneEtAlPrivacyBigDataAndThePublicGood.pdf, page128 
used on input line 181.
(pdftex.def)             Requested size: 597.89389pt x 777.05008pt.
 [858 <./4-LaneEtAlPrivacyBigDataAndThePublicGood.pdf>]

pdfTeX warning: pdflatex (file ./4-LaneEtAlPrivacyBigDataAndThePublicGood.pdf):
 PDF inclusion: found PDF version <1.6>, but at most version <1.5> allowed

<4-LaneEtAlPrivacyBigDataAndThePublicGood.pdf, id=5899, page=129, 612.12692pt x
 795.69267pt>
File: 4-LaneEtAlPrivacyBigDataAndThePublicGood.pdf Graphic file (type pdf)
 <use 4-LaneEtAlPrivacyBigDataAndThePublicGood.pdf, page 129>
Package pdftex.def Info: 4-LaneEtAlPrivacyBigDataAndThePublicGood.pdf, page129 
used on input line 181.
(pdftex.def)             Requested size: 598.60066pt x 778.11015pt.
File: 4-LaneEtAlPrivacyBigDataAndThePublicGood.pdf Graphic file (type pdf)

<use 4-LaneEtAlPrivacyBigDataAndThePublicGood.pdf, page 129>
Package pdftex.def Info: 4-LaneEtAlPrivacyBigDataAndThePublicGood.pdf, page129 
used on input line 181.
(pdftex.def)             Requested size: 598.60066pt x 778.11015pt.
File: 4-LaneEtAlPrivacyBigDataAndThePublicGood.pdf Graphic file (type pdf)

<use 4-LaneEtAlPrivacyBigDataAndThePublicGood.pdf, page 129>
Package pdftex.def Info: 4-LaneEtAlPrivacyBigDataAndThePublicGood.pdf, page129 
used on input line 181.
(pdftex.def)             Requested size: 598.60066pt x 778.11015pt.
 [859 <./4-LaneEtAlPrivacyBigDataAndThePublicGood.pdf>]

pdfTeX warning: pdflatex (file ./4-LaneEtAlPrivacyBigDataAndThePublicGood.pdf):
 PDF inclusion: found PDF version <1.6>, but at most version <1.5> allowed

<4-LaneEtAlPrivacyBigDataAndThePublicGood.pdf, id=5909, page=130, 611.40419pt x
 796.05406pt>
File: 4-LaneEtAlPrivacyBigDataAndThePublicGood.pdf Graphic file (type pdf)
 <use 4-LaneEtAlPrivacyBigDataAndThePublicGood.pdf, page 130>
Package pdftex.def Info: 4-LaneEtAlPrivacyBigDataAndThePublicGood.pdf, page130 
used on input line 181.
(pdftex.def)             Requested size: 597.89389pt x 778.46355pt.
File: 4-LaneEtAlPrivacyBigDataAndThePublicGood.pdf Graphic file (type pdf)

<use 4-LaneEtAlPrivacyBigDataAndThePublicGood.pdf, page 130>
Package pdftex.def Info: 4-LaneEtAlPrivacyBigDataAndThePublicGood.pdf, page130 
used on input line 181.
(pdftex.def)             Requested size: 597.89389pt x 778.46355pt.
File: 4-LaneEtAlPrivacyBigDataAndThePublicGood.pdf Graphic file (type pdf)

<use 4-LaneEtAlPrivacyBigDataAndThePublicGood.pdf, page 130>
Package pdftex.def Info: 4-LaneEtAlPrivacyBigDataAndThePublicGood.pdf, page130 
used on input line 181.
(pdftex.def)             Requested size: 597.89389pt x 778.46355pt.
 [860 <./4-LaneEtAlPrivacyBigDataAndThePublicGood.pdf>]

pdfTeX warning: pdflatex (file ./4-LaneEtAlPrivacyBigDataAndThePublicGood.pdf):
 PDF inclusion: found PDF version <1.6>, but at most version <1.5> allowed

<4-LaneEtAlPrivacyBigDataAndThePublicGood.pdf, id=5916, page=131, 611.76553pt x
 794.97pt>
File: 4-LaneEtAlPrivacyBigDataAndThePublicGood.pdf Graphic file (type pdf)
 <use 4-LaneEtAlPrivacyBigDataAndThePublicGood.pdf, page 131>
Package pdftex.def Info: 4-LaneEtAlPrivacyBigDataAndThePublicGood.pdf, page131 
used on input line 181.
(pdftex.def)             Requested size: 598.24727pt x 777.40346pt.
File: 4-LaneEtAlPrivacyBigDataAndThePublicGood.pdf Graphic file (type pdf)

<use 4-LaneEtAlPrivacyBigDataAndThePublicGood.pdf, page 131>
Package pdftex.def Info: 4-LaneEtAlPrivacyBigDataAndThePublicGood.pdf, page131 
used on input line 181.
(pdftex.def)             Requested size: 598.24727pt x 777.40346pt.
File: 4-LaneEtAlPrivacyBigDataAndThePublicGood.pdf Graphic file (type pdf)

<use 4-LaneEtAlPrivacyBigDataAndThePublicGood.pdf, page 131>
Package pdftex.def Info: 4-LaneEtAlPrivacyBigDataAndThePublicGood.pdf, page131 
used on input line 181.
(pdftex.def)             Requested size: 598.24727pt x 777.40346pt.
 [861 <./4-LaneEtAlPrivacyBigDataAndThePublicGood.pdf>]

pdfTeX warning: pdflatex (file ./4-LaneEtAlPrivacyBigDataAndThePublicGood.pdf):
 PDF inclusion: found PDF version <1.6>, but at most version <1.5> allowed

<4-LaneEtAlPrivacyBigDataAndThePublicGood.pdf, id=5928, page=132, 612.8496pt x 
795.69267pt>
File: 4-LaneEtAlPrivacyBigDataAndThePublicGood.pdf Graphic file (type pdf)
 <use 4-LaneEtAlPrivacyBigDataAndThePublicGood.pdf, page 132>
Package pdftex.def Info: 4-LaneEtAlPrivacyBigDataAndThePublicGood.pdf, page132 
used on input line 181.
(pdftex.def)             Requested size: 599.30736pt x 778.11015pt.
File: 4-LaneEtAlPrivacyBigDataAndThePublicGood.pdf Graphic file (type pdf)

<use 4-LaneEtAlPrivacyBigDataAndThePublicGood.pdf, page 132>
Package pdftex.def Info: 4-LaneEtAlPrivacyBigDataAndThePublicGood.pdf, page132 
used on input line 181.
(pdftex.def)             Requested size: 599.30736pt x 778.11015pt.
File: 4-LaneEtAlPrivacyBigDataAndThePublicGood.pdf Graphic file (type pdf)

<use 4-LaneEtAlPrivacyBigDataAndThePublicGood.pdf, page 132>
Package pdftex.def Info: 4-LaneEtAlPrivacyBigDataAndThePublicGood.pdf, page132 
used on input line 181.
(pdftex.def)             Requested size: 599.30736pt x 778.11015pt.
 [862 <./4-LaneEtAlPrivacyBigDataAndThePublicGood.pdf>]

pdfTeX warning: pdflatex (file ./4-LaneEtAlPrivacyBigDataAndThePublicGood.pdf):
 PDF inclusion: found PDF version <1.6>, but at most version <1.5> allowed

<4-LaneEtAlPrivacyBigDataAndThePublicGood.pdf, id=5935, page=133, 611.40419pt x
 795.69267pt>
File: 4-LaneEtAlPrivacyBigDataAndThePublicGood.pdf Graphic file (type pdf)
 <use 4-LaneEtAlPrivacyBigDataAndThePublicGood.pdf, page 133>
Package pdftex.def Info: 4-LaneEtAlPrivacyBigDataAndThePublicGood.pdf, page133 
used on input line 181.
(pdftex.def)             Requested size: 597.89389pt x 778.11015pt.
File: 4-LaneEtAlPrivacyBigDataAndThePublicGood.pdf Graphic file (type pdf)

<use 4-LaneEtAlPrivacyBigDataAndThePublicGood.pdf, page 133>
Package pdftex.def Info: 4-LaneEtAlPrivacyBigDataAndThePublicGood.pdf, page133 
used on input line 181.
(pdftex.def)             Requested size: 597.89389pt x 778.11015pt.
File: 4-LaneEtAlPrivacyBigDataAndThePublicGood.pdf Graphic file (type pdf)

<use 4-LaneEtAlPrivacyBigDataAndThePublicGood.pdf, page 133>
Package pdftex.def Info: 4-LaneEtAlPrivacyBigDataAndThePublicGood.pdf, page133 
used on input line 181.
(pdftex.def)             Requested size: 597.89389pt x 778.11015pt.
 [863 <./4-LaneEtAlPrivacyBigDataAndThePublicGood.pdf>]

pdfTeX warning: pdflatex (file ./4-LaneEtAlPrivacyBigDataAndThePublicGood.pdf):
 PDF inclusion: found PDF version <1.6>, but at most version <1.5> allowed

<4-LaneEtAlPrivacyBigDataAndThePublicGood.pdf, id=5943, page=134, 612.48827pt x
 792.80193pt>
File: 4-LaneEtAlPrivacyBigDataAndThePublicGood.pdf Graphic file (type pdf)
 <use 4-LaneEtAlPrivacyBigDataAndThePublicGood.pdf, page 134>
Package pdftex.def Info: 4-LaneEtAlPrivacyBigDataAndThePublicGood.pdf, page134 
used on input line 181.
(pdftex.def)             Requested size: 598.95404pt x 775.28328pt.
File: 4-LaneEtAlPrivacyBigDataAndThePublicGood.pdf Graphic file (type pdf)

<use 4-LaneEtAlPrivacyBigDataAndThePublicGood.pdf, page 134>
Package pdftex.def Info: 4-LaneEtAlPrivacyBigDataAndThePublicGood.pdf, page134 
used on input line 181.
(pdftex.def)             Requested size: 598.95404pt x 775.28328pt.
File: 4-LaneEtAlPrivacyBigDataAndThePublicGood.pdf Graphic file (type pdf)

<use 4-LaneEtAlPrivacyBigDataAndThePublicGood.pdf, page 134>
Package pdftex.def Info: 4-LaneEtAlPrivacyBigDataAndThePublicGood.pdf, page134 
used on input line 181.
(pdftex.def)             Requested size: 598.95404pt x 775.28328pt.
 [864 <./4-LaneEtAlPrivacyBigDataAndThePublicGood.pdf>]

pdfTeX warning: pdflatex (file ./4-LaneEtAlPrivacyBigDataAndThePublicGood.pdf):
 PDF inclusion: found PDF version <1.6>, but at most version <1.5> allowed

<4-LaneEtAlPrivacyBigDataAndThePublicGood.pdf, id=5951, page=135, 611.40419pt x
 795.69267pt>
File: 4-LaneEtAlPrivacyBigDataAndThePublicGood.pdf Graphic file (type pdf)
 <use 4-LaneEtAlPrivacyBigDataAndThePublicGood.pdf, page 135>
Package pdftex.def Info: 4-LaneEtAlPrivacyBigDataAndThePublicGood.pdf, page135 
used on input line 181.
(pdftex.def)             Requested size: 597.89389pt x 778.11015pt.
File: 4-LaneEtAlPrivacyBigDataAndThePublicGood.pdf Graphic file (type pdf)

<use 4-LaneEtAlPrivacyBigDataAndThePublicGood.pdf, page 135>
Package pdftex.def Info: 4-LaneEtAlPrivacyBigDataAndThePublicGood.pdf, page135 
used on input line 181.
(pdftex.def)             Requested size: 597.89389pt x 778.11015pt.
File: 4-LaneEtAlPrivacyBigDataAndThePublicGood.pdf Graphic file (type pdf)

<use 4-LaneEtAlPrivacyBigDataAndThePublicGood.pdf, page 135>
Package pdftex.def Info: 4-LaneEtAlPrivacyBigDataAndThePublicGood.pdf, page135 
used on input line 181.
(pdftex.def)             Requested size: 597.89389pt x 778.11015pt.
 [865 <./4-LaneEtAlPrivacyBigDataAndThePublicGood.pdf>]

pdfTeX warning: pdflatex (file ./4-LaneEtAlPrivacyBigDataAndThePublicGood.pdf):
 PDF inclusion: found PDF version <1.6>, but at most version <1.5> allowed

<4-LaneEtAlPrivacyBigDataAndThePublicGood.pdf, id=5959, page=136, 611.76553pt x
 795.69273pt>
File: 4-LaneEtAlPrivacyBigDataAndThePublicGood.pdf Graphic file (type pdf)
 <use 4-LaneEtAlPrivacyBigDataAndThePublicGood.pdf, page 136>
Package pdftex.def Info: 4-LaneEtAlPrivacyBigDataAndThePublicGood.pdf, page136 
used on input line 181.
(pdftex.def)             Requested size: 598.24727pt x 778.11021pt.
File: 4-LaneEtAlPrivacyBigDataAndThePublicGood.pdf Graphic file (type pdf)

<use 4-LaneEtAlPrivacyBigDataAndThePublicGood.pdf, page 136>
Package pdftex.def Info: 4-LaneEtAlPrivacyBigDataAndThePublicGood.pdf, page136 
used on input line 181.
(pdftex.def)             Requested size: 598.24727pt x 778.11021pt.
File: 4-LaneEtAlPrivacyBigDataAndThePublicGood.pdf Graphic file (type pdf)

<use 4-LaneEtAlPrivacyBigDataAndThePublicGood.pdf, page 136>
Package pdftex.def Info: 4-LaneEtAlPrivacyBigDataAndThePublicGood.pdf, page136 
used on input line 181.
(pdftex.def)             Requested size: 598.24727pt x 778.11021pt.
 [866 <./4-LaneEtAlPrivacyBigDataAndThePublicGood.pdf>]

pdfTeX warning: pdflatex (file ./4-LaneEtAlPrivacyBigDataAndThePublicGood.pdf):
 PDF inclusion: found PDF version <1.6>, but at most version <1.5> allowed

<4-LaneEtAlPrivacyBigDataAndThePublicGood.pdf, id=5968, page=137, 612.12692pt x
 795.33133pt>
File: 4-LaneEtAlPrivacyBigDataAndThePublicGood.pdf Graphic file (type pdf)
 <use 4-LaneEtAlPrivacyBigDataAndThePublicGood.pdf, page 137>
Package pdftex.def Info: 4-LaneEtAlPrivacyBigDataAndThePublicGood.pdf, page137 
used on input line 181.
(pdftex.def)             Requested size: 598.60066pt x 777.75679pt.
File: 4-LaneEtAlPrivacyBigDataAndThePublicGood.pdf Graphic file (type pdf)

<use 4-LaneEtAlPrivacyBigDataAndThePublicGood.pdf, page 137>
Package pdftex.def Info: 4-LaneEtAlPrivacyBigDataAndThePublicGood.pdf, page137 
used on input line 181.
(pdftex.def)             Requested size: 598.60066pt x 777.75679pt.
File: 4-LaneEtAlPrivacyBigDataAndThePublicGood.pdf Graphic file (type pdf)

<use 4-LaneEtAlPrivacyBigDataAndThePublicGood.pdf, page 137>
Package pdftex.def Info: 4-LaneEtAlPrivacyBigDataAndThePublicGood.pdf, page137 
used on input line 181.
(pdftex.def)             Requested size: 598.60066pt x 777.75679pt.
 [867 <./4-LaneEtAlPrivacyBigDataAndThePublicGood.pdf>]

pdfTeX warning: pdflatex (file ./4-LaneEtAlPrivacyBigDataAndThePublicGood.pdf):
 PDF inclusion: found PDF version <1.6>, but at most version <1.5> allowed

<4-LaneEtAlPrivacyBigDataAndThePublicGood.pdf, id=5975, page=138, 611.76553pt x
 793.5246pt>
File: 4-LaneEtAlPrivacyBigDataAndThePublicGood.pdf Graphic file (type pdf)
 <use 4-LaneEtAlPrivacyBigDataAndThePublicGood.pdf, page 138>
Package pdftex.def Info: 4-LaneEtAlPrivacyBigDataAndThePublicGood.pdf, page138 
used on input line 181.
(pdftex.def)             Requested size: 598.24727pt x 775.98999pt.
File: 4-LaneEtAlPrivacyBigDataAndThePublicGood.pdf Graphic file (type pdf)

<use 4-LaneEtAlPrivacyBigDataAndThePublicGood.pdf, page 138>
Package pdftex.def Info: 4-LaneEtAlPrivacyBigDataAndThePublicGood.pdf, page138 
used on input line 181.
(pdftex.def)             Requested size: 598.24727pt x 775.98999pt.
File: 4-LaneEtAlPrivacyBigDataAndThePublicGood.pdf Graphic file (type pdf)

<use 4-LaneEtAlPrivacyBigDataAndThePublicGood.pdf, page 138>
Package pdftex.def Info: 4-LaneEtAlPrivacyBigDataAndThePublicGood.pdf, page138 
used on input line 181.
(pdftex.def)             Requested size: 598.24727pt x 775.98999pt.
 [868 <./4-LaneEtAlPrivacyBigDataAndThePublicGood.pdf>]

pdfTeX warning: pdflatex (file ./4-LaneEtAlPrivacyBigDataAndThePublicGood.pdf):
 PDF inclusion: found PDF version <1.6>, but at most version <1.5> allowed

<4-LaneEtAlPrivacyBigDataAndThePublicGood.pdf, id=5982, page=139, 611.76553pt x
 796.05406pt>
File: 4-LaneEtAlPrivacyBigDataAndThePublicGood.pdf Graphic file (type pdf)
 <use 4-LaneEtAlPrivacyBigDataAndThePublicGood.pdf, page 139>
Package pdftex.def Info: 4-LaneEtAlPrivacyBigDataAndThePublicGood.pdf, page139 
used on input line 181.
(pdftex.def)             Requested size: 598.24727pt x 778.46355pt.
File: 4-LaneEtAlPrivacyBigDataAndThePublicGood.pdf Graphic file (type pdf)

<use 4-LaneEtAlPrivacyBigDataAndThePublicGood.pdf, page 139>
Package pdftex.def Info: 4-LaneEtAlPrivacyBigDataAndThePublicGood.pdf, page139 
used on input line 181.
(pdftex.def)             Requested size: 598.24727pt x 778.46355pt.
File: 4-LaneEtAlPrivacyBigDataAndThePublicGood.pdf Graphic file (type pdf)

<use 4-LaneEtAlPrivacyBigDataAndThePublicGood.pdf, page 139>
Package pdftex.def Info: 4-LaneEtAlPrivacyBigDataAndThePublicGood.pdf, page139 
used on input line 181.
(pdftex.def)             Requested size: 598.24727pt x 778.46355pt.
 [869 <./4-LaneEtAlPrivacyBigDataAndThePublicGood.pdf>]

pdfTeX warning: pdflatex (file ./4-LaneEtAlPrivacyBigDataAndThePublicGood.pdf):
 PDF inclusion: found PDF version <1.6>, but at most version <1.5> allowed

<4-LaneEtAlPrivacyBigDataAndThePublicGood.pdf, id=5989, page=140, 610.68152pt x
 796.05406pt>
File: 4-LaneEtAlPrivacyBigDataAndThePublicGood.pdf Graphic file (type pdf)
 <use 4-LaneEtAlPrivacyBigDataAndThePublicGood.pdf, page 140>
Package pdftex.def Info: 4-LaneEtAlPrivacyBigDataAndThePublicGood.pdf, page140 
used on input line 181.
(pdftex.def)             Requested size: 597.18723pt x 778.46355pt.
File: 4-LaneEtAlPrivacyBigDataAndThePublicGood.pdf Graphic file (type pdf)

<use 4-LaneEtAlPrivacyBigDataAndThePublicGood.pdf, page 140>
Package pdftex.def Info: 4-LaneEtAlPrivacyBigDataAndThePublicGood.pdf, page140 
used on input line 181.
(pdftex.def)             Requested size: 597.18723pt x 778.46355pt.
File: 4-LaneEtAlPrivacyBigDataAndThePublicGood.pdf Graphic file (type pdf)

<use 4-LaneEtAlPrivacyBigDataAndThePublicGood.pdf, page 140>
Package pdftex.def Info: 4-LaneEtAlPrivacyBigDataAndThePublicGood.pdf, page140 
used on input line 181.
(pdftex.def)             Requested size: 597.18723pt x 778.46355pt.
 [870 <./4-LaneEtAlPrivacyBigDataAndThePublicGood.pdf>]

pdfTeX warning: pdflatex (file ./4-LaneEtAlPrivacyBigDataAndThePublicGood.pdf):
 PDF inclusion: found PDF version <1.6>, but at most version <1.5> allowed

<4-LaneEtAlPrivacyBigDataAndThePublicGood.pdf, id=5996, page=141, 611.76553pt x
 795.69273pt>
File: 4-LaneEtAlPrivacyBigDataAndThePublicGood.pdf Graphic file (type pdf)
 <use 4-LaneEtAlPrivacyBigDataAndThePublicGood.pdf, page 141>
Package pdftex.def Info: 4-LaneEtAlPrivacyBigDataAndThePublicGood.pdf, page141 
used on input line 181.
(pdftex.def)             Requested size: 598.24727pt x 778.11021pt.
File: 4-LaneEtAlPrivacyBigDataAndThePublicGood.pdf Graphic file (type pdf)

<use 4-LaneEtAlPrivacyBigDataAndThePublicGood.pdf, page 141>
Package pdftex.def Info: 4-LaneEtAlPrivacyBigDataAndThePublicGood.pdf, page141 
used on input line 181.
(pdftex.def)             Requested size: 598.24727pt x 778.11021pt.
File: 4-LaneEtAlPrivacyBigDataAndThePublicGood.pdf Graphic file (type pdf)

<use 4-LaneEtAlPrivacyBigDataAndThePublicGood.pdf, page 141>
Package pdftex.def Info: 4-LaneEtAlPrivacyBigDataAndThePublicGood.pdf, page141 
used on input line 181.
(pdftex.def)             Requested size: 598.24727pt x 778.11021pt.
 [871 <./4-LaneEtAlPrivacyBigDataAndThePublicGood.pdf>]

pdfTeX warning: pdflatex (file ./4-LaneEtAlPrivacyBigDataAndThePublicGood.pdf):
 PDF inclusion: found PDF version <1.6>, but at most version <1.5> allowed

<4-LaneEtAlPrivacyBigDataAndThePublicGood.pdf, id=6004, page=142, 611.04286pt x
 795.69267pt>
File: 4-LaneEtAlPrivacyBigDataAndThePublicGood.pdf Graphic file (type pdf)
 <use 4-LaneEtAlPrivacyBigDataAndThePublicGood.pdf, page 142>
Package pdftex.def Info: 4-LaneEtAlPrivacyBigDataAndThePublicGood.pdf, page142 
used on input line 181.
(pdftex.def)             Requested size: 597.54057pt x 778.11015pt.
File: 4-LaneEtAlPrivacyBigDataAndThePublicGood.pdf Graphic file (type pdf)

<use 4-LaneEtAlPrivacyBigDataAndThePublicGood.pdf, page 142>
Package pdftex.def Info: 4-LaneEtAlPrivacyBigDataAndThePublicGood.pdf, page142 
used on input line 181.
(pdftex.def)             Requested size: 597.54057pt x 778.11015pt.
File: 4-LaneEtAlPrivacyBigDataAndThePublicGood.pdf Graphic file (type pdf)

<use 4-LaneEtAlPrivacyBigDataAndThePublicGood.pdf, page 142>
Package pdftex.def Info: 4-LaneEtAlPrivacyBigDataAndThePublicGood.pdf, page142 
used on input line 181.
(pdftex.def)             Requested size: 597.54057pt x 778.11015pt.
 [872 <./4-LaneEtAlPrivacyBigDataAndThePublicGood.pdf>]

pdfTeX warning: pdflatex (file ./4-LaneEtAlPrivacyBigDataAndThePublicGood.pdf):
 PDF inclusion: found PDF version <1.6>, but at most version <1.5> allowed

<4-LaneEtAlPrivacyBigDataAndThePublicGood.pdf, id=6010, page=143, 611.04286pt x
 795.69273pt>
File: 4-LaneEtAlPrivacyBigDataAndThePublicGood.pdf Graphic file (type pdf)
 <use 4-LaneEtAlPrivacyBigDataAndThePublicGood.pdf, page 143>
Package pdftex.def Info: 4-LaneEtAlPrivacyBigDataAndThePublicGood.pdf, page143 
used on input line 181.
(pdftex.def)             Requested size: 597.54057pt x 778.11021pt.
File: 4-LaneEtAlPrivacyBigDataAndThePublicGood.pdf Graphic file (type pdf)

<use 4-LaneEtAlPrivacyBigDataAndThePublicGood.pdf, page 143>
Package pdftex.def Info: 4-LaneEtAlPrivacyBigDataAndThePublicGood.pdf, page143 
used on input line 181.
(pdftex.def)             Requested size: 597.54057pt x 778.11021pt.
File: 4-LaneEtAlPrivacyBigDataAndThePublicGood.pdf Graphic file (type pdf)

<use 4-LaneEtAlPrivacyBigDataAndThePublicGood.pdf, page 143>
Package pdftex.def Info: 4-LaneEtAlPrivacyBigDataAndThePublicGood.pdf, page143 
used on input line 181.
(pdftex.def)             Requested size: 597.54057pt x 778.11021pt.
 [873 <./4-LaneEtAlPrivacyBigDataAndThePublicGood.pdf>]

pdfTeX warning: pdflatex (file ./4-LaneEtAlPrivacyBigDataAndThePublicGood.pdf):
 PDF inclusion: found PDF version <1.6>, but at most version <1.5> allowed

<4-LaneEtAlPrivacyBigDataAndThePublicGood.pdf, id=6015, page=144, 609.59746pt x
 794.24733pt>
File: 4-LaneEtAlPrivacyBigDataAndThePublicGood.pdf Graphic file (type pdf)
 <use 4-LaneEtAlPrivacyBigDataAndThePublicGood.pdf, page 144>
Package pdftex.def Info: 4-LaneEtAlPrivacyBigDataAndThePublicGood.pdf, page144 
used on input line 181.
(pdftex.def)             Requested size: 596.1271pt x 776.69675pt.
File: 4-LaneEtAlPrivacyBigDataAndThePublicGood.pdf Graphic file (type pdf)

<use 4-LaneEtAlPrivacyBigDataAndThePublicGood.pdf, page 144>
Package pdftex.def Info: 4-LaneEtAlPrivacyBigDataAndThePublicGood.pdf, page144 
used on input line 181.
(pdftex.def)             Requested size: 596.1271pt x 776.69675pt.
File: 4-LaneEtAlPrivacyBigDataAndThePublicGood.pdf Graphic file (type pdf)

<use 4-LaneEtAlPrivacyBigDataAndThePublicGood.pdf, page 144>
Package pdftex.def Info: 4-LaneEtAlPrivacyBigDataAndThePublicGood.pdf, page144 
used on input line 181.
(pdftex.def)             Requested size: 596.1271pt x 776.69675pt.
 [874 <./4-LaneEtAlPrivacyBigDataAndThePublicGood.pdf>]

pdfTeX warning: pdflatex (file ./4-LaneEtAlPrivacyBigDataAndThePublicGood.pdf):
 PDF inclusion: found PDF version <1.6>, but at most version <1.5> allowed

<4-LaneEtAlPrivacyBigDataAndThePublicGood.pdf, id=6022, page=145, 612.48827pt x
 795.33133pt>
File: 4-LaneEtAlPrivacyBigDataAndThePublicGood.pdf Graphic file (type pdf)
 <use 4-LaneEtAlPrivacyBigDataAndThePublicGood.pdf, page 145>
Package pdftex.def Info: 4-LaneEtAlPrivacyBigDataAndThePublicGood.pdf, page145 
used on input line 181.
(pdftex.def)             Requested size: 598.95404pt x 777.75679pt.
File: 4-LaneEtAlPrivacyBigDataAndThePublicGood.pdf Graphic file (type pdf)

<use 4-LaneEtAlPrivacyBigDataAndThePublicGood.pdf, page 145>
Package pdftex.def Info: 4-LaneEtAlPrivacyBigDataAndThePublicGood.pdf, page145 
used on input line 181.
(pdftex.def)             Requested size: 598.95404pt x 777.75679pt.
File: 4-LaneEtAlPrivacyBigDataAndThePublicGood.pdf Graphic file (type pdf)

<use 4-LaneEtAlPrivacyBigDataAndThePublicGood.pdf, page 145>
Package pdftex.def Info: 4-LaneEtAlPrivacyBigDataAndThePublicGood.pdf, page145 
used on input line 181.
(pdftex.def)             Requested size: 598.95404pt x 777.75679pt.
 [875 <./4-LaneEtAlPrivacyBigDataAndThePublicGood.pdf>]

pdfTeX warning: pdflatex (file ./4-LaneEtAlPrivacyBigDataAndThePublicGood.pdf):
 PDF inclusion: found PDF version <1.6>, but at most version <1.5> allowed

<4-LaneEtAlPrivacyBigDataAndThePublicGood.pdf, id=6035, page=146, 611.76553pt x
 794.24733pt>
File: 4-LaneEtAlPrivacyBigDataAndThePublicGood.pdf Graphic file (type pdf)
 <use 4-LaneEtAlPrivacyBigDataAndThePublicGood.pdf, page 146>
Package pdftex.def Info: 4-LaneEtAlPrivacyBigDataAndThePublicGood.pdf, page146 
used on input line 181.
(pdftex.def)             Requested size: 598.24727pt x 776.69675pt.
File: 4-LaneEtAlPrivacyBigDataAndThePublicGood.pdf Graphic file (type pdf)

<use 4-LaneEtAlPrivacyBigDataAndThePublicGood.pdf, page 146>
Package pdftex.def Info: 4-LaneEtAlPrivacyBigDataAndThePublicGood.pdf, page146 
used on input line 181.
(pdftex.def)             Requested size: 598.24727pt x 776.69675pt.
File: 4-LaneEtAlPrivacyBigDataAndThePublicGood.pdf Graphic file (type pdf)

<use 4-LaneEtAlPrivacyBigDataAndThePublicGood.pdf, page 146>
Package pdftex.def Info: 4-LaneEtAlPrivacyBigDataAndThePublicGood.pdf, page146 
used on input line 181.
(pdftex.def)             Requested size: 598.24727pt x 776.69675pt.
 [876 <./4-LaneEtAlPrivacyBigDataAndThePublicGood.pdf>]

pdfTeX warning: pdflatex (file ./4-LaneEtAlPrivacyBigDataAndThePublicGood.pdf):
 PDF inclusion: found PDF version <1.6>, but at most version <1.5> allowed

<4-LaneEtAlPrivacyBigDataAndThePublicGood.pdf, id=6053, page=147, 612.12692pt x
 796.4154pt>
File: 4-LaneEtAlPrivacyBigDataAndThePublicGood.pdf Graphic file (type pdf)
 <use 4-LaneEtAlPrivacyBigDataAndThePublicGood.pdf, page 147>
Package pdftex.def Info: 4-LaneEtAlPrivacyBigDataAndThePublicGood.pdf, page147 
used on input line 181.
(pdftex.def)             Requested size: 598.60066pt x 778.81693pt.
File: 4-LaneEtAlPrivacyBigDataAndThePublicGood.pdf Graphic file (type pdf)

<use 4-LaneEtAlPrivacyBigDataAndThePublicGood.pdf, page 147>
Package pdftex.def Info: 4-LaneEtAlPrivacyBigDataAndThePublicGood.pdf, page147 
used on input line 181.
(pdftex.def)             Requested size: 598.60066pt x 778.81693pt.
File: 4-LaneEtAlPrivacyBigDataAndThePublicGood.pdf Graphic file (type pdf)

<use 4-LaneEtAlPrivacyBigDataAndThePublicGood.pdf, page 147>
Package pdftex.def Info: 4-LaneEtAlPrivacyBigDataAndThePublicGood.pdf, page147 
used on input line 181.
(pdftex.def)             Requested size: 598.60066pt x 778.81693pt.
 [877 <./4-LaneEtAlPrivacyBigDataAndThePublicGood.pdf>]

pdfTeX warning: pdflatex (file ./4-LaneEtAlPrivacyBigDataAndThePublicGood.pdf):
 PDF inclusion: found PDF version <1.6>, but at most version <1.5> allowed

<4-LaneEtAlPrivacyBigDataAndThePublicGood.pdf, id=6068, page=148, 611.76553pt x
 795.69273pt>
File: 4-LaneEtAlPrivacyBigDataAndThePublicGood.pdf Graphic file (type pdf)
 <use 4-LaneEtAlPrivacyBigDataAndThePublicGood.pdf, page 148>
Package pdftex.def Info: 4-LaneEtAlPrivacyBigDataAndThePublicGood.pdf, page148 
used on input line 181.
(pdftex.def)             Requested size: 598.24727pt x 778.11021pt.
File: 4-LaneEtAlPrivacyBigDataAndThePublicGood.pdf Graphic file (type pdf)

<use 4-LaneEtAlPrivacyBigDataAndThePublicGood.pdf, page 148>
Package pdftex.def Info: 4-LaneEtAlPrivacyBigDataAndThePublicGood.pdf, page148 
used on input line 181.
(pdftex.def)             Requested size: 598.24727pt x 778.11021pt.
File: 4-LaneEtAlPrivacyBigDataAndThePublicGood.pdf Graphic file (type pdf)

<use 4-LaneEtAlPrivacyBigDataAndThePublicGood.pdf, page 148>
Package pdftex.def Info: 4-LaneEtAlPrivacyBigDataAndThePublicGood.pdf, page148 
used on input line 181.
(pdftex.def)             Requested size: 598.24727pt x 778.11021pt.
 [878 <./4-LaneEtAlPrivacyBigDataAndThePublicGood.pdf>]

pdfTeX warning: pdflatex (file ./4-LaneEtAlPrivacyBigDataAndThePublicGood.pdf):
 PDF inclusion: found PDF version <1.6>, but at most version <1.5> allowed

<4-LaneEtAlPrivacyBigDataAndThePublicGood.pdf, id=6076, page=149, 611.04286pt x
 796.4154pt>
File: 4-LaneEtAlPrivacyBigDataAndThePublicGood.pdf Graphic file (type pdf)
 <use 4-LaneEtAlPrivacyBigDataAndThePublicGood.pdf, page 149>
Package pdftex.def Info: 4-LaneEtAlPrivacyBigDataAndThePublicGood.pdf, page149 
used on input line 181.
(pdftex.def)             Requested size: 597.54057pt x 778.81693pt.
File: 4-LaneEtAlPrivacyBigDataAndThePublicGood.pdf Graphic file (type pdf)

<use 4-LaneEtAlPrivacyBigDataAndThePublicGood.pdf, page 149>
Package pdftex.def Info: 4-LaneEtAlPrivacyBigDataAndThePublicGood.pdf, page149 
used on input line 181.
(pdftex.def)             Requested size: 597.54057pt x 778.81693pt.
File: 4-LaneEtAlPrivacyBigDataAndThePublicGood.pdf Graphic file (type pdf)

<use 4-LaneEtAlPrivacyBigDataAndThePublicGood.pdf, page 149>
Package pdftex.def Info: 4-LaneEtAlPrivacyBigDataAndThePublicGood.pdf, page149 
used on input line 181.
(pdftex.def)             Requested size: 597.54057pt x 778.81693pt.
 [879 <./4-LaneEtAlPrivacyBigDataAndThePublicGood.pdf>]

pdfTeX warning: pdflatex (file ./4-LaneEtAlPrivacyBigDataAndThePublicGood.pdf):
 PDF inclusion: found PDF version <1.6>, but at most version <1.5> allowed

<4-LaneEtAlPrivacyBigDataAndThePublicGood.pdf, id=6089, page=150, 609.59746pt x
 794.97pt>
File: 4-LaneEtAlPrivacyBigDataAndThePublicGood.pdf Graphic file (type pdf)
 <use 4-LaneEtAlPrivacyBigDataAndThePublicGood.pdf, page 150>
Package pdftex.def Info: 4-LaneEtAlPrivacyBigDataAndThePublicGood.pdf, page150 
used on input line 181.
(pdftex.def)             Requested size: 596.1271pt x 777.40346pt.
File: 4-LaneEtAlPrivacyBigDataAndThePublicGood.pdf Graphic file (type pdf)

<use 4-LaneEtAlPrivacyBigDataAndThePublicGood.pdf, page 150>
Package pdftex.def Info: 4-LaneEtAlPrivacyBigDataAndThePublicGood.pdf, page150 
used on input line 181.
(pdftex.def)             Requested size: 596.1271pt x 777.40346pt.
File: 4-LaneEtAlPrivacyBigDataAndThePublicGood.pdf Graphic file (type pdf)

<use 4-LaneEtAlPrivacyBigDataAndThePublicGood.pdf, page 150>
Package pdftex.def Info: 4-LaneEtAlPrivacyBigDataAndThePublicGood.pdf, page150 
used on input line 181.
(pdftex.def)             Requested size: 596.1271pt x 777.40346pt.
 [880 <./4-LaneEtAlPrivacyBigDataAndThePublicGood.pdf>]

pdfTeX warning: pdflatex (file ./4-LaneEtAlPrivacyBigDataAndThePublicGood.pdf):
 PDF inclusion: found PDF version <1.6>, but at most version <1.5> allowed

<4-LaneEtAlPrivacyBigDataAndThePublicGood.pdf, id=6101, page=151, 611.04286pt x
 795.69267pt>
File: 4-LaneEtAlPrivacyBigDataAndThePublicGood.pdf Graphic file (type pdf)
 <use 4-LaneEtAlPrivacyBigDataAndThePublicGood.pdf, page 151>
Package pdftex.def Info: 4-LaneEtAlPrivacyBigDataAndThePublicGood.pdf, page151 
used on input line 181.
(pdftex.def)             Requested size: 597.54057pt x 778.11015pt.
File: 4-LaneEtAlPrivacyBigDataAndThePublicGood.pdf Graphic file (type pdf)

<use 4-LaneEtAlPrivacyBigDataAndThePublicGood.pdf, page 151>
Package pdftex.def Info: 4-LaneEtAlPrivacyBigDataAndThePublicGood.pdf, page151 
used on input line 181.
(pdftex.def)             Requested size: 597.54057pt x 778.11015pt.
File: 4-LaneEtAlPrivacyBigDataAndThePublicGood.pdf Graphic file (type pdf)

<use 4-LaneEtAlPrivacyBigDataAndThePublicGood.pdf, page 151>
Package pdftex.def Info: 4-LaneEtAlPrivacyBigDataAndThePublicGood.pdf, page151 
used on input line 181.
(pdftex.def)             Requested size: 597.54057pt x 778.11015pt.
 [881 <./4-LaneEtAlPrivacyBigDataAndThePublicGood.pdf>]

pdfTeX warning: pdflatex (file ./4-LaneEtAlPrivacyBigDataAndThePublicGood.pdf):
 PDF inclusion: found PDF version <1.6>, but at most version <1.5> allowed

<4-LaneEtAlPrivacyBigDataAndThePublicGood.pdf, id=6112, page=152, 609.59746pt x
 795.69267pt>
File: 4-LaneEtAlPrivacyBigDataAndThePublicGood.pdf Graphic file (type pdf)
 <use 4-LaneEtAlPrivacyBigDataAndThePublicGood.pdf, page 152>
Package pdftex.def Info: 4-LaneEtAlPrivacyBigDataAndThePublicGood.pdf, page152 
used on input line 181.
(pdftex.def)             Requested size: 596.1271pt x 778.11015pt.
File: 4-LaneEtAlPrivacyBigDataAndThePublicGood.pdf Graphic file (type pdf)

<use 4-LaneEtAlPrivacyBigDataAndThePublicGood.pdf, page 152>
Package pdftex.def Info: 4-LaneEtAlPrivacyBigDataAndThePublicGood.pdf, page152 
used on input line 181.
(pdftex.def)             Requested size: 596.1271pt x 778.11015pt.
File: 4-LaneEtAlPrivacyBigDataAndThePublicGood.pdf Graphic file (type pdf)

<use 4-LaneEtAlPrivacyBigDataAndThePublicGood.pdf, page 152>
Package pdftex.def Info: 4-LaneEtAlPrivacyBigDataAndThePublicGood.pdf, page152 
used on input line 181.
(pdftex.def)             Requested size: 596.1271pt x 778.11015pt.
 [882 <./4-LaneEtAlPrivacyBigDataAndThePublicGood.pdf>]

pdfTeX warning: pdflatex (file ./4-LaneEtAlPrivacyBigDataAndThePublicGood.pdf):
 PDF inclusion: found PDF version <1.6>, but at most version <1.5> allowed

<4-LaneEtAlPrivacyBigDataAndThePublicGood.pdf, id=6117, page=153, 610.68152pt x
 795.33133pt>
File: 4-LaneEtAlPrivacyBigDataAndThePublicGood.pdf Graphic file (type pdf)
 <use 4-LaneEtAlPrivacyBigDataAndThePublicGood.pdf, page 153>
Package pdftex.def Info: 4-LaneEtAlPrivacyBigDataAndThePublicGood.pdf, page153 
used on input line 181.
(pdftex.def)             Requested size: 597.18723pt x 777.75679pt.
File: 4-LaneEtAlPrivacyBigDataAndThePublicGood.pdf Graphic file (type pdf)

<use 4-LaneEtAlPrivacyBigDataAndThePublicGood.pdf, page 153>
Package pdftex.def Info: 4-LaneEtAlPrivacyBigDataAndThePublicGood.pdf, page153 
used on input line 181.
(pdftex.def)             Requested size: 597.18723pt x 777.75679pt.
File: 4-LaneEtAlPrivacyBigDataAndThePublicGood.pdf Graphic file (type pdf)

<use 4-LaneEtAlPrivacyBigDataAndThePublicGood.pdf, page 153>
Package pdftex.def Info: 4-LaneEtAlPrivacyBigDataAndThePublicGood.pdf, page153 
used on input line 181.
(pdftex.def)             Requested size: 597.18723pt x 777.75679pt.
 [883 <./4-LaneEtAlPrivacyBigDataAndThePublicGood.pdf>]

pdfTeX warning: pdflatex (file ./4-LaneEtAlPrivacyBigDataAndThePublicGood.pdf):
 PDF inclusion: found PDF version <1.6>, but at most version <1.5> allowed

<4-LaneEtAlPrivacyBigDataAndThePublicGood.pdf, id=6124, page=154, 609.59746pt x
 794.60866pt>
File: 4-LaneEtAlPrivacyBigDataAndThePublicGood.pdf Graphic file (type pdf)
 <use 4-LaneEtAlPrivacyBigDataAndThePublicGood.pdf, page 154>
Package pdftex.def Info: 4-LaneEtAlPrivacyBigDataAndThePublicGood.pdf, page154 
used on input line 181.
(pdftex.def)             Requested size: 596.1271pt x 777.05008pt.
File: 4-LaneEtAlPrivacyBigDataAndThePublicGood.pdf Graphic file (type pdf)

<use 4-LaneEtAlPrivacyBigDataAndThePublicGood.pdf, page 154>
Package pdftex.def Info: 4-LaneEtAlPrivacyBigDataAndThePublicGood.pdf, page154 
used on input line 181.
(pdftex.def)             Requested size: 596.1271pt x 777.05008pt.
File: 4-LaneEtAlPrivacyBigDataAndThePublicGood.pdf Graphic file (type pdf)

<use 4-LaneEtAlPrivacyBigDataAndThePublicGood.pdf, page 154>
Package pdftex.def Info: 4-LaneEtAlPrivacyBigDataAndThePublicGood.pdf, page154 
used on input line 181.
(pdftex.def)             Requested size: 596.1271pt x 777.05008pt.
 [884 <./4-LaneEtAlPrivacyBigDataAndThePublicGood.pdf>]

pdfTeX warning: pdflatex (file ./4-LaneEtAlPrivacyBigDataAndThePublicGood.pdf):
 PDF inclusion: found PDF version <1.6>, but at most version <1.5> allowed

<4-LaneEtAlPrivacyBigDataAndThePublicGood.pdf, id=6130, page=155, 612.12692pt x
 795.33133pt>
File: 4-LaneEtAlPrivacyBigDataAndThePublicGood.pdf Graphic file (type pdf)
 <use 4-LaneEtAlPrivacyBigDataAndThePublicGood.pdf, page 155>
Package pdftex.def Info: 4-LaneEtAlPrivacyBigDataAndThePublicGood.pdf, page155 
used on input line 181.
(pdftex.def)             Requested size: 598.60066pt x 777.75679pt.
File: 4-LaneEtAlPrivacyBigDataAndThePublicGood.pdf Graphic file (type pdf)

<use 4-LaneEtAlPrivacyBigDataAndThePublicGood.pdf, page 155>
Package pdftex.def Info: 4-LaneEtAlPrivacyBigDataAndThePublicGood.pdf, page155 
used on input line 181.
(pdftex.def)             Requested size: 598.60066pt x 777.75679pt.
File: 4-LaneEtAlPrivacyBigDataAndThePublicGood.pdf Graphic file (type pdf)

<use 4-LaneEtAlPrivacyBigDataAndThePublicGood.pdf, page 155>
Package pdftex.def Info: 4-LaneEtAlPrivacyBigDataAndThePublicGood.pdf, page155 
used on input line 181.
(pdftex.def)             Requested size: 598.60066pt x 777.75679pt.
 [885 <./4-LaneEtAlPrivacyBigDataAndThePublicGood.pdf>]

pdfTeX warning: pdflatex (file ./4-LaneEtAlPrivacyBigDataAndThePublicGood.pdf):
 PDF inclusion: found PDF version <1.6>, but at most version <1.5> allowed

<4-LaneEtAlPrivacyBigDataAndThePublicGood.pdf, id=6135, page=156, 610.68152pt x
 794.60866pt>
File: 4-LaneEtAlPrivacyBigDataAndThePublicGood.pdf Graphic file (type pdf)
 <use 4-LaneEtAlPrivacyBigDataAndThePublicGood.pdf, page 156>
Package pdftex.def Info: 4-LaneEtAlPrivacyBigDataAndThePublicGood.pdf, page156 
used on input line 181.
(pdftex.def)             Requested size: 597.18723pt x 777.05008pt.
File: 4-LaneEtAlPrivacyBigDataAndThePublicGood.pdf Graphic file (type pdf)

<use 4-LaneEtAlPrivacyBigDataAndThePublicGood.pdf, page 156>
Package pdftex.def Info: 4-LaneEtAlPrivacyBigDataAndThePublicGood.pdf, page156 
used on input line 181.
(pdftex.def)             Requested size: 597.18723pt x 777.05008pt.
File: 4-LaneEtAlPrivacyBigDataAndThePublicGood.pdf Graphic file (type pdf)

<use 4-LaneEtAlPrivacyBigDataAndThePublicGood.pdf, page 156>
Package pdftex.def Info: 4-LaneEtAlPrivacyBigDataAndThePublicGood.pdf, page156 
used on input line 181.
(pdftex.def)             Requested size: 597.18723pt x 777.05008pt.
 [886 <./4-LaneEtAlPrivacyBigDataAndThePublicGood.pdf>]

pdfTeX warning: pdflatex (file ./4-LaneEtAlPrivacyBigDataAndThePublicGood.pdf):
 PDF inclusion: found PDF version <1.6>, but at most version <1.5> allowed

<4-LaneEtAlPrivacyBigDataAndThePublicGood.pdf, id=6140, page=157, 611.40419pt x
 794.60866pt>
File: 4-LaneEtAlPrivacyBigDataAndThePublicGood.pdf Graphic file (type pdf)
 <use 4-LaneEtAlPrivacyBigDataAndThePublicGood.pdf, page 157>
Package pdftex.def Info: 4-LaneEtAlPrivacyBigDataAndThePublicGood.pdf, page157 
used on input line 181.
(pdftex.def)             Requested size: 597.89389pt x 777.05008pt.
File: 4-LaneEtAlPrivacyBigDataAndThePublicGood.pdf Graphic file (type pdf)

<use 4-LaneEtAlPrivacyBigDataAndThePublicGood.pdf, page 157>
Package pdftex.def Info: 4-LaneEtAlPrivacyBigDataAndThePublicGood.pdf, page157 
used on input line 181.
(pdftex.def)             Requested size: 597.89389pt x 777.05008pt.
File: 4-LaneEtAlPrivacyBigDataAndThePublicGood.pdf Graphic file (type pdf)

<use 4-LaneEtAlPrivacyBigDataAndThePublicGood.pdf, page 157>
Package pdftex.def Info: 4-LaneEtAlPrivacyBigDataAndThePublicGood.pdf, page157 
used on input line 181.
(pdftex.def)             Requested size: 597.89389pt x 777.05008pt.
 [887 <./4-LaneEtAlPrivacyBigDataAndThePublicGood.pdf>]

pdfTeX warning: pdflatex (file ./4-LaneEtAlPrivacyBigDataAndThePublicGood.pdf):
 PDF inclusion: found PDF version <1.6>, but at most version <1.5> allowed

<4-LaneEtAlPrivacyBigDataAndThePublicGood.pdf, id=6148, page=158, 612.12692pt x
 793.5246pt>
File: 4-LaneEtAlPrivacyBigDataAndThePublicGood.pdf Graphic file (type pdf)
 <use 4-LaneEtAlPrivacyBigDataAndThePublicGood.pdf, page 158>
Package pdftex.def Info: 4-LaneEtAlPrivacyBigDataAndThePublicGood.pdf, page158 
used on input line 181.
(pdftex.def)             Requested size: 598.60066pt x 775.98999pt.
File: 4-LaneEtAlPrivacyBigDataAndThePublicGood.pdf Graphic file (type pdf)

<use 4-LaneEtAlPrivacyBigDataAndThePublicGood.pdf, page 158>
Package pdftex.def Info: 4-LaneEtAlPrivacyBigDataAndThePublicGood.pdf, page158 
used on input line 181.
(pdftex.def)             Requested size: 598.60066pt x 775.98999pt.
File: 4-LaneEtAlPrivacyBigDataAndThePublicGood.pdf Graphic file (type pdf)

<use 4-LaneEtAlPrivacyBigDataAndThePublicGood.pdf, page 158>
Package pdftex.def Info: 4-LaneEtAlPrivacyBigDataAndThePublicGood.pdf, page158 
used on input line 181.
(pdftex.def)             Requested size: 598.60066pt x 775.98999pt.
 [888 <./4-LaneEtAlPrivacyBigDataAndThePublicGood.pdf>]

pdfTeX warning: pdflatex (file ./4-LaneEtAlPrivacyBigDataAndThePublicGood.pdf):
 PDF inclusion: found PDF version <1.6>, but at most version <1.5> allowed

<4-LaneEtAlPrivacyBigDataAndThePublicGood.pdf, id=6156, page=159, 612.48827pt x
 796.77673pt>
File: 4-LaneEtAlPrivacyBigDataAndThePublicGood.pdf Graphic file (type pdf)
 <use 4-LaneEtAlPrivacyBigDataAndThePublicGood.pdf, page 159>
Package pdftex.def Info: 4-LaneEtAlPrivacyBigDataAndThePublicGood.pdf, page159 
used on input line 181.
(pdftex.def)             Requested size: 598.95404pt x 779.17026pt.
File: 4-LaneEtAlPrivacyBigDataAndThePublicGood.pdf Graphic file (type pdf)

<use 4-LaneEtAlPrivacyBigDataAndThePublicGood.pdf, page 159>
Package pdftex.def Info: 4-LaneEtAlPrivacyBigDataAndThePublicGood.pdf, page159 
used on input line 181.
(pdftex.def)             Requested size: 598.95404pt x 779.17026pt.
File: 4-LaneEtAlPrivacyBigDataAndThePublicGood.pdf Graphic file (type pdf)

<use 4-LaneEtAlPrivacyBigDataAndThePublicGood.pdf, page 159>
Package pdftex.def Info: 4-LaneEtAlPrivacyBigDataAndThePublicGood.pdf, page159 
used on input line 181.
(pdftex.def)             Requested size: 598.95404pt x 779.17026pt.
 [889 <./4-LaneEtAlPrivacyBigDataAndThePublicGood.pdf>]

pdfTeX warning: pdflatex (file ./4-LaneEtAlPrivacyBigDataAndThePublicGood.pdf):
 PDF inclusion: found PDF version <1.6>, but at most version <1.5> allowed

<4-LaneEtAlPrivacyBigDataAndThePublicGood.pdf, id=6167, page=160, 611.76553pt x
 796.77673pt>
File: 4-LaneEtAlPrivacyBigDataAndThePublicGood.pdf Graphic file (type pdf)
 <use 4-LaneEtAlPrivacyBigDataAndThePublicGood.pdf, page 160>
Package pdftex.def Info: 4-LaneEtAlPrivacyBigDataAndThePublicGood.pdf, page160 
used on input line 181.
(pdftex.def)             Requested size: 598.24727pt x 779.17026pt.
File: 4-LaneEtAlPrivacyBigDataAndThePublicGood.pdf Graphic file (type pdf)

<use 4-LaneEtAlPrivacyBigDataAndThePublicGood.pdf, page 160>
Package pdftex.def Info: 4-LaneEtAlPrivacyBigDataAndThePublicGood.pdf, page160 
used on input line 181.
(pdftex.def)             Requested size: 598.24727pt x 779.17026pt.
File: 4-LaneEtAlPrivacyBigDataAndThePublicGood.pdf Graphic file (type pdf)

<use 4-LaneEtAlPrivacyBigDataAndThePublicGood.pdf, page 160>
Package pdftex.def Info: 4-LaneEtAlPrivacyBigDataAndThePublicGood.pdf, page160 
used on input line 181.
(pdftex.def)             Requested size: 598.24727pt x 779.17026pt.
 [890 <./4-LaneEtAlPrivacyBigDataAndThePublicGood.pdf>]

pdfTeX warning: pdflatex (file ./4-LaneEtAlPrivacyBigDataAndThePublicGood.pdf):
 PDF inclusion: found PDF version <1.6>, but at most version <1.5> allowed

<4-LaneEtAlPrivacyBigDataAndThePublicGood.pdf, id=6174, page=161, 610.68152pt x
 796.77673pt>
File: 4-LaneEtAlPrivacyBigDataAndThePublicGood.pdf Graphic file (type pdf)
 <use 4-LaneEtAlPrivacyBigDataAndThePublicGood.pdf, page 161>
Package pdftex.def Info: 4-LaneEtAlPrivacyBigDataAndThePublicGood.pdf, page161 
used on input line 181.
(pdftex.def)             Requested size: 597.18723pt x 779.17026pt.
File: 4-LaneEtAlPrivacyBigDataAndThePublicGood.pdf Graphic file (type pdf)

<use 4-LaneEtAlPrivacyBigDataAndThePublicGood.pdf, page 161>
Package pdftex.def Info: 4-LaneEtAlPrivacyBigDataAndThePublicGood.pdf, page161 
used on input line 181.
(pdftex.def)             Requested size: 597.18723pt x 779.17026pt.
File: 4-LaneEtAlPrivacyBigDataAndThePublicGood.pdf Graphic file (type pdf)

<use 4-LaneEtAlPrivacyBigDataAndThePublicGood.pdf, page 161>
Package pdftex.def Info: 4-LaneEtAlPrivacyBigDataAndThePublicGood.pdf, page161 
used on input line 181.
(pdftex.def)             Requested size: 597.18723pt x 779.17026pt.
 [891 <./4-LaneEtAlPrivacyBigDataAndThePublicGood.pdf>]

pdfTeX warning: pdflatex (file ./4-LaneEtAlPrivacyBigDataAndThePublicGood.pdf):
 PDF inclusion: found PDF version <1.6>, but at most version <1.5> allowed

<4-LaneEtAlPrivacyBigDataAndThePublicGood.pdf, id=6189, page=162, 609.95879pt x
 796.05406pt>
File: 4-LaneEtAlPrivacyBigDataAndThePublicGood.pdf Graphic file (type pdf)
 <use 4-LaneEtAlPrivacyBigDataAndThePublicGood.pdf, page 162>
Package pdftex.def Info: 4-LaneEtAlPrivacyBigDataAndThePublicGood.pdf, page162 
used on input line 181.
(pdftex.def)             Requested size: 596.48045pt x 778.46355pt.
File: 4-LaneEtAlPrivacyBigDataAndThePublicGood.pdf Graphic file (type pdf)

<use 4-LaneEtAlPrivacyBigDataAndThePublicGood.pdf, page 162>
Package pdftex.def Info: 4-LaneEtAlPrivacyBigDataAndThePublicGood.pdf, page162 
used on input line 181.
(pdftex.def)             Requested size: 596.48045pt x 778.46355pt.
File: 4-LaneEtAlPrivacyBigDataAndThePublicGood.pdf Graphic file (type pdf)

<use 4-LaneEtAlPrivacyBigDataAndThePublicGood.pdf, page 162>
Package pdftex.def Info: 4-LaneEtAlPrivacyBigDataAndThePublicGood.pdf, page162 
used on input line 181.
(pdftex.def)             Requested size: 596.48045pt x 778.46355pt.
 [892 <./4-LaneEtAlPrivacyBigDataAndThePublicGood.pdf>]

pdfTeX warning: pdflatex (file ./4-LaneEtAlPrivacyBigDataAndThePublicGood.pdf):
 PDF inclusion: found PDF version <1.6>, but at most version <1.5> allowed

<4-LaneEtAlPrivacyBigDataAndThePublicGood.pdf, id=6197, page=163, 611.40419pt x
 792.80193pt>
File: 4-LaneEtAlPrivacyBigDataAndThePublicGood.pdf Graphic file (type pdf)
 <use 4-LaneEtAlPrivacyBigDataAndThePublicGood.pdf, page 163>
Package pdftex.def Info: 4-LaneEtAlPrivacyBigDataAndThePublicGood.pdf, page163 
used on input line 181.
(pdftex.def)             Requested size: 597.89389pt x 775.28328pt.
File: 4-LaneEtAlPrivacyBigDataAndThePublicGood.pdf Graphic file (type pdf)

<use 4-LaneEtAlPrivacyBigDataAndThePublicGood.pdf, page 163>
Package pdftex.def Info: 4-LaneEtAlPrivacyBigDataAndThePublicGood.pdf, page163 
used on input line 181.
(pdftex.def)             Requested size: 597.89389pt x 775.28328pt.
File: 4-LaneEtAlPrivacyBigDataAndThePublicGood.pdf Graphic file (type pdf)

<use 4-LaneEtAlPrivacyBigDataAndThePublicGood.pdf, page 163>
Package pdftex.def Info: 4-LaneEtAlPrivacyBigDataAndThePublicGood.pdf, page163 
used on input line 181.
(pdftex.def)             Requested size: 597.89389pt x 775.28328pt.
 [893 <./4-LaneEtAlPrivacyBigDataAndThePublicGood.pdf>]

pdfTeX warning: pdflatex (file ./4-LaneEtAlPrivacyBigDataAndThePublicGood.pdf):
 PDF inclusion: found PDF version <1.6>, but at most version <1.5> allowed

<4-LaneEtAlPrivacyBigDataAndThePublicGood.pdf, id=6203, page=164, 610.68152pt x
 796.05406pt>
File: 4-LaneEtAlPrivacyBigDataAndThePublicGood.pdf Graphic file (type pdf)
 <use 4-LaneEtAlPrivacyBigDataAndThePublicGood.pdf, page 164>
Package pdftex.def Info: 4-LaneEtAlPrivacyBigDataAndThePublicGood.pdf, page164 
used on input line 181.
(pdftex.def)             Requested size: 597.18723pt x 778.46355pt.
File: 4-LaneEtAlPrivacyBigDataAndThePublicGood.pdf Graphic file (type pdf)

<use 4-LaneEtAlPrivacyBigDataAndThePublicGood.pdf, page 164>
Package pdftex.def Info: 4-LaneEtAlPrivacyBigDataAndThePublicGood.pdf, page164 
used on input line 181.
(pdftex.def)             Requested size: 597.18723pt x 778.46355pt.
File: 4-LaneEtAlPrivacyBigDataAndThePublicGood.pdf Graphic file (type pdf)

<use 4-LaneEtAlPrivacyBigDataAndThePublicGood.pdf, page 164>
Package pdftex.def Info: 4-LaneEtAlPrivacyBigDataAndThePublicGood.pdf, page164 
used on input line 181.
(pdftex.def)             Requested size: 597.18723pt x 778.46355pt.
 [894 <./4-LaneEtAlPrivacyBigDataAndThePublicGood.pdf>]

pdfTeX warning: pdflatex (file ./4-LaneEtAlPrivacyBigDataAndThePublicGood.pdf):
 PDF inclusion: found PDF version <1.6>, but at most version <1.5> allowed

<4-LaneEtAlPrivacyBigDataAndThePublicGood.pdf, id=6210, page=165, 612.12692pt x
 796.4154pt>
File: 4-LaneEtAlPrivacyBigDataAndThePublicGood.pdf Graphic file (type pdf)
 <use 4-LaneEtAlPrivacyBigDataAndThePublicGood.pdf, page 165>
Package pdftex.def Info: 4-LaneEtAlPrivacyBigDataAndThePublicGood.pdf, page165 
used on input line 181.
(pdftex.def)             Requested size: 598.60066pt x 778.81693pt.
File: 4-LaneEtAlPrivacyBigDataAndThePublicGood.pdf Graphic file (type pdf)

<use 4-LaneEtAlPrivacyBigDataAndThePublicGood.pdf, page 165>
Package pdftex.def Info: 4-LaneEtAlPrivacyBigDataAndThePublicGood.pdf, page165 
used on input line 181.
(pdftex.def)             Requested size: 598.60066pt x 778.81693pt.
File: 4-LaneEtAlPrivacyBigDataAndThePublicGood.pdf Graphic file (type pdf)

<use 4-LaneEtAlPrivacyBigDataAndThePublicGood.pdf, page 165>
Package pdftex.def Info: 4-LaneEtAlPrivacyBigDataAndThePublicGood.pdf, page165 
used on input line 181.
(pdftex.def)             Requested size: 598.60066pt x 778.81693pt.
 [895 <./4-LaneEtAlPrivacyBigDataAndThePublicGood.pdf>]

pdfTeX warning: pdflatex (file ./4-LaneEtAlPrivacyBigDataAndThePublicGood.pdf):
 PDF inclusion: found PDF version <1.6>, but at most version <1.5> allowed

<4-LaneEtAlPrivacyBigDataAndThePublicGood.pdf, id=6219, page=166, 611.04286pt x
 795.69267pt>
File: 4-LaneEtAlPrivacyBigDataAndThePublicGood.pdf Graphic file (type pdf)
 <use 4-LaneEtAlPrivacyBigDataAndThePublicGood.pdf, page 166>
Package pdftex.def Info: 4-LaneEtAlPrivacyBigDataAndThePublicGood.pdf, page166 
used on input line 181.
(pdftex.def)             Requested size: 597.54057pt x 778.11015pt.
File: 4-LaneEtAlPrivacyBigDataAndThePublicGood.pdf Graphic file (type pdf)

<use 4-LaneEtAlPrivacyBigDataAndThePublicGood.pdf, page 166>
Package pdftex.def Info: 4-LaneEtAlPrivacyBigDataAndThePublicGood.pdf, page166 
used on input line 181.
(pdftex.def)             Requested size: 597.54057pt x 778.11015pt.
File: 4-LaneEtAlPrivacyBigDataAndThePublicGood.pdf Graphic file (type pdf)

<use 4-LaneEtAlPrivacyBigDataAndThePublicGood.pdf, page 166>
Package pdftex.def Info: 4-LaneEtAlPrivacyBigDataAndThePublicGood.pdf, page166 
used on input line 181.
(pdftex.def)             Requested size: 597.54057pt x 778.11015pt.
 [896 <./4-LaneEtAlPrivacyBigDataAndThePublicGood.pdf>]

pdfTeX warning: pdflatex (file ./4-LaneEtAlPrivacyBigDataAndThePublicGood.pdf):
 PDF inclusion: found PDF version <1.6>, but at most version <1.5> allowed

<4-LaneEtAlPrivacyBigDataAndThePublicGood.pdf, id=6233, page=167, 611.76553pt x
 795.69273pt>
File: 4-LaneEtAlPrivacyBigDataAndThePublicGood.pdf Graphic file (type pdf)
 <use 4-LaneEtAlPrivacyBigDataAndThePublicGood.pdf, page 167>
Package pdftex.def Info: 4-LaneEtAlPrivacyBigDataAndThePublicGood.pdf, page167 
used on input line 181.
(pdftex.def)             Requested size: 598.24727pt x 778.11021pt.
File: 4-LaneEtAlPrivacyBigDataAndThePublicGood.pdf Graphic file (type pdf)

<use 4-LaneEtAlPrivacyBigDataAndThePublicGood.pdf, page 167>
Package pdftex.def Info: 4-LaneEtAlPrivacyBigDataAndThePublicGood.pdf, page167 
used on input line 181.
(pdftex.def)             Requested size: 598.24727pt x 778.11021pt.
File: 4-LaneEtAlPrivacyBigDataAndThePublicGood.pdf Graphic file (type pdf)

<use 4-LaneEtAlPrivacyBigDataAndThePublicGood.pdf, page 167>
Package pdftex.def Info: 4-LaneEtAlPrivacyBigDataAndThePublicGood.pdf, page167 
used on input line 181.
(pdftex.def)             Requested size: 598.24727pt x 778.11021pt.
 [897 <./4-LaneEtAlPrivacyBigDataAndThePublicGood.pdf>]

pdfTeX warning: pdflatex (file ./4-LaneEtAlPrivacyBigDataAndThePublicGood.pdf):
 PDF inclusion: found PDF version <1.6>, but at most version <1.5> allowed

<4-LaneEtAlPrivacyBigDataAndThePublicGood.pdf, id=6239, page=168, 611.40419pt x
 794.97pt>
File: 4-LaneEtAlPrivacyBigDataAndThePublicGood.pdf Graphic file (type pdf)
 <use 4-LaneEtAlPrivacyBigDataAndThePublicGood.pdf, page 168>
Package pdftex.def Info: 4-LaneEtAlPrivacyBigDataAndThePublicGood.pdf, page168 
used on input line 181.
(pdftex.def)             Requested size: 597.89389pt x 777.40346pt.
File: 4-LaneEtAlPrivacyBigDataAndThePublicGood.pdf Graphic file (type pdf)

<use 4-LaneEtAlPrivacyBigDataAndThePublicGood.pdf, page 168>
Package pdftex.def Info: 4-LaneEtAlPrivacyBigDataAndThePublicGood.pdf, page168 
used on input line 181.
(pdftex.def)             Requested size: 597.89389pt x 777.40346pt.
File: 4-LaneEtAlPrivacyBigDataAndThePublicGood.pdf Graphic file (type pdf)

<use 4-LaneEtAlPrivacyBigDataAndThePublicGood.pdf, page 168>
Package pdftex.def Info: 4-LaneEtAlPrivacyBigDataAndThePublicGood.pdf, page168 
used on input line 181.
(pdftex.def)             Requested size: 597.89389pt x 777.40346pt.
 [898 <./4-LaneEtAlPrivacyBigDataAndThePublicGood.pdf>]

pdfTeX warning: pdflatex (file ./4-LaneEtAlPrivacyBigDataAndThePublicGood.pdf):
 PDF inclusion: found PDF version <1.6>, but at most version <1.5> allowed

<4-LaneEtAlPrivacyBigDataAndThePublicGood.pdf, id=6246, page=169, 612.12692pt x
 795.33133pt>
File: 4-LaneEtAlPrivacyBigDataAndThePublicGood.pdf Graphic file (type pdf)
 <use 4-LaneEtAlPrivacyBigDataAndThePublicGood.pdf, page 169>
Package pdftex.def Info: 4-LaneEtAlPrivacyBigDataAndThePublicGood.pdf, page169 
used on input line 181.
(pdftex.def)             Requested size: 598.60066pt x 777.75679pt.
File: 4-LaneEtAlPrivacyBigDataAndThePublicGood.pdf Graphic file (type pdf)

<use 4-LaneEtAlPrivacyBigDataAndThePublicGood.pdf, page 169>
Package pdftex.def Info: 4-LaneEtAlPrivacyBigDataAndThePublicGood.pdf, page169 
used on input line 181.
(pdftex.def)             Requested size: 598.60066pt x 777.75679pt.
File: 4-LaneEtAlPrivacyBigDataAndThePublicGood.pdf Graphic file (type pdf)

<use 4-LaneEtAlPrivacyBigDataAndThePublicGood.pdf, page 169>
Package pdftex.def Info: 4-LaneEtAlPrivacyBigDataAndThePublicGood.pdf, page169 
used on input line 181.
(pdftex.def)             Requested size: 598.60066pt x 777.75679pt.
 [899 <./4-LaneEtAlPrivacyBigDataAndThePublicGood.pdf>]

pdfTeX warning: pdflatex (file ./4-LaneEtAlPrivacyBigDataAndThePublicGood.pdf):
 PDF inclusion: found PDF version <1.6>, but at most version <1.5> allowed

<4-LaneEtAlPrivacyBigDataAndThePublicGood.pdf, id=6255, page=170, 610.68152pt x
 795.33133pt>
File: 4-LaneEtAlPrivacyBigDataAndThePublicGood.pdf Graphic file (type pdf)
 <use 4-LaneEtAlPrivacyBigDataAndThePublicGood.pdf, page 170>
Package pdftex.def Info: 4-LaneEtAlPrivacyBigDataAndThePublicGood.pdf, page170 
used on input line 181.
(pdftex.def)             Requested size: 597.18723pt x 777.75679pt.
File: 4-LaneEtAlPrivacyBigDataAndThePublicGood.pdf Graphic file (type pdf)

<use 4-LaneEtAlPrivacyBigDataAndThePublicGood.pdf, page 170>
Package pdftex.def Info: 4-LaneEtAlPrivacyBigDataAndThePublicGood.pdf, page170 
used on input line 181.
(pdftex.def)             Requested size: 597.18723pt x 777.75679pt.
File: 4-LaneEtAlPrivacyBigDataAndThePublicGood.pdf Graphic file (type pdf)

<use 4-LaneEtAlPrivacyBigDataAndThePublicGood.pdf, page 170>
Package pdftex.def Info: 4-LaneEtAlPrivacyBigDataAndThePublicGood.pdf, page170 
used on input line 181.
(pdftex.def)             Requested size: 597.18723pt x 777.75679pt.
 [900 <./4-LaneEtAlPrivacyBigDataAndThePublicGood.pdf>]

pdfTeX warning: pdflatex (file ./4-LaneEtAlPrivacyBigDataAndThePublicGood.pdf):
 PDF inclusion: found PDF version <1.6>, but at most version <1.5> allowed

<4-LaneEtAlPrivacyBigDataAndThePublicGood.pdf, id=6262, page=171, 611.04286pt x
 796.77673pt>
File: 4-LaneEtAlPrivacyBigDataAndThePublicGood.pdf Graphic file (type pdf)
 <use 4-LaneEtAlPrivacyBigDataAndThePublicGood.pdf, page 171>
Package pdftex.def Info: 4-LaneEtAlPrivacyBigDataAndThePublicGood.pdf, page171 
used on input line 181.
(pdftex.def)             Requested size: 597.54057pt x 779.17026pt.
File: 4-LaneEtAlPrivacyBigDataAndThePublicGood.pdf Graphic file (type pdf)

<use 4-LaneEtAlPrivacyBigDataAndThePublicGood.pdf, page 171>
Package pdftex.def Info: 4-LaneEtAlPrivacyBigDataAndThePublicGood.pdf, page171 
used on input line 181.
(pdftex.def)             Requested size: 597.54057pt x 779.17026pt.
File: 4-LaneEtAlPrivacyBigDataAndThePublicGood.pdf Graphic file (type pdf)

<use 4-LaneEtAlPrivacyBigDataAndThePublicGood.pdf, page 171>
Package pdftex.def Info: 4-LaneEtAlPrivacyBigDataAndThePublicGood.pdf, page171 
used on input line 181.
(pdftex.def)             Requested size: 597.54057pt x 779.17026pt.
 [901 <./4-LaneEtAlPrivacyBigDataAndThePublicGood.pdf>]

pdfTeX warning: pdflatex (file ./4-LaneEtAlPrivacyBigDataAndThePublicGood.pdf):
 PDF inclusion: found PDF version <1.6>, but at most version <1.5> allowed

<4-LaneEtAlPrivacyBigDataAndThePublicGood.pdf, id=6274, page=172, 609.59746pt x
 795.33133pt>
File: 4-LaneEtAlPrivacyBigDataAndThePublicGood.pdf Graphic file (type pdf)
 <use 4-LaneEtAlPrivacyBigDataAndThePublicGood.pdf, page 172>
Package pdftex.def Info: 4-LaneEtAlPrivacyBigDataAndThePublicGood.pdf, page172 
used on input line 181.
(pdftex.def)             Requested size: 596.1271pt x 777.75679pt.
File: 4-LaneEtAlPrivacyBigDataAndThePublicGood.pdf Graphic file (type pdf)

<use 4-LaneEtAlPrivacyBigDataAndThePublicGood.pdf, page 172>
Package pdftex.def Info: 4-LaneEtAlPrivacyBigDataAndThePublicGood.pdf, page172 
used on input line 181.
(pdftex.def)             Requested size: 596.1271pt x 777.75679pt.
File: 4-LaneEtAlPrivacyBigDataAndThePublicGood.pdf Graphic file (type pdf)

<use 4-LaneEtAlPrivacyBigDataAndThePublicGood.pdf, page 172>
Package pdftex.def Info: 4-LaneEtAlPrivacyBigDataAndThePublicGood.pdf, page172 
used on input line 181.
(pdftex.def)             Requested size: 596.1271pt x 777.75679pt.
 [902 <./4-LaneEtAlPrivacyBigDataAndThePublicGood.pdf>]

pdfTeX warning: pdflatex (file ./4-LaneEtAlPrivacyBigDataAndThePublicGood.pdf):
 PDF inclusion: found PDF version <1.6>, but at most version <1.5> allowed

<4-LaneEtAlPrivacyBigDataAndThePublicGood.pdf, id=6280, page=173, 610.68152pt x
 796.05406pt>
File: 4-LaneEtAlPrivacyBigDataAndThePublicGood.pdf Graphic file (type pdf)
 <use 4-LaneEtAlPrivacyBigDataAndThePublicGood.pdf, page 173>
Package pdftex.def Info: 4-LaneEtAlPrivacyBigDataAndThePublicGood.pdf, page173 
used on input line 181.
(pdftex.def)             Requested size: 597.18723pt x 778.46355pt.
File: 4-LaneEtAlPrivacyBigDataAndThePublicGood.pdf Graphic file (type pdf)

<use 4-LaneEtAlPrivacyBigDataAndThePublicGood.pdf, page 173>
Package pdftex.def Info: 4-LaneEtAlPrivacyBigDataAndThePublicGood.pdf, page173 
used on input line 181.
(pdftex.def)             Requested size: 597.18723pt x 778.46355pt.
File: 4-LaneEtAlPrivacyBigDataAndThePublicGood.pdf Graphic file (type pdf)

<use 4-LaneEtAlPrivacyBigDataAndThePublicGood.pdf, page 173>
Package pdftex.def Info: 4-LaneEtAlPrivacyBigDataAndThePublicGood.pdf, page173 
used on input line 181.
(pdftex.def)             Requested size: 597.18723pt x 778.46355pt.
 [903 <./4-LaneEtAlPrivacyBigDataAndThePublicGood.pdf>]

pdfTeX warning: pdflatex (file ./4-LaneEtAlPrivacyBigDataAndThePublicGood.pdf):
 PDF inclusion: found PDF version <1.6>, but at most version <1.5> allowed

<4-LaneEtAlPrivacyBigDataAndThePublicGood.pdf, id=6285, page=174, 609.95879pt x
 795.69267pt>
File: 4-LaneEtAlPrivacyBigDataAndThePublicGood.pdf Graphic file (type pdf)
 <use 4-LaneEtAlPrivacyBigDataAndThePublicGood.pdf, page 174>
Package pdftex.def Info: 4-LaneEtAlPrivacyBigDataAndThePublicGood.pdf, page174 
used on input line 181.
(pdftex.def)             Requested size: 596.48045pt x 778.11015pt.
File: 4-LaneEtAlPrivacyBigDataAndThePublicGood.pdf Graphic file (type pdf)

<use 4-LaneEtAlPrivacyBigDataAndThePublicGood.pdf, page 174>
Package pdftex.def Info: 4-LaneEtAlPrivacyBigDataAndThePublicGood.pdf, page174 
used on input line 181.
(pdftex.def)             Requested size: 596.48045pt x 778.11015pt.
File: 4-LaneEtAlPrivacyBigDataAndThePublicGood.pdf Graphic file (type pdf)

<use 4-LaneEtAlPrivacyBigDataAndThePublicGood.pdf, page 174>
Package pdftex.def Info: 4-LaneEtAlPrivacyBigDataAndThePublicGood.pdf, page174 
used on input line 181.
(pdftex.def)             Requested size: 596.48045pt x 778.11015pt.
 [904 <./4-LaneEtAlPrivacyBigDataAndThePublicGood.pdf>]

pdfTeX warning: pdflatex (file ./4-LaneEtAlPrivacyBigDataAndThePublicGood.pdf):
 PDF inclusion: found PDF version <1.6>, but at most version <1.5> allowed

<4-LaneEtAlPrivacyBigDataAndThePublicGood.pdf, id=6290, page=175, 611.04286pt x
 795.69273pt>
File: 4-LaneEtAlPrivacyBigDataAndThePublicGood.pdf Graphic file (type pdf)
 <use 4-LaneEtAlPrivacyBigDataAndThePublicGood.pdf, page 175>
Package pdftex.def Info: 4-LaneEtAlPrivacyBigDataAndThePublicGood.pdf, page175 
used on input line 181.
(pdftex.def)             Requested size: 597.54057pt x 778.11021pt.
File: 4-LaneEtAlPrivacyBigDataAndThePublicGood.pdf Graphic file (type pdf)

<use 4-LaneEtAlPrivacyBigDataAndThePublicGood.pdf, page 175>
Package pdftex.def Info: 4-LaneEtAlPrivacyBigDataAndThePublicGood.pdf, page175 
used on input line 181.
(pdftex.def)             Requested size: 597.54057pt x 778.11021pt.
File: 4-LaneEtAlPrivacyBigDataAndThePublicGood.pdf Graphic file (type pdf)

<use 4-LaneEtAlPrivacyBigDataAndThePublicGood.pdf, page 175>
Package pdftex.def Info: 4-LaneEtAlPrivacyBigDataAndThePublicGood.pdf, page175 
used on input line 181.
(pdftex.def)             Requested size: 597.54057pt x 778.11021pt.
 [905 <./4-LaneEtAlPrivacyBigDataAndThePublicGood.pdf>]

pdfTeX warning: pdflatex (file ./4-LaneEtAlPrivacyBigDataAndThePublicGood.pdf):
 PDF inclusion: found PDF version <1.6>, but at most version <1.5> allowed

<4-LaneEtAlPrivacyBigDataAndThePublicGood.pdf, id=6298, page=176, 609.59746pt x
 794.97pt>
File: 4-LaneEtAlPrivacyBigDataAndThePublicGood.pdf Graphic file (type pdf)
 <use 4-LaneEtAlPrivacyBigDataAndThePublicGood.pdf, page 176>
Package pdftex.def Info: 4-LaneEtAlPrivacyBigDataAndThePublicGood.pdf, page176 
used on input line 181.
(pdftex.def)             Requested size: 596.1271pt x 777.40346pt.
File: 4-LaneEtAlPrivacyBigDataAndThePublicGood.pdf Graphic file (type pdf)

<use 4-LaneEtAlPrivacyBigDataAndThePublicGood.pdf, page 176>
Package pdftex.def Info: 4-LaneEtAlPrivacyBigDataAndThePublicGood.pdf, page176 
used on input line 181.
(pdftex.def)             Requested size: 596.1271pt x 777.40346pt.
File: 4-LaneEtAlPrivacyBigDataAndThePublicGood.pdf Graphic file (type pdf)

<use 4-LaneEtAlPrivacyBigDataAndThePublicGood.pdf, page 176>
Package pdftex.def Info: 4-LaneEtAlPrivacyBigDataAndThePublicGood.pdf, page176 
used on input line 181.
(pdftex.def)             Requested size: 596.1271pt x 777.40346pt.
 [906 <./4-LaneEtAlPrivacyBigDataAndThePublicGood.pdf>]

pdfTeX warning: pdflatex (file ./4-LaneEtAlPrivacyBigDataAndThePublicGood.pdf):
 PDF inclusion: found PDF version <1.6>, but at most version <1.5> allowed

<4-LaneEtAlPrivacyBigDataAndThePublicGood.pdf, id=6304, page=177, 609.95879pt x
 794.60866pt>
File: 4-LaneEtAlPrivacyBigDataAndThePublicGood.pdf Graphic file (type pdf)
 <use 4-LaneEtAlPrivacyBigDataAndThePublicGood.pdf, page 177>
Package pdftex.def Info: 4-LaneEtAlPrivacyBigDataAndThePublicGood.pdf, page177 
used on input line 181.
(pdftex.def)             Requested size: 596.48045pt x 777.05008pt.
File: 4-LaneEtAlPrivacyBigDataAndThePublicGood.pdf Graphic file (type pdf)

<use 4-LaneEtAlPrivacyBigDataAndThePublicGood.pdf, page 177>
Package pdftex.def Info: 4-LaneEtAlPrivacyBigDataAndThePublicGood.pdf, page177 
used on input line 181.
(pdftex.def)             Requested size: 596.48045pt x 777.05008pt.
File: 4-LaneEtAlPrivacyBigDataAndThePublicGood.pdf Graphic file (type pdf)

<use 4-LaneEtAlPrivacyBigDataAndThePublicGood.pdf, page 177>
Package pdftex.def Info: 4-LaneEtAlPrivacyBigDataAndThePublicGood.pdf, page177 
used on input line 181.
(pdftex.def)             Requested size: 596.48045pt x 777.05008pt.
 [907 <./4-LaneEtAlPrivacyBigDataAndThePublicGood.pdf>]

pdfTeX warning: pdflatex (file ./4-LaneEtAlPrivacyBigDataAndThePublicGood.pdf):
 PDF inclusion: found PDF version <1.6>, but at most version <1.5> allowed

<4-LaneEtAlPrivacyBigDataAndThePublicGood.pdf, id=6311, page=178, 609.59746pt x
 794.97pt>
File: 4-LaneEtAlPrivacyBigDataAndThePublicGood.pdf Graphic file (type pdf)
 <use 4-LaneEtAlPrivacyBigDataAndThePublicGood.pdf, page 178>
Package pdftex.def Info: 4-LaneEtAlPrivacyBigDataAndThePublicGood.pdf, page178 
used on input line 181.
(pdftex.def)             Requested size: 596.1271pt x 777.40346pt.
File: 4-LaneEtAlPrivacyBigDataAndThePublicGood.pdf Graphic file (type pdf)

<use 4-LaneEtAlPrivacyBigDataAndThePublicGood.pdf, page 178>
Package pdftex.def Info: 4-LaneEtAlPrivacyBigDataAndThePublicGood.pdf, page178 
used on input line 181.
(pdftex.def)             Requested size: 596.1271pt x 777.40346pt.
File: 4-LaneEtAlPrivacyBigDataAndThePublicGood.pdf Graphic file (type pdf)

<use 4-LaneEtAlPrivacyBigDataAndThePublicGood.pdf, page 178>
Package pdftex.def Info: 4-LaneEtAlPrivacyBigDataAndThePublicGood.pdf, page178 
used on input line 181.
(pdftex.def)             Requested size: 596.1271pt x 777.40346pt.
 [908 <./4-LaneEtAlPrivacyBigDataAndThePublicGood.pdf>]

pdfTeX warning: pdflatex (file ./4-LaneEtAlPrivacyBigDataAndThePublicGood.pdf):
 PDF inclusion: found PDF version <1.6>, but at most version <1.5> allowed

<4-LaneEtAlPrivacyBigDataAndThePublicGood.pdf, id=6317, page=179, 611.40419pt x
 794.60866pt>
File: 4-LaneEtAlPrivacyBigDataAndThePublicGood.pdf Graphic file (type pdf)
 <use 4-LaneEtAlPrivacyBigDataAndThePublicGood.pdf, page 179>
Package pdftex.def Info: 4-LaneEtAlPrivacyBigDataAndThePublicGood.pdf, page179 
used on input line 181.
(pdftex.def)             Requested size: 597.89389pt x 777.05008pt.
File: 4-LaneEtAlPrivacyBigDataAndThePublicGood.pdf Graphic file (type pdf)

<use 4-LaneEtAlPrivacyBigDataAndThePublicGood.pdf, page 179>
Package pdftex.def Info: 4-LaneEtAlPrivacyBigDataAndThePublicGood.pdf, page179 
used on input line 181.
(pdftex.def)             Requested size: 597.89389pt x 777.05008pt.
File: 4-LaneEtAlPrivacyBigDataAndThePublicGood.pdf Graphic file (type pdf)

<use 4-LaneEtAlPrivacyBigDataAndThePublicGood.pdf, page 179>
Package pdftex.def Info: 4-LaneEtAlPrivacyBigDataAndThePublicGood.pdf, page179 
used on input line 181.
(pdftex.def)             Requested size: 597.89389pt x 777.05008pt.
 [909 <./4-LaneEtAlPrivacyBigDataAndThePublicGood.pdf>]

pdfTeX warning: pdflatex (file ./4-LaneEtAlPrivacyBigDataAndThePublicGood.pdf):
 PDF inclusion: found PDF version <1.6>, but at most version <1.5> allowed

<4-LaneEtAlPrivacyBigDataAndThePublicGood.pdf, id=6323, page=180, 609.95879pt x
 793.88593pt>
File: 4-LaneEtAlPrivacyBigDataAndThePublicGood.pdf Graphic file (type pdf)
 <use 4-LaneEtAlPrivacyBigDataAndThePublicGood.pdf, page 180>
Package pdftex.def Info: 4-LaneEtAlPrivacyBigDataAndThePublicGood.pdf, page180 
used on input line 181.
(pdftex.def)             Requested size: 596.48045pt x 776.34332pt.
File: 4-LaneEtAlPrivacyBigDataAndThePublicGood.pdf Graphic file (type pdf)

<use 4-LaneEtAlPrivacyBigDataAndThePublicGood.pdf, page 180>
Package pdftex.def Info: 4-LaneEtAlPrivacyBigDataAndThePublicGood.pdf, page180 
used on input line 181.
(pdftex.def)             Requested size: 596.48045pt x 776.34332pt.
File: 4-LaneEtAlPrivacyBigDataAndThePublicGood.pdf Graphic file (type pdf)

<use 4-LaneEtAlPrivacyBigDataAndThePublicGood.pdf, page 180>
Package pdftex.def Info: 4-LaneEtAlPrivacyBigDataAndThePublicGood.pdf, page180 
used on input line 181.
(pdftex.def)             Requested size: 596.48045pt x 776.34332pt.
 [910 <./4-LaneEtAlPrivacyBigDataAndThePublicGood.pdf>]

pdfTeX warning: pdflatex (file ./4-LaneEtAlPrivacyBigDataAndThePublicGood.pdf):
 PDF inclusion: found PDF version <1.6>, but at most version <1.5> allowed

<4-LaneEtAlPrivacyBigDataAndThePublicGood.pdf, id=6328, page=181, 611.04286pt x
 794.60866pt>
File: 4-LaneEtAlPrivacyBigDataAndThePublicGood.pdf Graphic file (type pdf)
 <use 4-LaneEtAlPrivacyBigDataAndThePublicGood.pdf, page 181>
Package pdftex.def Info: 4-LaneEtAlPrivacyBigDataAndThePublicGood.pdf, page181 
used on input line 181.
(pdftex.def)             Requested size: 597.54057pt x 777.05008pt.
File: 4-LaneEtAlPrivacyBigDataAndThePublicGood.pdf Graphic file (type pdf)

<use 4-LaneEtAlPrivacyBigDataAndThePublicGood.pdf, page 181>
Package pdftex.def Info: 4-LaneEtAlPrivacyBigDataAndThePublicGood.pdf, page181 
used on input line 181.
(pdftex.def)             Requested size: 597.54057pt x 777.05008pt.
File: 4-LaneEtAlPrivacyBigDataAndThePublicGood.pdf Graphic file (type pdf)

<use 4-LaneEtAlPrivacyBigDataAndThePublicGood.pdf, page 181>
Package pdftex.def Info: 4-LaneEtAlPrivacyBigDataAndThePublicGood.pdf, page181 
used on input line 181.
(pdftex.def)             Requested size: 597.54057pt x 777.05008pt.
 [911 <./4-LaneEtAlPrivacyBigDataAndThePublicGood.pdf>]

pdfTeX warning: pdflatex (file ./4-LaneEtAlPrivacyBigDataAndThePublicGood.pdf):
 PDF inclusion: found PDF version <1.6>, but at most version <1.5> allowed

<4-LaneEtAlPrivacyBigDataAndThePublicGood.pdf, id=6334, page=182, 610.68152pt x
 792.44054pt>
File: 4-LaneEtAlPrivacyBigDataAndThePublicGood.pdf Graphic file (type pdf)
 <use 4-LaneEtAlPrivacyBigDataAndThePublicGood.pdf, page 182>
Package pdftex.def Info: 4-LaneEtAlPrivacyBigDataAndThePublicGood.pdf, page182 
used on input line 181.
(pdftex.def)             Requested size: 597.18723pt x 774.92989pt.
File: 4-LaneEtAlPrivacyBigDataAndThePublicGood.pdf Graphic file (type pdf)

<use 4-LaneEtAlPrivacyBigDataAndThePublicGood.pdf, page 182>
Package pdftex.def Info: 4-LaneEtAlPrivacyBigDataAndThePublicGood.pdf, page182 
used on input line 181.
(pdftex.def)             Requested size: 597.18723pt x 774.92989pt.
File: 4-LaneEtAlPrivacyBigDataAndThePublicGood.pdf Graphic file (type pdf)

<use 4-LaneEtAlPrivacyBigDataAndThePublicGood.pdf, page 182>
Package pdftex.def Info: 4-LaneEtAlPrivacyBigDataAndThePublicGood.pdf, page182 
used on input line 181.
(pdftex.def)             Requested size: 597.18723pt x 774.92989pt.
 [912 <./4-LaneEtAlPrivacyBigDataAndThePublicGood.pdf>]

pdfTeX warning: pdflatex (file ./4-LaneEtAlPrivacyBigDataAndThePublicGood.pdf):
 PDF inclusion: found PDF version <1.6>, but at most version <1.5> allowed

<4-LaneEtAlPrivacyBigDataAndThePublicGood.pdf, id=6340, page=183, 611.76553pt x
 796.4154pt>
File: 4-LaneEtAlPrivacyBigDataAndThePublicGood.pdf Graphic file (type pdf)
 <use 4-LaneEtAlPrivacyBigDataAndThePublicGood.pdf, page 183>
Package pdftex.def Info: 4-LaneEtAlPrivacyBigDataAndThePublicGood.pdf, page183 
used on input line 181.
(pdftex.def)             Requested size: 598.24727pt x 778.81693pt.
File: 4-LaneEtAlPrivacyBigDataAndThePublicGood.pdf Graphic file (type pdf)

<use 4-LaneEtAlPrivacyBigDataAndThePublicGood.pdf, page 183>
Package pdftex.def Info: 4-LaneEtAlPrivacyBigDataAndThePublicGood.pdf, page183 
used on input line 181.
(pdftex.def)             Requested size: 598.24727pt x 778.81693pt.
File: 4-LaneEtAlPrivacyBigDataAndThePublicGood.pdf Graphic file (type pdf)

<use 4-LaneEtAlPrivacyBigDataAndThePublicGood.pdf, page 183>
Package pdftex.def Info: 4-LaneEtAlPrivacyBigDataAndThePublicGood.pdf, page183 
used on input line 181.
(pdftex.def)             Requested size: 598.24727pt x 778.81693pt.
 [913 <./4-LaneEtAlPrivacyBigDataAndThePublicGood.pdf>]

pdfTeX warning: pdflatex (file ./4-LaneEtAlPrivacyBigDataAndThePublicGood.pdf):
 PDF inclusion: found PDF version <1.6>, but at most version <1.5> allowed

<4-LaneEtAlPrivacyBigDataAndThePublicGood.pdf, id=6349, page=184, 611.04286pt x
 795.69267pt>
File: 4-LaneEtAlPrivacyBigDataAndThePublicGood.pdf Graphic file (type pdf)
 <use 4-LaneEtAlPrivacyBigDataAndThePublicGood.pdf, page 184>
Package pdftex.def Info: 4-LaneEtAlPrivacyBigDataAndThePublicGood.pdf, page184 
used on input line 181.
(pdftex.def)             Requested size: 597.54057pt x 778.11015pt.
File: 4-LaneEtAlPrivacyBigDataAndThePublicGood.pdf Graphic file (type pdf)

<use 4-LaneEtAlPrivacyBigDataAndThePublicGood.pdf, page 184>
Package pdftex.def Info: 4-LaneEtAlPrivacyBigDataAndThePublicGood.pdf, page184 
used on input line 181.
(pdftex.def)             Requested size: 597.54057pt x 778.11015pt.
File: 4-LaneEtAlPrivacyBigDataAndThePublicGood.pdf Graphic file (type pdf)

<use 4-LaneEtAlPrivacyBigDataAndThePublicGood.pdf, page 184>
Package pdftex.def Info: 4-LaneEtAlPrivacyBigDataAndThePublicGood.pdf, page184 
used on input line 181.
(pdftex.def)             Requested size: 597.54057pt x 778.11015pt.
 [914 <./4-LaneEtAlPrivacyBigDataAndThePublicGood.pdf>]

pdfTeX warning: pdflatex (file ./4-LaneEtAlPrivacyBigDataAndThePublicGood.pdf):
 PDF inclusion: found PDF version <1.6>, but at most version <1.5> allowed

<4-LaneEtAlPrivacyBigDataAndThePublicGood.pdf, id=6355, page=185, 611.04286pt x
 796.05406pt>
File: 4-LaneEtAlPrivacyBigDataAndThePublicGood.pdf Graphic file (type pdf)
 <use 4-LaneEtAlPrivacyBigDataAndThePublicGood.pdf, page 185>
Package pdftex.def Info: 4-LaneEtAlPrivacyBigDataAndThePublicGood.pdf, page185 
used on input line 181.
(pdftex.def)             Requested size: 597.54057pt x 778.46355pt.
File: 4-LaneEtAlPrivacyBigDataAndThePublicGood.pdf Graphic file (type pdf)

<use 4-LaneEtAlPrivacyBigDataAndThePublicGood.pdf, page 185>
Package pdftex.def Info: 4-LaneEtAlPrivacyBigDataAndThePublicGood.pdf, page185 
used on input line 181.
(pdftex.def)             Requested size: 597.54057pt x 778.46355pt.
File: 4-LaneEtAlPrivacyBigDataAndThePublicGood.pdf Graphic file (type pdf)

<use 4-LaneEtAlPrivacyBigDataAndThePublicGood.pdf, page 185>
Package pdftex.def Info: 4-LaneEtAlPrivacyBigDataAndThePublicGood.pdf, page185 
used on input line 181.
(pdftex.def)             Requested size: 597.54057pt x 778.46355pt.
 [915 <./4-LaneEtAlPrivacyBigDataAndThePublicGood.pdf>]

pdfTeX warning: pdflatex (file ./4-LaneEtAlPrivacyBigDataAndThePublicGood.pdf):
 PDF inclusion: found PDF version <1.6>, but at most version <1.5> allowed

<4-LaneEtAlPrivacyBigDataAndThePublicGood.pdf, id=6361, page=186, 610.32013pt x
 795.69267pt>
File: 4-LaneEtAlPrivacyBigDataAndThePublicGood.pdf Graphic file (type pdf)
 <use 4-LaneEtAlPrivacyBigDataAndThePublicGood.pdf, page 186>
Package pdftex.def Info: 4-LaneEtAlPrivacyBigDataAndThePublicGood.pdf, page186 
used on input line 181.
(pdftex.def)             Requested size: 596.8338pt x 778.11015pt.
File: 4-LaneEtAlPrivacyBigDataAndThePublicGood.pdf Graphic file (type pdf)

<use 4-LaneEtAlPrivacyBigDataAndThePublicGood.pdf, page 186>
Package pdftex.def Info: 4-LaneEtAlPrivacyBigDataAndThePublicGood.pdf, page186 
used on input line 181.
(pdftex.def)             Requested size: 596.8338pt x 778.11015pt.
File: 4-LaneEtAlPrivacyBigDataAndThePublicGood.pdf Graphic file (type pdf)

<use 4-LaneEtAlPrivacyBigDataAndThePublicGood.pdf, page 186>
Package pdftex.def Info: 4-LaneEtAlPrivacyBigDataAndThePublicGood.pdf, page186 
used on input line 181.
(pdftex.def)             Requested size: 596.8338pt x 778.11015pt.
 [916 <./4-LaneEtAlPrivacyBigDataAndThePublicGood.pdf>]

pdfTeX warning: pdflatex (file ./4-LaneEtAlPrivacyBigDataAndThePublicGood.pdf):
 PDF inclusion: found PDF version <1.6>, but at most version <1.5> allowed

<4-LaneEtAlPrivacyBigDataAndThePublicGood.pdf, id=6366, page=187, 611.40419pt x
 796.05406pt>
File: 4-LaneEtAlPrivacyBigDataAndThePublicGood.pdf Graphic file (type pdf)
 <use 4-LaneEtAlPrivacyBigDataAndThePublicGood.pdf, page 187>
Package pdftex.def Info: 4-LaneEtAlPrivacyBigDataAndThePublicGood.pdf, page187 
used on input line 181.
(pdftex.def)             Requested size: 597.89389pt x 778.46355pt.
File: 4-LaneEtAlPrivacyBigDataAndThePublicGood.pdf Graphic file (type pdf)

<use 4-LaneEtAlPrivacyBigDataAndThePublicGood.pdf, page 187>
Package pdftex.def Info: 4-LaneEtAlPrivacyBigDataAndThePublicGood.pdf, page187 
used on input line 181.
(pdftex.def)             Requested size: 597.89389pt x 778.46355pt.
File: 4-LaneEtAlPrivacyBigDataAndThePublicGood.pdf Graphic file (type pdf)

<use 4-LaneEtAlPrivacyBigDataAndThePublicGood.pdf, page 187>
Package pdftex.def Info: 4-LaneEtAlPrivacyBigDataAndThePublicGood.pdf, page187 
used on input line 181.
(pdftex.def)             Requested size: 597.89389pt x 778.46355pt.
 [917 <./4-LaneEtAlPrivacyBigDataAndThePublicGood.pdf>]

pdfTeX warning: pdflatex (file ./4-LaneEtAlPrivacyBigDataAndThePublicGood.pdf):
 PDF inclusion: found PDF version <1.6>, but at most version <1.5> allowed

<4-LaneEtAlPrivacyBigDataAndThePublicGood.pdf, id=6372, page=188, 610.32013pt x
 795.33133pt>
File: 4-LaneEtAlPrivacyBigDataAndThePublicGood.pdf Graphic file (type pdf)
 <use 4-LaneEtAlPrivacyBigDataAndThePublicGood.pdf, page 188>
Package pdftex.def Info: 4-LaneEtAlPrivacyBigDataAndThePublicGood.pdf, page188 
used on input line 181.
(pdftex.def)             Requested size: 596.8338pt x 777.75679pt.
File: 4-LaneEtAlPrivacyBigDataAndThePublicGood.pdf Graphic file (type pdf)

<use 4-LaneEtAlPrivacyBigDataAndThePublicGood.pdf, page 188>
Package pdftex.def Info: 4-LaneEtAlPrivacyBigDataAndThePublicGood.pdf, page188 
used on input line 181.
(pdftex.def)             Requested size: 596.8338pt x 777.75679pt.
File: 4-LaneEtAlPrivacyBigDataAndThePublicGood.pdf Graphic file (type pdf)

<use 4-LaneEtAlPrivacyBigDataAndThePublicGood.pdf, page 188>
Package pdftex.def Info: 4-LaneEtAlPrivacyBigDataAndThePublicGood.pdf, page188 
used on input line 181.
(pdftex.def)             Requested size: 596.8338pt x 777.75679pt.
 [918 <./4-LaneEtAlPrivacyBigDataAndThePublicGood.pdf>]

pdfTeX warning: pdflatex (file ./4-LaneEtAlPrivacyBigDataAndThePublicGood.pdf):
 PDF inclusion: found PDF version <1.6>, but at most version <1.5> allowed

<4-LaneEtAlPrivacyBigDataAndThePublicGood.pdf, id=6379, page=189, 612.8496pt x 
795.33133pt>
File: 4-LaneEtAlPrivacyBigDataAndThePublicGood.pdf Graphic file (type pdf)
 <use 4-LaneEtAlPrivacyBigDataAndThePublicGood.pdf, page 189>
Package pdftex.def Info: 4-LaneEtAlPrivacyBigDataAndThePublicGood.pdf, page189 
used on input line 181.
(pdftex.def)             Requested size: 599.30736pt x 777.75679pt.
File: 4-LaneEtAlPrivacyBigDataAndThePublicGood.pdf Graphic file (type pdf)

<use 4-LaneEtAlPrivacyBigDataAndThePublicGood.pdf, page 189>
Package pdftex.def Info: 4-LaneEtAlPrivacyBigDataAndThePublicGood.pdf, page189 
used on input line 181.
(pdftex.def)             Requested size: 599.30736pt x 777.75679pt.
File: 4-LaneEtAlPrivacyBigDataAndThePublicGood.pdf Graphic file (type pdf)

<use 4-LaneEtAlPrivacyBigDataAndThePublicGood.pdf, page 189>
Package pdftex.def Info: 4-LaneEtAlPrivacyBigDataAndThePublicGood.pdf, page189 
used on input line 181.
(pdftex.def)             Requested size: 599.30736pt x 777.75679pt.
 [919 <./4-LaneEtAlPrivacyBigDataAndThePublicGood.pdf>]

pdfTeX warning: pdflatex (file ./4-LaneEtAlPrivacyBigDataAndThePublicGood.pdf):
 PDF inclusion: found PDF version <1.6>, but at most version <1.5> allowed

<4-LaneEtAlPrivacyBigDataAndThePublicGood.pdf, id=6386, page=190, 610.68152pt x
 795.33133pt>
File: 4-LaneEtAlPrivacyBigDataAndThePublicGood.pdf Graphic file (type pdf)
 <use 4-LaneEtAlPrivacyBigDataAndThePublicGood.pdf, page 190>
Package pdftex.def Info: 4-LaneEtAlPrivacyBigDataAndThePublicGood.pdf, page190 
used on input line 181.
(pdftex.def)             Requested size: 597.18723pt x 777.75679pt.
File: 4-LaneEtAlPrivacyBigDataAndThePublicGood.pdf Graphic file (type pdf)

<use 4-LaneEtAlPrivacyBigDataAndThePublicGood.pdf, page 190>
Package pdftex.def Info: 4-LaneEtAlPrivacyBigDataAndThePublicGood.pdf, page190 
used on input line 181.
(pdftex.def)             Requested size: 597.18723pt x 777.75679pt.
File: 4-LaneEtAlPrivacyBigDataAndThePublicGood.pdf Graphic file (type pdf)

<use 4-LaneEtAlPrivacyBigDataAndThePublicGood.pdf, page 190>
Package pdftex.def Info: 4-LaneEtAlPrivacyBigDataAndThePublicGood.pdf, page190 
used on input line 181.
(pdftex.def)             Requested size: 597.18723pt x 777.75679pt.
 [920 <./4-LaneEtAlPrivacyBigDataAndThePublicGood.pdf>]

pdfTeX warning: pdflatex (file ./4-LaneEtAlPrivacyBigDataAndThePublicGood.pdf):
 PDF inclusion: found PDF version <1.6>, but at most version <1.5> allowed

<4-LaneEtAlPrivacyBigDataAndThePublicGood.pdf, id=6393, page=191, 611.76553pt x
 794.24733pt>
File: 4-LaneEtAlPrivacyBigDataAndThePublicGood.pdf Graphic file (type pdf)
 <use 4-LaneEtAlPrivacyBigDataAndThePublicGood.pdf, page 191>
Package pdftex.def Info: 4-LaneEtAlPrivacyBigDataAndThePublicGood.pdf, page191 
used on input line 181.
(pdftex.def)             Requested size: 598.24727pt x 776.69675pt.
File: 4-LaneEtAlPrivacyBigDataAndThePublicGood.pdf Graphic file (type pdf)

<use 4-LaneEtAlPrivacyBigDataAndThePublicGood.pdf, page 191>
Package pdftex.def Info: 4-LaneEtAlPrivacyBigDataAndThePublicGood.pdf, page191 
used on input line 181.
(pdftex.def)             Requested size: 598.24727pt x 776.69675pt.
File: 4-LaneEtAlPrivacyBigDataAndThePublicGood.pdf Graphic file (type pdf)

<use 4-LaneEtAlPrivacyBigDataAndThePublicGood.pdf, page 191>
Package pdftex.def Info: 4-LaneEtAlPrivacyBigDataAndThePublicGood.pdf, page191 
used on input line 181.
(pdftex.def)             Requested size: 598.24727pt x 776.69675pt.
 [921 <./4-LaneEtAlPrivacyBigDataAndThePublicGood.pdf>]

pdfTeX warning: pdflatex (file ./4-LaneEtAlPrivacyBigDataAndThePublicGood.pdf):
 PDF inclusion: found PDF version <1.6>, but at most version <1.5> allowed

<4-LaneEtAlPrivacyBigDataAndThePublicGood.pdf, id=6398, page=192, 611.76553pt x
 793.5246pt>
File: 4-LaneEtAlPrivacyBigDataAndThePublicGood.pdf Graphic file (type pdf)
 <use 4-LaneEtAlPrivacyBigDataAndThePublicGood.pdf, page 192>
Package pdftex.def Info: 4-LaneEtAlPrivacyBigDataAndThePublicGood.pdf, page192 
used on input line 181.
(pdftex.def)             Requested size: 598.24727pt x 775.98999pt.
File: 4-LaneEtAlPrivacyBigDataAndThePublicGood.pdf Graphic file (type pdf)

<use 4-LaneEtAlPrivacyBigDataAndThePublicGood.pdf, page 192>
Package pdftex.def Info: 4-LaneEtAlPrivacyBigDataAndThePublicGood.pdf, page192 
used on input line 181.
(pdftex.def)             Requested size: 598.24727pt x 775.98999pt.
File: 4-LaneEtAlPrivacyBigDataAndThePublicGood.pdf Graphic file (type pdf)

<use 4-LaneEtAlPrivacyBigDataAndThePublicGood.pdf, page 192>
Package pdftex.def Info: 4-LaneEtAlPrivacyBigDataAndThePublicGood.pdf, page192 
used on input line 181.
(pdftex.def)             Requested size: 598.24727pt x 775.98999pt.
 [922 <./4-LaneEtAlPrivacyBigDataAndThePublicGood.pdf>]

pdfTeX warning: pdflatex (file ./4-LaneEtAlPrivacyBigDataAndThePublicGood.pdf):
 PDF inclusion: found PDF version <1.6>, but at most version <1.5> allowed

<4-LaneEtAlPrivacyBigDataAndThePublicGood.pdf, id=6405, page=193, 612.12692pt x
 794.97pt>
File: 4-LaneEtAlPrivacyBigDataAndThePublicGood.pdf Graphic file (type pdf)
 <use 4-LaneEtAlPrivacyBigDataAndThePublicGood.pdf, page 193>
Package pdftex.def Info: 4-LaneEtAlPrivacyBigDataAndThePublicGood.pdf, page193 
used on input line 181.
(pdftex.def)             Requested size: 598.60066pt x 777.40346pt.
File: 4-LaneEtAlPrivacyBigDataAndThePublicGood.pdf Graphic file (type pdf)

<use 4-LaneEtAlPrivacyBigDataAndThePublicGood.pdf, page 193>
Package pdftex.def Info: 4-LaneEtAlPrivacyBigDataAndThePublicGood.pdf, page193 
used on input line 181.
(pdftex.def)             Requested size: 598.60066pt x 777.40346pt.
File: 4-LaneEtAlPrivacyBigDataAndThePublicGood.pdf Graphic file (type pdf)

<use 4-LaneEtAlPrivacyBigDataAndThePublicGood.pdf, page 193>
Package pdftex.def Info: 4-LaneEtAlPrivacyBigDataAndThePublicGood.pdf, page193 
used on input line 181.
(pdftex.def)             Requested size: 598.60066pt x 777.40346pt.
 [923 <./4-LaneEtAlPrivacyBigDataAndThePublicGood.pdf>]

pdfTeX warning: pdflatex (file ./4-LaneEtAlPrivacyBigDataAndThePublicGood.pdf):
 PDF inclusion: found PDF version <1.6>, but at most version <1.5> allowed

<4-LaneEtAlPrivacyBigDataAndThePublicGood.pdf, id=6431, page=194, 611.40419pt x
 792.80193pt>
File: 4-LaneEtAlPrivacyBigDataAndThePublicGood.pdf Graphic file (type pdf)
 <use 4-LaneEtAlPrivacyBigDataAndThePublicGood.pdf, page 194>
Package pdftex.def Info: 4-LaneEtAlPrivacyBigDataAndThePublicGood.pdf, page194 
used on input line 181.
(pdftex.def)             Requested size: 597.89389pt x 775.28328pt.
File: 4-LaneEtAlPrivacyBigDataAndThePublicGood.pdf Graphic file (type pdf)

<use 4-LaneEtAlPrivacyBigDataAndThePublicGood.pdf, page 194>
Package pdftex.def Info: 4-LaneEtAlPrivacyBigDataAndThePublicGood.pdf, page194 
used on input line 181.
(pdftex.def)             Requested size: 597.89389pt x 775.28328pt.
File: 4-LaneEtAlPrivacyBigDataAndThePublicGood.pdf Graphic file (type pdf)

<use 4-LaneEtAlPrivacyBigDataAndThePublicGood.pdf, page 194>
Package pdftex.def Info: 4-LaneEtAlPrivacyBigDataAndThePublicGood.pdf, page194 
used on input line 181.
(pdftex.def)             Requested size: 597.89389pt x 775.28328pt.
 [924 <./4-LaneEtAlPrivacyBigDataAndThePublicGood.pdf>]

pdfTeX warning: pdflatex (file ./4-LaneEtAlPrivacyBigDataAndThePublicGood.pdf):
 PDF inclusion: found PDF version <1.6>, but at most version <1.5> allowed

<4-LaneEtAlPrivacyBigDataAndThePublicGood.pdf, id=6437, page=195, 611.04286pt x
 793.5246pt>
File: 4-LaneEtAlPrivacyBigDataAndThePublicGood.pdf Graphic file (type pdf)
 <use 4-LaneEtAlPrivacyBigDataAndThePublicGood.pdf, page 195>
Package pdftex.def Info: 4-LaneEtAlPrivacyBigDataAndThePublicGood.pdf, page195 
used on input line 181.
(pdftex.def)             Requested size: 597.54057pt x 775.98999pt.
File: 4-LaneEtAlPrivacyBigDataAndThePublicGood.pdf Graphic file (type pdf)

<use 4-LaneEtAlPrivacyBigDataAndThePublicGood.pdf, page 195>
Package pdftex.def Info: 4-LaneEtAlPrivacyBigDataAndThePublicGood.pdf, page195 
used on input line 181.
(pdftex.def)             Requested size: 597.54057pt x 775.98999pt.
File: 4-LaneEtAlPrivacyBigDataAndThePublicGood.pdf Graphic file (type pdf)

<use 4-LaneEtAlPrivacyBigDataAndThePublicGood.pdf, page 195>
Package pdftex.def Info: 4-LaneEtAlPrivacyBigDataAndThePublicGood.pdf, page195 
used on input line 181.
(pdftex.def)             Requested size: 597.54057pt x 775.98999pt.
 [925 <./4-LaneEtAlPrivacyBigDataAndThePublicGood.pdf>]

pdfTeX warning: pdflatex (file ./4-LaneEtAlPrivacyBigDataAndThePublicGood.pdf):
 PDF inclusion: found PDF version <1.6>, but at most version <1.5> allowed

<4-LaneEtAlPrivacyBigDataAndThePublicGood.pdf, id=6447, page=196, 610.32013pt x
 796.05406pt>
File: 4-LaneEtAlPrivacyBigDataAndThePublicGood.pdf Graphic file (type pdf)
 <use 4-LaneEtAlPrivacyBigDataAndThePublicGood.pdf, page 196>
Package pdftex.def Info: 4-LaneEtAlPrivacyBigDataAndThePublicGood.pdf, page196 
used on input line 181.
(pdftex.def)             Requested size: 596.8338pt x 778.46355pt.
File: 4-LaneEtAlPrivacyBigDataAndThePublicGood.pdf Graphic file (type pdf)

<use 4-LaneEtAlPrivacyBigDataAndThePublicGood.pdf, page 196>
Package pdftex.def Info: 4-LaneEtAlPrivacyBigDataAndThePublicGood.pdf, page196 
used on input line 181.
(pdftex.def)             Requested size: 596.8338pt x 778.46355pt.
File: 4-LaneEtAlPrivacyBigDataAndThePublicGood.pdf Graphic file (type pdf)

<use 4-LaneEtAlPrivacyBigDataAndThePublicGood.pdf, page 196>
Package pdftex.def Info: 4-LaneEtAlPrivacyBigDataAndThePublicGood.pdf, page196 
used on input line 181.
(pdftex.def)             Requested size: 596.8338pt x 778.46355pt.
 [926 <./4-LaneEtAlPrivacyBigDataAndThePublicGood.pdf>]

pdfTeX warning: pdflatex (file ./4-LaneEtAlPrivacyBigDataAndThePublicGood.pdf):
 PDF inclusion: found PDF version <1.6>, but at most version <1.5> allowed

<4-LaneEtAlPrivacyBigDataAndThePublicGood.pdf, id=6454, page=197, 611.04286pt x
 795.69267pt>
File: 4-LaneEtAlPrivacyBigDataAndThePublicGood.pdf Graphic file (type pdf)
 <use 4-LaneEtAlPrivacyBigDataAndThePublicGood.pdf, page 197>
Package pdftex.def Info: 4-LaneEtAlPrivacyBigDataAndThePublicGood.pdf, page197 
used on input line 181.
(pdftex.def)             Requested size: 597.54057pt x 778.11015pt.
File: 4-LaneEtAlPrivacyBigDataAndThePublicGood.pdf Graphic file (type pdf)

<use 4-LaneEtAlPrivacyBigDataAndThePublicGood.pdf, page 197>
Package pdftex.def Info: 4-LaneEtAlPrivacyBigDataAndThePublicGood.pdf, page197 
used on input line 181.
(pdftex.def)             Requested size: 597.54057pt x 778.11015pt.
File: 4-LaneEtAlPrivacyBigDataAndThePublicGood.pdf Graphic file (type pdf)

<use 4-LaneEtAlPrivacyBigDataAndThePublicGood.pdf, page 197>
Package pdftex.def Info: 4-LaneEtAlPrivacyBigDataAndThePublicGood.pdf, page197 
used on input line 181.
(pdftex.def)             Requested size: 597.54057pt x 778.11015pt.
 [927 <./4-LaneEtAlPrivacyBigDataAndThePublicGood.pdf>]

pdfTeX warning: pdflatex (file ./4-LaneEtAlPrivacyBigDataAndThePublicGood.pdf):
 PDF inclusion: found PDF version <1.6>, but at most version <1.5> allowed

<4-LaneEtAlPrivacyBigDataAndThePublicGood.pdf, id=6464, page=198, 610.32013pt x
 795.69267pt>
File: 4-LaneEtAlPrivacyBigDataAndThePublicGood.pdf Graphic file (type pdf)
 <use 4-LaneEtAlPrivacyBigDataAndThePublicGood.pdf, page 198>
Package pdftex.def Info: 4-LaneEtAlPrivacyBigDataAndThePublicGood.pdf, page198 
used on input line 181.
(pdftex.def)             Requested size: 596.8338pt x 778.11015pt.
File: 4-LaneEtAlPrivacyBigDataAndThePublicGood.pdf Graphic file (type pdf)

<use 4-LaneEtAlPrivacyBigDataAndThePublicGood.pdf, page 198>
Package pdftex.def Info: 4-LaneEtAlPrivacyBigDataAndThePublicGood.pdf, page198 
used on input line 181.
(pdftex.def)             Requested size: 596.8338pt x 778.11015pt.
File: 4-LaneEtAlPrivacyBigDataAndThePublicGood.pdf Graphic file (type pdf)

<use 4-LaneEtAlPrivacyBigDataAndThePublicGood.pdf, page 198>
Package pdftex.def Info: 4-LaneEtAlPrivacyBigDataAndThePublicGood.pdf, page198 
used on input line 181.
(pdftex.def)             Requested size: 596.8338pt x 778.11015pt.
 [928 <./4-LaneEtAlPrivacyBigDataAndThePublicGood.pdf>]

pdfTeX warning: pdflatex (file ./4-LaneEtAlPrivacyBigDataAndThePublicGood.pdf):
 PDF inclusion: found PDF version <1.6>, but at most version <1.5> allowed

<4-LaneEtAlPrivacyBigDataAndThePublicGood.pdf, id=6471, page=199, 611.76553pt x
 795.33133pt>
File: 4-LaneEtAlPrivacyBigDataAndThePublicGood.pdf Graphic file (type pdf)
 <use 4-LaneEtAlPrivacyBigDataAndThePublicGood.pdf, page 199>
Package pdftex.def Info: 4-LaneEtAlPrivacyBigDataAndThePublicGood.pdf, page199 
used on input line 181.
(pdftex.def)             Requested size: 598.24727pt x 777.75679pt.
File: 4-LaneEtAlPrivacyBigDataAndThePublicGood.pdf Graphic file (type pdf)

<use 4-LaneEtAlPrivacyBigDataAndThePublicGood.pdf, page 199>
Package pdftex.def Info: 4-LaneEtAlPrivacyBigDataAndThePublicGood.pdf, page199 
used on input line 181.
(pdftex.def)             Requested size: 598.24727pt x 777.75679pt.
File: 4-LaneEtAlPrivacyBigDataAndThePublicGood.pdf Graphic file (type pdf)

<use 4-LaneEtAlPrivacyBigDataAndThePublicGood.pdf, page 199>
Package pdftex.def Info: 4-LaneEtAlPrivacyBigDataAndThePublicGood.pdf, page199 
used on input line 181.
(pdftex.def)             Requested size: 598.24727pt x 777.75679pt.
 [929 <./4-LaneEtAlPrivacyBigDataAndThePublicGood.pdf>]

pdfTeX warning: pdflatex (file ./4-LaneEtAlPrivacyBigDataAndThePublicGood.pdf):
 PDF inclusion: found PDF version <1.6>, but at most version <1.5> allowed

<4-LaneEtAlPrivacyBigDataAndThePublicGood.pdf, id=6476, page=200, 611.40419pt x
 795.69267pt>
File: 4-LaneEtAlPrivacyBigDataAndThePublicGood.pdf Graphic file (type pdf)
 <use 4-LaneEtAlPrivacyBigDataAndThePublicGood.pdf, page 200>
Package pdftex.def Info: 4-LaneEtAlPrivacyBigDataAndThePublicGood.pdf, page200 
used on input line 181.
(pdftex.def)             Requested size: 597.89389pt x 778.11015pt.
File: 4-LaneEtAlPrivacyBigDataAndThePublicGood.pdf Graphic file (type pdf)

<use 4-LaneEtAlPrivacyBigDataAndThePublicGood.pdf, page 200>
Package pdftex.def Info: 4-LaneEtAlPrivacyBigDataAndThePublicGood.pdf, page200 
used on input line 181.
(pdftex.def)             Requested size: 597.89389pt x 778.11015pt.
File: 4-LaneEtAlPrivacyBigDataAndThePublicGood.pdf Graphic file (type pdf)

<use 4-LaneEtAlPrivacyBigDataAndThePublicGood.pdf, page 200>
Package pdftex.def Info: 4-LaneEtAlPrivacyBigDataAndThePublicGood.pdf, page200 
used on input line 181.
(pdftex.def)             Requested size: 597.89389pt x 778.11015pt.
 [930 <./4-LaneEtAlPrivacyBigDataAndThePublicGood.pdf>]

pdfTeX warning: pdflatex (file ./4-LaneEtAlPrivacyBigDataAndThePublicGood.pdf):
 PDF inclusion: found PDF version <1.6>, but at most version <1.5> allowed

<4-LaneEtAlPrivacyBigDataAndThePublicGood.pdf, id=6482, page=201, 611.76553pt x
 795.33133pt>
File: 4-LaneEtAlPrivacyBigDataAndThePublicGood.pdf Graphic file (type pdf)
 <use 4-LaneEtAlPrivacyBigDataAndThePublicGood.pdf, page 201>
Package pdftex.def Info: 4-LaneEtAlPrivacyBigDataAndThePublicGood.pdf, page201 
used on input line 181.
(pdftex.def)             Requested size: 598.24727pt x 777.75679pt.
File: 4-LaneEtAlPrivacyBigDataAndThePublicGood.pdf Graphic file (type pdf)

<use 4-LaneEtAlPrivacyBigDataAndThePublicGood.pdf, page 201>
Package pdftex.def Info: 4-LaneEtAlPrivacyBigDataAndThePublicGood.pdf, page201 
used on input line 181.
(pdftex.def)             Requested size: 598.24727pt x 777.75679pt.
File: 4-LaneEtAlPrivacyBigDataAndThePublicGood.pdf Graphic file (type pdf)

<use 4-LaneEtAlPrivacyBigDataAndThePublicGood.pdf, page 201>
Package pdftex.def Info: 4-LaneEtAlPrivacyBigDataAndThePublicGood.pdf, page201 
used on input line 181.
(pdftex.def)             Requested size: 598.24727pt x 777.75679pt.
 [931 <./4-LaneEtAlPrivacyBigDataAndThePublicGood.pdf>]

pdfTeX warning: pdflatex (file ./4-LaneEtAlPrivacyBigDataAndThePublicGood.pdf):
 PDF inclusion: found PDF version <1.6>, but at most version <1.5> allowed

<4-LaneEtAlPrivacyBigDataAndThePublicGood.pdf, id=6489, page=202, 610.68152pt x
 796.77673pt>
File: 4-LaneEtAlPrivacyBigDataAndThePublicGood.pdf Graphic file (type pdf)
 <use 4-LaneEtAlPrivacyBigDataAndThePublicGood.pdf, page 202>
Package pdftex.def Info: 4-LaneEtAlPrivacyBigDataAndThePublicGood.pdf, page202 
used on input line 181.
(pdftex.def)             Requested size: 597.18723pt x 779.17026pt.
File: 4-LaneEtAlPrivacyBigDataAndThePublicGood.pdf Graphic file (type pdf)

<use 4-LaneEtAlPrivacyBigDataAndThePublicGood.pdf, page 202>
Package pdftex.def Info: 4-LaneEtAlPrivacyBigDataAndThePublicGood.pdf, page202 
used on input line 181.
(pdftex.def)             Requested size: 597.18723pt x 779.17026pt.
File: 4-LaneEtAlPrivacyBigDataAndThePublicGood.pdf Graphic file (type pdf)

<use 4-LaneEtAlPrivacyBigDataAndThePublicGood.pdf, page 202>
Package pdftex.def Info: 4-LaneEtAlPrivacyBigDataAndThePublicGood.pdf, page202 
used on input line 181.
(pdftex.def)             Requested size: 597.18723pt x 779.17026pt.
 [932 <./4-LaneEtAlPrivacyBigDataAndThePublicGood.pdf>]

pdfTeX warning: pdflatex (file ./4-LaneEtAlPrivacyBigDataAndThePublicGood.pdf):
 PDF inclusion: found PDF version <1.6>, but at most version <1.5> allowed

<4-LaneEtAlPrivacyBigDataAndThePublicGood.pdf, id=6495, page=203, 611.04286pt x
 794.60866pt>
File: 4-LaneEtAlPrivacyBigDataAndThePublicGood.pdf Graphic file (type pdf)
 <use 4-LaneEtAlPrivacyBigDataAndThePublicGood.pdf, page 203>
Package pdftex.def Info: 4-LaneEtAlPrivacyBigDataAndThePublicGood.pdf, page203 
used on input line 181.
(pdftex.def)             Requested size: 597.54057pt x 777.05008pt.
File: 4-LaneEtAlPrivacyBigDataAndThePublicGood.pdf Graphic file (type pdf)

<use 4-LaneEtAlPrivacyBigDataAndThePublicGood.pdf, page 203>
Package pdftex.def Info: 4-LaneEtAlPrivacyBigDataAndThePublicGood.pdf, page203 
used on input line 181.
(pdftex.def)             Requested size: 597.54057pt x 777.05008pt.
File: 4-LaneEtAlPrivacyBigDataAndThePublicGood.pdf Graphic file (type pdf)

<use 4-LaneEtAlPrivacyBigDataAndThePublicGood.pdf, page 203>
Package pdftex.def Info: 4-LaneEtAlPrivacyBigDataAndThePublicGood.pdf, page203 
used on input line 181.
(pdftex.def)             Requested size: 597.54057pt x 777.05008pt.
 [933 <./4-LaneEtAlPrivacyBigDataAndThePublicGood.pdf>]

pdfTeX warning: pdflatex (file ./4-LaneEtAlPrivacyBigDataAndThePublicGood.pdf):
 PDF inclusion: found PDF version <1.6>, but at most version <1.5> allowed

<4-LaneEtAlPrivacyBigDataAndThePublicGood.pdf, id=6502, page=204, 609.95879pt x
 794.60866pt>
File: 4-LaneEtAlPrivacyBigDataAndThePublicGood.pdf Graphic file (type pdf)
 <use 4-LaneEtAlPrivacyBigDataAndThePublicGood.pdf, page 204>
Package pdftex.def Info: 4-LaneEtAlPrivacyBigDataAndThePublicGood.pdf, page204 
used on input line 181.
(pdftex.def)             Requested size: 596.48045pt x 777.05008pt.
File: 4-LaneEtAlPrivacyBigDataAndThePublicGood.pdf Graphic file (type pdf)

<use 4-LaneEtAlPrivacyBigDataAndThePublicGood.pdf, page 204>
Package pdftex.def Info: 4-LaneEtAlPrivacyBigDataAndThePublicGood.pdf, page204 
used on input line 181.
(pdftex.def)             Requested size: 596.48045pt x 777.05008pt.
File: 4-LaneEtAlPrivacyBigDataAndThePublicGood.pdf Graphic file (type pdf)

<use 4-LaneEtAlPrivacyBigDataAndThePublicGood.pdf, page 204>
Package pdftex.def Info: 4-LaneEtAlPrivacyBigDataAndThePublicGood.pdf, page204 
used on input line 181.
(pdftex.def)             Requested size: 596.48045pt x 777.05008pt.
 [934 <./4-LaneEtAlPrivacyBigDataAndThePublicGood.pdf>]

pdfTeX warning: pdflatex (file ./4-LaneEtAlPrivacyBigDataAndThePublicGood.pdf):
 PDF inclusion: found PDF version <1.6>, but at most version <1.5> allowed

<4-LaneEtAlPrivacyBigDataAndThePublicGood.pdf, id=6512, page=205, 611.76553pt x
 794.60866pt>
File: 4-LaneEtAlPrivacyBigDataAndThePublicGood.pdf Graphic file (type pdf)
 <use 4-LaneEtAlPrivacyBigDataAndThePublicGood.pdf, page 205>
Package pdftex.def Info: 4-LaneEtAlPrivacyBigDataAndThePublicGood.pdf, page205 
used on input line 181.
(pdftex.def)             Requested size: 598.24727pt x 777.05008pt.
File: 4-LaneEtAlPrivacyBigDataAndThePublicGood.pdf Graphic file (type pdf)

<use 4-LaneEtAlPrivacyBigDataAndThePublicGood.pdf, page 205>
Package pdftex.def Info: 4-LaneEtAlPrivacyBigDataAndThePublicGood.pdf, page205 
used on input line 181.
(pdftex.def)             Requested size: 598.24727pt x 777.05008pt.
File: 4-LaneEtAlPrivacyBigDataAndThePublicGood.pdf Graphic file (type pdf)

<use 4-LaneEtAlPrivacyBigDataAndThePublicGood.pdf, page 205>
Package pdftex.def Info: 4-LaneEtAlPrivacyBigDataAndThePublicGood.pdf, page205 
used on input line 181.
(pdftex.def)             Requested size: 598.24727pt x 777.05008pt.
 [935 <./4-LaneEtAlPrivacyBigDataAndThePublicGood.pdf>]

pdfTeX warning: pdflatex (file ./4-LaneEtAlPrivacyBigDataAndThePublicGood.pdf):
 PDF inclusion: found PDF version <1.6>, but at most version <1.5> allowed

<4-LaneEtAlPrivacyBigDataAndThePublicGood.pdf, id=6519, page=206, 609.95879pt x
 794.97pt>
File: 4-LaneEtAlPrivacyBigDataAndThePublicGood.pdf Graphic file (type pdf)
 <use 4-LaneEtAlPrivacyBigDataAndThePublicGood.pdf, page 206>
Package pdftex.def Info: 4-LaneEtAlPrivacyBigDataAndThePublicGood.pdf, page206 
used on input line 181.
(pdftex.def)             Requested size: 596.48045pt x 777.40346pt.
File: 4-LaneEtAlPrivacyBigDataAndThePublicGood.pdf Graphic file (type pdf)

<use 4-LaneEtAlPrivacyBigDataAndThePublicGood.pdf, page 206>
Package pdftex.def Info: 4-LaneEtAlPrivacyBigDataAndThePublicGood.pdf, page206 
used on input line 181.
(pdftex.def)             Requested size: 596.48045pt x 777.40346pt.
File: 4-LaneEtAlPrivacyBigDataAndThePublicGood.pdf Graphic file (type pdf)

<use 4-LaneEtAlPrivacyBigDataAndThePublicGood.pdf, page 206>
Package pdftex.def Info: 4-LaneEtAlPrivacyBigDataAndThePublicGood.pdf, page206 
used on input line 181.
(pdftex.def)             Requested size: 596.48045pt x 777.40346pt.
 [936 <./4-LaneEtAlPrivacyBigDataAndThePublicGood.pdf>]

pdfTeX warning: pdflatex (file ./4-LaneEtAlPrivacyBigDataAndThePublicGood.pdf):
 PDF inclusion: found PDF version <1.6>, but at most version <1.5> allowed

<4-LaneEtAlPrivacyBigDataAndThePublicGood.pdf, id=6525, page=207, 611.04286pt x
 794.97pt>
File: 4-LaneEtAlPrivacyBigDataAndThePublicGood.pdf Graphic file (type pdf)
 <use 4-LaneEtAlPrivacyBigDataAndThePublicGood.pdf, page 207>
Package pdftex.def Info: 4-LaneEtAlPrivacyBigDataAndThePublicGood.pdf, page207 
used on input line 181.
(pdftex.def)             Requested size: 597.54057pt x 777.40346pt.
File: 4-LaneEtAlPrivacyBigDataAndThePublicGood.pdf Graphic file (type pdf)

<use 4-LaneEtAlPrivacyBigDataAndThePublicGood.pdf, page 207>
Package pdftex.def Info: 4-LaneEtAlPrivacyBigDataAndThePublicGood.pdf, page207 
used on input line 181.
(pdftex.def)             Requested size: 597.54057pt x 777.40346pt.
File: 4-LaneEtAlPrivacyBigDataAndThePublicGood.pdf Graphic file (type pdf)

<use 4-LaneEtAlPrivacyBigDataAndThePublicGood.pdf, page 207>
Package pdftex.def Info: 4-LaneEtAlPrivacyBigDataAndThePublicGood.pdf, page207 
used on input line 181.
(pdftex.def)             Requested size: 597.54057pt x 777.40346pt.
 [937 <./4-LaneEtAlPrivacyBigDataAndThePublicGood.pdf>]

pdfTeX warning: pdflatex (file ./4-LaneEtAlPrivacyBigDataAndThePublicGood.pdf):
 PDF inclusion: found PDF version <1.6>, but at most version <1.5> allowed

<4-LaneEtAlPrivacyBigDataAndThePublicGood.pdf, id=6534, page=208, 609.23611pt x
 795.69267pt>
File: 4-LaneEtAlPrivacyBigDataAndThePublicGood.pdf Graphic file (type pdf)
 <use 4-LaneEtAlPrivacyBigDataAndThePublicGood.pdf, page 208>
Package pdftex.def Info: 4-LaneEtAlPrivacyBigDataAndThePublicGood.pdf, page208 
used on input line 181.
(pdftex.def)             Requested size: 595.77376pt x 778.11015pt.
File: 4-LaneEtAlPrivacyBigDataAndThePublicGood.pdf Graphic file (type pdf)

<use 4-LaneEtAlPrivacyBigDataAndThePublicGood.pdf, page 208>
Package pdftex.def Info: 4-LaneEtAlPrivacyBigDataAndThePublicGood.pdf, page208 
used on input line 181.
(pdftex.def)             Requested size: 595.77376pt x 778.11015pt.
File: 4-LaneEtAlPrivacyBigDataAndThePublicGood.pdf Graphic file (type pdf)

<use 4-LaneEtAlPrivacyBigDataAndThePublicGood.pdf, page 208>
Package pdftex.def Info: 4-LaneEtAlPrivacyBigDataAndThePublicGood.pdf, page208 
used on input line 181.
(pdftex.def)             Requested size: 595.77376pt x 778.11015pt.
 [938 <./4-LaneEtAlPrivacyBigDataAndThePublicGood.pdf>]

pdfTeX warning: pdflatex (file ./4-LaneEtAlPrivacyBigDataAndThePublicGood.pdf):
 PDF inclusion: found PDF version <1.6>, but at most version <1.5> allowed

<4-LaneEtAlPrivacyBigDataAndThePublicGood.pdf, id=6541, page=209, 611.76553pt x
 794.60866pt>
File: 4-LaneEtAlPrivacyBigDataAndThePublicGood.pdf Graphic file (type pdf)
 <use 4-LaneEtAlPrivacyBigDataAndThePublicGood.pdf, page 209>
Package pdftex.def Info: 4-LaneEtAlPrivacyBigDataAndThePublicGood.pdf, page209 
used on input line 181.
(pdftex.def)             Requested size: 598.24727pt x 777.05008pt.
File: 4-LaneEtAlPrivacyBigDataAndThePublicGood.pdf Graphic file (type pdf)

<use 4-LaneEtAlPrivacyBigDataAndThePublicGood.pdf, page 209>
Package pdftex.def Info: 4-LaneEtAlPrivacyBigDataAndThePublicGood.pdf, page209 
used on input line 181.
(pdftex.def)             Requested size: 598.24727pt x 777.05008pt.
File: 4-LaneEtAlPrivacyBigDataAndThePublicGood.pdf Graphic file (type pdf)

<use 4-LaneEtAlPrivacyBigDataAndThePublicGood.pdf, page 209>
Package pdftex.def Info: 4-LaneEtAlPrivacyBigDataAndThePublicGood.pdf, page209 
used on input line 181.
(pdftex.def)             Requested size: 598.24727pt x 777.05008pt.
 [939 <./4-LaneEtAlPrivacyBigDataAndThePublicGood.pdf>]

pdfTeX warning: pdflatex (file ./4-LaneEtAlPrivacyBigDataAndThePublicGood.pdf):
 PDF inclusion: found PDF version <1.6>, but at most version <1.5> allowed

<4-LaneEtAlPrivacyBigDataAndThePublicGood.pdf, id=6553, page=210, 611.40419pt x
 794.97pt>
File: 4-LaneEtAlPrivacyBigDataAndThePublicGood.pdf Graphic file (type pdf)
 <use 4-LaneEtAlPrivacyBigDataAndThePublicGood.pdf, page 210>
Package pdftex.def Info: 4-LaneEtAlPrivacyBigDataAndThePublicGood.pdf, page210 
used on input line 181.
(pdftex.def)             Requested size: 597.89389pt x 777.40346pt.
File: 4-LaneEtAlPrivacyBigDataAndThePublicGood.pdf Graphic file (type pdf)

<use 4-LaneEtAlPrivacyBigDataAndThePublicGood.pdf, page 210>
Package pdftex.def Info: 4-LaneEtAlPrivacyBigDataAndThePublicGood.pdf, page210 
used on input line 181.
(pdftex.def)             Requested size: 597.89389pt x 777.40346pt.
File: 4-LaneEtAlPrivacyBigDataAndThePublicGood.pdf Graphic file (type pdf)

<use 4-LaneEtAlPrivacyBigDataAndThePublicGood.pdf, page 210>
Package pdftex.def Info: 4-LaneEtAlPrivacyBigDataAndThePublicGood.pdf, page210 
used on input line 181.
(pdftex.def)             Requested size: 597.89389pt x 777.40346pt.
 [940 <./4-LaneEtAlPrivacyBigDataAndThePublicGood.pdf>]

pdfTeX warning: pdflatex (file ./4-LaneEtAlPrivacyBigDataAndThePublicGood.pdf):
 PDF inclusion: found PDF version <1.6>, but at most version <1.5> allowed

<4-LaneEtAlPrivacyBigDataAndThePublicGood.pdf, id=6562, page=211, 611.76553pt x
 794.60866pt>
File: 4-LaneEtAlPrivacyBigDataAndThePublicGood.pdf Graphic file (type pdf)
 <use 4-LaneEtAlPrivacyBigDataAndThePublicGood.pdf, page 211>
Package pdftex.def Info: 4-LaneEtAlPrivacyBigDataAndThePublicGood.pdf, page211 
used on input line 181.
(pdftex.def)             Requested size: 598.24727pt x 777.05008pt.
File: 4-LaneEtAlPrivacyBigDataAndThePublicGood.pdf Graphic file (type pdf)

<use 4-LaneEtAlPrivacyBigDataAndThePublicGood.pdf, page 211>
Package pdftex.def Info: 4-LaneEtAlPrivacyBigDataAndThePublicGood.pdf, page211 
used on input line 181.
(pdftex.def)             Requested size: 598.24727pt x 777.05008pt.
File: 4-LaneEtAlPrivacyBigDataAndThePublicGood.pdf Graphic file (type pdf)

<use 4-LaneEtAlPrivacyBigDataAndThePublicGood.pdf, page 211>
Package pdftex.def Info: 4-LaneEtAlPrivacyBigDataAndThePublicGood.pdf, page211 
used on input line 181.
(pdftex.def)             Requested size: 598.24727pt x 777.05008pt.
 [941 <./4-LaneEtAlPrivacyBigDataAndThePublicGood.pdf>]

pdfTeX warning: pdflatex (file ./4-LaneEtAlPrivacyBigDataAndThePublicGood.pdf):
 PDF inclusion: found PDF version <1.6>, but at most version <1.5> allowed

<4-LaneEtAlPrivacyBigDataAndThePublicGood.pdf, id=6571, page=212, 610.68152pt x
 794.97pt>
File: 4-LaneEtAlPrivacyBigDataAndThePublicGood.pdf Graphic file (type pdf)
 <use 4-LaneEtAlPrivacyBigDataAndThePublicGood.pdf, page 212>
Package pdftex.def Info: 4-LaneEtAlPrivacyBigDataAndThePublicGood.pdf, page212 
used on input line 181.
(pdftex.def)             Requested size: 597.18723pt x 777.40346pt.
File: 4-LaneEtAlPrivacyBigDataAndThePublicGood.pdf Graphic file (type pdf)

<use 4-LaneEtAlPrivacyBigDataAndThePublicGood.pdf, page 212>
Package pdftex.def Info: 4-LaneEtAlPrivacyBigDataAndThePublicGood.pdf, page212 
used on input line 181.
(pdftex.def)             Requested size: 597.18723pt x 777.40346pt.
File: 4-LaneEtAlPrivacyBigDataAndThePublicGood.pdf Graphic file (type pdf)

<use 4-LaneEtAlPrivacyBigDataAndThePublicGood.pdf, page 212>
Package pdftex.def Info: 4-LaneEtAlPrivacyBigDataAndThePublicGood.pdf, page212 
used on input line 181.
(pdftex.def)             Requested size: 597.18723pt x 777.40346pt.
 [942 <./4-LaneEtAlPrivacyBigDataAndThePublicGood.pdf>]

pdfTeX warning: pdflatex (file ./4-LaneEtAlPrivacyBigDataAndThePublicGood.pdf):
 PDF inclusion: found PDF version <1.6>, but at most version <1.5> allowed

<4-LaneEtAlPrivacyBigDataAndThePublicGood.pdf, id=6580, page=213, 611.76553pt x
 795.33133pt>
File: 4-LaneEtAlPrivacyBigDataAndThePublicGood.pdf Graphic file (type pdf)
 <use 4-LaneEtAlPrivacyBigDataAndThePublicGood.pdf, page 213>
Package pdftex.def Info: 4-LaneEtAlPrivacyBigDataAndThePublicGood.pdf, page213 
used on input line 181.
(pdftex.def)             Requested size: 598.24727pt x 777.75679pt.
File: 4-LaneEtAlPrivacyBigDataAndThePublicGood.pdf Graphic file (type pdf)

<use 4-LaneEtAlPrivacyBigDataAndThePublicGood.pdf, page 213>
Package pdftex.def Info: 4-LaneEtAlPrivacyBigDataAndThePublicGood.pdf, page213 
used on input line 181.
(pdftex.def)             Requested size: 598.24727pt x 777.75679pt.
File: 4-LaneEtAlPrivacyBigDataAndThePublicGood.pdf Graphic file (type pdf)

<use 4-LaneEtAlPrivacyBigDataAndThePublicGood.pdf, page 213>
Package pdftex.def Info: 4-LaneEtAlPrivacyBigDataAndThePublicGood.pdf, page213 
used on input line 181.
(pdftex.def)             Requested size: 598.24727pt x 777.75679pt.
 [943 <./4-LaneEtAlPrivacyBigDataAndThePublicGood.pdf>]

pdfTeX warning: pdflatex (file ./4-LaneEtAlPrivacyBigDataAndThePublicGood.pdf):
 PDF inclusion: found PDF version <1.6>, but at most version <1.5> allowed

<4-LaneEtAlPrivacyBigDataAndThePublicGood.pdf, id=6591, page=214, 611.04286pt x
 793.16327pt>
File: 4-LaneEtAlPrivacyBigDataAndThePublicGood.pdf Graphic file (type pdf)
 <use 4-LaneEtAlPrivacyBigDataAndThePublicGood.pdf, page 214>
Package pdftex.def Info: 4-LaneEtAlPrivacyBigDataAndThePublicGood.pdf, page214 
used on input line 181.
(pdftex.def)             Requested size: 597.54057pt x 775.63664pt.
File: 4-LaneEtAlPrivacyBigDataAndThePublicGood.pdf Graphic file (type pdf)

<use 4-LaneEtAlPrivacyBigDataAndThePublicGood.pdf, page 214>
Package pdftex.def Info: 4-LaneEtAlPrivacyBigDataAndThePublicGood.pdf, page214 
used on input line 181.
(pdftex.def)             Requested size: 597.54057pt x 775.63664pt.
File: 4-LaneEtAlPrivacyBigDataAndThePublicGood.pdf Graphic file (type pdf)

<use 4-LaneEtAlPrivacyBigDataAndThePublicGood.pdf, page 214>
Package pdftex.def Info: 4-LaneEtAlPrivacyBigDataAndThePublicGood.pdf, page214 
used on input line 181.
(pdftex.def)             Requested size: 597.54057pt x 775.63664pt.
 [944 <./4-LaneEtAlPrivacyBigDataAndThePublicGood.pdf>]

pdfTeX warning: pdflatex (file ./4-LaneEtAlPrivacyBigDataAndThePublicGood.pdf):
 PDF inclusion: found PDF version <1.6>, but at most version <1.5> allowed

<4-LaneEtAlPrivacyBigDataAndThePublicGood.pdf, id=6599, page=215, 610.32013pt x
 791.71786pt>
File: 4-LaneEtAlPrivacyBigDataAndThePublicGood.pdf Graphic file (type pdf)
 <use 4-LaneEtAlPrivacyBigDataAndThePublicGood.pdf, page 215>
Package pdftex.def Info: 4-LaneEtAlPrivacyBigDataAndThePublicGood.pdf, page215 
used on input line 181.
(pdftex.def)             Requested size: 596.8338pt x 774.22319pt.
File: 4-LaneEtAlPrivacyBigDataAndThePublicGood.pdf Graphic file (type pdf)

<use 4-LaneEtAlPrivacyBigDataAndThePublicGood.pdf, page 215>
Package pdftex.def Info: 4-LaneEtAlPrivacyBigDataAndThePublicGood.pdf, page215 
used on input line 181.
(pdftex.def)             Requested size: 596.8338pt x 774.22319pt.
File: 4-LaneEtAlPrivacyBigDataAndThePublicGood.pdf Graphic file (type pdf)

<use 4-LaneEtAlPrivacyBigDataAndThePublicGood.pdf, page 215>
Package pdftex.def Info: 4-LaneEtAlPrivacyBigDataAndThePublicGood.pdf, page215 
used on input line 181.
(pdftex.def)             Requested size: 596.8338pt x 774.22319pt.
 [945 <./4-LaneEtAlPrivacyBigDataAndThePublicGood.pdf>]

pdfTeX warning: pdflatex (file ./4-LaneEtAlPrivacyBigDataAndThePublicGood.pdf):
 PDF inclusion: found PDF version <1.6>, but at most version <1.5> allowed

<4-LaneEtAlPrivacyBigDataAndThePublicGood.pdf, id=6606, page=216, 609.59746pt x
 794.24733pt>
File: 4-LaneEtAlPrivacyBigDataAndThePublicGood.pdf Graphic file (type pdf)
 <use 4-LaneEtAlPrivacyBigDataAndThePublicGood.pdf, page 216>
Package pdftex.def Info: 4-LaneEtAlPrivacyBigDataAndThePublicGood.pdf, page216 
used on input line 181.
(pdftex.def)             Requested size: 596.1271pt x 776.69675pt.
File: 4-LaneEtAlPrivacyBigDataAndThePublicGood.pdf Graphic file (type pdf)

<use 4-LaneEtAlPrivacyBigDataAndThePublicGood.pdf, page 216>
Package pdftex.def Info: 4-LaneEtAlPrivacyBigDataAndThePublicGood.pdf, page216 
used on input line 181.
(pdftex.def)             Requested size: 596.1271pt x 776.69675pt.
File: 4-LaneEtAlPrivacyBigDataAndThePublicGood.pdf Graphic file (type pdf)

<use 4-LaneEtAlPrivacyBigDataAndThePublicGood.pdf, page 216>
Package pdftex.def Info: 4-LaneEtAlPrivacyBigDataAndThePublicGood.pdf, page216 
used on input line 181.
(pdftex.def)             Requested size: 596.1271pt x 776.69675pt.
 [946 <./4-LaneEtAlPrivacyBigDataAndThePublicGood.pdf>]

pdfTeX warning: pdflatex (file ./4-LaneEtAlPrivacyBigDataAndThePublicGood.pdf):
 PDF inclusion: found PDF version <1.6>, but at most version <1.5> allowed

<4-LaneEtAlPrivacyBigDataAndThePublicGood.pdf, id=6614, page=217, 610.68152pt x
 792.0792pt>
File: 4-LaneEtAlPrivacyBigDataAndThePublicGood.pdf Graphic file (type pdf)
 <use 4-LaneEtAlPrivacyBigDataAndThePublicGood.pdf, page 217>
Package pdftex.def Info: 4-LaneEtAlPrivacyBigDataAndThePublicGood.pdf, page217 
used on input line 181.
(pdftex.def)             Requested size: 597.18723pt x 774.57652pt.
File: 4-LaneEtAlPrivacyBigDataAndThePublicGood.pdf Graphic file (type pdf)

<use 4-LaneEtAlPrivacyBigDataAndThePublicGood.pdf, page 217>
Package pdftex.def Info: 4-LaneEtAlPrivacyBigDataAndThePublicGood.pdf, page217 
used on input line 181.
(pdftex.def)             Requested size: 597.18723pt x 774.57652pt.
File: 4-LaneEtAlPrivacyBigDataAndThePublicGood.pdf Graphic file (type pdf)

<use 4-LaneEtAlPrivacyBigDataAndThePublicGood.pdf, page 217>
Package pdftex.def Info: 4-LaneEtAlPrivacyBigDataAndThePublicGood.pdf, page217 
used on input line 181.
(pdftex.def)             Requested size: 597.18723pt x 774.57652pt.
 [947 <./4-LaneEtAlPrivacyBigDataAndThePublicGood.pdf>]

pdfTeX warning: pdflatex (file ./4-LaneEtAlPrivacyBigDataAndThePublicGood.pdf):
 PDF inclusion: found PDF version <1.6>, but at most version <1.5> allowed

<4-LaneEtAlPrivacyBigDataAndThePublicGood.pdf, id=6620, page=218, 611.04286pt x
 794.24733pt>
File: 4-LaneEtAlPrivacyBigDataAndThePublicGood.pdf Graphic file (type pdf)
 <use 4-LaneEtAlPrivacyBigDataAndThePublicGood.pdf, page 218>
Package pdftex.def Info: 4-LaneEtAlPrivacyBigDataAndThePublicGood.pdf, page218 
used on input line 181.
(pdftex.def)             Requested size: 597.54057pt x 776.69675pt.
File: 4-LaneEtAlPrivacyBigDataAndThePublicGood.pdf Graphic file (type pdf)

<use 4-LaneEtAlPrivacyBigDataAndThePublicGood.pdf, page 218>
Package pdftex.def Info: 4-LaneEtAlPrivacyBigDataAndThePublicGood.pdf, page218 
used on input line 181.
(pdftex.def)             Requested size: 597.54057pt x 776.69675pt.
File: 4-LaneEtAlPrivacyBigDataAndThePublicGood.pdf Graphic file (type pdf)

<use 4-LaneEtAlPrivacyBigDataAndThePublicGood.pdf, page 218>
Package pdftex.def Info: 4-LaneEtAlPrivacyBigDataAndThePublicGood.pdf, page218 
used on input line 181.
(pdftex.def)             Requested size: 597.54057pt x 776.69675pt.
 [948 <./4-LaneEtAlPrivacyBigDataAndThePublicGood.pdf>]

pdfTeX warning: pdflatex (file ./4-LaneEtAlPrivacyBigDataAndThePublicGood.pdf):
 PDF inclusion: found PDF version <1.6>, but at most version <1.5> allowed

<4-LaneEtAlPrivacyBigDataAndThePublicGood.pdf, id=6628, page=219, 610.32013pt x
 793.16327pt>
File: 4-LaneEtAlPrivacyBigDataAndThePublicGood.pdf Graphic file (type pdf)
 <use 4-LaneEtAlPrivacyBigDataAndThePublicGood.pdf, page 219>
Package pdftex.def Info: 4-LaneEtAlPrivacyBigDataAndThePublicGood.pdf, page219 
used on input line 181.
(pdftex.def)             Requested size: 596.8338pt x 775.63664pt.
File: 4-LaneEtAlPrivacyBigDataAndThePublicGood.pdf Graphic file (type pdf)

<use 4-LaneEtAlPrivacyBigDataAndThePublicGood.pdf, page 219>
Package pdftex.def Info: 4-LaneEtAlPrivacyBigDataAndThePublicGood.pdf, page219 
used on input line 181.
(pdftex.def)             Requested size: 596.8338pt x 775.63664pt.
File: 4-LaneEtAlPrivacyBigDataAndThePublicGood.pdf Graphic file (type pdf)

<use 4-LaneEtAlPrivacyBigDataAndThePublicGood.pdf, page 219>
Package pdftex.def Info: 4-LaneEtAlPrivacyBigDataAndThePublicGood.pdf, page219 
used on input line 181.
(pdftex.def)             Requested size: 596.8338pt x 775.63664pt.
 [949 <./4-LaneEtAlPrivacyBigDataAndThePublicGood.pdf>]

pdfTeX warning: pdflatex (file ./4-LaneEtAlPrivacyBigDataAndThePublicGood.pdf):
 PDF inclusion: found PDF version <1.6>, but at most version <1.5> allowed

<4-LaneEtAlPrivacyBigDataAndThePublicGood.pdf, id=6637, page=220, 609.59746pt x
 794.97pt>
File: 4-LaneEtAlPrivacyBigDataAndThePublicGood.pdf Graphic file (type pdf)
 <use 4-LaneEtAlPrivacyBigDataAndThePublicGood.pdf, page 220>
Package pdftex.def Info: 4-LaneEtAlPrivacyBigDataAndThePublicGood.pdf, page220 
used on input line 181.
(pdftex.def)             Requested size: 596.1271pt x 777.40346pt.
File: 4-LaneEtAlPrivacyBigDataAndThePublicGood.pdf Graphic file (type pdf)

<use 4-LaneEtAlPrivacyBigDataAndThePublicGood.pdf, page 220>
Package pdftex.def Info: 4-LaneEtAlPrivacyBigDataAndThePublicGood.pdf, page220 
used on input line 181.
(pdftex.def)             Requested size: 596.1271pt x 777.40346pt.
File: 4-LaneEtAlPrivacyBigDataAndThePublicGood.pdf Graphic file (type pdf)

<use 4-LaneEtAlPrivacyBigDataAndThePublicGood.pdf, page 220>
Package pdftex.def Info: 4-LaneEtAlPrivacyBigDataAndThePublicGood.pdf, page220 
used on input line 181.
(pdftex.def)             Requested size: 596.1271pt x 777.40346pt.
 [950 <./4-LaneEtAlPrivacyBigDataAndThePublicGood.pdf>]

pdfTeX warning: pdflatex (file ./4-LaneEtAlPrivacyBigDataAndThePublicGood.pdf):
 PDF inclusion: found PDF version <1.6>, but at most version <1.5> allowed

<4-LaneEtAlPrivacyBigDataAndThePublicGood.pdf, id=6643, page=221, 611.04286pt x
 794.60866pt>
File: 4-LaneEtAlPrivacyBigDataAndThePublicGood.pdf Graphic file (type pdf)
 <use 4-LaneEtAlPrivacyBigDataAndThePublicGood.pdf, page 221>
Package pdftex.def Info: 4-LaneEtAlPrivacyBigDataAndThePublicGood.pdf, page221 
used on input line 181.
(pdftex.def)             Requested size: 597.54057pt x 777.05008pt.
File: 4-LaneEtAlPrivacyBigDataAndThePublicGood.pdf Graphic file (type pdf)

<use 4-LaneEtAlPrivacyBigDataAndThePublicGood.pdf, page 221>
Package pdftex.def Info: 4-LaneEtAlPrivacyBigDataAndThePublicGood.pdf, page221 
used on input line 181.
(pdftex.def)             Requested size: 597.54057pt x 777.05008pt.
File: 4-LaneEtAlPrivacyBigDataAndThePublicGood.pdf Graphic file (type pdf)

<use 4-LaneEtAlPrivacyBigDataAndThePublicGood.pdf, page 221>
Package pdftex.def Info: 4-LaneEtAlPrivacyBigDataAndThePublicGood.pdf, page221 
used on input line 181.
(pdftex.def)             Requested size: 597.54057pt x 777.05008pt.
 [951 <./4-LaneEtAlPrivacyBigDataAndThePublicGood.pdf>]

pdfTeX warning: pdflatex (file ./4-LaneEtAlPrivacyBigDataAndThePublicGood.pdf):
 PDF inclusion: found PDF version <1.6>, but at most version <1.5> allowed

<4-LaneEtAlPrivacyBigDataAndThePublicGood.pdf, id=6653, page=222, 609.59746pt x
 794.24733pt>
File: 4-LaneEtAlPrivacyBigDataAndThePublicGood.pdf Graphic file (type pdf)
 <use 4-LaneEtAlPrivacyBigDataAndThePublicGood.pdf, page 222>
Package pdftex.def Info: 4-LaneEtAlPrivacyBigDataAndThePublicGood.pdf, page222 
used on input line 181.
(pdftex.def)             Requested size: 596.1271pt x 776.69675pt.
File: 4-LaneEtAlPrivacyBigDataAndThePublicGood.pdf Graphic file (type pdf)

<use 4-LaneEtAlPrivacyBigDataAndThePublicGood.pdf, page 222>
Package pdftex.def Info: 4-LaneEtAlPrivacyBigDataAndThePublicGood.pdf, page222 
used on input line 181.
(pdftex.def)             Requested size: 596.1271pt x 776.69675pt.
File: 4-LaneEtAlPrivacyBigDataAndThePublicGood.pdf Graphic file (type pdf)

<use 4-LaneEtAlPrivacyBigDataAndThePublicGood.pdf, page 222>
Package pdftex.def Info: 4-LaneEtAlPrivacyBigDataAndThePublicGood.pdf, page222 
used on input line 181.
(pdftex.def)             Requested size: 596.1271pt x 776.69675pt.
 [952 <./4-LaneEtAlPrivacyBigDataAndThePublicGood.pdf>]

pdfTeX warning: pdflatex (file ./4-LaneEtAlPrivacyBigDataAndThePublicGood.pdf):
 PDF inclusion: found PDF version <1.6>, but at most version <1.5> allowed

<4-LaneEtAlPrivacyBigDataAndThePublicGood.pdf, id=6660, page=223, 611.04286pt x
 794.97pt>
File: 4-LaneEtAlPrivacyBigDataAndThePublicGood.pdf Graphic file (type pdf)
 <use 4-LaneEtAlPrivacyBigDataAndThePublicGood.pdf, page 223>
Package pdftex.def Info: 4-LaneEtAlPrivacyBigDataAndThePublicGood.pdf, page223 
used on input line 181.
(pdftex.def)             Requested size: 597.54057pt x 777.40346pt.
File: 4-LaneEtAlPrivacyBigDataAndThePublicGood.pdf Graphic file (type pdf)

<use 4-LaneEtAlPrivacyBigDataAndThePublicGood.pdf, page 223>
Package pdftex.def Info: 4-LaneEtAlPrivacyBigDataAndThePublicGood.pdf, page223 
used on input line 181.
(pdftex.def)             Requested size: 597.54057pt x 777.40346pt.
File: 4-LaneEtAlPrivacyBigDataAndThePublicGood.pdf Graphic file (type pdf)

<use 4-LaneEtAlPrivacyBigDataAndThePublicGood.pdf, page 223>
Package pdftex.def Info: 4-LaneEtAlPrivacyBigDataAndThePublicGood.pdf, page223 
used on input line 181.
(pdftex.def)             Requested size: 597.54057pt x 777.40346pt.
 [953 <./4-LaneEtAlPrivacyBigDataAndThePublicGood.pdf>]

pdfTeX warning: pdflatex (file ./4-LaneEtAlPrivacyBigDataAndThePublicGood.pdf):
 PDF inclusion: found PDF version <1.6>, but at most version <1.5> allowed

<4-LaneEtAlPrivacyBigDataAndThePublicGood.pdf, id=6666, page=224, 610.32013pt x
 794.60866pt>
File: 4-LaneEtAlPrivacyBigDataAndThePublicGood.pdf Graphic file (type pdf)
 <use 4-LaneEtAlPrivacyBigDataAndThePublicGood.pdf, page 224>
Package pdftex.def Info: 4-LaneEtAlPrivacyBigDataAndThePublicGood.pdf, page224 
used on input line 181.
(pdftex.def)             Requested size: 596.8338pt x 777.05008pt.
File: 4-LaneEtAlPrivacyBigDataAndThePublicGood.pdf Graphic file (type pdf)

<use 4-LaneEtAlPrivacyBigDataAndThePublicGood.pdf, page 224>
Package pdftex.def Info: 4-LaneEtAlPrivacyBigDataAndThePublicGood.pdf, page224 
used on input line 181.
(pdftex.def)             Requested size: 596.8338pt x 777.05008pt.
File: 4-LaneEtAlPrivacyBigDataAndThePublicGood.pdf Graphic file (type pdf)

<use 4-LaneEtAlPrivacyBigDataAndThePublicGood.pdf, page 224>
Package pdftex.def Info: 4-LaneEtAlPrivacyBigDataAndThePublicGood.pdf, page224 
used on input line 181.
(pdftex.def)             Requested size: 596.8338pt x 777.05008pt.
 [954 <./4-LaneEtAlPrivacyBigDataAndThePublicGood.pdf>]

pdfTeX warning: pdflatex (file ./4-LaneEtAlPrivacyBigDataAndThePublicGood.pdf):
 PDF inclusion: found PDF version <1.6>, but at most version <1.5> allowed

<4-LaneEtAlPrivacyBigDataAndThePublicGood.pdf, id=6671, page=225, 611.04286pt x
 794.97pt>
File: 4-LaneEtAlPrivacyBigDataAndThePublicGood.pdf Graphic file (type pdf)
 <use 4-LaneEtAlPrivacyBigDataAndThePublicGood.pdf, page 225>
Package pdftex.def Info: 4-LaneEtAlPrivacyBigDataAndThePublicGood.pdf, page225 
used on input line 181.
(pdftex.def)             Requested size: 597.54057pt x 777.40346pt.
File: 4-LaneEtAlPrivacyBigDataAndThePublicGood.pdf Graphic file (type pdf)

<use 4-LaneEtAlPrivacyBigDataAndThePublicGood.pdf, page 225>
Package pdftex.def Info: 4-LaneEtAlPrivacyBigDataAndThePublicGood.pdf, page225 
used on input line 181.
(pdftex.def)             Requested size: 597.54057pt x 777.40346pt.
File: 4-LaneEtAlPrivacyBigDataAndThePublicGood.pdf Graphic file (type pdf)

<use 4-LaneEtAlPrivacyBigDataAndThePublicGood.pdf, page 225>
Package pdftex.def Info: 4-LaneEtAlPrivacyBigDataAndThePublicGood.pdf, page225 
used on input line 181.
(pdftex.def)             Requested size: 597.54057pt x 777.40346pt.
 [955 <./4-LaneEtAlPrivacyBigDataAndThePublicGood.pdf>]

pdfTeX warning: pdflatex (file ./4-LaneEtAlPrivacyBigDataAndThePublicGood.pdf):
 PDF inclusion: found PDF version <1.6>, but at most version <1.5> allowed

<4-LaneEtAlPrivacyBigDataAndThePublicGood.pdf, id=6677, page=226, 609.95879pt x
 794.60866pt>
File: 4-LaneEtAlPrivacyBigDataAndThePublicGood.pdf Graphic file (type pdf)
 <use 4-LaneEtAlPrivacyBigDataAndThePublicGood.pdf, page 226>
Package pdftex.def Info: 4-LaneEtAlPrivacyBigDataAndThePublicGood.pdf, page226 
used on input line 181.
(pdftex.def)             Requested size: 596.48045pt x 777.05008pt.
File: 4-LaneEtAlPrivacyBigDataAndThePublicGood.pdf Graphic file (type pdf)

<use 4-LaneEtAlPrivacyBigDataAndThePublicGood.pdf, page 226>
Package pdftex.def Info: 4-LaneEtAlPrivacyBigDataAndThePublicGood.pdf, page226 
used on input line 181.
(pdftex.def)             Requested size: 596.48045pt x 777.05008pt.
File: 4-LaneEtAlPrivacyBigDataAndThePublicGood.pdf Graphic file (type pdf)

<use 4-LaneEtAlPrivacyBigDataAndThePublicGood.pdf, page 226>
Package pdftex.def Info: 4-LaneEtAlPrivacyBigDataAndThePublicGood.pdf, page226 
used on input line 181.
(pdftex.def)             Requested size: 596.48045pt x 777.05008pt.
 [956 <./4-LaneEtAlPrivacyBigDataAndThePublicGood.pdf>]

pdfTeX warning: pdflatex (file ./4-LaneEtAlPrivacyBigDataAndThePublicGood.pdf):
 PDF inclusion: found PDF version <1.6>, but at most version <1.5> allowed

<4-LaneEtAlPrivacyBigDataAndThePublicGood.pdf, id=6685, page=227, 611.04286pt x
 794.60866pt>
File: 4-LaneEtAlPrivacyBigDataAndThePublicGood.pdf Graphic file (type pdf)
 <use 4-LaneEtAlPrivacyBigDataAndThePublicGood.pdf, page 227>
Package pdftex.def Info: 4-LaneEtAlPrivacyBigDataAndThePublicGood.pdf, page227 
used on input line 181.
(pdftex.def)             Requested size: 597.54057pt x 777.05008pt.
File: 4-LaneEtAlPrivacyBigDataAndThePublicGood.pdf Graphic file (type pdf)

<use 4-LaneEtAlPrivacyBigDataAndThePublicGood.pdf, page 227>
Package pdftex.def Info: 4-LaneEtAlPrivacyBigDataAndThePublicGood.pdf, page227 
used on input line 181.
(pdftex.def)             Requested size: 597.54057pt x 777.05008pt.
File: 4-LaneEtAlPrivacyBigDataAndThePublicGood.pdf Graphic file (type pdf)

<use 4-LaneEtAlPrivacyBigDataAndThePublicGood.pdf, page 227>
Package pdftex.def Info: 4-LaneEtAlPrivacyBigDataAndThePublicGood.pdf, page227 
used on input line 181.
(pdftex.def)             Requested size: 597.54057pt x 777.05008pt.
 [957 <./4-LaneEtAlPrivacyBigDataAndThePublicGood.pdf>]

pdfTeX warning: pdflatex (file ./4-LaneEtAlPrivacyBigDataAndThePublicGood.pdf):
 PDF inclusion: found PDF version <1.6>, but at most version <1.5> allowed

<4-LaneEtAlPrivacyBigDataAndThePublicGood.pdf, id=6693, page=228, 610.32013pt x
 793.88593pt>
File: 4-LaneEtAlPrivacyBigDataAndThePublicGood.pdf Graphic file (type pdf)
 <use 4-LaneEtAlPrivacyBigDataAndThePublicGood.pdf, page 228>
Package pdftex.def Info: 4-LaneEtAlPrivacyBigDataAndThePublicGood.pdf, page228 
used on input line 181.
(pdftex.def)             Requested size: 596.8338pt x 776.34332pt.
File: 4-LaneEtAlPrivacyBigDataAndThePublicGood.pdf Graphic file (type pdf)

<use 4-LaneEtAlPrivacyBigDataAndThePublicGood.pdf, page 228>
Package pdftex.def Info: 4-LaneEtAlPrivacyBigDataAndThePublicGood.pdf, page228 
used on input line 181.
(pdftex.def)             Requested size: 596.8338pt x 776.34332pt.
File: 4-LaneEtAlPrivacyBigDataAndThePublicGood.pdf Graphic file (type pdf)

<use 4-LaneEtAlPrivacyBigDataAndThePublicGood.pdf, page 228>
Package pdftex.def Info: 4-LaneEtAlPrivacyBigDataAndThePublicGood.pdf, page228 
used on input line 181.
(pdftex.def)             Requested size: 596.8338pt x 776.34332pt.
 [958 <./4-LaneEtAlPrivacyBigDataAndThePublicGood.pdf>]

pdfTeX warning: pdflatex (file ./4-LaneEtAlPrivacyBigDataAndThePublicGood.pdf):
 PDF inclusion: found PDF version <1.6>, but at most version <1.5> allowed

<4-LaneEtAlPrivacyBigDataAndThePublicGood.pdf, id=6699, page=229, 611.40419pt x
 794.97pt>
File: 4-LaneEtAlPrivacyBigDataAndThePublicGood.pdf Graphic file (type pdf)
 <use 4-LaneEtAlPrivacyBigDataAndThePublicGood.pdf, page 229>
Package pdftex.def Info: 4-LaneEtAlPrivacyBigDataAndThePublicGood.pdf, page229 
used on input line 181.
(pdftex.def)             Requested size: 597.89389pt x 777.40346pt.
File: 4-LaneEtAlPrivacyBigDataAndThePublicGood.pdf Graphic file (type pdf)

<use 4-LaneEtAlPrivacyBigDataAndThePublicGood.pdf, page 229>
Package pdftex.def Info: 4-LaneEtAlPrivacyBigDataAndThePublicGood.pdf, page229 
used on input line 181.
(pdftex.def)             Requested size: 597.89389pt x 777.40346pt.
File: 4-LaneEtAlPrivacyBigDataAndThePublicGood.pdf Graphic file (type pdf)

<use 4-LaneEtAlPrivacyBigDataAndThePublicGood.pdf, page 229>
Package pdftex.def Info: 4-LaneEtAlPrivacyBigDataAndThePublicGood.pdf, page229 
used on input line 181.
(pdftex.def)             Requested size: 597.89389pt x 777.40346pt.
 [959 <./4-LaneEtAlPrivacyBigDataAndThePublicGood.pdf>]

pdfTeX warning: pdflatex (file ./4-LaneEtAlPrivacyBigDataAndThePublicGood.pdf):
 PDF inclusion: found PDF version <1.6>, but at most version <1.5> allowed

<4-LaneEtAlPrivacyBigDataAndThePublicGood.pdf, id=6708, page=230, 609.95879pt x
 794.60866pt>
File: 4-LaneEtAlPrivacyBigDataAndThePublicGood.pdf Graphic file (type pdf)
 <use 4-LaneEtAlPrivacyBigDataAndThePublicGood.pdf, page 230>
Package pdftex.def Info: 4-LaneEtAlPrivacyBigDataAndThePublicGood.pdf, page230 
used on input line 181.
(pdftex.def)             Requested size: 596.48045pt x 777.05008pt.
File: 4-LaneEtAlPrivacyBigDataAndThePublicGood.pdf Graphic file (type pdf)

<use 4-LaneEtAlPrivacyBigDataAndThePublicGood.pdf, page 230>
Package pdftex.def Info: 4-LaneEtAlPrivacyBigDataAndThePublicGood.pdf, page230 
used on input line 181.
(pdftex.def)             Requested size: 596.48045pt x 777.05008pt.
File: 4-LaneEtAlPrivacyBigDataAndThePublicGood.pdf Graphic file (type pdf)

<use 4-LaneEtAlPrivacyBigDataAndThePublicGood.pdf, page 230>
Package pdftex.def Info: 4-LaneEtAlPrivacyBigDataAndThePublicGood.pdf, page230 
used on input line 181.
(pdftex.def)             Requested size: 596.48045pt x 777.05008pt.
 [960 <./4-LaneEtAlPrivacyBigDataAndThePublicGood.pdf>]

pdfTeX warning: pdflatex (file ./4-LaneEtAlPrivacyBigDataAndThePublicGood.pdf):
 PDF inclusion: found PDF version <1.6>, but at most version <1.5> allowed

<4-LaneEtAlPrivacyBigDataAndThePublicGood.pdf, id=6717, page=231, 611.40419pt x
 793.5246pt>
File: 4-LaneEtAlPrivacyBigDataAndThePublicGood.pdf Graphic file (type pdf)
 <use 4-LaneEtAlPrivacyBigDataAndThePublicGood.pdf, page 231>
Package pdftex.def Info: 4-LaneEtAlPrivacyBigDataAndThePublicGood.pdf, page231 
used on input line 181.
(pdftex.def)             Requested size: 597.89389pt x 775.98999pt.
File: 4-LaneEtAlPrivacyBigDataAndThePublicGood.pdf Graphic file (type pdf)

<use 4-LaneEtAlPrivacyBigDataAndThePublicGood.pdf, page 231>
Package pdftex.def Info: 4-LaneEtAlPrivacyBigDataAndThePublicGood.pdf, page231 
used on input line 181.
(pdftex.def)             Requested size: 597.89389pt x 775.98999pt.
File: 4-LaneEtAlPrivacyBigDataAndThePublicGood.pdf Graphic file (type pdf)

<use 4-LaneEtAlPrivacyBigDataAndThePublicGood.pdf, page 231>
Package pdftex.def Info: 4-LaneEtAlPrivacyBigDataAndThePublicGood.pdf, page231 
used on input line 181.
(pdftex.def)             Requested size: 597.89389pt x 775.98999pt.
 [961 <./4-LaneEtAlPrivacyBigDataAndThePublicGood.pdf>]

pdfTeX warning: pdflatex (file ./4-LaneEtAlPrivacyBigDataAndThePublicGood.pdf):
 PDF inclusion: found PDF version <1.6>, but at most version <1.5> allowed

<4-LaneEtAlPrivacyBigDataAndThePublicGood.pdf, id=6728, page=232, 609.23611pt x
 795.69273pt>
File: 4-LaneEtAlPrivacyBigDataAndThePublicGood.pdf Graphic file (type pdf)
 <use 4-LaneEtAlPrivacyBigDataAndThePublicGood.pdf, page 232>
Package pdftex.def Info: 4-LaneEtAlPrivacyBigDataAndThePublicGood.pdf, page232 
used on input line 181.
(pdftex.def)             Requested size: 595.77376pt x 778.11021pt.
File: 4-LaneEtAlPrivacyBigDataAndThePublicGood.pdf Graphic file (type pdf)

<use 4-LaneEtAlPrivacyBigDataAndThePublicGood.pdf, page 232>
Package pdftex.def Info: 4-LaneEtAlPrivacyBigDataAndThePublicGood.pdf, page232 
used on input line 181.
(pdftex.def)             Requested size: 595.77376pt x 778.11021pt.
File: 4-LaneEtAlPrivacyBigDataAndThePublicGood.pdf Graphic file (type pdf)

<use 4-LaneEtAlPrivacyBigDataAndThePublicGood.pdf, page 232>
Package pdftex.def Info: 4-LaneEtAlPrivacyBigDataAndThePublicGood.pdf, page232 
used on input line 181.
(pdftex.def)             Requested size: 595.77376pt x 778.11021pt.
 [962 <./4-LaneEtAlPrivacyBigDataAndThePublicGood.pdf>]

pdfTeX warning: pdflatex (file ./4-LaneEtAlPrivacyBigDataAndThePublicGood.pdf):
 PDF inclusion: found PDF version <1.6>, but at most version <1.5> allowed

<4-LaneEtAlPrivacyBigDataAndThePublicGood.pdf, id=6735, page=233, 611.40419pt x
 794.97pt>
File: 4-LaneEtAlPrivacyBigDataAndThePublicGood.pdf Graphic file (type pdf)
 <use 4-LaneEtAlPrivacyBigDataAndThePublicGood.pdf, page 233>
Package pdftex.def Info: 4-LaneEtAlPrivacyBigDataAndThePublicGood.pdf, page233 
used on input line 181.
(pdftex.def)             Requested size: 597.89389pt x 777.40346pt.
File: 4-LaneEtAlPrivacyBigDataAndThePublicGood.pdf Graphic file (type pdf)

<use 4-LaneEtAlPrivacyBigDataAndThePublicGood.pdf, page 233>
Package pdftex.def Info: 4-LaneEtAlPrivacyBigDataAndThePublicGood.pdf, page233 
used on input line 181.
(pdftex.def)             Requested size: 597.89389pt x 777.40346pt.
File: 4-LaneEtAlPrivacyBigDataAndThePublicGood.pdf Graphic file (type pdf)

<use 4-LaneEtAlPrivacyBigDataAndThePublicGood.pdf, page 233>
Package pdftex.def Info: 4-LaneEtAlPrivacyBigDataAndThePublicGood.pdf, page233 
used on input line 181.
(pdftex.def)             Requested size: 597.89389pt x 777.40346pt.
 [963 <./4-LaneEtAlPrivacyBigDataAndThePublicGood.pdf>]

pdfTeX warning: pdflatex (file ./4-LaneEtAlPrivacyBigDataAndThePublicGood.pdf):
 PDF inclusion: found PDF version <1.6>, but at most version <1.5> allowed

<4-LaneEtAlPrivacyBigDataAndThePublicGood.pdf, id=6745, page=234, 610.68152pt x
 794.60866pt>
File: 4-LaneEtAlPrivacyBigDataAndThePublicGood.pdf Graphic file (type pdf)
 <use 4-LaneEtAlPrivacyBigDataAndThePublicGood.pdf, page 234>
Package pdftex.def Info: 4-LaneEtAlPrivacyBigDataAndThePublicGood.pdf, page234 
used on input line 181.
(pdftex.def)             Requested size: 597.18723pt x 777.05008pt.
File: 4-LaneEtAlPrivacyBigDataAndThePublicGood.pdf Graphic file (type pdf)

<use 4-LaneEtAlPrivacyBigDataAndThePublicGood.pdf, page 234>
Package pdftex.def Info: 4-LaneEtAlPrivacyBigDataAndThePublicGood.pdf, page234 
used on input line 181.
(pdftex.def)             Requested size: 597.18723pt x 777.05008pt.
File: 4-LaneEtAlPrivacyBigDataAndThePublicGood.pdf Graphic file (type pdf)

<use 4-LaneEtAlPrivacyBigDataAndThePublicGood.pdf, page 234>
Package pdftex.def Info: 4-LaneEtAlPrivacyBigDataAndThePublicGood.pdf, page234 
used on input line 181.
(pdftex.def)             Requested size: 597.18723pt x 777.05008pt.
 [964 <./4-LaneEtAlPrivacyBigDataAndThePublicGood.pdf>]

pdfTeX warning: pdflatex (file ./4-LaneEtAlPrivacyBigDataAndThePublicGood.pdf):
 PDF inclusion: found PDF version <1.6>, but at most version <1.5> allowed

<4-LaneEtAlPrivacyBigDataAndThePublicGood.pdf, id=6753, page=235, 611.04286pt x
 794.97pt>
File: 4-LaneEtAlPrivacyBigDataAndThePublicGood.pdf Graphic file (type pdf)
 <use 4-LaneEtAlPrivacyBigDataAndThePublicGood.pdf, page 235>
Package pdftex.def Info: 4-LaneEtAlPrivacyBigDataAndThePublicGood.pdf, page235 
used on input line 181.
(pdftex.def)             Requested size: 597.54057pt x 777.40346pt.
File: 4-LaneEtAlPrivacyBigDataAndThePublicGood.pdf Graphic file (type pdf)

<use 4-LaneEtAlPrivacyBigDataAndThePublicGood.pdf, page 235>
Package pdftex.def Info: 4-LaneEtAlPrivacyBigDataAndThePublicGood.pdf, page235 
used on input line 181.
(pdftex.def)             Requested size: 597.54057pt x 777.40346pt.
File: 4-LaneEtAlPrivacyBigDataAndThePublicGood.pdf Graphic file (type pdf)

<use 4-LaneEtAlPrivacyBigDataAndThePublicGood.pdf, page 235>
Package pdftex.def Info: 4-LaneEtAlPrivacyBigDataAndThePublicGood.pdf, page235 
used on input line 181.
(pdftex.def)             Requested size: 597.54057pt x 777.40346pt.
 [965 <./4-LaneEtAlPrivacyBigDataAndThePublicGood.pdf>]

pdfTeX warning: pdflatex (file ./4-LaneEtAlPrivacyBigDataAndThePublicGood.pdf):
 PDF inclusion: found PDF version <1.6>, but at most version <1.5> allowed

<4-LaneEtAlPrivacyBigDataAndThePublicGood.pdf, id=6761, page=236, 610.32013pt x
 794.97pt>
File: 4-LaneEtAlPrivacyBigDataAndThePublicGood.pdf Graphic file (type pdf)
 <use 4-LaneEtAlPrivacyBigDataAndThePublicGood.pdf, page 236>
Package pdftex.def Info: 4-LaneEtAlPrivacyBigDataAndThePublicGood.pdf, page236 
used on input line 181.
(pdftex.def)             Requested size: 596.8338pt x 777.40346pt.
File: 4-LaneEtAlPrivacyBigDataAndThePublicGood.pdf Graphic file (type pdf)

<use 4-LaneEtAlPrivacyBigDataAndThePublicGood.pdf, page 236>
Package pdftex.def Info: 4-LaneEtAlPrivacyBigDataAndThePublicGood.pdf, page236 
used on input line 181.
(pdftex.def)             Requested size: 596.8338pt x 777.40346pt.
File: 4-LaneEtAlPrivacyBigDataAndThePublicGood.pdf Graphic file (type pdf)

<use 4-LaneEtAlPrivacyBigDataAndThePublicGood.pdf, page 236>
Package pdftex.def Info: 4-LaneEtAlPrivacyBigDataAndThePublicGood.pdf, page236 
used on input line 181.
(pdftex.def)             Requested size: 596.8338pt x 777.40346pt.
 [966 <./4-LaneEtAlPrivacyBigDataAndThePublicGood.pdf>]

pdfTeX warning: pdflatex (file ./4-LaneEtAlPrivacyBigDataAndThePublicGood.pdf):
 PDF inclusion: found PDF version <1.6>, but at most version <1.5> allowed

<4-LaneEtAlPrivacyBigDataAndThePublicGood.pdf, id=6775, page=237, 611.76553pt x
 796.05406pt>
File: 4-LaneEtAlPrivacyBigDataAndThePublicGood.pdf Graphic file (type pdf)
 <use 4-LaneEtAlPrivacyBigDataAndThePublicGood.pdf, page 237>
Package pdftex.def Info: 4-LaneEtAlPrivacyBigDataAndThePublicGood.pdf, page237 
used on input line 181.
(pdftex.def)             Requested size: 598.24727pt x 778.46355pt.
File: 4-LaneEtAlPrivacyBigDataAndThePublicGood.pdf Graphic file (type pdf)

<use 4-LaneEtAlPrivacyBigDataAndThePublicGood.pdf, page 237>
Package pdftex.def Info: 4-LaneEtAlPrivacyBigDataAndThePublicGood.pdf, page237 
used on input line 181.
(pdftex.def)             Requested size: 598.24727pt x 778.46355pt.
File: 4-LaneEtAlPrivacyBigDataAndThePublicGood.pdf Graphic file (type pdf)

<use 4-LaneEtAlPrivacyBigDataAndThePublicGood.pdf, page 237>
Package pdftex.def Info: 4-LaneEtAlPrivacyBigDataAndThePublicGood.pdf, page237 
used on input line 181.
(pdftex.def)             Requested size: 598.24727pt x 778.46355pt.
 [967 <./4-LaneEtAlPrivacyBigDataAndThePublicGood.pdf>]

pdfTeX warning: pdflatex (file ./4-LaneEtAlPrivacyBigDataAndThePublicGood.pdf):
 PDF inclusion: found PDF version <1.6>, but at most version <1.5> allowed

<4-LaneEtAlPrivacyBigDataAndThePublicGood.pdf, id=6783, page=238, 610.68152pt x
 796.05406pt>
File: 4-LaneEtAlPrivacyBigDataAndThePublicGood.pdf Graphic file (type pdf)
 <use 4-LaneEtAlPrivacyBigDataAndThePublicGood.pdf, page 238>
Package pdftex.def Info: 4-LaneEtAlPrivacyBigDataAndThePublicGood.pdf, page238 
used on input line 181.
(pdftex.def)             Requested size: 597.18723pt x 778.46355pt.
File: 4-LaneEtAlPrivacyBigDataAndThePublicGood.pdf Graphic file (type pdf)

<use 4-LaneEtAlPrivacyBigDataAndThePublicGood.pdf, page 238>
Package pdftex.def Info: 4-LaneEtAlPrivacyBigDataAndThePublicGood.pdf, page238 
used on input line 181.
(pdftex.def)             Requested size: 597.18723pt x 778.46355pt.
File: 4-LaneEtAlPrivacyBigDataAndThePublicGood.pdf Graphic file (type pdf)

<use 4-LaneEtAlPrivacyBigDataAndThePublicGood.pdf, page 238>
Package pdftex.def Info: 4-LaneEtAlPrivacyBigDataAndThePublicGood.pdf, page238 
used on input line 181.
(pdftex.def)             Requested size: 597.18723pt x 778.46355pt.
 [968 <./4-LaneEtAlPrivacyBigDataAndThePublicGood.pdf>]

pdfTeX warning: pdflatex (file ./4-LaneEtAlPrivacyBigDataAndThePublicGood.pdf):
 PDF inclusion: found PDF version <1.6>, but at most version <1.5> allowed

<4-LaneEtAlPrivacyBigDataAndThePublicGood.pdf, id=6788, page=239, 610.68152pt x
 792.0792pt>
File: 4-LaneEtAlPrivacyBigDataAndThePublicGood.pdf Graphic file (type pdf)
 <use 4-LaneEtAlPrivacyBigDataAndThePublicGood.pdf, page 239>
Package pdftex.def Info: 4-LaneEtAlPrivacyBigDataAndThePublicGood.pdf, page239 
used on input line 181.
(pdftex.def)             Requested size: 597.18723pt x 774.57652pt.
File: 4-LaneEtAlPrivacyBigDataAndThePublicGood.pdf Graphic file (type pdf)

<use 4-LaneEtAlPrivacyBigDataAndThePublicGood.pdf, page 239>
Package pdftex.def Info: 4-LaneEtAlPrivacyBigDataAndThePublicGood.pdf, page239 
used on input line 181.
(pdftex.def)             Requested size: 597.18723pt x 774.57652pt.
File: 4-LaneEtAlPrivacyBigDataAndThePublicGood.pdf Graphic file (type pdf)

<use 4-LaneEtAlPrivacyBigDataAndThePublicGood.pdf, page 239>
Package pdftex.def Info: 4-LaneEtAlPrivacyBigDataAndThePublicGood.pdf, page239 
used on input line 181.
(pdftex.def)             Requested size: 597.18723pt x 774.57652pt.
 [969 <./4-LaneEtAlPrivacyBigDataAndThePublicGood.pdf>]

pdfTeX warning: pdflatex (file ./4-LaneEtAlPrivacyBigDataAndThePublicGood.pdf):
 PDF inclusion: found PDF version <1.6>, but at most version <1.5> allowed

<4-LaneEtAlPrivacyBigDataAndThePublicGood.pdf, id=6795, page=240, 609.59746pt x
 794.60866pt>
File: 4-LaneEtAlPrivacyBigDataAndThePublicGood.pdf Graphic file (type pdf)
 <use 4-LaneEtAlPrivacyBigDataAndThePublicGood.pdf, page 240>
Package pdftex.def Info: 4-LaneEtAlPrivacyBigDataAndThePublicGood.pdf, page240 
used on input line 181.
(pdftex.def)             Requested size: 596.1271pt x 777.05008pt.
File: 4-LaneEtAlPrivacyBigDataAndThePublicGood.pdf Graphic file (type pdf)

<use 4-LaneEtAlPrivacyBigDataAndThePublicGood.pdf, page 240>
Package pdftex.def Info: 4-LaneEtAlPrivacyBigDataAndThePublicGood.pdf, page240 
used on input line 181.
(pdftex.def)             Requested size: 596.1271pt x 777.05008pt.
File: 4-LaneEtAlPrivacyBigDataAndThePublicGood.pdf Graphic file (type pdf)

<use 4-LaneEtAlPrivacyBigDataAndThePublicGood.pdf, page 240>
Package pdftex.def Info: 4-LaneEtAlPrivacyBigDataAndThePublicGood.pdf, page240 
used on input line 181.
(pdftex.def)             Requested size: 596.1271pt x 777.05008pt.
 [970 <./4-LaneEtAlPrivacyBigDataAndThePublicGood.pdf>]

pdfTeX warning: pdflatex (file ./4-LaneEtAlPrivacyBigDataAndThePublicGood.pdf):
 PDF inclusion: found PDF version <1.6>, but at most version <1.5> allowed

<4-LaneEtAlPrivacyBigDataAndThePublicGood.pdf, id=6802, page=241, 609.59746pt x
 793.88593pt>
File: 4-LaneEtAlPrivacyBigDataAndThePublicGood.pdf Graphic file (type pdf)
 <use 4-LaneEtAlPrivacyBigDataAndThePublicGood.pdf, page 241>
Package pdftex.def Info: 4-LaneEtAlPrivacyBigDataAndThePublicGood.pdf, page241 
used on input line 181.
(pdftex.def)             Requested size: 596.1271pt x 776.34332pt.
File: 4-LaneEtAlPrivacyBigDataAndThePublicGood.pdf Graphic file (type pdf)

<use 4-LaneEtAlPrivacyBigDataAndThePublicGood.pdf, page 241>
Package pdftex.def Info: 4-LaneEtAlPrivacyBigDataAndThePublicGood.pdf, page241 
used on input line 181.
(pdftex.def)             Requested size: 596.1271pt x 776.34332pt.
File: 4-LaneEtAlPrivacyBigDataAndThePublicGood.pdf Graphic file (type pdf)

<use 4-LaneEtAlPrivacyBigDataAndThePublicGood.pdf, page 241>
Package pdftex.def Info: 4-LaneEtAlPrivacyBigDataAndThePublicGood.pdf, page241 
used on input line 181.
(pdftex.def)             Requested size: 596.1271pt x 776.34332pt.
 [971 <./4-LaneEtAlPrivacyBigDataAndThePublicGood.pdf>]

pdfTeX warning: pdflatex (file ./4-LaneEtAlPrivacyBigDataAndThePublicGood.pdf):
 PDF inclusion: found PDF version <1.6>, but at most version <1.5> allowed

<4-LaneEtAlPrivacyBigDataAndThePublicGood.pdf, id=6809, page=242, 608.87473pt x
 793.88593pt>
File: 4-LaneEtAlPrivacyBigDataAndThePublicGood.pdf Graphic file (type pdf)
 <use 4-LaneEtAlPrivacyBigDataAndThePublicGood.pdf, page 242>
Package pdftex.def Info: 4-LaneEtAlPrivacyBigDataAndThePublicGood.pdf, page242 
used on input line 181.
(pdftex.def)             Requested size: 595.42033pt x 776.34332pt.
File: 4-LaneEtAlPrivacyBigDataAndThePublicGood.pdf Graphic file (type pdf)

<use 4-LaneEtAlPrivacyBigDataAndThePublicGood.pdf, page 242>
Package pdftex.def Info: 4-LaneEtAlPrivacyBigDataAndThePublicGood.pdf, page242 
used on input line 181.
(pdftex.def)             Requested size: 595.42033pt x 776.34332pt.
File: 4-LaneEtAlPrivacyBigDataAndThePublicGood.pdf Graphic file (type pdf)

<use 4-LaneEtAlPrivacyBigDataAndThePublicGood.pdf, page 242>
Package pdftex.def Info: 4-LaneEtAlPrivacyBigDataAndThePublicGood.pdf, page242 
used on input line 181.
(pdftex.def)             Requested size: 595.42033pt x 776.34332pt.
 [972 <./4-LaneEtAlPrivacyBigDataAndThePublicGood.pdf>]

pdfTeX warning: pdflatex (file ./4-LaneEtAlPrivacyBigDataAndThePublicGood.pdf):
 PDF inclusion: found PDF version <1.6>, but at most version <1.5> allowed

<4-LaneEtAlPrivacyBigDataAndThePublicGood.pdf, id=6815, page=243, 610.68152pt x
 793.5246pt>
File: 4-LaneEtAlPrivacyBigDataAndThePublicGood.pdf Graphic file (type pdf)
 <use 4-LaneEtAlPrivacyBigDataAndThePublicGood.pdf, page 243>
Package pdftex.def Info: 4-LaneEtAlPrivacyBigDataAndThePublicGood.pdf, page243 
used on input line 181.
(pdftex.def)             Requested size: 597.18723pt x 775.98999pt.
File: 4-LaneEtAlPrivacyBigDataAndThePublicGood.pdf Graphic file (type pdf)

<use 4-LaneEtAlPrivacyBigDataAndThePublicGood.pdf, page 243>
Package pdftex.def Info: 4-LaneEtAlPrivacyBigDataAndThePublicGood.pdf, page243 
used on input line 181.
(pdftex.def)             Requested size: 597.18723pt x 775.98999pt.
File: 4-LaneEtAlPrivacyBigDataAndThePublicGood.pdf Graphic file (type pdf)

<use 4-LaneEtAlPrivacyBigDataAndThePublicGood.pdf, page 243>
Package pdftex.def Info: 4-LaneEtAlPrivacyBigDataAndThePublicGood.pdf, page243 
used on input line 181.
(pdftex.def)             Requested size: 597.18723pt x 775.98999pt.
 [973 <./4-LaneEtAlPrivacyBigDataAndThePublicGood.pdf>]

pdfTeX warning: pdflatex (file ./4-LaneEtAlPrivacyBigDataAndThePublicGood.pdf):
 PDF inclusion: found PDF version <1.6>, but at most version <1.5> allowed

<4-LaneEtAlPrivacyBigDataAndThePublicGood.pdf, id=6823, page=244, 609.95879pt x
 795.33133pt>
File: 4-LaneEtAlPrivacyBigDataAndThePublicGood.pdf Graphic file (type pdf)
 <use 4-LaneEtAlPrivacyBigDataAndThePublicGood.pdf, page 244>
Package pdftex.def Info: 4-LaneEtAlPrivacyBigDataAndThePublicGood.pdf, page244 
used on input line 181.
(pdftex.def)             Requested size: 596.48045pt x 777.75679pt.
File: 4-LaneEtAlPrivacyBigDataAndThePublicGood.pdf Graphic file (type pdf)

<use 4-LaneEtAlPrivacyBigDataAndThePublicGood.pdf, page 244>
Package pdftex.def Info: 4-LaneEtAlPrivacyBigDataAndThePublicGood.pdf, page244 
used on input line 181.
(pdftex.def)             Requested size: 596.48045pt x 777.75679pt.
File: 4-LaneEtAlPrivacyBigDataAndThePublicGood.pdf Graphic file (type pdf)

<use 4-LaneEtAlPrivacyBigDataAndThePublicGood.pdf, page 244>
Package pdftex.def Info: 4-LaneEtAlPrivacyBigDataAndThePublicGood.pdf, page244 
used on input line 181.
(pdftex.def)             Requested size: 596.48045pt x 777.75679pt.
 [974 <./4-LaneEtAlPrivacyBigDataAndThePublicGood.pdf>]

pdfTeX warning: pdflatex (file ./4-LaneEtAlPrivacyBigDataAndThePublicGood.pdf):
 PDF inclusion: found PDF version <1.6>, but at most version <1.5> allowed

<4-LaneEtAlPrivacyBigDataAndThePublicGood.pdf, id=6830, page=245, 610.68152pt x
 795.33133pt>
File: 4-LaneEtAlPrivacyBigDataAndThePublicGood.pdf Graphic file (type pdf)
 <use 4-LaneEtAlPrivacyBigDataAndThePublicGood.pdf, page 245>
Package pdftex.def Info: 4-LaneEtAlPrivacyBigDataAndThePublicGood.pdf, page245 
used on input line 181.
(pdftex.def)             Requested size: 597.18723pt x 777.75679pt.
File: 4-LaneEtAlPrivacyBigDataAndThePublicGood.pdf Graphic file (type pdf)

<use 4-LaneEtAlPrivacyBigDataAndThePublicGood.pdf, page 245>
Package pdftex.def Info: 4-LaneEtAlPrivacyBigDataAndThePublicGood.pdf, page245 
used on input line 181.
(pdftex.def)             Requested size: 597.18723pt x 777.75679pt.
File: 4-LaneEtAlPrivacyBigDataAndThePublicGood.pdf Graphic file (type pdf)

<use 4-LaneEtAlPrivacyBigDataAndThePublicGood.pdf, page 245>
Package pdftex.def Info: 4-LaneEtAlPrivacyBigDataAndThePublicGood.pdf, page245 
used on input line 181.
(pdftex.def)             Requested size: 597.18723pt x 777.75679pt.
 [975 <./4-LaneEtAlPrivacyBigDataAndThePublicGood.pdf>]

pdfTeX warning: pdflatex (file ./4-LaneEtAlPrivacyBigDataAndThePublicGood.pdf):
 PDF inclusion: found PDF version <1.6>, but at most version <1.5> allowed

<4-LaneEtAlPrivacyBigDataAndThePublicGood.pdf, id=6839, page=246, 610.68152pt x
 794.60866pt>
File: 4-LaneEtAlPrivacyBigDataAndThePublicGood.pdf Graphic file (type pdf)
 <use 4-LaneEtAlPrivacyBigDataAndThePublicGood.pdf, page 246>
Package pdftex.def Info: 4-LaneEtAlPrivacyBigDataAndThePublicGood.pdf, page246 
used on input line 181.
(pdftex.def)             Requested size: 597.18723pt x 777.05008pt.
File: 4-LaneEtAlPrivacyBigDataAndThePublicGood.pdf Graphic file (type pdf)

<use 4-LaneEtAlPrivacyBigDataAndThePublicGood.pdf, page 246>
Package pdftex.def Info: 4-LaneEtAlPrivacyBigDataAndThePublicGood.pdf, page246 
used on input line 181.
(pdftex.def)             Requested size: 597.18723pt x 777.05008pt.
File: 4-LaneEtAlPrivacyBigDataAndThePublicGood.pdf Graphic file (type pdf)

<use 4-LaneEtAlPrivacyBigDataAndThePublicGood.pdf, page 246>
Package pdftex.def Info: 4-LaneEtAlPrivacyBigDataAndThePublicGood.pdf, page246 
used on input line 181.
(pdftex.def)             Requested size: 597.18723pt x 777.05008pt.
 [976 <./4-LaneEtAlPrivacyBigDataAndThePublicGood.pdf>]

pdfTeX warning: pdflatex (file ./4-LaneEtAlPrivacyBigDataAndThePublicGood.pdf):
 PDF inclusion: found PDF version <1.6>, but at most version <1.5> allowed

<4-LaneEtAlPrivacyBigDataAndThePublicGood.pdf, id=6846, page=247, 611.04286pt x
 795.33133pt>
File: 4-LaneEtAlPrivacyBigDataAndThePublicGood.pdf Graphic file (type pdf)
 <use 4-LaneEtAlPrivacyBigDataAndThePublicGood.pdf, page 247>
Package pdftex.def Info: 4-LaneEtAlPrivacyBigDataAndThePublicGood.pdf, page247 
used on input line 181.
(pdftex.def)             Requested size: 597.54057pt x 777.75679pt.
File: 4-LaneEtAlPrivacyBigDataAndThePublicGood.pdf Graphic file (type pdf)

<use 4-LaneEtAlPrivacyBigDataAndThePublicGood.pdf, page 247>
Package pdftex.def Info: 4-LaneEtAlPrivacyBigDataAndThePublicGood.pdf, page247 
used on input line 181.
(pdftex.def)             Requested size: 597.54057pt x 777.75679pt.
File: 4-LaneEtAlPrivacyBigDataAndThePublicGood.pdf Graphic file (type pdf)

<use 4-LaneEtAlPrivacyBigDataAndThePublicGood.pdf, page 247>
Package pdftex.def Info: 4-LaneEtAlPrivacyBigDataAndThePublicGood.pdf, page247 
used on input line 181.
(pdftex.def)             Requested size: 597.54057pt x 777.75679pt.
 [977 <./4-LaneEtAlPrivacyBigDataAndThePublicGood.pdf>]

pdfTeX warning: pdflatex (file ./4-LaneEtAlPrivacyBigDataAndThePublicGood.pdf):
 PDF inclusion: found PDF version <1.6>, but at most version <1.5> allowed

<4-LaneEtAlPrivacyBigDataAndThePublicGood.pdf, id=6853, page=248, 609.95879pt x
 794.24733pt>
File: 4-LaneEtAlPrivacyBigDataAndThePublicGood.pdf Graphic file (type pdf)
 <use 4-LaneEtAlPrivacyBigDataAndThePublicGood.pdf, page 248>
Package pdftex.def Info: 4-LaneEtAlPrivacyBigDataAndThePublicGood.pdf, page248 
used on input line 181.
(pdftex.def)             Requested size: 596.48045pt x 776.69675pt.
File: 4-LaneEtAlPrivacyBigDataAndThePublicGood.pdf Graphic file (type pdf)

<use 4-LaneEtAlPrivacyBigDataAndThePublicGood.pdf, page 248>
Package pdftex.def Info: 4-LaneEtAlPrivacyBigDataAndThePublicGood.pdf, page248 
used on input line 181.
(pdftex.def)             Requested size: 596.48045pt x 776.69675pt.
File: 4-LaneEtAlPrivacyBigDataAndThePublicGood.pdf Graphic file (type pdf)

<use 4-LaneEtAlPrivacyBigDataAndThePublicGood.pdf, page 248>
Package pdftex.def Info: 4-LaneEtAlPrivacyBigDataAndThePublicGood.pdf, page248 
used on input line 181.
(pdftex.def)             Requested size: 596.48045pt x 776.69675pt.
 [978 <./4-LaneEtAlPrivacyBigDataAndThePublicGood.pdf>]

pdfTeX warning: pdflatex (file ./4-LaneEtAlPrivacyBigDataAndThePublicGood.pdf):
 PDF inclusion: found PDF version <1.6>, but at most version <1.5> allowed

<4-LaneEtAlPrivacyBigDataAndThePublicGood.pdf, id=6859, page=249, 611.40419pt x
 795.69267pt>
File: 4-LaneEtAlPrivacyBigDataAndThePublicGood.pdf Graphic file (type pdf)
 <use 4-LaneEtAlPrivacyBigDataAndThePublicGood.pdf, page 249>
Package pdftex.def Info: 4-LaneEtAlPrivacyBigDataAndThePublicGood.pdf, page249 
used on input line 181.
(pdftex.def)             Requested size: 597.89389pt x 778.11015pt.
File: 4-LaneEtAlPrivacyBigDataAndThePublicGood.pdf Graphic file (type pdf)

<use 4-LaneEtAlPrivacyBigDataAndThePublicGood.pdf, page 249>
Package pdftex.def Info: 4-LaneEtAlPrivacyBigDataAndThePublicGood.pdf, page249 
used on input line 181.
(pdftex.def)             Requested size: 597.89389pt x 778.11015pt.
File: 4-LaneEtAlPrivacyBigDataAndThePublicGood.pdf Graphic file (type pdf)

<use 4-LaneEtAlPrivacyBigDataAndThePublicGood.pdf, page 249>
Package pdftex.def Info: 4-LaneEtAlPrivacyBigDataAndThePublicGood.pdf, page249 
used on input line 181.
(pdftex.def)             Requested size: 597.89389pt x 778.11015pt.
 [979 <./4-LaneEtAlPrivacyBigDataAndThePublicGood.pdf>]

pdfTeX warning: pdflatex (file ./4-LaneEtAlPrivacyBigDataAndThePublicGood.pdf):
 PDF inclusion: found PDF version <1.6>, but at most version <1.5> allowed

<4-LaneEtAlPrivacyBigDataAndThePublicGood.pdf, id=6868, page=250, 609.59746pt x
 794.60866pt>
File: 4-LaneEtAlPrivacyBigDataAndThePublicGood.pdf Graphic file (type pdf)
 <use 4-LaneEtAlPrivacyBigDataAndThePublicGood.pdf, page 250>
Package pdftex.def Info: 4-LaneEtAlPrivacyBigDataAndThePublicGood.pdf, page250 
used on input line 181.
(pdftex.def)             Requested size: 596.1271pt x 777.05008pt.
File: 4-LaneEtAlPrivacyBigDataAndThePublicGood.pdf Graphic file (type pdf)

<use 4-LaneEtAlPrivacyBigDataAndThePublicGood.pdf, page 250>
Package pdftex.def Info: 4-LaneEtAlPrivacyBigDataAndThePublicGood.pdf, page250 
used on input line 181.
(pdftex.def)             Requested size: 596.1271pt x 777.05008pt.
File: 4-LaneEtAlPrivacyBigDataAndThePublicGood.pdf Graphic file (type pdf)

<use 4-LaneEtAlPrivacyBigDataAndThePublicGood.pdf, page 250>
Package pdftex.def Info: 4-LaneEtAlPrivacyBigDataAndThePublicGood.pdf, page250 
used on input line 181.
(pdftex.def)             Requested size: 596.1271pt x 777.05008pt.
 [980 <./4-LaneEtAlPrivacyBigDataAndThePublicGood.pdf>]

pdfTeX warning: pdflatex (file ./4-LaneEtAlPrivacyBigDataAndThePublicGood.pdf):
 PDF inclusion: found PDF version <1.6>, but at most version <1.5> allowed

<4-LaneEtAlPrivacyBigDataAndThePublicGood.pdf, id=6875, page=251, 610.32013pt x
 793.88593pt>
File: 4-LaneEtAlPrivacyBigDataAndThePublicGood.pdf Graphic file (type pdf)
 <use 4-LaneEtAlPrivacyBigDataAndThePublicGood.pdf, page 251>
Package pdftex.def Info: 4-LaneEtAlPrivacyBigDataAndThePublicGood.pdf, page251 
used on input line 181.
(pdftex.def)             Requested size: 596.8338pt x 776.34332pt.
File: 4-LaneEtAlPrivacyBigDataAndThePublicGood.pdf Graphic file (type pdf)

<use 4-LaneEtAlPrivacyBigDataAndThePublicGood.pdf, page 251>
Package pdftex.def Info: 4-LaneEtAlPrivacyBigDataAndThePublicGood.pdf, page251 
used on input line 181.
(pdftex.def)             Requested size: 596.8338pt x 776.34332pt.
File: 4-LaneEtAlPrivacyBigDataAndThePublicGood.pdf Graphic file (type pdf)

<use 4-LaneEtAlPrivacyBigDataAndThePublicGood.pdf, page 251>
Package pdftex.def Info: 4-LaneEtAlPrivacyBigDataAndThePublicGood.pdf, page251 
used on input line 181.
(pdftex.def)             Requested size: 596.8338pt x 776.34332pt.
 [981 <./4-LaneEtAlPrivacyBigDataAndThePublicGood.pdf>]

pdfTeX warning: pdflatex (file ./4-LaneEtAlPrivacyBigDataAndThePublicGood.pdf):
 PDF inclusion: found PDF version <1.6>, but at most version <1.5> allowed

<4-LaneEtAlPrivacyBigDataAndThePublicGood.pdf, id=6882, page=252, 609.95879pt x
 794.97pt>
File: 4-LaneEtAlPrivacyBigDataAndThePublicGood.pdf Graphic file (type pdf)
 <use 4-LaneEtAlPrivacyBigDataAndThePublicGood.pdf, page 252>
Package pdftex.def Info: 4-LaneEtAlPrivacyBigDataAndThePublicGood.pdf, page252 
used on input line 181.
(pdftex.def)             Requested size: 596.48045pt x 777.40346pt.
File: 4-LaneEtAlPrivacyBigDataAndThePublicGood.pdf Graphic file (type pdf)

<use 4-LaneEtAlPrivacyBigDataAndThePublicGood.pdf, page 252>
Package pdftex.def Info: 4-LaneEtAlPrivacyBigDataAndThePublicGood.pdf, page252 
used on input line 181.
(pdftex.def)             Requested size: 596.48045pt x 777.40346pt.
File: 4-LaneEtAlPrivacyBigDataAndThePublicGood.pdf Graphic file (type pdf)

<use 4-LaneEtAlPrivacyBigDataAndThePublicGood.pdf, page 252>
Package pdftex.def Info: 4-LaneEtAlPrivacyBigDataAndThePublicGood.pdf, page252 
used on input line 181.
(pdftex.def)             Requested size: 596.48045pt x 777.40346pt.
 [982 <./4-LaneEtAlPrivacyBigDataAndThePublicGood.pdf>]

pdfTeX warning: pdflatex (file ./4-LaneEtAlPrivacyBigDataAndThePublicGood.pdf):
 PDF inclusion: found PDF version <1.6>, but at most version <1.5> allowed

<4-LaneEtAlPrivacyBigDataAndThePublicGood.pdf, id=6890, page=253, 609.95879pt x
 793.88593pt>
File: 4-LaneEtAlPrivacyBigDataAndThePublicGood.pdf Graphic file (type pdf)
 <use 4-LaneEtAlPrivacyBigDataAndThePublicGood.pdf, page 253>
Package pdftex.def Info: 4-LaneEtAlPrivacyBigDataAndThePublicGood.pdf, page253 
used on input line 181.
(pdftex.def)             Requested size: 596.48045pt x 776.34332pt.
File: 4-LaneEtAlPrivacyBigDataAndThePublicGood.pdf Graphic file (type pdf)

<use 4-LaneEtAlPrivacyBigDataAndThePublicGood.pdf, page 253>
Package pdftex.def Info: 4-LaneEtAlPrivacyBigDataAndThePublicGood.pdf, page253 
used on input line 181.
(pdftex.def)             Requested size: 596.48045pt x 776.34332pt.
File: 4-LaneEtAlPrivacyBigDataAndThePublicGood.pdf Graphic file (type pdf)

<use 4-LaneEtAlPrivacyBigDataAndThePublicGood.pdf, page 253>
Package pdftex.def Info: 4-LaneEtAlPrivacyBigDataAndThePublicGood.pdf, page253 
used on input line 181.
(pdftex.def)             Requested size: 596.48045pt x 776.34332pt.
 [983 <./4-LaneEtAlPrivacyBigDataAndThePublicGood.pdf>]

pdfTeX warning: pdflatex (file ./4-LaneEtAlPrivacyBigDataAndThePublicGood.pdf):
 PDF inclusion: found PDF version <1.6>, but at most version <1.5> allowed

<4-LaneEtAlPrivacyBigDataAndThePublicGood.pdf, id=6897, page=254, 609.59746pt x
 795.33133pt>
File: 4-LaneEtAlPrivacyBigDataAndThePublicGood.pdf Graphic file (type pdf)
 <use 4-LaneEtAlPrivacyBigDataAndThePublicGood.pdf, page 254>
Package pdftex.def Info: 4-LaneEtAlPrivacyBigDataAndThePublicGood.pdf, page254 
used on input line 181.
(pdftex.def)             Requested size: 596.1271pt x 777.75679pt.
File: 4-LaneEtAlPrivacyBigDataAndThePublicGood.pdf Graphic file (type pdf)

<use 4-LaneEtAlPrivacyBigDataAndThePublicGood.pdf, page 254>
Package pdftex.def Info: 4-LaneEtAlPrivacyBigDataAndThePublicGood.pdf, page254 
used on input line 181.
(pdftex.def)             Requested size: 596.1271pt x 777.75679pt.
File: 4-LaneEtAlPrivacyBigDataAndThePublicGood.pdf Graphic file (type pdf)

<use 4-LaneEtAlPrivacyBigDataAndThePublicGood.pdf, page 254>
Package pdftex.def Info: 4-LaneEtAlPrivacyBigDataAndThePublicGood.pdf, page254 
used on input line 181.
(pdftex.def)             Requested size: 596.1271pt x 777.75679pt.
 [984 <./4-LaneEtAlPrivacyBigDataAndThePublicGood.pdf>]

pdfTeX warning: pdflatex (file ./4-LaneEtAlPrivacyBigDataAndThePublicGood.pdf):
 PDF inclusion: found PDF version <1.6>, but at most version <1.5> allowed

<4-LaneEtAlPrivacyBigDataAndThePublicGood.pdf, id=6904, page=255, 611.40419pt x
 794.60866pt>
File: 4-LaneEtAlPrivacyBigDataAndThePublicGood.pdf Graphic file (type pdf)
 <use 4-LaneEtAlPrivacyBigDataAndThePublicGood.pdf, page 255>
Package pdftex.def Info: 4-LaneEtAlPrivacyBigDataAndThePublicGood.pdf, page255 
used on input line 181.
(pdftex.def)             Requested size: 597.89389pt x 777.05008pt.
File: 4-LaneEtAlPrivacyBigDataAndThePublicGood.pdf Graphic file (type pdf)

<use 4-LaneEtAlPrivacyBigDataAndThePublicGood.pdf, page 255>
Package pdftex.def Info: 4-LaneEtAlPrivacyBigDataAndThePublicGood.pdf, page255 
used on input line 181.
(pdftex.def)             Requested size: 597.89389pt x 777.05008pt.
File: 4-LaneEtAlPrivacyBigDataAndThePublicGood.pdf Graphic file (type pdf)

<use 4-LaneEtAlPrivacyBigDataAndThePublicGood.pdf, page 255>
Package pdftex.def Info: 4-LaneEtAlPrivacyBigDataAndThePublicGood.pdf, page255 
used on input line 181.
(pdftex.def)             Requested size: 597.89389pt x 777.05008pt.
 [985 <./4-LaneEtAlPrivacyBigDataAndThePublicGood.pdf>]

pdfTeX warning: pdflatex (file ./4-LaneEtAlPrivacyBigDataAndThePublicGood.pdf):
 PDF inclusion: found PDF version <1.6>, but at most version <1.5> allowed

<4-LaneEtAlPrivacyBigDataAndThePublicGood.pdf, id=6911, page=256, 610.32013pt x
 796.77673pt>
File: 4-LaneEtAlPrivacyBigDataAndThePublicGood.pdf Graphic file (type pdf)
 <use 4-LaneEtAlPrivacyBigDataAndThePublicGood.pdf, page 256>
Package pdftex.def Info: 4-LaneEtAlPrivacyBigDataAndThePublicGood.pdf, page256 
used on input line 181.
(pdftex.def)             Requested size: 596.8338pt x 779.17026pt.
File: 4-LaneEtAlPrivacyBigDataAndThePublicGood.pdf Graphic file (type pdf)

<use 4-LaneEtAlPrivacyBigDataAndThePublicGood.pdf, page 256>
Package pdftex.def Info: 4-LaneEtAlPrivacyBigDataAndThePublicGood.pdf, page256 
used on input line 181.
(pdftex.def)             Requested size: 596.8338pt x 779.17026pt.
File: 4-LaneEtAlPrivacyBigDataAndThePublicGood.pdf Graphic file (type pdf)

<use 4-LaneEtAlPrivacyBigDataAndThePublicGood.pdf, page 256>
Package pdftex.def Info: 4-LaneEtAlPrivacyBigDataAndThePublicGood.pdf, page256 
used on input line 181.
(pdftex.def)             Requested size: 596.8338pt x 779.17026pt.
 [986 <./4-LaneEtAlPrivacyBigDataAndThePublicGood.pdf>]

pdfTeX warning: pdflatex (file ./4-LaneEtAlPrivacyBigDataAndThePublicGood.pdf):
 PDF inclusion: found PDF version <1.6>, but at most version <1.5> allowed

<4-LaneEtAlPrivacyBigDataAndThePublicGood.pdf, id=6917, page=257, 611.76553pt x
 796.05406pt>
File: 4-LaneEtAlPrivacyBigDataAndThePublicGood.pdf Graphic file (type pdf)
 <use 4-LaneEtAlPrivacyBigDataAndThePublicGood.pdf, page 257>
Package pdftex.def Info: 4-LaneEtAlPrivacyBigDataAndThePublicGood.pdf, page257 
used on input line 181.
(pdftex.def)             Requested size: 598.24727pt x 778.46355pt.
File: 4-LaneEtAlPrivacyBigDataAndThePublicGood.pdf Graphic file (type pdf)

<use 4-LaneEtAlPrivacyBigDataAndThePublicGood.pdf, page 257>
Package pdftex.def Info: 4-LaneEtAlPrivacyBigDataAndThePublicGood.pdf, page257 
used on input line 181.
(pdftex.def)             Requested size: 598.24727pt x 778.46355pt.
File: 4-LaneEtAlPrivacyBigDataAndThePublicGood.pdf Graphic file (type pdf)

<use 4-LaneEtAlPrivacyBigDataAndThePublicGood.pdf, page 257>
Package pdftex.def Info: 4-LaneEtAlPrivacyBigDataAndThePublicGood.pdf, page257 
used on input line 181.
(pdftex.def)             Requested size: 598.24727pt x 778.46355pt.
 [987 <./4-LaneEtAlPrivacyBigDataAndThePublicGood.pdf>]

pdfTeX warning: pdflatex (file ./4-LaneEtAlPrivacyBigDataAndThePublicGood.pdf):
 PDF inclusion: found PDF version <1.6>, but at most version <1.5> allowed

<4-LaneEtAlPrivacyBigDataAndThePublicGood.pdf, id=6927, page=258, 609.95879pt x
 795.33133pt>
File: 4-LaneEtAlPrivacyBigDataAndThePublicGood.pdf Graphic file (type pdf)
 <use 4-LaneEtAlPrivacyBigDataAndThePublicGood.pdf, page 258>
Package pdftex.def Info: 4-LaneEtAlPrivacyBigDataAndThePublicGood.pdf, page258 
used on input line 181.
(pdftex.def)             Requested size: 596.48045pt x 777.75679pt.
File: 4-LaneEtAlPrivacyBigDataAndThePublicGood.pdf Graphic file (type pdf)

<use 4-LaneEtAlPrivacyBigDataAndThePublicGood.pdf, page 258>
Package pdftex.def Info: 4-LaneEtAlPrivacyBigDataAndThePublicGood.pdf, page258 
used on input line 181.
(pdftex.def)             Requested size: 596.48045pt x 777.75679pt.
File: 4-LaneEtAlPrivacyBigDataAndThePublicGood.pdf Graphic file (type pdf)

<use 4-LaneEtAlPrivacyBigDataAndThePublicGood.pdf, page 258>
Package pdftex.def Info: 4-LaneEtAlPrivacyBigDataAndThePublicGood.pdf, page258 
used on input line 181.
(pdftex.def)             Requested size: 596.48045pt x 777.75679pt.
 [988 <./4-LaneEtAlPrivacyBigDataAndThePublicGood.pdf>]

pdfTeX warning: pdflatex (file ./4-LaneEtAlPrivacyBigDataAndThePublicGood.pdf):
 PDF inclusion: found PDF version <1.6>, but at most version <1.5> allowed

<4-LaneEtAlPrivacyBigDataAndThePublicGood.pdf, id=6933, page=259, 611.76553pt x
 796.05406pt>
File: 4-LaneEtAlPrivacyBigDataAndThePublicGood.pdf Graphic file (type pdf)
 <use 4-LaneEtAlPrivacyBigDataAndThePublicGood.pdf, page 259>
Package pdftex.def Info: 4-LaneEtAlPrivacyBigDataAndThePublicGood.pdf, page259 
used on input line 181.
(pdftex.def)             Requested size: 598.24727pt x 778.46355pt.
File: 4-LaneEtAlPrivacyBigDataAndThePublicGood.pdf Graphic file (type pdf)

<use 4-LaneEtAlPrivacyBigDataAndThePublicGood.pdf, page 259>
Package pdftex.def Info: 4-LaneEtAlPrivacyBigDataAndThePublicGood.pdf, page259 
used on input line 181.
(pdftex.def)             Requested size: 598.24727pt x 778.46355pt.
File: 4-LaneEtAlPrivacyBigDataAndThePublicGood.pdf Graphic file (type pdf)

<use 4-LaneEtAlPrivacyBigDataAndThePublicGood.pdf, page 259>
Package pdftex.def Info: 4-LaneEtAlPrivacyBigDataAndThePublicGood.pdf, page259 
used on input line 181.
(pdftex.def)             Requested size: 598.24727pt x 778.46355pt.
 [989 <./4-LaneEtAlPrivacyBigDataAndThePublicGood.pdf>]

pdfTeX warning: pdflatex (file ./4-LaneEtAlPrivacyBigDataAndThePublicGood.pdf):
 PDF inclusion: found PDF version <1.6>, but at most version <1.5> allowed

<4-LaneEtAlPrivacyBigDataAndThePublicGood.pdf, id=6940, page=260, 611.40419pt x
 796.4154pt>
File: 4-LaneEtAlPrivacyBigDataAndThePublicGood.pdf Graphic file (type pdf)
 <use 4-LaneEtAlPrivacyBigDataAndThePublicGood.pdf, page 260>
Package pdftex.def Info: 4-LaneEtAlPrivacyBigDataAndThePublicGood.pdf, page260 
used on input line 181.
(pdftex.def)             Requested size: 597.89389pt x 778.81693pt.
File: 4-LaneEtAlPrivacyBigDataAndThePublicGood.pdf Graphic file (type pdf)

<use 4-LaneEtAlPrivacyBigDataAndThePublicGood.pdf, page 260>
Package pdftex.def Info: 4-LaneEtAlPrivacyBigDataAndThePublicGood.pdf, page260 
used on input line 181.
(pdftex.def)             Requested size: 597.89389pt x 778.81693pt.
File: 4-LaneEtAlPrivacyBigDataAndThePublicGood.pdf Graphic file (type pdf)

<use 4-LaneEtAlPrivacyBigDataAndThePublicGood.pdf, page 260>
Package pdftex.def Info: 4-LaneEtAlPrivacyBigDataAndThePublicGood.pdf, page260 
used on input line 181.
(pdftex.def)             Requested size: 597.89389pt x 778.81693pt.
 [990 <./4-LaneEtAlPrivacyBigDataAndThePublicGood.pdf>]

pdfTeX warning: pdflatex (file ./4-LaneEtAlPrivacyBigDataAndThePublicGood.pdf):
 PDF inclusion: found PDF version <1.6>, but at most version <1.5> allowed

<4-LaneEtAlPrivacyBigDataAndThePublicGood.pdf, id=6948, page=261, 611.04286pt x
 795.33133pt>
File: 4-LaneEtAlPrivacyBigDataAndThePublicGood.pdf Graphic file (type pdf)
 <use 4-LaneEtAlPrivacyBigDataAndThePublicGood.pdf, page 261>
Package pdftex.def Info: 4-LaneEtAlPrivacyBigDataAndThePublicGood.pdf, page261 
used on input line 181.
(pdftex.def)             Requested size: 597.54057pt x 777.75679pt.
File: 4-LaneEtAlPrivacyBigDataAndThePublicGood.pdf Graphic file (type pdf)

<use 4-LaneEtAlPrivacyBigDataAndThePublicGood.pdf, page 261>
Package pdftex.def Info: 4-LaneEtAlPrivacyBigDataAndThePublicGood.pdf, page261 
used on input line 181.
(pdftex.def)             Requested size: 597.54057pt x 777.75679pt.
File: 4-LaneEtAlPrivacyBigDataAndThePublicGood.pdf Graphic file (type pdf)

<use 4-LaneEtAlPrivacyBigDataAndThePublicGood.pdf, page 261>
Package pdftex.def Info: 4-LaneEtAlPrivacyBigDataAndThePublicGood.pdf, page261 
used on input line 181.
(pdftex.def)             Requested size: 597.54057pt x 777.75679pt.
 [991 <./4-LaneEtAlPrivacyBigDataAndThePublicGood.pdf>]

pdfTeX warning: pdflatex (file ./4-LaneEtAlPrivacyBigDataAndThePublicGood.pdf):
 PDF inclusion: found PDF version <1.6>, but at most version <1.5> allowed

<4-LaneEtAlPrivacyBigDataAndThePublicGood.pdf, id=6957, page=262, 611.76553pt x
 796.05406pt>
File: 4-LaneEtAlPrivacyBigDataAndThePublicGood.pdf Graphic file (type pdf)
 <use 4-LaneEtAlPrivacyBigDataAndThePublicGood.pdf, page 262>
Package pdftex.def Info: 4-LaneEtAlPrivacyBigDataAndThePublicGood.pdf, page262 
used on input line 181.
(pdftex.def)             Requested size: 598.24727pt x 778.46355pt.
File: 4-LaneEtAlPrivacyBigDataAndThePublicGood.pdf Graphic file (type pdf)

<use 4-LaneEtAlPrivacyBigDataAndThePublicGood.pdf, page 262>
Package pdftex.def Info: 4-LaneEtAlPrivacyBigDataAndThePublicGood.pdf, page262 
used on input line 181.
(pdftex.def)             Requested size: 598.24727pt x 778.46355pt.
File: 4-LaneEtAlPrivacyBigDataAndThePublicGood.pdf Graphic file (type pdf)

<use 4-LaneEtAlPrivacyBigDataAndThePublicGood.pdf, page 262>
Package pdftex.def Info: 4-LaneEtAlPrivacyBigDataAndThePublicGood.pdf, page262 
used on input line 181.
(pdftex.def)             Requested size: 598.24727pt x 778.46355pt.
 [992 <./4-LaneEtAlPrivacyBigDataAndThePublicGood.pdf>]

pdfTeX warning: pdflatex (file ./4-LaneEtAlPrivacyBigDataAndThePublicGood.pdf):
 PDF inclusion: found PDF version <1.6>, but at most version <1.5> allowed

<4-LaneEtAlPrivacyBigDataAndThePublicGood.pdf, id=6964, page=263, 611.04286pt x
 796.05406pt>
File: 4-LaneEtAlPrivacyBigDataAndThePublicGood.pdf Graphic file (type pdf)
 <use 4-LaneEtAlPrivacyBigDataAndThePublicGood.pdf, page 263>
Package pdftex.def Info: 4-LaneEtAlPrivacyBigDataAndThePublicGood.pdf, page263 
used on input line 181.
(pdftex.def)             Requested size: 597.54057pt x 778.46355pt.
File: 4-LaneEtAlPrivacyBigDataAndThePublicGood.pdf Graphic file (type pdf)

<use 4-LaneEtAlPrivacyBigDataAndThePublicGood.pdf, page 263>
Package pdftex.def Info: 4-LaneEtAlPrivacyBigDataAndThePublicGood.pdf, page263 
used on input line 181.
(pdftex.def)             Requested size: 597.54057pt x 778.46355pt.
File: 4-LaneEtAlPrivacyBigDataAndThePublicGood.pdf Graphic file (type pdf)

<use 4-LaneEtAlPrivacyBigDataAndThePublicGood.pdf, page 263>
Package pdftex.def Info: 4-LaneEtAlPrivacyBigDataAndThePublicGood.pdf, page263 
used on input line 181.
(pdftex.def)             Requested size: 597.54057pt x 778.46355pt.
 [993 <./4-LaneEtAlPrivacyBigDataAndThePublicGood.pdf>]

pdfTeX warning: pdflatex (file ./4-LaneEtAlPrivacyBigDataAndThePublicGood.pdf):
 PDF inclusion: found PDF version <1.6>, but at most version <1.5> allowed

<4-LaneEtAlPrivacyBigDataAndThePublicGood.pdf, id=6974, page=264, 609.95879pt x
 794.97pt>
File: 4-LaneEtAlPrivacyBigDataAndThePublicGood.pdf Graphic file (type pdf)
 <use 4-LaneEtAlPrivacyBigDataAndThePublicGood.pdf, page 264>
Package pdftex.def Info: 4-LaneEtAlPrivacyBigDataAndThePublicGood.pdf, page264 
used on input line 181.
(pdftex.def)             Requested size: 596.48045pt x 777.40346pt.
File: 4-LaneEtAlPrivacyBigDataAndThePublicGood.pdf Graphic file (type pdf)

<use 4-LaneEtAlPrivacyBigDataAndThePublicGood.pdf, page 264>
Package pdftex.def Info: 4-LaneEtAlPrivacyBigDataAndThePublicGood.pdf, page264 
used on input line 181.
(pdftex.def)             Requested size: 596.48045pt x 777.40346pt.
File: 4-LaneEtAlPrivacyBigDataAndThePublicGood.pdf Graphic file (type pdf)

<use 4-LaneEtAlPrivacyBigDataAndThePublicGood.pdf, page 264>
Package pdftex.def Info: 4-LaneEtAlPrivacyBigDataAndThePublicGood.pdf, page264 
used on input line 181.
(pdftex.def)             Requested size: 596.48045pt x 777.40346pt.
 [994 <./4-LaneEtAlPrivacyBigDataAndThePublicGood.pdf>]

pdfTeX warning: pdflatex (file ./4-LaneEtAlPrivacyBigDataAndThePublicGood.pdf):
 PDF inclusion: found PDF version <1.6>, but at most version <1.5> allowed

<4-LaneEtAlPrivacyBigDataAndThePublicGood.pdf, id=6984, page=265, 611.04286pt x
 796.05406pt>
File: 4-LaneEtAlPrivacyBigDataAndThePublicGood.pdf Graphic file (type pdf)
 <use 4-LaneEtAlPrivacyBigDataAndThePublicGood.pdf, page 265>
Package pdftex.def Info: 4-LaneEtAlPrivacyBigDataAndThePublicGood.pdf, page265 
used on input line 181.
(pdftex.def)             Requested size: 597.54057pt x 778.46355pt.
File: 4-LaneEtAlPrivacyBigDataAndThePublicGood.pdf Graphic file (type pdf)

<use 4-LaneEtAlPrivacyBigDataAndThePublicGood.pdf, page 265>
Package pdftex.def Info: 4-LaneEtAlPrivacyBigDataAndThePublicGood.pdf, page265 
used on input line 181.
(pdftex.def)             Requested size: 597.54057pt x 778.46355pt.
File: 4-LaneEtAlPrivacyBigDataAndThePublicGood.pdf Graphic file (type pdf)

<use 4-LaneEtAlPrivacyBigDataAndThePublicGood.pdf, page 265>
Package pdftex.def Info: 4-LaneEtAlPrivacyBigDataAndThePublicGood.pdf, page265 
used on input line 181.
(pdftex.def)             Requested size: 597.54057pt x 778.46355pt.
 [995 <./4-LaneEtAlPrivacyBigDataAndThePublicGood.pdf>]

pdfTeX warning: pdflatex (file ./4-LaneEtAlPrivacyBigDataAndThePublicGood.pdf):
 PDF inclusion: found PDF version <1.6>, but at most version <1.5> allowed

<4-LaneEtAlPrivacyBigDataAndThePublicGood.pdf, id=6992, page=266, 610.68152pt x
 795.33133pt>
File: 4-LaneEtAlPrivacyBigDataAndThePublicGood.pdf Graphic file (type pdf)
 <use 4-LaneEtAlPrivacyBigDataAndThePublicGood.pdf, page 266>
Package pdftex.def Info: 4-LaneEtAlPrivacyBigDataAndThePublicGood.pdf, page266 
used on input line 181.
(pdftex.def)             Requested size: 597.18723pt x 777.75679pt.
File: 4-LaneEtAlPrivacyBigDataAndThePublicGood.pdf Graphic file (type pdf)

<use 4-LaneEtAlPrivacyBigDataAndThePublicGood.pdf, page 266>
Package pdftex.def Info: 4-LaneEtAlPrivacyBigDataAndThePublicGood.pdf, page266 
used on input line 181.
(pdftex.def)             Requested size: 597.18723pt x 777.75679pt.
File: 4-LaneEtAlPrivacyBigDataAndThePublicGood.pdf Graphic file (type pdf)

<use 4-LaneEtAlPrivacyBigDataAndThePublicGood.pdf, page 266>
Package pdftex.def Info: 4-LaneEtAlPrivacyBigDataAndThePublicGood.pdf, page266 
used on input line 181.
(pdftex.def)             Requested size: 597.18723pt x 777.75679pt.
 [996 <./4-LaneEtAlPrivacyBigDataAndThePublicGood.pdf>]

pdfTeX warning: pdflatex (file ./4-LaneEtAlPrivacyBigDataAndThePublicGood.pdf):
 PDF inclusion: found PDF version <1.6>, but at most version <1.5> allowed

<4-LaneEtAlPrivacyBigDataAndThePublicGood.pdf, id=7000, page=267, 610.68152pt x
 794.24733pt>
File: 4-LaneEtAlPrivacyBigDataAndThePublicGood.pdf Graphic file (type pdf)
 <use 4-LaneEtAlPrivacyBigDataAndThePublicGood.pdf, page 267>
Package pdftex.def Info: 4-LaneEtAlPrivacyBigDataAndThePublicGood.pdf, page267 
used on input line 181.
(pdftex.def)             Requested size: 597.18723pt x 776.69675pt.
File: 4-LaneEtAlPrivacyBigDataAndThePublicGood.pdf Graphic file (type pdf)

<use 4-LaneEtAlPrivacyBigDataAndThePublicGood.pdf, page 267>
Package pdftex.def Info: 4-LaneEtAlPrivacyBigDataAndThePublicGood.pdf, page267 
used on input line 181.
(pdftex.def)             Requested size: 597.18723pt x 776.69675pt.
File: 4-LaneEtAlPrivacyBigDataAndThePublicGood.pdf Graphic file (type pdf)

<use 4-LaneEtAlPrivacyBigDataAndThePublicGood.pdf, page 267>
Package pdftex.def Info: 4-LaneEtAlPrivacyBigDataAndThePublicGood.pdf, page267 
used on input line 181.
(pdftex.def)             Requested size: 597.18723pt x 776.69675pt.
 [997 <./4-LaneEtAlPrivacyBigDataAndThePublicGood.pdf>]

pdfTeX warning: pdflatex (file ./4-LaneEtAlPrivacyBigDataAndThePublicGood.pdf):
 PDF inclusion: found PDF version <1.6>, but at most version <1.5> allowed

<4-LaneEtAlPrivacyBigDataAndThePublicGood.pdf, id=7012, page=268, 609.23611pt x
 794.97pt>
File: 4-LaneEtAlPrivacyBigDataAndThePublicGood.pdf Graphic file (type pdf)
 <use 4-LaneEtAlPrivacyBigDataAndThePublicGood.pdf, page 268>
Package pdftex.def Info: 4-LaneEtAlPrivacyBigDataAndThePublicGood.pdf, page268 
used on input line 181.
(pdftex.def)             Requested size: 595.77376pt x 777.40346pt.
File: 4-LaneEtAlPrivacyBigDataAndThePublicGood.pdf Graphic file (type pdf)

<use 4-LaneEtAlPrivacyBigDataAndThePublicGood.pdf, page 268>
Package pdftex.def Info: 4-LaneEtAlPrivacyBigDataAndThePublicGood.pdf, page268 
used on input line 181.
(pdftex.def)             Requested size: 595.77376pt x 777.40346pt.
File: 4-LaneEtAlPrivacyBigDataAndThePublicGood.pdf Graphic file (type pdf)

<use 4-LaneEtAlPrivacyBigDataAndThePublicGood.pdf, page 268>
Package pdftex.def Info: 4-LaneEtAlPrivacyBigDataAndThePublicGood.pdf, page268 
used on input line 181.
(pdftex.def)             Requested size: 595.77376pt x 777.40346pt.
 [998 <./4-LaneEtAlPrivacyBigDataAndThePublicGood.pdf>]

pdfTeX warning: pdflatex (file ./4-LaneEtAlPrivacyBigDataAndThePublicGood.pdf):
 PDF inclusion: found PDF version <1.6>, but at most version <1.5> allowed

<4-LaneEtAlPrivacyBigDataAndThePublicGood.pdf, id=7019, page=269, 611.04286pt x
 796.05406pt>
File: 4-LaneEtAlPrivacyBigDataAndThePublicGood.pdf Graphic file (type pdf)
 <use 4-LaneEtAlPrivacyBigDataAndThePublicGood.pdf, page 269>
Package pdftex.def Info: 4-LaneEtAlPrivacyBigDataAndThePublicGood.pdf, page269 
used on input line 181.
(pdftex.def)             Requested size: 597.54057pt x 778.46355pt.
File: 4-LaneEtAlPrivacyBigDataAndThePublicGood.pdf Graphic file (type pdf)

<use 4-LaneEtAlPrivacyBigDataAndThePublicGood.pdf, page 269>
Package pdftex.def Info: 4-LaneEtAlPrivacyBigDataAndThePublicGood.pdf, page269 
used on input line 181.
(pdftex.def)             Requested size: 597.54057pt x 778.46355pt.
File: 4-LaneEtAlPrivacyBigDataAndThePublicGood.pdf Graphic file (type pdf)

<use 4-LaneEtAlPrivacyBigDataAndThePublicGood.pdf, page 269>
Package pdftex.def Info: 4-LaneEtAlPrivacyBigDataAndThePublicGood.pdf, page269 
used on input line 181.
(pdftex.def)             Requested size: 597.54057pt x 778.46355pt.
 [999 <./4-LaneEtAlPrivacyBigDataAndThePublicGood.pdf>]

pdfTeX warning: pdflatex (file ./4-LaneEtAlPrivacyBigDataAndThePublicGood.pdf):
 PDF inclusion: found PDF version <1.6>, but at most version <1.5> allowed

<4-LaneEtAlPrivacyBigDataAndThePublicGood.pdf, id=7028, page=270, 610.32013pt x
 794.97pt>
File: 4-LaneEtAlPrivacyBigDataAndThePublicGood.pdf Graphic file (type pdf)
 <use 4-LaneEtAlPrivacyBigDataAndThePublicGood.pdf, page 270>
Package pdftex.def Info: 4-LaneEtAlPrivacyBigDataAndThePublicGood.pdf, page270 
used on input line 181.
(pdftex.def)             Requested size: 596.8338pt x 777.40346pt.
File: 4-LaneEtAlPrivacyBigDataAndThePublicGood.pdf Graphic file (type pdf)

<use 4-LaneEtAlPrivacyBigDataAndThePublicGood.pdf, page 270>
Package pdftex.def Info: 4-LaneEtAlPrivacyBigDataAndThePublicGood.pdf, page270 
used on input line 181.
(pdftex.def)             Requested size: 596.8338pt x 777.40346pt.
File: 4-LaneEtAlPrivacyBigDataAndThePublicGood.pdf Graphic file (type pdf)

<use 4-LaneEtAlPrivacyBigDataAndThePublicGood.pdf, page 270>
Package pdftex.def Info: 4-LaneEtAlPrivacyBigDataAndThePublicGood.pdf, page270 
used on input line 181.
(pdftex.def)             Requested size: 596.8338pt x 777.40346pt.
 [1000 <./4-LaneEtAlPrivacyBigDataAndThePublicGood.pdf>]

pdfTeX warning: pdflatex (file ./4-LaneEtAlPrivacyBigDataAndThePublicGood.pdf):
 PDF inclusion: found PDF version <1.6>, but at most version <1.5> allowed

<4-LaneEtAlPrivacyBigDataAndThePublicGood.pdf, id=7036, page=271, 611.76553pt x
 795.33133pt>
File: 4-LaneEtAlPrivacyBigDataAndThePublicGood.pdf Graphic file (type pdf)
 <use 4-LaneEtAlPrivacyBigDataAndThePublicGood.pdf, page 271>
Package pdftex.def Info: 4-LaneEtAlPrivacyBigDataAndThePublicGood.pdf, page271 
used on input line 181.
(pdftex.def)             Requested size: 598.24727pt x 777.75679pt.
File: 4-LaneEtAlPrivacyBigDataAndThePublicGood.pdf Graphic file (type pdf)

<use 4-LaneEtAlPrivacyBigDataAndThePublicGood.pdf, page 271>
Package pdftex.def Info: 4-LaneEtAlPrivacyBigDataAndThePublicGood.pdf, page271 
used on input line 181.
(pdftex.def)             Requested size: 598.24727pt x 777.75679pt.
File: 4-LaneEtAlPrivacyBigDataAndThePublicGood.pdf Graphic file (type pdf)

<use 4-LaneEtAlPrivacyBigDataAndThePublicGood.pdf, page 271>
Package pdftex.def Info: 4-LaneEtAlPrivacyBigDataAndThePublicGood.pdf, page271 
used on input line 181.
(pdftex.def)             Requested size: 598.24727pt x 777.75679pt.
 [1001 <./4-LaneEtAlPrivacyBigDataAndThePublicGood.pdf>]

pdfTeX warning: pdflatex (file ./4-LaneEtAlPrivacyBigDataAndThePublicGood.pdf):
 PDF inclusion: found PDF version <1.6>, but at most version <1.5> allowed

<4-LaneEtAlPrivacyBigDataAndThePublicGood.pdf, id=7046, page=272, 610.32013pt x
 794.97pt>
File: 4-LaneEtAlPrivacyBigDataAndThePublicGood.pdf Graphic file (type pdf)
 <use 4-LaneEtAlPrivacyBigDataAndThePublicGood.pdf, page 272>
Package pdftex.def Info: 4-LaneEtAlPrivacyBigDataAndThePublicGood.pdf, page272 
used on input line 181.
(pdftex.def)             Requested size: 596.8338pt x 777.40346pt.
File: 4-LaneEtAlPrivacyBigDataAndThePublicGood.pdf Graphic file (type pdf)

<use 4-LaneEtAlPrivacyBigDataAndThePublicGood.pdf, page 272>
Package pdftex.def Info: 4-LaneEtAlPrivacyBigDataAndThePublicGood.pdf, page272 
used on input line 181.
(pdftex.def)             Requested size: 596.8338pt x 777.40346pt.
File: 4-LaneEtAlPrivacyBigDataAndThePublicGood.pdf Graphic file (type pdf)

<use 4-LaneEtAlPrivacyBigDataAndThePublicGood.pdf, page 272>
Package pdftex.def Info: 4-LaneEtAlPrivacyBigDataAndThePublicGood.pdf, page272 
used on input line 181.
(pdftex.def)             Requested size: 596.8338pt x 777.40346pt.
 [1002 <./4-LaneEtAlPrivacyBigDataAndThePublicGood.pdf>]

pdfTeX warning: pdflatex (file ./4-LaneEtAlPrivacyBigDataAndThePublicGood.pdf):
 PDF inclusion: found PDF version <1.6>, but at most version <1.5> allowed

<4-LaneEtAlPrivacyBigDataAndThePublicGood.pdf, id=7053, page=273, 611.40419pt x
 795.69267pt>
File: 4-LaneEtAlPrivacyBigDataAndThePublicGood.pdf Graphic file (type pdf)
 <use 4-LaneEtAlPrivacyBigDataAndThePublicGood.pdf, page 273>
Package pdftex.def Info: 4-LaneEtAlPrivacyBigDataAndThePublicGood.pdf, page273 
used on input line 181.
(pdftex.def)             Requested size: 597.89389pt x 778.11015pt.
File: 4-LaneEtAlPrivacyBigDataAndThePublicGood.pdf Graphic file (type pdf)

<use 4-LaneEtAlPrivacyBigDataAndThePublicGood.pdf, page 273>
Package pdftex.def Info: 4-LaneEtAlPrivacyBigDataAndThePublicGood.pdf, page273 
used on input line 181.
(pdftex.def)             Requested size: 597.89389pt x 778.11015pt.
File: 4-LaneEtAlPrivacyBigDataAndThePublicGood.pdf Graphic file (type pdf)

<use 4-LaneEtAlPrivacyBigDataAndThePublicGood.pdf, page 273>
Package pdftex.def Info: 4-LaneEtAlPrivacyBigDataAndThePublicGood.pdf, page273 
used on input line 181.
(pdftex.def)             Requested size: 597.89389pt x 778.11015pt.
 [1003 <./4-LaneEtAlPrivacyBigDataAndThePublicGood.pdf>]

pdfTeX warning: pdflatex (file ./4-LaneEtAlPrivacyBigDataAndThePublicGood.pdf):
 PDF inclusion: found PDF version <1.6>, but at most version <1.5> allowed

<4-LaneEtAlPrivacyBigDataAndThePublicGood.pdf, id=7062, page=274, 609.95879pt x
 795.33133pt>
File: 4-LaneEtAlPrivacyBigDataAndThePublicGood.pdf Graphic file (type pdf)
 <use 4-LaneEtAlPrivacyBigDataAndThePublicGood.pdf, page 274>
Package pdftex.def Info: 4-LaneEtAlPrivacyBigDataAndThePublicGood.pdf, page274 
used on input line 181.
(pdftex.def)             Requested size: 596.48045pt x 777.75679pt.
File: 4-LaneEtAlPrivacyBigDataAndThePublicGood.pdf Graphic file (type pdf)

<use 4-LaneEtAlPrivacyBigDataAndThePublicGood.pdf, page 274>
Package pdftex.def Info: 4-LaneEtAlPrivacyBigDataAndThePublicGood.pdf, page274 
used on input line 181.
(pdftex.def)             Requested size: 596.48045pt x 777.75679pt.
File: 4-LaneEtAlPrivacyBigDataAndThePublicGood.pdf Graphic file (type pdf)

<use 4-LaneEtAlPrivacyBigDataAndThePublicGood.pdf, page 274>
Package pdftex.def Info: 4-LaneEtAlPrivacyBigDataAndThePublicGood.pdf, page274 
used on input line 181.
(pdftex.def)             Requested size: 596.48045pt x 777.75679pt.
 [1004 <./4-LaneEtAlPrivacyBigDataAndThePublicGood.pdf>]

pdfTeX warning: pdflatex (file ./4-LaneEtAlPrivacyBigDataAndThePublicGood.pdf):
 PDF inclusion: found PDF version <1.6>, but at most version <1.5> allowed

<4-LaneEtAlPrivacyBigDataAndThePublicGood.pdf, id=7070, page=275, 609.95879pt x
 795.33133pt>
File: 4-LaneEtAlPrivacyBigDataAndThePublicGood.pdf Graphic file (type pdf)
 <use 4-LaneEtAlPrivacyBigDataAndThePublicGood.pdf, page 275>
Package pdftex.def Info: 4-LaneEtAlPrivacyBigDataAndThePublicGood.pdf, page275 
used on input line 181.
(pdftex.def)             Requested size: 596.48045pt x 777.75679pt.
File: 4-LaneEtAlPrivacyBigDataAndThePublicGood.pdf Graphic file (type pdf)

<use 4-LaneEtAlPrivacyBigDataAndThePublicGood.pdf, page 275>
Package pdftex.def Info: 4-LaneEtAlPrivacyBigDataAndThePublicGood.pdf, page275 
used on input line 181.
(pdftex.def)             Requested size: 596.48045pt x 777.75679pt.
File: 4-LaneEtAlPrivacyBigDataAndThePublicGood.pdf Graphic file (type pdf)

<use 4-LaneEtAlPrivacyBigDataAndThePublicGood.pdf, page 275>
Package pdftex.def Info: 4-LaneEtAlPrivacyBigDataAndThePublicGood.pdf, page275 
used on input line 181.
(pdftex.def)             Requested size: 596.48045pt x 777.75679pt.
 [1005 <./4-LaneEtAlPrivacyBigDataAndThePublicGood.pdf>]

pdfTeX warning: pdflatex (file ./4-LaneEtAlPrivacyBigDataAndThePublicGood.pdf):
 PDF inclusion: found PDF version <1.6>, but at most version <1.5> allowed

<4-LaneEtAlPrivacyBigDataAndThePublicGood.pdf, id=7076, page=276, 609.59746pt x
 794.24733pt>
File: 4-LaneEtAlPrivacyBigDataAndThePublicGood.pdf Graphic file (type pdf)
 <use 4-LaneEtAlPrivacyBigDataAndThePublicGood.pdf, page 276>
Package pdftex.def Info: 4-LaneEtAlPrivacyBigDataAndThePublicGood.pdf, page276 
used on input line 181.
(pdftex.def)             Requested size: 596.1271pt x 776.69675pt.
File: 4-LaneEtAlPrivacyBigDataAndThePublicGood.pdf Graphic file (type pdf)

<use 4-LaneEtAlPrivacyBigDataAndThePublicGood.pdf, page 276>
Package pdftex.def Info: 4-LaneEtAlPrivacyBigDataAndThePublicGood.pdf, page276 
used on input line 181.
(pdftex.def)             Requested size: 596.1271pt x 776.69675pt.
File: 4-LaneEtAlPrivacyBigDataAndThePublicGood.pdf Graphic file (type pdf)

<use 4-LaneEtAlPrivacyBigDataAndThePublicGood.pdf, page 276>
Package pdftex.def Info: 4-LaneEtAlPrivacyBigDataAndThePublicGood.pdf, page276 
used on input line 181.
(pdftex.def)             Requested size: 596.1271pt x 776.69675pt.
 [1006 <./4-LaneEtAlPrivacyBigDataAndThePublicGood.pdf>]

pdfTeX warning: pdflatex (file ./4-LaneEtAlPrivacyBigDataAndThePublicGood.pdf):
 PDF inclusion: found PDF version <1.6>, but at most version <1.5> allowed

<4-LaneEtAlPrivacyBigDataAndThePublicGood.pdf, id=7082, page=277, 611.04286pt x
 794.24733pt>
File: 4-LaneEtAlPrivacyBigDataAndThePublicGood.pdf Graphic file (type pdf)
 <use 4-LaneEtAlPrivacyBigDataAndThePublicGood.pdf, page 277>
Package pdftex.def Info: 4-LaneEtAlPrivacyBigDataAndThePublicGood.pdf, page277 
used on input line 181.
(pdftex.def)             Requested size: 597.54057pt x 776.69675pt.
File: 4-LaneEtAlPrivacyBigDataAndThePublicGood.pdf Graphic file (type pdf)

<use 4-LaneEtAlPrivacyBigDataAndThePublicGood.pdf, page 277>
Package pdftex.def Info: 4-LaneEtAlPrivacyBigDataAndThePublicGood.pdf, page277 
used on input line 181.
(pdftex.def)             Requested size: 597.54057pt x 776.69675pt.
File: 4-LaneEtAlPrivacyBigDataAndThePublicGood.pdf Graphic file (type pdf)

<use 4-LaneEtAlPrivacyBigDataAndThePublicGood.pdf, page 277>
Package pdftex.def Info: 4-LaneEtAlPrivacyBigDataAndThePublicGood.pdf, page277 
used on input line 181.
(pdftex.def)             Requested size: 597.54057pt x 776.69675pt.
 [1007 <./4-LaneEtAlPrivacyBigDataAndThePublicGood.pdf>]

pdfTeX warning: pdflatex (file ./4-LaneEtAlPrivacyBigDataAndThePublicGood.pdf):
 PDF inclusion: found PDF version <1.6>, but at most version <1.5> allowed

<4-LaneEtAlPrivacyBigDataAndThePublicGood.pdf, id=7089, page=278, 609.59746pt x
 794.97pt>
File: 4-LaneEtAlPrivacyBigDataAndThePublicGood.pdf Graphic file (type pdf)
 <use 4-LaneEtAlPrivacyBigDataAndThePublicGood.pdf, page 278>
Package pdftex.def Info: 4-LaneEtAlPrivacyBigDataAndThePublicGood.pdf, page278 
used on input line 181.
(pdftex.def)             Requested size: 596.1271pt x 777.40346pt.
File: 4-LaneEtAlPrivacyBigDataAndThePublicGood.pdf Graphic file (type pdf)

<use 4-LaneEtAlPrivacyBigDataAndThePublicGood.pdf, page 278>
Package pdftex.def Info: 4-LaneEtAlPrivacyBigDataAndThePublicGood.pdf, page278 
used on input line 181.
(pdftex.def)             Requested size: 596.1271pt x 777.40346pt.
File: 4-LaneEtAlPrivacyBigDataAndThePublicGood.pdf Graphic file (type pdf)

<use 4-LaneEtAlPrivacyBigDataAndThePublicGood.pdf, page 278>
Package pdftex.def Info: 4-LaneEtAlPrivacyBigDataAndThePublicGood.pdf, page278 
used on input line 181.
(pdftex.def)             Requested size: 596.1271pt x 777.40346pt.
 [1008 <./4-LaneEtAlPrivacyBigDataAndThePublicGood.pdf>]

pdfTeX warning: pdflatex (file ./4-LaneEtAlPrivacyBigDataAndThePublicGood.pdf):
 PDF inclusion: found PDF version <1.6>, but at most version <1.5> allowed

<4-LaneEtAlPrivacyBigDataAndThePublicGood.pdf, id=7096, page=279, 610.32013pt x
 793.16327pt>
File: 4-LaneEtAlPrivacyBigDataAndThePublicGood.pdf Graphic file (type pdf)
 <use 4-LaneEtAlPrivacyBigDataAndThePublicGood.pdf, page 279>
Package pdftex.def Info: 4-LaneEtAlPrivacyBigDataAndThePublicGood.pdf, page279 
used on input line 181.
(pdftex.def)             Requested size: 596.8338pt x 775.63664pt.
File: 4-LaneEtAlPrivacyBigDataAndThePublicGood.pdf Graphic file (type pdf)

<use 4-LaneEtAlPrivacyBigDataAndThePublicGood.pdf, page 279>
Package pdftex.def Info: 4-LaneEtAlPrivacyBigDataAndThePublicGood.pdf, page279 
used on input line 181.
(pdftex.def)             Requested size: 596.8338pt x 775.63664pt.
File: 4-LaneEtAlPrivacyBigDataAndThePublicGood.pdf Graphic file (type pdf)

<use 4-LaneEtAlPrivacyBigDataAndThePublicGood.pdf, page 279>
Package pdftex.def Info: 4-LaneEtAlPrivacyBigDataAndThePublicGood.pdf, page279 
used on input line 181.
(pdftex.def)             Requested size: 596.8338pt x 775.63664pt.
 [1009 <./4-LaneEtAlPrivacyBigDataAndThePublicGood.pdf>]

pdfTeX warning: pdflatex (file ./4-LaneEtAlPrivacyBigDataAndThePublicGood.pdf):
 PDF inclusion: found PDF version <1.6>, but at most version <1.5> allowed

<4-LaneEtAlPrivacyBigDataAndThePublicGood.pdf, id=7106, page=280, 609.59746pt x
 794.97pt>
File: 4-LaneEtAlPrivacyBigDataAndThePublicGood.pdf Graphic file (type pdf)
 <use 4-LaneEtAlPrivacyBigDataAndThePublicGood.pdf, page 280>
Package pdftex.def Info: 4-LaneEtAlPrivacyBigDataAndThePublicGood.pdf, page280 
used on input line 181.
(pdftex.def)             Requested size: 596.1271pt x 777.40346pt.
File: 4-LaneEtAlPrivacyBigDataAndThePublicGood.pdf Graphic file (type pdf)

<use 4-LaneEtAlPrivacyBigDataAndThePublicGood.pdf, page 280>
Package pdftex.def Info: 4-LaneEtAlPrivacyBigDataAndThePublicGood.pdf, page280 
used on input line 181.
(pdftex.def)             Requested size: 596.1271pt x 777.40346pt.
File: 4-LaneEtAlPrivacyBigDataAndThePublicGood.pdf Graphic file (type pdf)

<use 4-LaneEtAlPrivacyBigDataAndThePublicGood.pdf, page 280>
Package pdftex.def Info: 4-LaneEtAlPrivacyBigDataAndThePublicGood.pdf, page280 
used on input line 181.
(pdftex.def)             Requested size: 596.1271pt x 777.40346pt.
 [1010 <./4-LaneEtAlPrivacyBigDataAndThePublicGood.pdf>]

pdfTeX warning: pdflatex (file ./4-LaneEtAlPrivacyBigDataAndThePublicGood.pdf):
 PDF inclusion: found PDF version <1.6>, but at most version <1.5> allowed

<4-LaneEtAlPrivacyBigDataAndThePublicGood.pdf, id=7112, page=281, 611.76553pt x
 794.60866pt>
File: 4-LaneEtAlPrivacyBigDataAndThePublicGood.pdf Graphic file (type pdf)
 <use 4-LaneEtAlPrivacyBigDataAndThePublicGood.pdf, page 281>
Package pdftex.def Info: 4-LaneEtAlPrivacyBigDataAndThePublicGood.pdf, page281 
used on input line 181.
(pdftex.def)             Requested size: 598.24727pt x 777.05008pt.
File: 4-LaneEtAlPrivacyBigDataAndThePublicGood.pdf Graphic file (type pdf)

<use 4-LaneEtAlPrivacyBigDataAndThePublicGood.pdf, page 281>
Package pdftex.def Info: 4-LaneEtAlPrivacyBigDataAndThePublicGood.pdf, page281 
used on input line 181.
(pdftex.def)             Requested size: 598.24727pt x 777.05008pt.
File: 4-LaneEtAlPrivacyBigDataAndThePublicGood.pdf Graphic file (type pdf)

<use 4-LaneEtAlPrivacyBigDataAndThePublicGood.pdf, page 281>
Package pdftex.def Info: 4-LaneEtAlPrivacyBigDataAndThePublicGood.pdf, page281 
used on input line 181.
(pdftex.def)             Requested size: 598.24727pt x 777.05008pt.
 [1011 <./4-LaneEtAlPrivacyBigDataAndThePublicGood.pdf>]

pdfTeX warning: pdflatex (file ./4-LaneEtAlPrivacyBigDataAndThePublicGood.pdf):
 PDF inclusion: found PDF version <1.6>, but at most version <1.5> allowed

<4-LaneEtAlPrivacyBigDataAndThePublicGood.pdf, id=7119, page=282, 611.40419pt x
 795.33133pt>
File: 4-LaneEtAlPrivacyBigDataAndThePublicGood.pdf Graphic file (type pdf)
 <use 4-LaneEtAlPrivacyBigDataAndThePublicGood.pdf, page 282>
Package pdftex.def Info: 4-LaneEtAlPrivacyBigDataAndThePublicGood.pdf, page282 
used on input line 181.
(pdftex.def)             Requested size: 597.89389pt x 777.75679pt.
File: 4-LaneEtAlPrivacyBigDataAndThePublicGood.pdf Graphic file (type pdf)

<use 4-LaneEtAlPrivacyBigDataAndThePublicGood.pdf, page 282>
Package pdftex.def Info: 4-LaneEtAlPrivacyBigDataAndThePublicGood.pdf, page282 
used on input line 181.
(pdftex.def)             Requested size: 597.89389pt x 777.75679pt.
File: 4-LaneEtAlPrivacyBigDataAndThePublicGood.pdf Graphic file (type pdf)

<use 4-LaneEtAlPrivacyBigDataAndThePublicGood.pdf, page 282>
Package pdftex.def Info: 4-LaneEtAlPrivacyBigDataAndThePublicGood.pdf, page282 
used on input line 181.
(pdftex.def)             Requested size: 597.89389pt x 777.75679pt.
 [1012 <./4-LaneEtAlPrivacyBigDataAndThePublicGood.pdf>]

pdfTeX warning: pdflatex (file ./4-LaneEtAlPrivacyBigDataAndThePublicGood.pdf):
 PDF inclusion: found PDF version <1.6>, but at most version <1.5> allowed

<4-LaneEtAlPrivacyBigDataAndThePublicGood.pdf, id=7140, page=283, 611.40419pt x
 794.60866pt>
File: 4-LaneEtAlPrivacyBigDataAndThePublicGood.pdf Graphic file (type pdf)
 <use 4-LaneEtAlPrivacyBigDataAndThePublicGood.pdf, page 283>
Package pdftex.def Info: 4-LaneEtAlPrivacyBigDataAndThePublicGood.pdf, page283 
used on input line 181.
(pdftex.def)             Requested size: 597.89389pt x 777.05008pt.
File: 4-LaneEtAlPrivacyBigDataAndThePublicGood.pdf Graphic file (type pdf)

<use 4-LaneEtAlPrivacyBigDataAndThePublicGood.pdf, page 283>
Package pdftex.def Info: 4-LaneEtAlPrivacyBigDataAndThePublicGood.pdf, page283 
used on input line 181.
(pdftex.def)             Requested size: 597.89389pt x 777.05008pt.
File: 4-LaneEtAlPrivacyBigDataAndThePublicGood.pdf Graphic file (type pdf)

<use 4-LaneEtAlPrivacyBigDataAndThePublicGood.pdf, page 283>
Package pdftex.def Info: 4-LaneEtAlPrivacyBigDataAndThePublicGood.pdf, page283 
used on input line 181.
(pdftex.def)             Requested size: 597.89389pt x 777.05008pt.
 [1013 <./4-LaneEtAlPrivacyBigDataAndThePublicGood.pdf>]

pdfTeX warning: pdflatex (file ./4-LaneEtAlPrivacyBigDataAndThePublicGood.pdf):
 PDF inclusion: found PDF version <1.6>, but at most version <1.5> allowed

<4-LaneEtAlPrivacyBigDataAndThePublicGood.pdf, id=7148, page=284, 609.95879pt x
 795.69267pt>
File: 4-LaneEtAlPrivacyBigDataAndThePublicGood.pdf Graphic file (type pdf)
 <use 4-LaneEtAlPrivacyBigDataAndThePublicGood.pdf, page 284>
Package pdftex.def Info: 4-LaneEtAlPrivacyBigDataAndThePublicGood.pdf, page284 
used on input line 181.
(pdftex.def)             Requested size: 596.48045pt x 778.11015pt.
File: 4-LaneEtAlPrivacyBigDataAndThePublicGood.pdf Graphic file (type pdf)

<use 4-LaneEtAlPrivacyBigDataAndThePublicGood.pdf, page 284>
Package pdftex.def Info: 4-LaneEtAlPrivacyBigDataAndThePublicGood.pdf, page284 
used on input line 181.
(pdftex.def)             Requested size: 596.48045pt x 778.11015pt.
File: 4-LaneEtAlPrivacyBigDataAndThePublicGood.pdf Graphic file (type pdf)

<use 4-LaneEtAlPrivacyBigDataAndThePublicGood.pdf, page 284>
Package pdftex.def Info: 4-LaneEtAlPrivacyBigDataAndThePublicGood.pdf, page284 
used on input line 181.
(pdftex.def)             Requested size: 596.48045pt x 778.11015pt.
 [1014 <./4-LaneEtAlPrivacyBigDataAndThePublicGood.pdf>]

pdfTeX warning: pdflatex (file ./4-LaneEtAlPrivacyBigDataAndThePublicGood.pdf):
 PDF inclusion: found PDF version <1.6>, but at most version <1.5> allowed

<4-LaneEtAlPrivacyBigDataAndThePublicGood.pdf, id=7154, page=285, 611.76553pt x
 795.69267pt>
File: 4-LaneEtAlPrivacyBigDataAndThePublicGood.pdf Graphic file (type pdf)
 <use 4-LaneEtAlPrivacyBigDataAndThePublicGood.pdf, page 285>
Package pdftex.def Info: 4-LaneEtAlPrivacyBigDataAndThePublicGood.pdf, page285 
used on input line 181.
(pdftex.def)             Requested size: 598.24727pt x 778.11015pt.
File: 4-LaneEtAlPrivacyBigDataAndThePublicGood.pdf Graphic file (type pdf)

<use 4-LaneEtAlPrivacyBigDataAndThePublicGood.pdf, page 285>
Package pdftex.def Info: 4-LaneEtAlPrivacyBigDataAndThePublicGood.pdf, page285 
used on input line 181.
(pdftex.def)             Requested size: 598.24727pt x 778.11015pt.
File: 4-LaneEtAlPrivacyBigDataAndThePublicGood.pdf Graphic file (type pdf)

<use 4-LaneEtAlPrivacyBigDataAndThePublicGood.pdf, page 285>
Package pdftex.def Info: 4-LaneEtAlPrivacyBigDataAndThePublicGood.pdf, page285 
used on input line 181.
(pdftex.def)             Requested size: 598.24727pt x 778.11015pt.
 [1015 <./4-LaneEtAlPrivacyBigDataAndThePublicGood.pdf>]

pdfTeX warning: pdflatex (file ./4-LaneEtAlPrivacyBigDataAndThePublicGood.pdf):
 PDF inclusion: found PDF version <1.6>, but at most version <1.5> allowed

<4-LaneEtAlPrivacyBigDataAndThePublicGood.pdf, id=7163, page=286, 611.04286pt x
 794.97pt>
File: 4-LaneEtAlPrivacyBigDataAndThePublicGood.pdf Graphic file (type pdf)
 <use 4-LaneEtAlPrivacyBigDataAndThePublicGood.pdf, page 286>
Package pdftex.def Info: 4-LaneEtAlPrivacyBigDataAndThePublicGood.pdf, page286 
used on input line 181.
(pdftex.def)             Requested size: 597.54057pt x 777.40346pt.
File: 4-LaneEtAlPrivacyBigDataAndThePublicGood.pdf Graphic file (type pdf)

<use 4-LaneEtAlPrivacyBigDataAndThePublicGood.pdf, page 286>
Package pdftex.def Info: 4-LaneEtAlPrivacyBigDataAndThePublicGood.pdf, page286 
used on input line 181.
(pdftex.def)             Requested size: 597.54057pt x 777.40346pt.
File: 4-LaneEtAlPrivacyBigDataAndThePublicGood.pdf Graphic file (type pdf)

<use 4-LaneEtAlPrivacyBigDataAndThePublicGood.pdf, page 286>
Package pdftex.def Info: 4-LaneEtAlPrivacyBigDataAndThePublicGood.pdf, page286 
used on input line 181.
(pdftex.def)             Requested size: 597.54057pt x 777.40346pt.
 [1016 <./4-LaneEtAlPrivacyBigDataAndThePublicGood.pdf>]

pdfTeX warning: pdflatex (file ./4-LaneEtAlPrivacyBigDataAndThePublicGood.pdf):
 PDF inclusion: found PDF version <1.6>, but at most version <1.5> allowed

<4-LaneEtAlPrivacyBigDataAndThePublicGood.pdf, id=7174, page=287, 609.23611pt x
 794.60866pt>
File: 4-LaneEtAlPrivacyBigDataAndThePublicGood.pdf Graphic file (type pdf)
 <use 4-LaneEtAlPrivacyBigDataAndThePublicGood.pdf, page 287>
Package pdftex.def Info: 4-LaneEtAlPrivacyBigDataAndThePublicGood.pdf, page287 
used on input line 181.
(pdftex.def)             Requested size: 595.77376pt x 777.05008pt.
File: 4-LaneEtAlPrivacyBigDataAndThePublicGood.pdf Graphic file (type pdf)

<use 4-LaneEtAlPrivacyBigDataAndThePublicGood.pdf, page 287>
Package pdftex.def Info: 4-LaneEtAlPrivacyBigDataAndThePublicGood.pdf, page287 
used on input line 181.
(pdftex.def)             Requested size: 595.77376pt x 777.05008pt.
File: 4-LaneEtAlPrivacyBigDataAndThePublicGood.pdf Graphic file (type pdf)

<use 4-LaneEtAlPrivacyBigDataAndThePublicGood.pdf, page 287>
Package pdftex.def Info: 4-LaneEtAlPrivacyBigDataAndThePublicGood.pdf, page287 
used on input line 181.
(pdftex.def)             Requested size: 595.77376pt x 777.05008pt.
 [1017 <./4-LaneEtAlPrivacyBigDataAndThePublicGood.pdf>]

pdfTeX warning: pdflatex (file ./4-LaneEtAlPrivacyBigDataAndThePublicGood.pdf):
 PDF inclusion: found PDF version <1.6>, but at most version <1.5> allowed

<4-LaneEtAlPrivacyBigDataAndThePublicGood.pdf, id=7180, page=288, 609.95879pt x
 794.24733pt>
File: 4-LaneEtAlPrivacyBigDataAndThePublicGood.pdf Graphic file (type pdf)
 <use 4-LaneEtAlPrivacyBigDataAndThePublicGood.pdf, page 288>
Package pdftex.def Info: 4-LaneEtAlPrivacyBigDataAndThePublicGood.pdf, page288 
used on input line 181.
(pdftex.def)             Requested size: 596.48045pt x 776.69675pt.
File: 4-LaneEtAlPrivacyBigDataAndThePublicGood.pdf Graphic file (type pdf)

<use 4-LaneEtAlPrivacyBigDataAndThePublicGood.pdf, page 288>
Package pdftex.def Info: 4-LaneEtAlPrivacyBigDataAndThePublicGood.pdf, page288 
used on input line 181.
(pdftex.def)             Requested size: 596.48045pt x 776.69675pt.
File: 4-LaneEtAlPrivacyBigDataAndThePublicGood.pdf Graphic file (type pdf)

<use 4-LaneEtAlPrivacyBigDataAndThePublicGood.pdf, page 288>
Package pdftex.def Info: 4-LaneEtAlPrivacyBigDataAndThePublicGood.pdf, page288 
used on input line 181.
(pdftex.def)             Requested size: 596.48045pt x 776.69675pt.
 [1018 <./4-LaneEtAlPrivacyBigDataAndThePublicGood.pdf>]

pdfTeX warning: pdflatex (file ./4-LaneEtAlPrivacyBigDataAndThePublicGood.pdf):
 PDF inclusion: found PDF version <1.6>, but at most version <1.5> allowed

<4-LaneEtAlPrivacyBigDataAndThePublicGood.pdf, id=7186, page=289, 611.76553pt x
 794.60866pt>
File: 4-LaneEtAlPrivacyBigDataAndThePublicGood.pdf Graphic file (type pdf)
 <use 4-LaneEtAlPrivacyBigDataAndThePublicGood.pdf, page 289>
Package pdftex.def Info: 4-LaneEtAlPrivacyBigDataAndThePublicGood.pdf, page289 
used on input line 181.
(pdftex.def)             Requested size: 598.24727pt x 777.05008pt.
File: 4-LaneEtAlPrivacyBigDataAndThePublicGood.pdf Graphic file (type pdf)

<use 4-LaneEtAlPrivacyBigDataAndThePublicGood.pdf, page 289>
Package pdftex.def Info: 4-LaneEtAlPrivacyBigDataAndThePublicGood.pdf, page289 
used on input line 181.
(pdftex.def)             Requested size: 598.24727pt x 777.05008pt.
File: 4-LaneEtAlPrivacyBigDataAndThePublicGood.pdf Graphic file (type pdf)

<use 4-LaneEtAlPrivacyBigDataAndThePublicGood.pdf, page 289>
Package pdftex.def Info: 4-LaneEtAlPrivacyBigDataAndThePublicGood.pdf, page289 
used on input line 181.
(pdftex.def)             Requested size: 598.24727pt x 777.05008pt.
 [1019 <./4-LaneEtAlPrivacyBigDataAndThePublicGood.pdf>]

pdfTeX warning: pdflatex (file ./4-LaneEtAlPrivacyBigDataAndThePublicGood.pdf):
 PDF inclusion: found PDF version <1.6>, but at most version <1.5> allowed

<4-LaneEtAlPrivacyBigDataAndThePublicGood.pdf, id=7194, page=290, 609.95879pt x
 794.97pt>
File: 4-LaneEtAlPrivacyBigDataAndThePublicGood.pdf Graphic file (type pdf)
 <use 4-LaneEtAlPrivacyBigDataAndThePublicGood.pdf, page 290>
Package pdftex.def Info: 4-LaneEtAlPrivacyBigDataAndThePublicGood.pdf, page290 
used on input line 181.
(pdftex.def)             Requested size: 596.48045pt x 777.40346pt.
File: 4-LaneEtAlPrivacyBigDataAndThePublicGood.pdf Graphic file (type pdf)

<use 4-LaneEtAlPrivacyBigDataAndThePublicGood.pdf, page 290>
Package pdftex.def Info: 4-LaneEtAlPrivacyBigDataAndThePublicGood.pdf, page290 
used on input line 181.
(pdftex.def)             Requested size: 596.48045pt x 777.40346pt.
File: 4-LaneEtAlPrivacyBigDataAndThePublicGood.pdf Graphic file (type pdf)

<use 4-LaneEtAlPrivacyBigDataAndThePublicGood.pdf, page 290>
Package pdftex.def Info: 4-LaneEtAlPrivacyBigDataAndThePublicGood.pdf, page290 
used on input line 181.
(pdftex.def)             Requested size: 596.48045pt x 777.40346pt.
 [1020 <./4-LaneEtAlPrivacyBigDataAndThePublicGood.pdf>]

pdfTeX warning: pdflatex (file ./4-LaneEtAlPrivacyBigDataAndThePublicGood.pdf):
 PDF inclusion: found PDF version <1.6>, but at most version <1.5> allowed

<4-LaneEtAlPrivacyBigDataAndThePublicGood.pdf, id=7201, page=291, 611.76553pt x
 794.60866pt>
File: 4-LaneEtAlPrivacyBigDataAndThePublicGood.pdf Graphic file (type pdf)
 <use 4-LaneEtAlPrivacyBigDataAndThePublicGood.pdf, page 291>
Package pdftex.def Info: 4-LaneEtAlPrivacyBigDataAndThePublicGood.pdf, page291 
used on input line 181.
(pdftex.def)             Requested size: 598.24727pt x 777.05008pt.
File: 4-LaneEtAlPrivacyBigDataAndThePublicGood.pdf Graphic file (type pdf)

<use 4-LaneEtAlPrivacyBigDataAndThePublicGood.pdf, page 291>
Package pdftex.def Info: 4-LaneEtAlPrivacyBigDataAndThePublicGood.pdf, page291 
used on input line 181.
(pdftex.def)             Requested size: 598.24727pt x 777.05008pt.
File: 4-LaneEtAlPrivacyBigDataAndThePublicGood.pdf Graphic file (type pdf)

<use 4-LaneEtAlPrivacyBigDataAndThePublicGood.pdf, page 291>
Package pdftex.def Info: 4-LaneEtAlPrivacyBigDataAndThePublicGood.pdf, page291 
used on input line 181.
(pdftex.def)             Requested size: 598.24727pt x 777.05008pt.
 [1021 <./4-LaneEtAlPrivacyBigDataAndThePublicGood.pdf>]

pdfTeX warning: pdflatex (file ./4-LaneEtAlPrivacyBigDataAndThePublicGood.pdf):
 PDF inclusion: found PDF version <1.6>, but at most version <1.5> allowed

<4-LaneEtAlPrivacyBigDataAndThePublicGood.pdf, id=7212, page=292, 610.68152pt x
 795.69267pt>
File: 4-LaneEtAlPrivacyBigDataAndThePublicGood.pdf Graphic file (type pdf)
 <use 4-LaneEtAlPrivacyBigDataAndThePublicGood.pdf, page 292>
Package pdftex.def Info: 4-LaneEtAlPrivacyBigDataAndThePublicGood.pdf, page292 
used on input line 181.
(pdftex.def)             Requested size: 597.18723pt x 778.11015pt.
File: 4-LaneEtAlPrivacyBigDataAndThePublicGood.pdf Graphic file (type pdf)

<use 4-LaneEtAlPrivacyBigDataAndThePublicGood.pdf, page 292>
Package pdftex.def Info: 4-LaneEtAlPrivacyBigDataAndThePublicGood.pdf, page292 
used on input line 181.
(pdftex.def)             Requested size: 597.18723pt x 778.11015pt.
File: 4-LaneEtAlPrivacyBigDataAndThePublicGood.pdf Graphic file (type pdf)

<use 4-LaneEtAlPrivacyBigDataAndThePublicGood.pdf, page 292>
Package pdftex.def Info: 4-LaneEtAlPrivacyBigDataAndThePublicGood.pdf, page292 
used on input line 181.
(pdftex.def)             Requested size: 597.18723pt x 778.11015pt.
 [1022 <./4-LaneEtAlPrivacyBigDataAndThePublicGood.pdf>]

pdfTeX warning: pdflatex (file ./4-LaneEtAlPrivacyBigDataAndThePublicGood.pdf):
 PDF inclusion: found PDF version <1.6>, but at most version <1.5> allowed

<4-LaneEtAlPrivacyBigDataAndThePublicGood.pdf, id=7219, page=293, 611.76553pt x
 792.80193pt>
File: 4-LaneEtAlPrivacyBigDataAndThePublicGood.pdf Graphic file (type pdf)
 <use 4-LaneEtAlPrivacyBigDataAndThePublicGood.pdf, page 293>
Package pdftex.def Info: 4-LaneEtAlPrivacyBigDataAndThePublicGood.pdf, page293 
used on input line 181.
(pdftex.def)             Requested size: 598.24727pt x 775.28328pt.
File: 4-LaneEtAlPrivacyBigDataAndThePublicGood.pdf Graphic file (type pdf)

<use 4-LaneEtAlPrivacyBigDataAndThePublicGood.pdf, page 293>
Package pdftex.def Info: 4-LaneEtAlPrivacyBigDataAndThePublicGood.pdf, page293 
used on input line 181.
(pdftex.def)             Requested size: 598.24727pt x 775.28328pt.
File: 4-LaneEtAlPrivacyBigDataAndThePublicGood.pdf Graphic file (type pdf)

<use 4-LaneEtAlPrivacyBigDataAndThePublicGood.pdf, page 293>
Package pdftex.def Info: 4-LaneEtAlPrivacyBigDataAndThePublicGood.pdf, page293 
used on input line 181.
(pdftex.def)             Requested size: 598.24727pt x 775.28328pt.
 [1023 <./4-LaneEtAlPrivacyBigDataAndThePublicGood.pdf>]

pdfTeX warning: pdflatex (file ./4-LaneEtAlPrivacyBigDataAndThePublicGood.pdf):
 PDF inclusion: found PDF version <1.6>, but at most version <1.5> allowed

<4-LaneEtAlPrivacyBigDataAndThePublicGood.pdf, id=7229, page=294, 611.40419pt x
 795.33133pt>
File: 4-LaneEtAlPrivacyBigDataAndThePublicGood.pdf Graphic file (type pdf)
 <use 4-LaneEtAlPrivacyBigDataAndThePublicGood.pdf, page 294>
Package pdftex.def Info: 4-LaneEtAlPrivacyBigDataAndThePublicGood.pdf, page294 
used on input line 181.
(pdftex.def)             Requested size: 597.89389pt x 777.75679pt.
File: 4-LaneEtAlPrivacyBigDataAndThePublicGood.pdf Graphic file (type pdf)

<use 4-LaneEtAlPrivacyBigDataAndThePublicGood.pdf, page 294>
Package pdftex.def Info: 4-LaneEtAlPrivacyBigDataAndThePublicGood.pdf, page294 
used on input line 181.
(pdftex.def)             Requested size: 597.89389pt x 777.75679pt.
File: 4-LaneEtAlPrivacyBigDataAndThePublicGood.pdf Graphic file (type pdf)

<use 4-LaneEtAlPrivacyBigDataAndThePublicGood.pdf, page 294>
Package pdftex.def Info: 4-LaneEtAlPrivacyBigDataAndThePublicGood.pdf, page294 
used on input line 181.
(pdftex.def)             Requested size: 597.89389pt x 777.75679pt.
 [1024 <./4-LaneEtAlPrivacyBigDataAndThePublicGood.pdf>]

pdfTeX warning: pdflatex (file ./4-LaneEtAlPrivacyBigDataAndThePublicGood.pdf):
 PDF inclusion: found PDF version <1.6>, but at most version <1.5> allowed

<4-LaneEtAlPrivacyBigDataAndThePublicGood.pdf, id=7236, page=295, 611.76553pt x
 794.97pt>
File: 4-LaneEtAlPrivacyBigDataAndThePublicGood.pdf Graphic file (type pdf)
 <use 4-LaneEtAlPrivacyBigDataAndThePublicGood.pdf, page 295>
Package pdftex.def Info: 4-LaneEtAlPrivacyBigDataAndThePublicGood.pdf, page295 
used on input line 181.
(pdftex.def)             Requested size: 598.24727pt x 777.40346pt.
File: 4-LaneEtAlPrivacyBigDataAndThePublicGood.pdf Graphic file (type pdf)

<use 4-LaneEtAlPrivacyBigDataAndThePublicGood.pdf, page 295>
Package pdftex.def Info: 4-LaneEtAlPrivacyBigDataAndThePublicGood.pdf, page295 
used on input line 181.
(pdftex.def)             Requested size: 598.24727pt x 777.40346pt.
File: 4-LaneEtAlPrivacyBigDataAndThePublicGood.pdf Graphic file (type pdf)

<use 4-LaneEtAlPrivacyBigDataAndThePublicGood.pdf, page 295>
Package pdftex.def Info: 4-LaneEtAlPrivacyBigDataAndThePublicGood.pdf, page295 
used on input line 181.
(pdftex.def)             Requested size: 598.24727pt x 777.40346pt.
 [1025 <./4-LaneEtAlPrivacyBigDataAndThePublicGood.pdf>]

pdfTeX warning: pdflatex (file ./4-LaneEtAlPrivacyBigDataAndThePublicGood.pdf):
 PDF inclusion: found PDF version <1.6>, but at most version <1.5> allowed

<4-LaneEtAlPrivacyBigDataAndThePublicGood.pdf, id=7244, page=296, 610.68152pt x
 792.80193pt>
File: 4-LaneEtAlPrivacyBigDataAndThePublicGood.pdf Graphic file (type pdf)
 <use 4-LaneEtAlPrivacyBigDataAndThePublicGood.pdf, page 296>
Package pdftex.def Info: 4-LaneEtAlPrivacyBigDataAndThePublicGood.pdf, page296 
used on input line 181.
(pdftex.def)             Requested size: 597.18723pt x 775.28328pt.
File: 4-LaneEtAlPrivacyBigDataAndThePublicGood.pdf Graphic file (type pdf)

<use 4-LaneEtAlPrivacyBigDataAndThePublicGood.pdf, page 296>
Package pdftex.def Info: 4-LaneEtAlPrivacyBigDataAndThePublicGood.pdf, page296 
used on input line 181.
(pdftex.def)             Requested size: 597.18723pt x 775.28328pt.
File: 4-LaneEtAlPrivacyBigDataAndThePublicGood.pdf Graphic file (type pdf)

<use 4-LaneEtAlPrivacyBigDataAndThePublicGood.pdf, page 296>
Package pdftex.def Info: 4-LaneEtAlPrivacyBigDataAndThePublicGood.pdf, page296 
used on input line 181.
(pdftex.def)             Requested size: 597.18723pt x 775.28328pt.
 [1026 <./4-LaneEtAlPrivacyBigDataAndThePublicGood.pdf>]

pdfTeX warning: pdflatex (file ./4-LaneEtAlPrivacyBigDataAndThePublicGood.pdf):
 PDF inclusion: found PDF version <1.6>, but at most version <1.5> allowed

<4-LaneEtAlPrivacyBigDataAndThePublicGood.pdf, id=7252, page=297, 611.76553pt x
 794.60866pt>
File: 4-LaneEtAlPrivacyBigDataAndThePublicGood.pdf Graphic file (type pdf)
 <use 4-LaneEtAlPrivacyBigDataAndThePublicGood.pdf, page 297>
Package pdftex.def Info: 4-LaneEtAlPrivacyBigDataAndThePublicGood.pdf, page297 
used on input line 181.
(pdftex.def)             Requested size: 598.24727pt x 777.05008pt.
File: 4-LaneEtAlPrivacyBigDataAndThePublicGood.pdf Graphic file (type pdf)

<use 4-LaneEtAlPrivacyBigDataAndThePublicGood.pdf, page 297>
Package pdftex.def Info: 4-LaneEtAlPrivacyBigDataAndThePublicGood.pdf, page297 
used on input line 181.
(pdftex.def)             Requested size: 598.24727pt x 777.05008pt.
File: 4-LaneEtAlPrivacyBigDataAndThePublicGood.pdf Graphic file (type pdf)

<use 4-LaneEtAlPrivacyBigDataAndThePublicGood.pdf, page 297>
Package pdftex.def Info: 4-LaneEtAlPrivacyBigDataAndThePublicGood.pdf, page297 
used on input line 181.
(pdftex.def)             Requested size: 598.24727pt x 777.05008pt.
 [1027 <./4-LaneEtAlPrivacyBigDataAndThePublicGood.pdf>]

pdfTeX warning: pdflatex (file ./4-LaneEtAlPrivacyBigDataAndThePublicGood.pdf):
 PDF inclusion: found PDF version <1.6>, but at most version <1.5> allowed

<4-LaneEtAlPrivacyBigDataAndThePublicGood.pdf, id=7259, page=298, 611.76553pt x
 796.05406pt>
File: 4-LaneEtAlPrivacyBigDataAndThePublicGood.pdf Graphic file (type pdf)
 <use 4-LaneEtAlPrivacyBigDataAndThePublicGood.pdf, page 298>
Package pdftex.def Info: 4-LaneEtAlPrivacyBigDataAndThePublicGood.pdf, page298 
used on input line 181.
(pdftex.def)             Requested size: 598.24727pt x 778.46355pt.
File: 4-LaneEtAlPrivacyBigDataAndThePublicGood.pdf Graphic file (type pdf)

<use 4-LaneEtAlPrivacyBigDataAndThePublicGood.pdf, page 298>
Package pdftex.def Info: 4-LaneEtAlPrivacyBigDataAndThePublicGood.pdf, page298 
used on input line 181.
(pdftex.def)             Requested size: 598.24727pt x 778.46355pt.
File: 4-LaneEtAlPrivacyBigDataAndThePublicGood.pdf Graphic file (type pdf)

<use 4-LaneEtAlPrivacyBigDataAndThePublicGood.pdf, page 298>
Package pdftex.def Info: 4-LaneEtAlPrivacyBigDataAndThePublicGood.pdf, page298 
used on input line 181.
(pdftex.def)             Requested size: 598.24727pt x 778.46355pt.
 [1028 <./4-LaneEtAlPrivacyBigDataAndThePublicGood.pdf>]

pdfTeX warning: pdflatex (file ./4-LaneEtAlPrivacyBigDataAndThePublicGood.pdf):
 PDF inclusion: found PDF version <1.6>, but at most version <1.5> allowed

<4-LaneEtAlPrivacyBigDataAndThePublicGood.pdf, id=7268, page=299, 611.04286pt x
 792.0792pt>
File: 4-LaneEtAlPrivacyBigDataAndThePublicGood.pdf Graphic file (type pdf)
 <use 4-LaneEtAlPrivacyBigDataAndThePublicGood.pdf, page 299>
Package pdftex.def Info: 4-LaneEtAlPrivacyBigDataAndThePublicGood.pdf, page299 
used on input line 181.
(pdftex.def)             Requested size: 597.54057pt x 774.57652pt.
File: 4-LaneEtAlPrivacyBigDataAndThePublicGood.pdf Graphic file (type pdf)

<use 4-LaneEtAlPrivacyBigDataAndThePublicGood.pdf, page 299>
Package pdftex.def Info: 4-LaneEtAlPrivacyBigDataAndThePublicGood.pdf, page299 
used on input line 181.
(pdftex.def)             Requested size: 597.54057pt x 774.57652pt.
File: 4-LaneEtAlPrivacyBigDataAndThePublicGood.pdf Graphic file (type pdf)

<use 4-LaneEtAlPrivacyBigDataAndThePublicGood.pdf, page 299>
Package pdftex.def Info: 4-LaneEtAlPrivacyBigDataAndThePublicGood.pdf, page299 
used on input line 181.
(pdftex.def)             Requested size: 597.54057pt x 774.57652pt.
 [1029 <./4-LaneEtAlPrivacyBigDataAndThePublicGood.pdf>]

pdfTeX warning: pdflatex (file ./4-LaneEtAlPrivacyBigDataAndThePublicGood.pdf):
 PDF inclusion: found PDF version <1.6>, but at most version <1.5> allowed

<4-LaneEtAlPrivacyBigDataAndThePublicGood.pdf, id=7275, page=300, 610.68152pt x
 794.97pt>
File: 4-LaneEtAlPrivacyBigDataAndThePublicGood.pdf Graphic file (type pdf)
 <use 4-LaneEtAlPrivacyBigDataAndThePublicGood.pdf, page 300>
Package pdftex.def Info: 4-LaneEtAlPrivacyBigDataAndThePublicGood.pdf, page300 
used on input line 181.
(pdftex.def)             Requested size: 597.18723pt x 777.40346pt.
File: 4-LaneEtAlPrivacyBigDataAndThePublicGood.pdf Graphic file (type pdf)

<use 4-LaneEtAlPrivacyBigDataAndThePublicGood.pdf, page 300>
Package pdftex.def Info: 4-LaneEtAlPrivacyBigDataAndThePublicGood.pdf, page300 
used on input line 181.
(pdftex.def)             Requested size: 597.18723pt x 777.40346pt.
File: 4-LaneEtAlPrivacyBigDataAndThePublicGood.pdf Graphic file (type pdf)

<use 4-LaneEtAlPrivacyBigDataAndThePublicGood.pdf, page 300>
Package pdftex.def Info: 4-LaneEtAlPrivacyBigDataAndThePublicGood.pdf, page300 
used on input line 181.
(pdftex.def)             Requested size: 597.18723pt x 777.40346pt.
 [1030 <./4-LaneEtAlPrivacyBigDataAndThePublicGood.pdf>]

pdfTeX warning: pdflatex (file ./4-LaneEtAlPrivacyBigDataAndThePublicGood.pdf):
 PDF inclusion: found PDF version <1.6>, but at most version <1.5> allowed

<4-LaneEtAlPrivacyBigDataAndThePublicGood.pdf, id=7283, page=301, 611.04286pt x
 793.5246pt>
File: 4-LaneEtAlPrivacyBigDataAndThePublicGood.pdf Graphic file (type pdf)
 <use 4-LaneEtAlPrivacyBigDataAndThePublicGood.pdf, page 301>
Package pdftex.def Info: 4-LaneEtAlPrivacyBigDataAndThePublicGood.pdf, page301 
used on input line 181.
(pdftex.def)             Requested size: 597.54057pt x 775.98999pt.
File: 4-LaneEtAlPrivacyBigDataAndThePublicGood.pdf Graphic file (type pdf)

<use 4-LaneEtAlPrivacyBigDataAndThePublicGood.pdf, page 301>
Package pdftex.def Info: 4-LaneEtAlPrivacyBigDataAndThePublicGood.pdf, page301 
used on input line 181.
(pdftex.def)             Requested size: 597.54057pt x 775.98999pt.
File: 4-LaneEtAlPrivacyBigDataAndThePublicGood.pdf Graphic file (type pdf)

<use 4-LaneEtAlPrivacyBigDataAndThePublicGood.pdf, page 301>
Package pdftex.def Info: 4-LaneEtAlPrivacyBigDataAndThePublicGood.pdf, page301 
used on input line 181.
(pdftex.def)             Requested size: 597.54057pt x 775.98999pt.
 [1031 <./4-LaneEtAlPrivacyBigDataAndThePublicGood.pdf>]

pdfTeX warning: pdflatex (file ./4-LaneEtAlPrivacyBigDataAndThePublicGood.pdf):
 PDF inclusion: found PDF version <1.6>, but at most version <1.5> allowed

<4-LaneEtAlPrivacyBigDataAndThePublicGood.pdf, id=7299, page=302, 611.40419pt x
 796.4154pt>
File: 4-LaneEtAlPrivacyBigDataAndThePublicGood.pdf Graphic file (type pdf)
 <use 4-LaneEtAlPrivacyBigDataAndThePublicGood.pdf, page 302>
Package pdftex.def Info: 4-LaneEtAlPrivacyBigDataAndThePublicGood.pdf, page302 
used on input line 181.
(pdftex.def)             Requested size: 597.89389pt x 778.81693pt.
File: 4-LaneEtAlPrivacyBigDataAndThePublicGood.pdf Graphic file (type pdf)

<use 4-LaneEtAlPrivacyBigDataAndThePublicGood.pdf, page 302>
Package pdftex.def Info: 4-LaneEtAlPrivacyBigDataAndThePublicGood.pdf, page302 
used on input line 181.
(pdftex.def)             Requested size: 597.89389pt x 778.81693pt.
File: 4-LaneEtAlPrivacyBigDataAndThePublicGood.pdf Graphic file (type pdf)

<use 4-LaneEtAlPrivacyBigDataAndThePublicGood.pdf, page 302>
Package pdftex.def Info: 4-LaneEtAlPrivacyBigDataAndThePublicGood.pdf, page302 
used on input line 181.
(pdftex.def)             Requested size: 597.89389pt x 778.81693pt.
 [1032 <./4-LaneEtAlPrivacyBigDataAndThePublicGood.pdf>]

pdfTeX warning: pdflatex (file ./4-LaneEtAlPrivacyBigDataAndThePublicGood.pdf):
 PDF inclusion: found PDF version <1.6>, but at most version <1.5> allowed

<4-LaneEtAlPrivacyBigDataAndThePublicGood.pdf, id=7318, page=303, 609.95879pt x
 792.0792pt>
File: 4-LaneEtAlPrivacyBigDataAndThePublicGood.pdf Graphic file (type pdf)
 <use 4-LaneEtAlPrivacyBigDataAndThePublicGood.pdf, page 303>
Package pdftex.def Info: 4-LaneEtAlPrivacyBigDataAndThePublicGood.pdf, page303 
used on input line 181.
(pdftex.def)             Requested size: 596.48045pt x 774.57652pt.
File: 4-LaneEtAlPrivacyBigDataAndThePublicGood.pdf Graphic file (type pdf)

<use 4-LaneEtAlPrivacyBigDataAndThePublicGood.pdf, page 303>
Package pdftex.def Info: 4-LaneEtAlPrivacyBigDataAndThePublicGood.pdf, page303 
used on input line 181.
(pdftex.def)             Requested size: 596.48045pt x 774.57652pt.
File: 4-LaneEtAlPrivacyBigDataAndThePublicGood.pdf Graphic file (type pdf)

<use 4-LaneEtAlPrivacyBigDataAndThePublicGood.pdf, page 303>
Package pdftex.def Info: 4-LaneEtAlPrivacyBigDataAndThePublicGood.pdf, page303 
used on input line 181.
(pdftex.def)             Requested size: 596.48045pt x 774.57652pt.
 [1033 <./4-LaneEtAlPrivacyBigDataAndThePublicGood.pdf>]

pdfTeX warning: pdflatex (file ./4-LaneEtAlPrivacyBigDataAndThePublicGood.pdf):
 PDF inclusion: found PDF version <1.6>, but at most version <1.5> allowed

<4-LaneEtAlPrivacyBigDataAndThePublicGood.pdf, id=7325, page=304, 610.68152pt x
 793.16327pt>
File: 4-LaneEtAlPrivacyBigDataAndThePublicGood.pdf Graphic file (type pdf)
 <use 4-LaneEtAlPrivacyBigDataAndThePublicGood.pdf, page 304>
Package pdftex.def Info: 4-LaneEtAlPrivacyBigDataAndThePublicGood.pdf, page304 
used on input line 181.
(pdftex.def)             Requested size: 597.18723pt x 775.63664pt.
File: 4-LaneEtAlPrivacyBigDataAndThePublicGood.pdf Graphic file (type pdf)

<use 4-LaneEtAlPrivacyBigDataAndThePublicGood.pdf, page 304>
Package pdftex.def Info: 4-LaneEtAlPrivacyBigDataAndThePublicGood.pdf, page304 
used on input line 181.
(pdftex.def)             Requested size: 597.18723pt x 775.63664pt.
File: 4-LaneEtAlPrivacyBigDataAndThePublicGood.pdf Graphic file (type pdf)

<use 4-LaneEtAlPrivacyBigDataAndThePublicGood.pdf, page 304>
Package pdftex.def Info: 4-LaneEtAlPrivacyBigDataAndThePublicGood.pdf, page304 
used on input line 181.
(pdftex.def)             Requested size: 597.18723pt x 775.63664pt.
 [1034 <./4-LaneEtAlPrivacyBigDataAndThePublicGood.pdf>]

pdfTeX warning: pdflatex (file ./4-LaneEtAlPrivacyBigDataAndThePublicGood.pdf):
 PDF inclusion: found PDF version <1.6>, but at most version <1.5> allowed

<4-LaneEtAlPrivacyBigDataAndThePublicGood.pdf, id=7332, page=305, 610.68152pt x
 795.69267pt>
File: 4-LaneEtAlPrivacyBigDataAndThePublicGood.pdf Graphic file (type pdf)
 <use 4-LaneEtAlPrivacyBigDataAndThePublicGood.pdf, page 305>
Package pdftex.def Info: 4-LaneEtAlPrivacyBigDataAndThePublicGood.pdf, page305 
used on input line 181.
(pdftex.def)             Requested size: 597.18723pt x 778.11015pt.
File: 4-LaneEtAlPrivacyBigDataAndThePublicGood.pdf Graphic file (type pdf)

<use 4-LaneEtAlPrivacyBigDataAndThePublicGood.pdf, page 305>
Package pdftex.def Info: 4-LaneEtAlPrivacyBigDataAndThePublicGood.pdf, page305 
used on input line 181.
(pdftex.def)             Requested size: 597.18723pt x 778.11015pt.
File: 4-LaneEtAlPrivacyBigDataAndThePublicGood.pdf Graphic file (type pdf)

<use 4-LaneEtAlPrivacyBigDataAndThePublicGood.pdf, page 305>
Package pdftex.def Info: 4-LaneEtAlPrivacyBigDataAndThePublicGood.pdf, page305 
used on input line 181.
(pdftex.def)             Requested size: 597.18723pt x 778.11015pt.
 [1035 <./4-LaneEtAlPrivacyBigDataAndThePublicGood.pdf>]

pdfTeX warning: pdflatex (file ./4-LaneEtAlPrivacyBigDataAndThePublicGood.pdf):
 PDF inclusion: found PDF version <1.6>, but at most version <1.5> allowed

<4-LaneEtAlPrivacyBigDataAndThePublicGood.pdf, id=7340, page=306, 611.40419pt x
 795.69273pt>
File: 4-LaneEtAlPrivacyBigDataAndThePublicGood.pdf Graphic file (type pdf)
 <use 4-LaneEtAlPrivacyBigDataAndThePublicGood.pdf, page 306>
Package pdftex.def Info: 4-LaneEtAlPrivacyBigDataAndThePublicGood.pdf, page306 
used on input line 181.
(pdftex.def)             Requested size: 597.89389pt x 778.11021pt.
File: 4-LaneEtAlPrivacyBigDataAndThePublicGood.pdf Graphic file (type pdf)

<use 4-LaneEtAlPrivacyBigDataAndThePublicGood.pdf, page 306>
Package pdftex.def Info: 4-LaneEtAlPrivacyBigDataAndThePublicGood.pdf, page306 
used on input line 181.
(pdftex.def)             Requested size: 597.89389pt x 778.11021pt.
File: 4-LaneEtAlPrivacyBigDataAndThePublicGood.pdf Graphic file (type pdf)

<use 4-LaneEtAlPrivacyBigDataAndThePublicGood.pdf, page 306>
Package pdftex.def Info: 4-LaneEtAlPrivacyBigDataAndThePublicGood.pdf, page306 
used on input line 181.
(pdftex.def)             Requested size: 597.89389pt x 778.11021pt.
 [1036 <./4-LaneEtAlPrivacyBigDataAndThePublicGood.pdf>]

pdfTeX warning: pdflatex (file ./4-LaneEtAlPrivacyBigDataAndThePublicGood.pdf):
 PDF inclusion: found PDF version <1.6>, but at most version <1.5> allowed

<4-LaneEtAlPrivacyBigDataAndThePublicGood.pdf, id=7349, page=307, 612.12692pt x
 795.69267pt>
File: 4-LaneEtAlPrivacyBigDataAndThePublicGood.pdf Graphic file (type pdf)
 <use 4-LaneEtAlPrivacyBigDataAndThePublicGood.pdf, page 307>
Package pdftex.def Info: 4-LaneEtAlPrivacyBigDataAndThePublicGood.pdf, page307 
used on input line 181.
(pdftex.def)             Requested size: 598.60066pt x 778.11015pt.
File: 4-LaneEtAlPrivacyBigDataAndThePublicGood.pdf Graphic file (type pdf)

<use 4-LaneEtAlPrivacyBigDataAndThePublicGood.pdf, page 307>
Package pdftex.def Info: 4-LaneEtAlPrivacyBigDataAndThePublicGood.pdf, page307 
used on input line 181.
(pdftex.def)             Requested size: 598.60066pt x 778.11015pt.
File: 4-LaneEtAlPrivacyBigDataAndThePublicGood.pdf Graphic file (type pdf)

<use 4-LaneEtAlPrivacyBigDataAndThePublicGood.pdf, page 307>
Package pdftex.def Info: 4-LaneEtAlPrivacyBigDataAndThePublicGood.pdf, page307 
used on input line 181.
(pdftex.def)             Requested size: 598.60066pt x 778.11015pt.
 [1037 <./4-LaneEtAlPrivacyBigDataAndThePublicGood.pdf>]

pdfTeX warning: pdflatex (file ./4-LaneEtAlPrivacyBigDataAndThePublicGood.pdf):
 PDF inclusion: found PDF version <1.6>, but at most version <1.5> allowed

<4-LaneEtAlPrivacyBigDataAndThePublicGood.pdf, id=7358, page=308, 612.12692pt x
 796.4154pt>
File: 4-LaneEtAlPrivacyBigDataAndThePublicGood.pdf Graphic file (type pdf)
 <use 4-LaneEtAlPrivacyBigDataAndThePublicGood.pdf, page 308>
Package pdftex.def Info: 4-LaneEtAlPrivacyBigDataAndThePublicGood.pdf, page308 
used on input line 181.
(pdftex.def)             Requested size: 598.60066pt x 778.81693pt.
File: 4-LaneEtAlPrivacyBigDataAndThePublicGood.pdf Graphic file (type pdf)

<use 4-LaneEtAlPrivacyBigDataAndThePublicGood.pdf, page 308>
Package pdftex.def Info: 4-LaneEtAlPrivacyBigDataAndThePublicGood.pdf, page308 
used on input line 181.
(pdftex.def)             Requested size: 598.60066pt x 778.81693pt.
File: 4-LaneEtAlPrivacyBigDataAndThePublicGood.pdf Graphic file (type pdf)

<use 4-LaneEtAlPrivacyBigDataAndThePublicGood.pdf, page 308>
Package pdftex.def Info: 4-LaneEtAlPrivacyBigDataAndThePublicGood.pdf, page308 
used on input line 181.
(pdftex.def)             Requested size: 598.60066pt x 778.81693pt.
 [1038 <./4-LaneEtAlPrivacyBigDataAndThePublicGood.pdf>]

pdfTeX warning: pdflatex (file ./4-LaneEtAlPrivacyBigDataAndThePublicGood.pdf):
 PDF inclusion: found PDF version <1.6>, but at most version <1.5> allowed

<4-LaneEtAlPrivacyBigDataAndThePublicGood.pdf, id=7368, page=309, 612.12692pt x
 795.33133pt>
File: 4-LaneEtAlPrivacyBigDataAndThePublicGood.pdf Graphic file (type pdf)
 <use 4-LaneEtAlPrivacyBigDataAndThePublicGood.pdf, page 309>
Package pdftex.def Info: 4-LaneEtAlPrivacyBigDataAndThePublicGood.pdf, page309 
used on input line 181.
(pdftex.def)             Requested size: 598.60066pt x 777.75679pt.
File: 4-LaneEtAlPrivacyBigDataAndThePublicGood.pdf Graphic file (type pdf)

<use 4-LaneEtAlPrivacyBigDataAndThePublicGood.pdf, page 309>
Package pdftex.def Info: 4-LaneEtAlPrivacyBigDataAndThePublicGood.pdf, page309 
used on input line 181.
(pdftex.def)             Requested size: 598.60066pt x 777.75679pt.
File: 4-LaneEtAlPrivacyBigDataAndThePublicGood.pdf Graphic file (type pdf)

<use 4-LaneEtAlPrivacyBigDataAndThePublicGood.pdf, page 309>
Package pdftex.def Info: 4-LaneEtAlPrivacyBigDataAndThePublicGood.pdf, page309 
used on input line 181.
(pdftex.def)             Requested size: 598.60066pt x 777.75679pt.
 [1039 <./4-LaneEtAlPrivacyBigDataAndThePublicGood.pdf>]

pdfTeX warning: pdflatex (file ./4-LaneEtAlPrivacyBigDataAndThePublicGood.pdf):
 PDF inclusion: found PDF version <1.6>, but at most version <1.5> allowed

<4-LaneEtAlPrivacyBigDataAndThePublicGood.pdf, id=7376, page=310, 611.04286pt x
 796.4154pt>
File: 4-LaneEtAlPrivacyBigDataAndThePublicGood.pdf Graphic file (type pdf)
 <use 4-LaneEtAlPrivacyBigDataAndThePublicGood.pdf, page 310>
Package pdftex.def Info: 4-LaneEtAlPrivacyBigDataAndThePublicGood.pdf, page310 
used on input line 181.
(pdftex.def)             Requested size: 597.54057pt x 778.81693pt.
File: 4-LaneEtAlPrivacyBigDataAndThePublicGood.pdf Graphic file (type pdf)

<use 4-LaneEtAlPrivacyBigDataAndThePublicGood.pdf, page 310>
Package pdftex.def Info: 4-LaneEtAlPrivacyBigDataAndThePublicGood.pdf, page310 
used on input line 181.
(pdftex.def)             Requested size: 597.54057pt x 778.81693pt.
File: 4-LaneEtAlPrivacyBigDataAndThePublicGood.pdf Graphic file (type pdf)

<use 4-LaneEtAlPrivacyBigDataAndThePublicGood.pdf, page 310>
Package pdftex.def Info: 4-LaneEtAlPrivacyBigDataAndThePublicGood.pdf, page310 
used on input line 181.
(pdftex.def)             Requested size: 597.54057pt x 778.81693pt.
 [1040 <./4-LaneEtAlPrivacyBigDataAndThePublicGood.pdf>]

pdfTeX warning: pdflatex (file ./4-LaneEtAlPrivacyBigDataAndThePublicGood.pdf):
 PDF inclusion: found PDF version <1.6>, but at most version <1.5> allowed

<4-LaneEtAlPrivacyBigDataAndThePublicGood.pdf, id=7383, page=311, 611.40419pt x
 794.60866pt>
File: 4-LaneEtAlPrivacyBigDataAndThePublicGood.pdf Graphic file (type pdf)
 <use 4-LaneEtAlPrivacyBigDataAndThePublicGood.pdf, page 311>
Package pdftex.def Info: 4-LaneEtAlPrivacyBigDataAndThePublicGood.pdf, page311 
used on input line 181.
(pdftex.def)             Requested size: 597.89389pt x 777.05008pt.
File: 4-LaneEtAlPrivacyBigDataAndThePublicGood.pdf Graphic file (type pdf)

<use 4-LaneEtAlPrivacyBigDataAndThePublicGood.pdf, page 311>
Package pdftex.def Info: 4-LaneEtAlPrivacyBigDataAndThePublicGood.pdf, page311 
used on input line 181.
(pdftex.def)             Requested size: 597.89389pt x 777.05008pt.
File: 4-LaneEtAlPrivacyBigDataAndThePublicGood.pdf Graphic file (type pdf)

<use 4-LaneEtAlPrivacyBigDataAndThePublicGood.pdf, page 311>
Package pdftex.def Info: 4-LaneEtAlPrivacyBigDataAndThePublicGood.pdf, page311 
used on input line 181.
(pdftex.def)             Requested size: 597.89389pt x 777.05008pt.
 [1041 <./4-LaneEtAlPrivacyBigDataAndThePublicGood.pdf>]

pdfTeX warning: pdflatex (file ./4-LaneEtAlPrivacyBigDataAndThePublicGood.pdf):
 PDF inclusion: found PDF version <1.6>, but at most version <1.5> allowed

<4-LaneEtAlPrivacyBigDataAndThePublicGood.pdf, id=7389, page=312, 611.04286pt x
 794.97pt>
File: 4-LaneEtAlPrivacyBigDataAndThePublicGood.pdf Graphic file (type pdf)
 <use 4-LaneEtAlPrivacyBigDataAndThePublicGood.pdf, page 312>
Package pdftex.def Info: 4-LaneEtAlPrivacyBigDataAndThePublicGood.pdf, page312 
used on input line 181.
(pdftex.def)             Requested size: 597.54057pt x 777.40346pt.
File: 4-LaneEtAlPrivacyBigDataAndThePublicGood.pdf Graphic file (type pdf)

<use 4-LaneEtAlPrivacyBigDataAndThePublicGood.pdf, page 312>
Package pdftex.def Info: 4-LaneEtAlPrivacyBigDataAndThePublicGood.pdf, page312 
used on input line 181.
(pdftex.def)             Requested size: 597.54057pt x 777.40346pt.
File: 4-LaneEtAlPrivacyBigDataAndThePublicGood.pdf Graphic file (type pdf)

<use 4-LaneEtAlPrivacyBigDataAndThePublicGood.pdf, page 312>
Package pdftex.def Info: 4-LaneEtAlPrivacyBigDataAndThePublicGood.pdf, page312 
used on input line 181.
(pdftex.def)             Requested size: 597.54057pt x 777.40346pt.
 [1042 <./4-LaneEtAlPrivacyBigDataAndThePublicGood.pdf>]

pdfTeX warning: pdflatex (file ./4-LaneEtAlPrivacyBigDataAndThePublicGood.pdf):
 PDF inclusion: found PDF version <1.6>, but at most version <1.5> allowed

<4-LaneEtAlPrivacyBigDataAndThePublicGood.pdf, id=7396, page=313, 611.76553pt x
 792.0792pt>
File: 4-LaneEtAlPrivacyBigDataAndThePublicGood.pdf Graphic file (type pdf)
 <use 4-LaneEtAlPrivacyBigDataAndThePublicGood.pdf, page 313>
Package pdftex.def Info: 4-LaneEtAlPrivacyBigDataAndThePublicGood.pdf, page313 
used on input line 181.
(pdftex.def)             Requested size: 598.24727pt x 774.57652pt.
File: 4-LaneEtAlPrivacyBigDataAndThePublicGood.pdf Graphic file (type pdf)

<use 4-LaneEtAlPrivacyBigDataAndThePublicGood.pdf, page 313>
Package pdftex.def Info: 4-LaneEtAlPrivacyBigDataAndThePublicGood.pdf, page313 
used on input line 181.
(pdftex.def)             Requested size: 598.24727pt x 774.57652pt.
File: 4-LaneEtAlPrivacyBigDataAndThePublicGood.pdf Graphic file (type pdf)

<use 4-LaneEtAlPrivacyBigDataAndThePublicGood.pdf, page 313>
Package pdftex.def Info: 4-LaneEtAlPrivacyBigDataAndThePublicGood.pdf, page313 
used on input line 181.
(pdftex.def)             Requested size: 598.24727pt x 774.57652pt.
 [1043 <./4-LaneEtAlPrivacyBigDataAndThePublicGood.pdf>]

pdfTeX warning: pdflatex (file ./4-LaneEtAlPrivacyBigDataAndThePublicGood.pdf):
 PDF inclusion: found PDF version <1.6>, but at most version <1.5> allowed

<4-LaneEtAlPrivacyBigDataAndThePublicGood.pdf, id=7403, page=314, 611.76553pt x
 796.05406pt>
File: 4-LaneEtAlPrivacyBigDataAndThePublicGood.pdf Graphic file (type pdf)
 <use 4-LaneEtAlPrivacyBigDataAndThePublicGood.pdf, page 314>
Package pdftex.def Info: 4-LaneEtAlPrivacyBigDataAndThePublicGood.pdf, page314 
used on input line 181.
(pdftex.def)             Requested size: 598.24727pt x 778.46355pt.
File: 4-LaneEtAlPrivacyBigDataAndThePublicGood.pdf Graphic file (type pdf)

<use 4-LaneEtAlPrivacyBigDataAndThePublicGood.pdf, page 314>
Package pdftex.def Info: 4-LaneEtAlPrivacyBigDataAndThePublicGood.pdf, page314 
used on input line 181.
(pdftex.def)             Requested size: 598.24727pt x 778.46355pt.
File: 4-LaneEtAlPrivacyBigDataAndThePublicGood.pdf Graphic file (type pdf)

<use 4-LaneEtAlPrivacyBigDataAndThePublicGood.pdf, page 314>
Package pdftex.def Info: 4-LaneEtAlPrivacyBigDataAndThePublicGood.pdf, page314 
used on input line 181.
(pdftex.def)             Requested size: 598.24727pt x 778.46355pt.
 [1044 <./4-LaneEtAlPrivacyBigDataAndThePublicGood.pdf>]

pdfTeX warning: pdflatex (file ./4-LaneEtAlPrivacyBigDataAndThePublicGood.pdf):
 PDF inclusion: found PDF version <1.6>, but at most version <1.5> allowed

<4-LaneEtAlPrivacyBigDataAndThePublicGood.pdf, id=7408, page=315, 610.32013pt x
 793.16327pt>
File: 4-LaneEtAlPrivacyBigDataAndThePublicGood.pdf Graphic file (type pdf)
 <use 4-LaneEtAlPrivacyBigDataAndThePublicGood.pdf, page 315>
Package pdftex.def Info: 4-LaneEtAlPrivacyBigDataAndThePublicGood.pdf, page315 
used on input line 181.
(pdftex.def)             Requested size: 596.8338pt x 775.63664pt.
File: 4-LaneEtAlPrivacyBigDataAndThePublicGood.pdf Graphic file (type pdf)

<use 4-LaneEtAlPrivacyBigDataAndThePublicGood.pdf, page 315>
Package pdftex.def Info: 4-LaneEtAlPrivacyBigDataAndThePublicGood.pdf, page315 
used on input line 181.
(pdftex.def)             Requested size: 596.8338pt x 775.63664pt.
File: 4-LaneEtAlPrivacyBigDataAndThePublicGood.pdf Graphic file (type pdf)

<use 4-LaneEtAlPrivacyBigDataAndThePublicGood.pdf, page 315>
Package pdftex.def Info: 4-LaneEtAlPrivacyBigDataAndThePublicGood.pdf, page315 
used on input line 181.
(pdftex.def)             Requested size: 596.8338pt x 775.63664pt.
 [1045 <./4-LaneEtAlPrivacyBigDataAndThePublicGood.pdf>]

pdfTeX warning: pdflatex (file ./4-LaneEtAlPrivacyBigDataAndThePublicGood.pdf):
 PDF inclusion: found PDF version <1.6>, but at most version <1.5> allowed

<4-LaneEtAlPrivacyBigDataAndThePublicGood.pdf, id=7417, page=316, 611.40419pt x
 795.69267pt>
File: 4-LaneEtAlPrivacyBigDataAndThePublicGood.pdf Graphic file (type pdf)
 <use 4-LaneEtAlPrivacyBigDataAndThePublicGood.pdf, page 316>
Package pdftex.def Info: 4-LaneEtAlPrivacyBigDataAndThePublicGood.pdf, page316 
used on input line 181.
(pdftex.def)             Requested size: 597.89389pt x 778.11015pt.
File: 4-LaneEtAlPrivacyBigDataAndThePublicGood.pdf Graphic file (type pdf)

<use 4-LaneEtAlPrivacyBigDataAndThePublicGood.pdf, page 316>
Package pdftex.def Info: 4-LaneEtAlPrivacyBigDataAndThePublicGood.pdf, page316 
used on input line 181.
(pdftex.def)             Requested size: 597.89389pt x 778.11015pt.
File: 4-LaneEtAlPrivacyBigDataAndThePublicGood.pdf Graphic file (type pdf)

<use 4-LaneEtAlPrivacyBigDataAndThePublicGood.pdf, page 316>
Package pdftex.def Info: 4-LaneEtAlPrivacyBigDataAndThePublicGood.pdf, page316 
used on input line 181.
(pdftex.def)             Requested size: 597.89389pt x 778.11015pt.
 [1046 <./4-LaneEtAlPrivacyBigDataAndThePublicGood.pdf>]

pdfTeX warning: pdflatex (file ./4-LaneEtAlPrivacyBigDataAndThePublicGood.pdf):
 PDF inclusion: found PDF version <1.6>, but at most version <1.5> allowed

<4-LaneEtAlPrivacyBigDataAndThePublicGood.pdf, id=7427, page=317, 611.76553pt x
 793.5246pt>
File: 4-LaneEtAlPrivacyBigDataAndThePublicGood.pdf Graphic file (type pdf)
 <use 4-LaneEtAlPrivacyBigDataAndThePublicGood.pdf, page 317>
Package pdftex.def Info: 4-LaneEtAlPrivacyBigDataAndThePublicGood.pdf, page317 
used on input line 181.
(pdftex.def)             Requested size: 598.24727pt x 775.98999pt.
File: 4-LaneEtAlPrivacyBigDataAndThePublicGood.pdf Graphic file (type pdf)

<use 4-LaneEtAlPrivacyBigDataAndThePublicGood.pdf, page 317>
Package pdftex.def Info: 4-LaneEtAlPrivacyBigDataAndThePublicGood.pdf, page317 
used on input line 181.
(pdftex.def)             Requested size: 598.24727pt x 775.98999pt.
File: 4-LaneEtAlPrivacyBigDataAndThePublicGood.pdf Graphic file (type pdf)

<use 4-LaneEtAlPrivacyBigDataAndThePublicGood.pdf, page 317>
Package pdftex.def Info: 4-LaneEtAlPrivacyBigDataAndThePublicGood.pdf, page317 
used on input line 181.
(pdftex.def)             Requested size: 598.24727pt x 775.98999pt.
 [1047 <./4-LaneEtAlPrivacyBigDataAndThePublicGood.pdf>]

pdfTeX warning: pdflatex (file ./4-LaneEtAlPrivacyBigDataAndThePublicGood.pdf):
 PDF inclusion: found PDF version <1.6>, but at most version <1.5> allowed

<4-LaneEtAlPrivacyBigDataAndThePublicGood.pdf, id=7435, page=318, 611.76553pt x
 795.69267pt>
File: 4-LaneEtAlPrivacyBigDataAndThePublicGood.pdf Graphic file (type pdf)
 <use 4-LaneEtAlPrivacyBigDataAndThePublicGood.pdf, page 318>
Package pdftex.def Info: 4-LaneEtAlPrivacyBigDataAndThePublicGood.pdf, page318 
used on input line 181.
(pdftex.def)             Requested size: 598.24727pt x 778.11015pt.
File: 4-LaneEtAlPrivacyBigDataAndThePublicGood.pdf Graphic file (type pdf)

<use 4-LaneEtAlPrivacyBigDataAndThePublicGood.pdf, page 318>
Package pdftex.def Info: 4-LaneEtAlPrivacyBigDataAndThePublicGood.pdf, page318 
used on input line 181.
(pdftex.def)             Requested size: 598.24727pt x 778.11015pt.
File: 4-LaneEtAlPrivacyBigDataAndThePublicGood.pdf Graphic file (type pdf)

<use 4-LaneEtAlPrivacyBigDataAndThePublicGood.pdf, page 318>
Package pdftex.def Info: 4-LaneEtAlPrivacyBigDataAndThePublicGood.pdf, page318 
used on input line 181.
(pdftex.def)             Requested size: 598.24727pt x 778.11015pt.
 [1048 <./4-LaneEtAlPrivacyBigDataAndThePublicGood.pdf>] [1049

]
<5-Decision_making.pdf, id=7450, 597.50829pt x 845.0471pt>
File: 5-Decision_making.pdf Graphic file (type pdf)

<use 5-Decision_making.pdf>
Package pdftex.def Info: 5-Decision_making.pdf used on input line 185.
(pdftex.def)             Requested size: 597.50682pt x 845.04504pt.
File: 5-Decision_making.pdf Graphic file (type pdf)
 <use 5-Decision_making.pdf>
Package pdftex.def Info: 5-Decision_making.pdf used on input line 185.
(pdftex.def)             Requested size: 597.50682pt x 845.04504pt.

<5-Decision_making.pdf, id=7453, page=1, 597.50829pt x 845.0471pt>
File: 5-Decision_making.pdf Graphic file (type pdf)

<use 5-Decision_making.pdf, page 1>
Package pdftex.def Info: 5-Decision_making.pdf, page1 used on input line 185.
(pdftex.def)             Requested size: 597.50682pt x 845.04504pt.
File: 5-Decision_making.pdf Graphic file (type pdf)
 <use 5-Decision_making.pdf, page 1>
Package pdftex.def Info: 5-Decision_making.pdf, page1 used on input line 185.
(pdftex.def)             Requested size: 597.53416pt x 845.08372pt.
File: 5-Decision_making.pdf Graphic file (type pdf)

<use 5-Decision_making.pdf, page 1>
Package pdftex.def Info: 5-Decision_making.pdf, page1 used on input line 185.
(pdftex.def)             Requested size: 597.53416pt x 845.08372pt.
File: 5-Decision_making.pdf Graphic file (type pdf)
 <use 5-Decision_making.pdf, page 1>
Package pdftex.def Info: 5-Decision_making.pdf, page1 used on input line 185.
(pdftex.def)             Requested size: 597.53416pt x 845.08372pt.
File: 5-Decision_making.pdf Graphic file (type pdf)

<use 5-Decision_making.pdf, page 1>
Package pdftex.def Info: 5-Decision_making.pdf, page1 used on input line 185.
(pdftex.def)             Requested size: 597.53416pt x 845.08372pt.
 [1050

 <./5-Decision_making.pdf>]
<5-Decision_making.pdf, id=7472, page=2, 597.50829pt x 845.0471pt>
File: 5-Decision_making.pdf Graphic file (type pdf)

<use 5-Decision_making.pdf, page 2>
Package pdftex.def Info: 5-Decision_making.pdf, page2 used on input line 185.
(pdftex.def)             Requested size: 597.53416pt x 845.08372pt.
File: 5-Decision_making.pdf Graphic file (type pdf)
 <use 5-Decision_making.pdf, page 2>
Package pdftex.def Info: 5-Decision_making.pdf, page2 used on input line 185.
(pdftex.def)             Requested size: 597.53416pt x 845.08372pt.
File: 5-Decision_making.pdf Graphic file (type pdf)

<use 5-Decision_making.pdf, page 2>
Package pdftex.def Info: 5-Decision_making.pdf, page2 used on input line 185.
(pdftex.def)             Requested size: 597.53416pt x 845.08372pt.
 [1051 <./5-Decision_making.pdf>]
<5-Decision_making.pdf, id=7478, page=3, 597.50829pt x 845.0471pt>
File: 5-Decision_making.pdf Graphic file (type pdf)

<use 5-Decision_making.pdf, page 3>
Package pdftex.def Info: 5-Decision_making.pdf, page3 used on input line 185.
(pdftex.def)             Requested size: 597.53416pt x 845.08372pt.
File: 5-Decision_making.pdf Graphic file (type pdf)
 <use 5-Decision_making.pdf, page 3>
Package pdftex.def Info: 5-Decision_making.pdf, page3 used on input line 185.
(pdftex.def)             Requested size: 597.53416pt x 845.08372pt.
File: 5-Decision_making.pdf Graphic file (type pdf)

<use 5-Decision_making.pdf, page 3>
Package pdftex.def Info: 5-Decision_making.pdf, page3 used on input line 185.
(pdftex.def)             Requested size: 597.53416pt x 845.08372pt.
 [1052 <./5-Decision_making.pdf>]
<5-Decision_making.pdf, id=7491, page=4, 597.50829pt x 845.0471pt>
File: 5-Decision_making.pdf Graphic file (type pdf)

<use 5-Decision_making.pdf, page 4>
Package pdftex.def Info: 5-Decision_making.pdf, page4 used on input line 185.
(pdftex.def)             Requested size: 597.53416pt x 845.08372pt.
File: 5-Decision_making.pdf Graphic file (type pdf)
 <use 5-Decision_making.pdf, page 4>
Package pdftex.def Info: 5-Decision_making.pdf, page4 used on input line 185.
(pdftex.def)             Requested size: 597.53416pt x 845.08372pt.
File: 5-Decision_making.pdf Graphic file (type pdf)

<use 5-Decision_making.pdf, page 4>
Package pdftex.def Info: 5-Decision_making.pdf, page4 used on input line 185.
(pdftex.def)             Requested size: 597.53416pt x 845.08372pt.
 [1053 <./5-Decision_making.pdf>]
<5-Decision_making.pdf, id=7501, page=5, 597.50829pt x 845.0471pt>
File: 5-Decision_making.pdf Graphic file (type pdf)

<use 5-Decision_making.pdf, page 5>
Package pdftex.def Info: 5-Decision_making.pdf, page5 used on input line 185.
(pdftex.def)             Requested size: 597.53416pt x 845.08372pt.
File: 5-Decision_making.pdf Graphic file (type pdf)
 <use 5-Decision_making.pdf, page 5>
Package pdftex.def Info: 5-Decision_making.pdf, page5 used on input line 185.
(pdftex.def)             Requested size: 597.53416pt x 845.08372pt.
File: 5-Decision_making.pdf Graphic file (type pdf)

<use 5-Decision_making.pdf, page 5>
Package pdftex.def Info: 5-Decision_making.pdf, page5 used on input line 185.
(pdftex.def)             Requested size: 597.53416pt x 845.08372pt.
 [1054 <./5-Decision_making.pdf>]
<5-Decision_making.pdf, id=7506, page=6, 597.50829pt x 845.0471pt>
File: 5-Decision_making.pdf Graphic file (type pdf)

<use 5-Decision_making.pdf, page 6>
Package pdftex.def Info: 5-Decision_making.pdf, page6 used on input line 185.
(pdftex.def)             Requested size: 597.53416pt x 845.08372pt.
File: 5-Decision_making.pdf Graphic file (type pdf)
 <use 5-Decision_making.pdf, page 6>
Package pdftex.def Info: 5-Decision_making.pdf, page6 used on input line 185.
(pdftex.def)             Requested size: 597.53416pt x 845.08372pt.
File: 5-Decision_making.pdf Graphic file (type pdf)

<use 5-Decision_making.pdf, page 6>
Package pdftex.def Info: 5-Decision_making.pdf, page6 used on input line 185.
(pdftex.def)             Requested size: 597.53416pt x 845.08372pt.
 [1055 <./5-Decision_making.pdf>]
<5-Decision_making.pdf, id=7511, page=7, 597.50829pt x 845.0471pt>
File: 5-Decision_making.pdf Graphic file (type pdf)

<use 5-Decision_making.pdf, page 7>
Package pdftex.def Info: 5-Decision_making.pdf, page7 used on input line 185.
(pdftex.def)             Requested size: 597.53416pt x 845.08372pt.
File: 5-Decision_making.pdf Graphic file (type pdf)
 <use 5-Decision_making.pdf, page 7>
Package pdftex.def Info: 5-Decision_making.pdf, page7 used on input line 185.
(pdftex.def)             Requested size: 597.53416pt x 845.08372pt.
File: 5-Decision_making.pdf Graphic file (type pdf)

<use 5-Decision_making.pdf, page 7>
Package pdftex.def Info: 5-Decision_making.pdf, page7 used on input line 185.
(pdftex.def)             Requested size: 597.53416pt x 845.08372pt.
 [1056 <./5-Decision_making.pdf>]
<5-Decision_making.pdf, id=7516, page=8, 597.50829pt x 845.0471pt>
File: 5-Decision_making.pdf Graphic file (type pdf)

<use 5-Decision_making.pdf, page 8>
Package pdftex.def Info: 5-Decision_making.pdf, page8 used on input line 185.
(pdftex.def)             Requested size: 597.53416pt x 845.08372pt.
File: 5-Decision_making.pdf Graphic file (type pdf)
 <use 5-Decision_making.pdf, page 8>
Package pdftex.def Info: 5-Decision_making.pdf, page8 used on input line 185.
(pdftex.def)             Requested size: 597.53416pt x 845.08372pt.
File: 5-Decision_making.pdf Graphic file (type pdf)

<use 5-Decision_making.pdf, page 8>
Package pdftex.def Info: 5-Decision_making.pdf, page8 used on input line 185.
(pdftex.def)             Requested size: 597.53416pt x 845.08372pt.
 [1057 <./5-Decision_making.pdf>]
<5-Decision_making.pdf, id=7522, page=9, 597.50829pt x 845.0471pt>
File: 5-Decision_making.pdf Graphic file (type pdf)

<use 5-Decision_making.pdf, page 9>
Package pdftex.def Info: 5-Decision_making.pdf, page9 used on input line 185.
(pdftex.def)             Requested size: 597.53416pt x 845.08372pt.
File: 5-Decision_making.pdf Graphic file (type pdf)
 <use 5-Decision_making.pdf, page 9>
Package pdftex.def Info: 5-Decision_making.pdf, page9 used on input line 185.
(pdftex.def)             Requested size: 597.53416pt x 845.08372pt.
File: 5-Decision_making.pdf Graphic file (type pdf)

<use 5-Decision_making.pdf, page 9>
Package pdftex.def Info: 5-Decision_making.pdf, page9 used on input line 185.
(pdftex.def)             Requested size: 597.53416pt x 845.08372pt.
 [1058 <./5-Decision_making.pdf>]
<5-Decision_making.pdf, id=7527, page=10, 597.50829pt x 845.0471pt>
File: 5-Decision_making.pdf Graphic file (type pdf)

<use 5-Decision_making.pdf, page 10>
Package pdftex.def Info: 5-Decision_making.pdf, page10 used on input line 185.
(pdftex.def)             Requested size: 597.53416pt x 845.08372pt.
File: 5-Decision_making.pdf Graphic file (type pdf)
 <use 5-Decision_making.pdf, page 10>
Package pdftex.def Info: 5-Decision_making.pdf, page10 used on input line 185.
(pdftex.def)             Requested size: 597.53416pt x 845.08372pt.
File: 5-Decision_making.pdf Graphic file (type pdf)

<use 5-Decision_making.pdf, page 10>
Package pdftex.def Info: 5-Decision_making.pdf, page10 used on input line 185.
(pdftex.def)             Requested size: 597.53416pt x 845.08372pt.
 [1059 <./5-Decision_making.pdf>]
<5-Decision_making.pdf, id=7540, page=11, 597.50829pt x 845.0471pt>
File: 5-Decision_making.pdf Graphic file (type pdf)

<use 5-Decision_making.pdf, page 11>
Package pdftex.def Info: 5-Decision_making.pdf, page11 used on input line 185.
(pdftex.def)             Requested size: 597.53416pt x 845.08372pt.
File: 5-Decision_making.pdf Graphic file (type pdf)
 <use 5-Decision_making.pdf, page 11>
Package pdftex.def Info: 5-Decision_making.pdf, page11 used on input line 185.
(pdftex.def)             Requested size: 597.53416pt x 845.08372pt.
File: 5-Decision_making.pdf Graphic file (type pdf)

<use 5-Decision_making.pdf, page 11>
Package pdftex.def Info: 5-Decision_making.pdf, page11 used on input line 185.
(pdftex.def)             Requested size: 597.53416pt x 845.08372pt.
 [1060 <./5-Decision_making.pdf>]
<5-Decision_making.pdf, id=7551, page=12, 597.50829pt x 845.0471pt>
File: 5-Decision_making.pdf Graphic file (type pdf)

<use 5-Decision_making.pdf, page 12>
Package pdftex.def Info: 5-Decision_making.pdf, page12 used on input line 185.
(pdftex.def)             Requested size: 597.53416pt x 845.08372pt.
File: 5-Decision_making.pdf Graphic file (type pdf)
 <use 5-Decision_making.pdf, page 12>
Package pdftex.def Info: 5-Decision_making.pdf, page12 used on input line 185.
(pdftex.def)             Requested size: 597.53416pt x 845.08372pt.
File: 5-Decision_making.pdf Graphic file (type pdf)

<use 5-Decision_making.pdf, page 12>
Package pdftex.def Info: 5-Decision_making.pdf, page12 used on input line 185.
(pdftex.def)             Requested size: 597.53416pt x 845.08372pt.
 [1061 <./5-Decision_making.pdf>]
<5-Decision_making.pdf, id=7556, page=13, 597.50829pt x 845.0471pt>
File: 5-Decision_making.pdf Graphic file (type pdf)

<use 5-Decision_making.pdf, page 13>
Package pdftex.def Info: 5-Decision_making.pdf, page13 used on input line 185.
(pdftex.def)             Requested size: 597.53416pt x 845.08372pt.
File: 5-Decision_making.pdf Graphic file (type pdf)
 <use 5-Decision_making.pdf, page 13>
Package pdftex.def Info: 5-Decision_making.pdf, page13 used on input line 185.
(pdftex.def)             Requested size: 597.53416pt x 845.08372pt.
File: 5-Decision_making.pdf Graphic file (type pdf)

<use 5-Decision_making.pdf, page 13>
Package pdftex.def Info: 5-Decision_making.pdf, page13 used on input line 185.
(pdftex.def)             Requested size: 597.53416pt x 845.08372pt.
 [1062 <./5-Decision_making.pdf>]
<5-Decision_making.pdf, id=7561, page=14, 597.50829pt x 845.0471pt>
File: 5-Decision_making.pdf Graphic file (type pdf)

<use 5-Decision_making.pdf, page 14>
Package pdftex.def Info: 5-Decision_making.pdf, page14 used on input line 185.
(pdftex.def)             Requested size: 597.53416pt x 845.08372pt.
File: 5-Decision_making.pdf Graphic file (type pdf)
 <use 5-Decision_making.pdf, page 14>
Package pdftex.def Info: 5-Decision_making.pdf, page14 used on input line 185.
(pdftex.def)             Requested size: 597.53416pt x 845.08372pt.
File: 5-Decision_making.pdf Graphic file (type pdf)

<use 5-Decision_making.pdf, page 14>
Package pdftex.def Info: 5-Decision_making.pdf, page14 used on input line 185.
(pdftex.def)             Requested size: 597.53416pt x 845.08372pt.
 [1063 <./5-Decision_making.pdf>]
<5-Decision_making.pdf, id=7567, page=15, 597.50829pt x 845.0471pt>
File: 5-Decision_making.pdf Graphic file (type pdf)

<use 5-Decision_making.pdf, page 15>
Package pdftex.def Info: 5-Decision_making.pdf, page15 used on input line 185.
(pdftex.def)             Requested size: 597.53416pt x 845.08372pt.
File: 5-Decision_making.pdf Graphic file (type pdf)
 <use 5-Decision_making.pdf, page 15>
Package pdftex.def Info: 5-Decision_making.pdf, page15 used on input line 185.
(pdftex.def)             Requested size: 597.53416pt x 845.08372pt.
File: 5-Decision_making.pdf Graphic file (type pdf)

<use 5-Decision_making.pdf, page 15>
Package pdftex.def Info: 5-Decision_making.pdf, page15 used on input line 185.
(pdftex.def)             Requested size: 597.53416pt x 845.08372pt.
 [1064 <./5-Decision_making.pdf>]
<5-Decision_making.pdf, id=7572, page=16, 597.50829pt x 845.0471pt>
File: 5-Decision_making.pdf Graphic file (type pdf)

<use 5-Decision_making.pdf, page 16>
Package pdftex.def Info: 5-Decision_making.pdf, page16 used on input line 185.
(pdftex.def)             Requested size: 597.53416pt x 845.08372pt.
File: 5-Decision_making.pdf Graphic file (type pdf)
 <use 5-Decision_making.pdf, page 16>
Package pdftex.def Info: 5-Decision_making.pdf, page16 used on input line 185.
(pdftex.def)             Requested size: 597.53416pt x 845.08372pt.
File: 5-Decision_making.pdf Graphic file (type pdf)

<use 5-Decision_making.pdf, page 16>
Package pdftex.def Info: 5-Decision_making.pdf, page16 used on input line 185.
(pdftex.def)             Requested size: 597.53416pt x 845.08372pt.
 [1065 <./5-Decision_making.pdf>]
<5-Decision_making.pdf, id=7618, page=17, 597.50829pt x 845.0471pt>
File: 5-Decision_making.pdf Graphic file (type pdf)

<use 5-Decision_making.pdf, page 17>
Package pdftex.def Info: 5-Decision_making.pdf, page17 used on input line 185.
(pdftex.def)             Requested size: 597.53416pt x 845.08372pt.
File: 5-Decision_making.pdf Graphic file (type pdf)
 <use 5-Decision_making.pdf, page 17>
Package pdftex.def Info: 5-Decision_making.pdf, page17 used on input line 185.
(pdftex.def)             Requested size: 597.53416pt x 845.08372pt.
File: 5-Decision_making.pdf Graphic file (type pdf)

<use 5-Decision_making.pdf, page 17>
Package pdftex.def Info: 5-Decision_making.pdf, page17 used on input line 185.
(pdftex.def)             Requested size: 597.53416pt x 845.08372pt.
 [1066 <./5-Decision_making.pdf>]
<5-Decision_making.pdf, id=7628, page=18, 597.50829pt x 845.0471pt>
File: 5-Decision_making.pdf Graphic file (type pdf)

<use 5-Decision_making.pdf, page 18>
Package pdftex.def Info: 5-Decision_making.pdf, page18 used on input line 185.
(pdftex.def)             Requested size: 597.53416pt x 845.08372pt.
File: 5-Decision_making.pdf Graphic file (type pdf)
 <use 5-Decision_making.pdf, page 18>
Package pdftex.def Info: 5-Decision_making.pdf, page18 used on input line 185.
(pdftex.def)             Requested size: 597.53416pt x 845.08372pt.
File: 5-Decision_making.pdf Graphic file (type pdf)

<use 5-Decision_making.pdf, page 18>
Package pdftex.def Info: 5-Decision_making.pdf, page18 used on input line 185.
(pdftex.def)             Requested size: 597.53416pt x 845.08372pt.
 [1067 <./5-Decision_making.pdf>]
<5-Decision_making.pdf, id=7653, page=19, 597.50829pt x 845.0471pt>
File: 5-Decision_making.pdf Graphic file (type pdf)

<use 5-Decision_making.pdf, page 19>
Package pdftex.def Info: 5-Decision_making.pdf, page19 used on input line 185.
(pdftex.def)             Requested size: 597.53416pt x 845.08372pt.
File: 5-Decision_making.pdf Graphic file (type pdf)
 <use 5-Decision_making.pdf, page 19>
Package pdftex.def Info: 5-Decision_making.pdf, page19 used on input line 185.
(pdftex.def)             Requested size: 597.53416pt x 845.08372pt.
File: 5-Decision_making.pdf Graphic file (type pdf)

<use 5-Decision_making.pdf, page 19>
Package pdftex.def Info: 5-Decision_making.pdf, page19 used on input line 185.
(pdftex.def)             Requested size: 597.53416pt x 845.08372pt.
 [1068 <./5-Decision_making.pdf>]
<5-Decision_making.pdf, id=7658, page=20, 597.50829pt x 845.0471pt>
File: 5-Decision_making.pdf Graphic file (type pdf)

<use 5-Decision_making.pdf, page 20>
Package pdftex.def Info: 5-Decision_making.pdf, page20 used on input line 185.
(pdftex.def)             Requested size: 597.53416pt x 845.08372pt.
File: 5-Decision_making.pdf Graphic file (type pdf)
 <use 5-Decision_making.pdf, page 20>
Package pdftex.def Info: 5-Decision_making.pdf, page20 used on input line 185.
(pdftex.def)             Requested size: 597.53416pt x 845.08372pt.
File: 5-Decision_making.pdf Graphic file (type pdf)

<use 5-Decision_making.pdf, page 20>
Package pdftex.def Info: 5-Decision_making.pdf, page20 used on input line 185.
(pdftex.def)             Requested size: 597.53416pt x 845.08372pt.
 [1069 <./5-Decision_making.pdf>]
<5-Decision_making.pdf, id=7664, page=21, 597.50829pt x 845.0471pt>
File: 5-Decision_making.pdf Graphic file (type pdf)

<use 5-Decision_making.pdf, page 21>
Package pdftex.def Info: 5-Decision_making.pdf, page21 used on input line 185.
(pdftex.def)             Requested size: 597.53416pt x 845.08372pt.
File: 5-Decision_making.pdf Graphic file (type pdf)
 <use 5-Decision_making.pdf, page 21>
Package pdftex.def Info: 5-Decision_making.pdf, page21 used on input line 185.
(pdftex.def)             Requested size: 597.53416pt x 845.08372pt.
File: 5-Decision_making.pdf Graphic file (type pdf)

<use 5-Decision_making.pdf, page 21>
Package pdftex.def Info: 5-Decision_making.pdf, page21 used on input line 185.
(pdftex.def)             Requested size: 597.53416pt x 845.08372pt.
 [1070 <./5-Decision_making.pdf>]
<5-Decision_making.pdf, id=7679, page=22, 597.50829pt x 845.0471pt>
File: 5-Decision_making.pdf Graphic file (type pdf)

<use 5-Decision_making.pdf, page 22>
Package pdftex.def Info: 5-Decision_making.pdf, page22 used on input line 185.
(pdftex.def)             Requested size: 597.53416pt x 845.08372pt.
File: 5-Decision_making.pdf Graphic file (type pdf)
 <use 5-Decision_making.pdf, page 22>
Package pdftex.def Info: 5-Decision_making.pdf, page22 used on input line 185.
(pdftex.def)             Requested size: 597.53416pt x 845.08372pt.
File: 5-Decision_making.pdf Graphic file (type pdf)

<use 5-Decision_making.pdf, page 22>
Package pdftex.def Info: 5-Decision_making.pdf, page22 used on input line 185.
(pdftex.def)             Requested size: 597.53416pt x 845.08372pt.
 [1071 <./5-Decision_making.pdf>]
<5-Decision_making.pdf, id=7689, page=23, 597.50829pt x 845.0471pt>
File: 5-Decision_making.pdf Graphic file (type pdf)

<use 5-Decision_making.pdf, page 23>
Package pdftex.def Info: 5-Decision_making.pdf, page23 used on input line 185.
(pdftex.def)             Requested size: 597.53416pt x 845.08372pt.
File: 5-Decision_making.pdf Graphic file (type pdf)
 <use 5-Decision_making.pdf, page 23>
Package pdftex.def Info: 5-Decision_making.pdf, page23 used on input line 185.
(pdftex.def)             Requested size: 597.53416pt x 845.08372pt.
File: 5-Decision_making.pdf Graphic file (type pdf)

<use 5-Decision_making.pdf, page 23>
Package pdftex.def Info: 5-Decision_making.pdf, page23 used on input line 185.
(pdftex.def)             Requested size: 597.53416pt x 845.08372pt.
 [1072 <./5-Decision_making.pdf>]
<5-Decision_making.pdf, id=7699, page=24, 597.50829pt x 845.0471pt>
File: 5-Decision_making.pdf Graphic file (type pdf)

<use 5-Decision_making.pdf, page 24>
Package pdftex.def Info: 5-Decision_making.pdf, page24 used on input line 185.
(pdftex.def)             Requested size: 597.53416pt x 845.08372pt.
File: 5-Decision_making.pdf Graphic file (type pdf)
 <use 5-Decision_making.pdf, page 24>
Package pdftex.def Info: 5-Decision_making.pdf, page24 used on input line 185.
(pdftex.def)             Requested size: 597.53416pt x 845.08372pt.
File: 5-Decision_making.pdf Graphic file (type pdf)

<use 5-Decision_making.pdf, page 24>
Package pdftex.def Info: 5-Decision_making.pdf, page24 used on input line 185.
(pdftex.def)             Requested size: 597.53416pt x 845.08372pt.
 [1073 <./5-Decision_making.pdf>]
<5-Decision_making.pdf, id=7704, page=25, 597.50829pt x 845.0471pt>
File: 5-Decision_making.pdf Graphic file (type pdf)

<use 5-Decision_making.pdf, page 25>
Package pdftex.def Info: 5-Decision_making.pdf, page25 used on input line 185.
(pdftex.def)             Requested size: 597.53416pt x 845.08372pt.
File: 5-Decision_making.pdf Graphic file (type pdf)
 <use 5-Decision_making.pdf, page 25>
Package pdftex.def Info: 5-Decision_making.pdf, page25 used on input line 185.
(pdftex.def)             Requested size: 597.53416pt x 845.08372pt.
File: 5-Decision_making.pdf Graphic file (type pdf)

<use 5-Decision_making.pdf, page 25>
Package pdftex.def Info: 5-Decision_making.pdf, page25 used on input line 185.
(pdftex.def)             Requested size: 597.53416pt x 845.08372pt.
 [1074 <./5-Decision_making.pdf>]
<5-Decision_making.pdf, id=7709, page=26, 597.50829pt x 845.0471pt>
File: 5-Decision_making.pdf Graphic file (type pdf)

<use 5-Decision_making.pdf, page 26>
Package pdftex.def Info: 5-Decision_making.pdf, page26 used on input line 185.
(pdftex.def)             Requested size: 597.53416pt x 845.08372pt.
File: 5-Decision_making.pdf Graphic file (type pdf)
 <use 5-Decision_making.pdf, page 26>
Package pdftex.def Info: 5-Decision_making.pdf, page26 used on input line 185.
(pdftex.def)             Requested size: 597.53416pt x 845.08372pt.
File: 5-Decision_making.pdf Graphic file (type pdf)

<use 5-Decision_making.pdf, page 26>
Package pdftex.def Info: 5-Decision_making.pdf, page26 used on input line 185.
(pdftex.def)             Requested size: 597.53416pt x 845.08372pt.
 [1075 <./5-Decision_making.pdf>]
<5-Decision_making.pdf, id=7715, page=27, 597.50829pt x 845.0471pt>
File: 5-Decision_making.pdf Graphic file (type pdf)

<use 5-Decision_making.pdf, page 27>
Package pdftex.def Info: 5-Decision_making.pdf, page27 used on input line 185.
(pdftex.def)             Requested size: 597.53416pt x 845.08372pt.
File: 5-Decision_making.pdf Graphic file (type pdf)
 <use 5-Decision_making.pdf, page 27>
Package pdftex.def Info: 5-Decision_making.pdf, page27 used on input line 185.
(pdftex.def)             Requested size: 597.53416pt x 845.08372pt.
File: 5-Decision_making.pdf Graphic file (type pdf)

<use 5-Decision_making.pdf, page 27>
Package pdftex.def Info: 5-Decision_making.pdf, page27 used on input line 185.
(pdftex.def)             Requested size: 597.53416pt x 845.08372pt.
 [1076 <./5-Decision_making.pdf>]
<5-Decision_making.pdf, id=7720, page=28, 597.50829pt x 845.0471pt>
File: 5-Decision_making.pdf Graphic file (type pdf)

<use 5-Decision_making.pdf, page 28>
Package pdftex.def Info: 5-Decision_making.pdf, page28 used on input line 185.
(pdftex.def)             Requested size: 597.53416pt x 845.08372pt.
File: 5-Decision_making.pdf Graphic file (type pdf)
 <use 5-Decision_making.pdf, page 28>
Package pdftex.def Info: 5-Decision_making.pdf, page28 used on input line 185.
(pdftex.def)             Requested size: 597.53416pt x 845.08372pt.
File: 5-Decision_making.pdf Graphic file (type pdf)

<use 5-Decision_making.pdf, page 28>
Package pdftex.def Info: 5-Decision_making.pdf, page28 used on input line 185.
(pdftex.def)             Requested size: 597.53416pt x 845.08372pt.
 [1077 <./5-Decision_making.pdf>]
<5-Decision_making.pdf, id=7726, page=29, 597.50829pt x 845.0471pt>
File: 5-Decision_making.pdf Graphic file (type pdf)

<use 5-Decision_making.pdf, page 29>
Package pdftex.def Info: 5-Decision_making.pdf, page29 used on input line 185.
(pdftex.def)             Requested size: 597.53416pt x 845.08372pt.
File: 5-Decision_making.pdf Graphic file (type pdf)
 <use 5-Decision_making.pdf, page 29>
Package pdftex.def Info: 5-Decision_making.pdf, page29 used on input line 185.
(pdftex.def)             Requested size: 597.53416pt x 845.08372pt.
File: 5-Decision_making.pdf Graphic file (type pdf)

<use 5-Decision_making.pdf, page 29>
Package pdftex.def Info: 5-Decision_making.pdf, page29 used on input line 185.
(pdftex.def)             Requested size: 597.53416pt x 845.08372pt.
 [1078 <./5-Decision_making.pdf>]
<5-Decision_making.pdf, id=7737, page=30, 597.50829pt x 845.0471pt>
File: 5-Decision_making.pdf Graphic file (type pdf)

<use 5-Decision_making.pdf, page 30>
Package pdftex.def Info: 5-Decision_making.pdf, page30 used on input line 185.
(pdftex.def)             Requested size: 597.53416pt x 845.08372pt.
File: 5-Decision_making.pdf Graphic file (type pdf)
 <use 5-Decision_making.pdf, page 30>
Package pdftex.def Info: 5-Decision_making.pdf, page30 used on input line 185.
(pdftex.def)             Requested size: 597.53416pt x 845.08372pt.
File: 5-Decision_making.pdf Graphic file (type pdf)

<use 5-Decision_making.pdf, page 30>
Package pdftex.def Info: 5-Decision_making.pdf, page30 used on input line 185.
(pdftex.def)             Requested size: 597.53416pt x 845.08372pt.
 [1079 <./5-Decision_making.pdf>]
<5-Decision_making.pdf, id=7742, page=31, 597.50829pt x 845.0471pt>
File: 5-Decision_making.pdf Graphic file (type pdf)

<use 5-Decision_making.pdf, page 31>
Package pdftex.def Info: 5-Decision_making.pdf, page31 used on input line 185.
(pdftex.def)             Requested size: 597.53416pt x 845.08372pt.
File: 5-Decision_making.pdf Graphic file (type pdf)
 <use 5-Decision_making.pdf, page 31>
Package pdftex.def Info: 5-Decision_making.pdf, page31 used on input line 185.
(pdftex.def)             Requested size: 597.53416pt x 845.08372pt.
File: 5-Decision_making.pdf Graphic file (type pdf)

<use 5-Decision_making.pdf, page 31>
Package pdftex.def Info: 5-Decision_making.pdf, page31 used on input line 185.
(pdftex.def)             Requested size: 597.53416pt x 845.08372pt.
 [1080 <./5-Decision_making.pdf>]
<5-Decision_making.pdf, id=7747, page=32, 597.50829pt x 845.0471pt>
File: 5-Decision_making.pdf Graphic file (type pdf)

<use 5-Decision_making.pdf, page 32>
Package pdftex.def Info: 5-Decision_making.pdf, page32 used on input line 185.
(pdftex.def)             Requested size: 597.53416pt x 845.08372pt.
File: 5-Decision_making.pdf Graphic file (type pdf)
 <use 5-Decision_making.pdf, page 32>
Package pdftex.def Info: 5-Decision_making.pdf, page32 used on input line 185.
(pdftex.def)             Requested size: 597.53416pt x 845.08372pt.
File: 5-Decision_making.pdf Graphic file (type pdf)

<use 5-Decision_making.pdf, page 32>
Package pdftex.def Info: 5-Decision_making.pdf, page32 used on input line 185.
(pdftex.def)             Requested size: 597.53416pt x 845.08372pt.
 [1081 <./5-Decision_making.pdf>]
<5-Decision_making.pdf, id=7753, page=33, 597.50829pt x 845.0471pt>
File: 5-Decision_making.pdf Graphic file (type pdf)

<use 5-Decision_making.pdf, page 33>
Package pdftex.def Info: 5-Decision_making.pdf, page33 used on input line 185.
(pdftex.def)             Requested size: 597.53416pt x 845.08372pt.
File: 5-Decision_making.pdf Graphic file (type pdf)
 <use 5-Decision_making.pdf, page 33>
Package pdftex.def Info: 5-Decision_making.pdf, page33 used on input line 185.
(pdftex.def)             Requested size: 597.53416pt x 845.08372pt.
File: 5-Decision_making.pdf Graphic file (type pdf)

<use 5-Decision_making.pdf, page 33>
Package pdftex.def Info: 5-Decision_making.pdf, page33 used on input line 185.
(pdftex.def)             Requested size: 597.53416pt x 845.08372pt.
 [1082 <./5-Decision_making.pdf>]
<5-Decision_making.pdf, id=7758, page=34, 597.50829pt x 845.0471pt>
File: 5-Decision_making.pdf Graphic file (type pdf)

<use 5-Decision_making.pdf, page 34>
Package pdftex.def Info: 5-Decision_making.pdf, page34 used on input line 185.
(pdftex.def)             Requested size: 597.53416pt x 845.08372pt.
File: 5-Decision_making.pdf Graphic file (type pdf)
 <use 5-Decision_making.pdf, page 34>
Package pdftex.def Info: 5-Decision_making.pdf, page34 used on input line 185.
(pdftex.def)             Requested size: 597.53416pt x 845.08372pt.
File: 5-Decision_making.pdf Graphic file (type pdf)

<use 5-Decision_making.pdf, page 34>
Package pdftex.def Info: 5-Decision_making.pdf, page34 used on input line 185.
(pdftex.def)             Requested size: 597.53416pt x 845.08372pt.
 [1083 <./5-Decision_making.pdf>]
<5-Decision_making.pdf, id=7766, page=35, 597.50829pt x 845.0471pt>
File: 5-Decision_making.pdf Graphic file (type pdf)

<use 5-Decision_making.pdf, page 35>
Package pdftex.def Info: 5-Decision_making.pdf, page35 used on input line 185.
(pdftex.def)             Requested size: 597.53416pt x 845.08372pt.
File: 5-Decision_making.pdf Graphic file (type pdf)
 <use 5-Decision_making.pdf, page 35>
Package pdftex.def Info: 5-Decision_making.pdf, page35 used on input line 185.
(pdftex.def)             Requested size: 597.53416pt x 845.08372pt.
File: 5-Decision_making.pdf Graphic file (type pdf)

<use 5-Decision_making.pdf, page 35>
Package pdftex.def Info: 5-Decision_making.pdf, page35 used on input line 185.
(pdftex.def)             Requested size: 597.53416pt x 845.08372pt.
 [1084 <./5-Decision_making.pdf>]
<5-Decision_making.pdf, id=7771, page=36, 597.50829pt x 845.0471pt>
File: 5-Decision_making.pdf Graphic file (type pdf)

<use 5-Decision_making.pdf, page 36>
Package pdftex.def Info: 5-Decision_making.pdf, page36 used on input line 185.
(pdftex.def)             Requested size: 597.53416pt x 845.08372pt.
File: 5-Decision_making.pdf Graphic file (type pdf)
 <use 5-Decision_making.pdf, page 36>
Package pdftex.def Info: 5-Decision_making.pdf, page36 used on input line 185.
(pdftex.def)             Requested size: 597.53416pt x 845.08372pt.
File: 5-Decision_making.pdf Graphic file (type pdf)

<use 5-Decision_making.pdf, page 36>
Package pdftex.def Info: 5-Decision_making.pdf, page36 used on input line 185.
(pdftex.def)             Requested size: 597.53416pt x 845.08372pt.
 [1085 <./5-Decision_making.pdf>]
<5-Decision_making.pdf, id=7776, page=37, 597.50829pt x 845.0471pt>
File: 5-Decision_making.pdf Graphic file (type pdf)

<use 5-Decision_making.pdf, page 37>
Package pdftex.def Info: 5-Decision_making.pdf, page37 used on input line 185.
(pdftex.def)             Requested size: 597.53416pt x 845.08372pt.
File: 5-Decision_making.pdf Graphic file (type pdf)
 <use 5-Decision_making.pdf, page 37>
Package pdftex.def Info: 5-Decision_making.pdf, page37 used on input line 185.
(pdftex.def)             Requested size: 597.53416pt x 845.08372pt.
File: 5-Decision_making.pdf Graphic file (type pdf)

<use 5-Decision_making.pdf, page 37>
Package pdftex.def Info: 5-Decision_making.pdf, page37 used on input line 185.
(pdftex.def)             Requested size: 597.53416pt x 845.08372pt.
 [1086 <./5-Decision_making.pdf>]
<5-Decision_making.pdf, id=7781, page=38, 597.50829pt x 845.0471pt>
File: 5-Decision_making.pdf Graphic file (type pdf)

<use 5-Decision_making.pdf, page 38>
Package pdftex.def Info: 5-Decision_making.pdf, page38 used on input line 185.
(pdftex.def)             Requested size: 597.53416pt x 845.08372pt.
File: 5-Decision_making.pdf Graphic file (type pdf)
 <use 5-Decision_making.pdf, page 38>
Package pdftex.def Info: 5-Decision_making.pdf, page38 used on input line 185.
(pdftex.def)             Requested size: 597.53416pt x 845.08372pt.
File: 5-Decision_making.pdf Graphic file (type pdf)

<use 5-Decision_making.pdf, page 38>
Package pdftex.def Info: 5-Decision_making.pdf, page38 used on input line 185.
(pdftex.def)             Requested size: 597.53416pt x 845.08372pt.
 [1087 <./5-Decision_making.pdf>]
<5-Decision_making.pdf, id=7787, page=39, 597.50829pt x 845.0471pt>
File: 5-Decision_making.pdf Graphic file (type pdf)

<use 5-Decision_making.pdf, page 39>
Package pdftex.def Info: 5-Decision_making.pdf, page39 used on input line 185.
(pdftex.def)             Requested size: 597.53416pt x 845.08372pt.
File: 5-Decision_making.pdf Graphic file (type pdf)
 <use 5-Decision_making.pdf, page 39>
Package pdftex.def Info: 5-Decision_making.pdf, page39 used on input line 185.
(pdftex.def)             Requested size: 597.53416pt x 845.08372pt.
File: 5-Decision_making.pdf Graphic file (type pdf)

<use 5-Decision_making.pdf, page 39>
Package pdftex.def Info: 5-Decision_making.pdf, page39 used on input line 185.
(pdftex.def)             Requested size: 597.53416pt x 845.08372pt.
 [1088 <./5-Decision_making.pdf>]
<5-Decision_making.pdf, id=7792, page=40, 597.50829pt x 845.0471pt>
File: 5-Decision_making.pdf Graphic file (type pdf)

<use 5-Decision_making.pdf, page 40>
Package pdftex.def Info: 5-Decision_making.pdf, page40 used on input line 185.
(pdftex.def)             Requested size: 597.53416pt x 845.08372pt.
File: 5-Decision_making.pdf Graphic file (type pdf)
 <use 5-Decision_making.pdf, page 40>
Package pdftex.def Info: 5-Decision_making.pdf, page40 used on input line 185.
(pdftex.def)             Requested size: 597.53416pt x 845.08372pt.
File: 5-Decision_making.pdf Graphic file (type pdf)

<use 5-Decision_making.pdf, page 40>
Package pdftex.def Info: 5-Decision_making.pdf, page40 used on input line 185.
(pdftex.def)             Requested size: 597.53416pt x 845.08372pt.
 [1089 <./5-Decision_making.pdf>]
<5-Decision_making.pdf, id=7803, page=41, 597.50829pt x 845.0471pt>
File: 5-Decision_making.pdf Graphic file (type pdf)

<use 5-Decision_making.pdf, page 41>
Package pdftex.def Info: 5-Decision_making.pdf, page41 used on input line 185.
(pdftex.def)             Requested size: 597.53416pt x 845.08372pt.
File: 5-Decision_making.pdf Graphic file (type pdf)
 <use 5-Decision_making.pdf, page 41>
Package pdftex.def Info: 5-Decision_making.pdf, page41 used on input line 185.
(pdftex.def)             Requested size: 597.53416pt x 845.08372pt.
File: 5-Decision_making.pdf Graphic file (type pdf)

<use 5-Decision_making.pdf, page 41>
Package pdftex.def Info: 5-Decision_making.pdf, page41 used on input line 185.
(pdftex.def)             Requested size: 597.53416pt x 845.08372pt.
 [1090 <./5-Decision_making.pdf>]
<5-Decision_making.pdf, id=7808, page=42, 597.50829pt x 845.0471pt>
File: 5-Decision_making.pdf Graphic file (type pdf)

<use 5-Decision_making.pdf, page 42>
Package pdftex.def Info: 5-Decision_making.pdf, page42 used on input line 185.
(pdftex.def)             Requested size: 597.53416pt x 845.08372pt.
File: 5-Decision_making.pdf Graphic file (type pdf)
 <use 5-Decision_making.pdf, page 42>
Package pdftex.def Info: 5-Decision_making.pdf, page42 used on input line 185.
(pdftex.def)             Requested size: 597.53416pt x 845.08372pt.
File: 5-Decision_making.pdf Graphic file (type pdf)

<use 5-Decision_making.pdf, page 42>
Package pdftex.def Info: 5-Decision_making.pdf, page42 used on input line 185.
(pdftex.def)             Requested size: 597.53416pt x 845.08372pt.
 [1091 <./5-Decision_making.pdf>]
<5-Decision_making.pdf, id=7813, page=43, 597.50829pt x 845.0471pt>
File: 5-Decision_making.pdf Graphic file (type pdf)

<use 5-Decision_making.pdf, page 43>
Package pdftex.def Info: 5-Decision_making.pdf, page43 used on input line 185.
(pdftex.def)             Requested size: 597.53416pt x 845.08372pt.
File: 5-Decision_making.pdf Graphic file (type pdf)
 <use 5-Decision_making.pdf, page 43>
Package pdftex.def Info: 5-Decision_making.pdf, page43 used on input line 185.
(pdftex.def)             Requested size: 597.53416pt x 845.08372pt.
File: 5-Decision_making.pdf Graphic file (type pdf)

<use 5-Decision_making.pdf, page 43>
Package pdftex.def Info: 5-Decision_making.pdf, page43 used on input line 185.
(pdftex.def)             Requested size: 597.53416pt x 845.08372pt.
 [1092 <./5-Decision_making.pdf>]
<5-Decision_making.pdf, id=7821, page=44, 597.50829pt x 845.0471pt>
File: 5-Decision_making.pdf Graphic file (type pdf)

<use 5-Decision_making.pdf, page 44>
Package pdftex.def Info: 5-Decision_making.pdf, page44 used on input line 185.
(pdftex.def)             Requested size: 597.53416pt x 845.08372pt.
File: 5-Decision_making.pdf Graphic file (type pdf)
 <use 5-Decision_making.pdf, page 44>
Package pdftex.def Info: 5-Decision_making.pdf, page44 used on input line 185.
(pdftex.def)             Requested size: 597.53416pt x 845.08372pt.
File: 5-Decision_making.pdf Graphic file (type pdf)

<use 5-Decision_making.pdf, page 44>
Package pdftex.def Info: 5-Decision_making.pdf, page44 used on input line 185.
(pdftex.def)             Requested size: 597.53416pt x 845.08372pt.
 [1093 <./5-Decision_making.pdf>]
<5-Decision_making.pdf, id=7837, page=45, 597.50829pt x 845.0471pt>
File: 5-Decision_making.pdf Graphic file (type pdf)

<use 5-Decision_making.pdf, page 45>
Package pdftex.def Info: 5-Decision_making.pdf, page45 used on input line 185.
(pdftex.def)             Requested size: 597.53416pt x 845.08372pt.
File: 5-Decision_making.pdf Graphic file (type pdf)
 <use 5-Decision_making.pdf, page 45>
Package pdftex.def Info: 5-Decision_making.pdf, page45 used on input line 185.
(pdftex.def)             Requested size: 597.53416pt x 845.08372pt.
File: 5-Decision_making.pdf Graphic file (type pdf)

<use 5-Decision_making.pdf, page 45>
Package pdftex.def Info: 5-Decision_making.pdf, page45 used on input line 185.
(pdftex.def)             Requested size: 597.53416pt x 845.08372pt.
 [1094 <./5-Decision_making.pdf>]
<5-Decision_making.pdf, id=7842, page=46, 597.50829pt x 845.0471pt>
File: 5-Decision_making.pdf Graphic file (type pdf)

<use 5-Decision_making.pdf, page 46>
Package pdftex.def Info: 5-Decision_making.pdf, page46 used on input line 185.
(pdftex.def)             Requested size: 597.53416pt x 845.08372pt.
File: 5-Decision_making.pdf Graphic file (type pdf)
 <use 5-Decision_making.pdf, page 46>
Package pdftex.def Info: 5-Decision_making.pdf, page46 used on input line 185.
(pdftex.def)             Requested size: 597.53416pt x 845.08372pt.
File: 5-Decision_making.pdf Graphic file (type pdf)

<use 5-Decision_making.pdf, page 46>
Package pdftex.def Info: 5-Decision_making.pdf, page46 used on input line 185.
(pdftex.def)             Requested size: 597.53416pt x 845.08372pt.
 [1095 <./5-Decision_making.pdf>]
<5-Decision_making.pdf, id=7847, page=47, 597.50829pt x 845.0471pt>
File: 5-Decision_making.pdf Graphic file (type pdf)

<use 5-Decision_making.pdf, page 47>
Package pdftex.def Info: 5-Decision_making.pdf, page47 used on input line 185.
(pdftex.def)             Requested size: 597.53416pt x 845.08372pt.
File: 5-Decision_making.pdf Graphic file (type pdf)
 <use 5-Decision_making.pdf, page 47>
Package pdftex.def Info: 5-Decision_making.pdf, page47 used on input line 185.
(pdftex.def)             Requested size: 597.53416pt x 845.08372pt.
File: 5-Decision_making.pdf Graphic file (type pdf)

<use 5-Decision_making.pdf, page 47>
Package pdftex.def Info: 5-Decision_making.pdf, page47 used on input line 185.
(pdftex.def)             Requested size: 597.53416pt x 845.08372pt.
 [1096 <./5-Decision_making.pdf>]
<5-Decision_making.pdf, id=7857, page=48, 597.50829pt x 845.0471pt>
File: 5-Decision_making.pdf Graphic file (type pdf)

<use 5-Decision_making.pdf, page 48>
Package pdftex.def Info: 5-Decision_making.pdf, page48 used on input line 185.
(pdftex.def)             Requested size: 597.53416pt x 845.08372pt.
File: 5-Decision_making.pdf Graphic file (type pdf)
 <use 5-Decision_making.pdf, page 48>
Package pdftex.def Info: 5-Decision_making.pdf, page48 used on input line 185.
(pdftex.def)             Requested size: 597.53416pt x 845.08372pt.
File: 5-Decision_making.pdf Graphic file (type pdf)

<use 5-Decision_making.pdf, page 48>
Package pdftex.def Info: 5-Decision_making.pdf, page48 used on input line 185.
(pdftex.def)             Requested size: 597.53416pt x 845.08372pt.
 [1097 <./5-Decision_making.pdf>]
<5-Decision_making.pdf, id=7870, page=49, 597.50829pt x 845.0471pt>
File: 5-Decision_making.pdf Graphic file (type pdf)

<use 5-Decision_making.pdf, page 49>
Package pdftex.def Info: 5-Decision_making.pdf, page49 used on input line 185.
(pdftex.def)             Requested size: 597.53416pt x 845.08372pt.
File: 5-Decision_making.pdf Graphic file (type pdf)
 <use 5-Decision_making.pdf, page 49>
Package pdftex.def Info: 5-Decision_making.pdf, page49 used on input line 185.
(pdftex.def)             Requested size: 597.53416pt x 845.08372pt.
File: 5-Decision_making.pdf Graphic file (type pdf)

<use 5-Decision_making.pdf, page 49>
Package pdftex.def Info: 5-Decision_making.pdf, page49 used on input line 185.
(pdftex.def)             Requested size: 597.53416pt x 845.08372pt.
 [1098 <./5-Decision_making.pdf>]
<5-Decision_making.pdf, id=7875, page=50, 597.50829pt x 845.0471pt>
File: 5-Decision_making.pdf Graphic file (type pdf)

<use 5-Decision_making.pdf, page 50>
Package pdftex.def Info: 5-Decision_making.pdf, page50 used on input line 185.
(pdftex.def)             Requested size: 597.53416pt x 845.08372pt.
File: 5-Decision_making.pdf Graphic file (type pdf)
 <use 5-Decision_making.pdf, page 50>
Package pdftex.def Info: 5-Decision_making.pdf, page50 used on input line 185.
(pdftex.def)             Requested size: 597.53416pt x 845.08372pt.
File: 5-Decision_making.pdf Graphic file (type pdf)

<use 5-Decision_making.pdf, page 50>
Package pdftex.def Info: 5-Decision_making.pdf, page50 used on input line 185.
(pdftex.def)             Requested size: 597.53416pt x 845.08372pt.
 [1099 <./5-Decision_making.pdf>]
<5-Decision_making.pdf, id=7881, page=51, 597.50829pt x 845.0471pt>
File: 5-Decision_making.pdf Graphic file (type pdf)

<use 5-Decision_making.pdf, page 51>
Package pdftex.def Info: 5-Decision_making.pdf, page51 used on input line 185.
(pdftex.def)             Requested size: 597.53416pt x 845.08372pt.
File: 5-Decision_making.pdf Graphic file (type pdf)
 <use 5-Decision_making.pdf, page 51>
Package pdftex.def Info: 5-Decision_making.pdf, page51 used on input line 185.
(pdftex.def)             Requested size: 597.53416pt x 845.08372pt.
File: 5-Decision_making.pdf Graphic file (type pdf)

<use 5-Decision_making.pdf, page 51>
Package pdftex.def Info: 5-Decision_making.pdf, page51 used on input line 185.
(pdftex.def)             Requested size: 597.53416pt x 845.08372pt.
 [1100 <./5-Decision_making.pdf>]
<5-Decision_making.pdf, id=7892, page=52, 597.50829pt x 845.0471pt>
File: 5-Decision_making.pdf Graphic file (type pdf)

<use 5-Decision_making.pdf, page 52>
Package pdftex.def Info: 5-Decision_making.pdf, page52 used on input line 185.
(pdftex.def)             Requested size: 597.53416pt x 845.08372pt.
File: 5-Decision_making.pdf Graphic file (type pdf)
 <use 5-Decision_making.pdf, page 52>
Package pdftex.def Info: 5-Decision_making.pdf, page52 used on input line 185.
(pdftex.def)             Requested size: 597.53416pt x 845.08372pt.
File: 5-Decision_making.pdf Graphic file (type pdf)

<use 5-Decision_making.pdf, page 52>
Package pdftex.def Info: 5-Decision_making.pdf, page52 used on input line 185.
(pdftex.def)             Requested size: 597.53416pt x 845.08372pt.
 [1101 <./5-Decision_making.pdf>]
<5-Decision_making.pdf, id=7897, page=53, 597.50829pt x 845.0471pt>
File: 5-Decision_making.pdf Graphic file (type pdf)

<use 5-Decision_making.pdf, page 53>
Package pdftex.def Info: 5-Decision_making.pdf, page53 used on input line 185.
(pdftex.def)             Requested size: 597.53416pt x 845.08372pt.
File: 5-Decision_making.pdf Graphic file (type pdf)
 <use 5-Decision_making.pdf, page 53>
Package pdftex.def Info: 5-Decision_making.pdf, page53 used on input line 185.
(pdftex.def)             Requested size: 597.53416pt x 845.08372pt.
File: 5-Decision_making.pdf Graphic file (type pdf)

<use 5-Decision_making.pdf, page 53>
Package pdftex.def Info: 5-Decision_making.pdf, page53 used on input line 185.
(pdftex.def)             Requested size: 597.53416pt x 845.08372pt.
 [1102 <./5-Decision_making.pdf>]
<5-Decision_making.pdf, id=7902, page=54, 597.50829pt x 845.0471pt>
File: 5-Decision_making.pdf Graphic file (type pdf)

<use 5-Decision_making.pdf, page 54>
Package pdftex.def Info: 5-Decision_making.pdf, page54 used on input line 185.
(pdftex.def)             Requested size: 597.53416pt x 845.08372pt.
File: 5-Decision_making.pdf Graphic file (type pdf)
 <use 5-Decision_making.pdf, page 54>
Package pdftex.def Info: 5-Decision_making.pdf, page54 used on input line 185.
(pdftex.def)             Requested size: 597.53416pt x 845.08372pt.
File: 5-Decision_making.pdf Graphic file (type pdf)

<use 5-Decision_making.pdf, page 54>
Package pdftex.def Info: 5-Decision_making.pdf, page54 used on input line 185.
(pdftex.def)             Requested size: 597.53416pt x 845.08372pt.
 [1103 <./5-Decision_making.pdf>]
<5-Decision_making.pdf, id=7907, page=55, 597.50829pt x 845.0471pt>
File: 5-Decision_making.pdf Graphic file (type pdf)

<use 5-Decision_making.pdf, page 55>
Package pdftex.def Info: 5-Decision_making.pdf, page55 used on input line 185.
(pdftex.def)             Requested size: 597.53416pt x 845.08372pt.
File: 5-Decision_making.pdf Graphic file (type pdf)
 <use 5-Decision_making.pdf, page 55>
Package pdftex.def Info: 5-Decision_making.pdf, page55 used on input line 185.
(pdftex.def)             Requested size: 597.53416pt x 845.08372pt.
File: 5-Decision_making.pdf Graphic file (type pdf)

<use 5-Decision_making.pdf, page 55>
Package pdftex.def Info: 5-Decision_making.pdf, page55 used on input line 185.
(pdftex.def)             Requested size: 597.53416pt x 845.08372pt.
 [1104 <./5-Decision_making.pdf>]
<5-Decision_making.pdf, id=7912, page=56, 597.50829pt x 845.0471pt>
File: 5-Decision_making.pdf Graphic file (type pdf)

<use 5-Decision_making.pdf, page 56>
Package pdftex.def Info: 5-Decision_making.pdf, page56 used on input line 185.
(pdftex.def)             Requested size: 597.53416pt x 845.08372pt.
File: 5-Decision_making.pdf Graphic file (type pdf)
 <use 5-Decision_making.pdf, page 56>
Package pdftex.def Info: 5-Decision_making.pdf, page56 used on input line 185.
(pdftex.def)             Requested size: 597.53416pt x 845.08372pt.
File: 5-Decision_making.pdf Graphic file (type pdf)

<use 5-Decision_making.pdf, page 56>
Package pdftex.def Info: 5-Decision_making.pdf, page56 used on input line 185.
(pdftex.def)             Requested size: 597.53416pt x 845.08372pt.
 [1105 <./5-Decision_making.pdf>]
<5-Decision_making.pdf, id=7921, page=57, 597.50829pt x 845.0471pt>
File: 5-Decision_making.pdf Graphic file (type pdf)

<use 5-Decision_making.pdf, page 57>
Package pdftex.def Info: 5-Decision_making.pdf, page57 used on input line 185.
(pdftex.def)             Requested size: 597.53416pt x 845.08372pt.
File: 5-Decision_making.pdf Graphic file (type pdf)
 <use 5-Decision_making.pdf, page 57>
Package pdftex.def Info: 5-Decision_making.pdf, page57 used on input line 185.
(pdftex.def)             Requested size: 597.53416pt x 845.08372pt.
File: 5-Decision_making.pdf Graphic file (type pdf)

<use 5-Decision_making.pdf, page 57>
Package pdftex.def Info: 5-Decision_making.pdf, page57 used on input line 185.
(pdftex.def)             Requested size: 597.53416pt x 845.08372pt.
 [1106 <./5-Decision_making.pdf>]
<5-Decision_making.pdf, id=7926, page=58, 597.50829pt x 845.0471pt>
File: 5-Decision_making.pdf Graphic file (type pdf)

<use 5-Decision_making.pdf, page 58>
Package pdftex.def Info: 5-Decision_making.pdf, page58 used on input line 185.
(pdftex.def)             Requested size: 597.53416pt x 845.08372pt.
File: 5-Decision_making.pdf Graphic file (type pdf)
 <use 5-Decision_making.pdf, page 58>
Package pdftex.def Info: 5-Decision_making.pdf, page58 used on input line 185.
(pdftex.def)             Requested size: 597.53416pt x 845.08372pt.
File: 5-Decision_making.pdf Graphic file (type pdf)

<use 5-Decision_making.pdf, page 58>
Package pdftex.def Info: 5-Decision_making.pdf, page58 used on input line 185.
(pdftex.def)             Requested size: 597.53416pt x 845.08372pt.
 [1107 <./5-Decision_making.pdf>]
<5-Decision_making.pdf, id=7931, page=59, 597.50829pt x 845.0471pt>
File: 5-Decision_making.pdf Graphic file (type pdf)

<use 5-Decision_making.pdf, page 59>
Package pdftex.def Info: 5-Decision_making.pdf, page59 used on input line 185.
(pdftex.def)             Requested size: 597.53416pt x 845.08372pt.
File: 5-Decision_making.pdf Graphic file (type pdf)
 <use 5-Decision_making.pdf, page 59>
Package pdftex.def Info: 5-Decision_making.pdf, page59 used on input line 185.
(pdftex.def)             Requested size: 597.53416pt x 845.08372pt.
File: 5-Decision_making.pdf Graphic file (type pdf)

<use 5-Decision_making.pdf, page 59>
Package pdftex.def Info: 5-Decision_making.pdf, page59 used on input line 185.
(pdftex.def)             Requested size: 597.53416pt x 845.08372pt.
 [1108 <./5-Decision_making.pdf>]
<5-Decision_making.pdf, id=7936, page=60, 597.50829pt x 845.0471pt>
File: 5-Decision_making.pdf Graphic file (type pdf)

<use 5-Decision_making.pdf, page 60>
Package pdftex.def Info: 5-Decision_making.pdf, page60 used on input line 185.
(pdftex.def)             Requested size: 597.53416pt x 845.08372pt.
File: 5-Decision_making.pdf Graphic file (type pdf)
 <use 5-Decision_making.pdf, page 60>
Package pdftex.def Info: 5-Decision_making.pdf, page60 used on input line 185.
(pdftex.def)             Requested size: 597.53416pt x 845.08372pt.
File: 5-Decision_making.pdf Graphic file (type pdf)

<use 5-Decision_making.pdf, page 60>
Package pdftex.def Info: 5-Decision_making.pdf, page60 used on input line 185.
(pdftex.def)             Requested size: 597.53416pt x 845.08372pt.
 [1109 <./5-Decision_making.pdf>]
<5-Decision_making.pdf, id=7946, page=61, 597.50829pt x 845.0471pt>
File: 5-Decision_making.pdf Graphic file (type pdf)

<use 5-Decision_making.pdf, page 61>
Package pdftex.def Info: 5-Decision_making.pdf, page61 used on input line 185.
(pdftex.def)             Requested size: 597.53416pt x 845.08372pt.
File: 5-Decision_making.pdf Graphic file (type pdf)
 <use 5-Decision_making.pdf, page 61>
Package pdftex.def Info: 5-Decision_making.pdf, page61 used on input line 185.
(pdftex.def)             Requested size: 597.53416pt x 845.08372pt.
File: 5-Decision_making.pdf Graphic file (type pdf)

<use 5-Decision_making.pdf, page 61>
Package pdftex.def Info: 5-Decision_making.pdf, page61 used on input line 185.
(pdftex.def)             Requested size: 597.53416pt x 845.08372pt.
 [1110 <./5-Decision_making.pdf>]
<5-Decision_making.pdf, id=7951, page=62, 597.50829pt x 845.0471pt>
File: 5-Decision_making.pdf Graphic file (type pdf)

<use 5-Decision_making.pdf, page 62>
Package pdftex.def Info: 5-Decision_making.pdf, page62 used on input line 185.
(pdftex.def)             Requested size: 597.53416pt x 845.08372pt.
File: 5-Decision_making.pdf Graphic file (type pdf)
 <use 5-Decision_making.pdf, page 62>
Package pdftex.def Info: 5-Decision_making.pdf, page62 used on input line 185.
(pdftex.def)             Requested size: 597.53416pt x 845.08372pt.
File: 5-Decision_making.pdf Graphic file (type pdf)

<use 5-Decision_making.pdf, page 62>
Package pdftex.def Info: 5-Decision_making.pdf, page62 used on input line 185.
(pdftex.def)             Requested size: 597.53416pt x 845.08372pt.
 [1111 <./5-Decision_making.pdf>]
<5-Decision_making.pdf, id=7957, page=63, 597.50829pt x 845.0471pt>
File: 5-Decision_making.pdf Graphic file (type pdf)

<use 5-Decision_making.pdf, page 63>
Package pdftex.def Info: 5-Decision_making.pdf, page63 used on input line 185.
(pdftex.def)             Requested size: 597.53416pt x 845.08372pt.
File: 5-Decision_making.pdf Graphic file (type pdf)
 <use 5-Decision_making.pdf, page 63>
Package pdftex.def Info: 5-Decision_making.pdf, page63 used on input line 185.
(pdftex.def)             Requested size: 597.53416pt x 845.08372pt.
File: 5-Decision_making.pdf Graphic file (type pdf)

<use 5-Decision_making.pdf, page 63>
Package pdftex.def Info: 5-Decision_making.pdf, page63 used on input line 185.
(pdftex.def)             Requested size: 597.53416pt x 845.08372pt.
 [1112 <./5-Decision_making.pdf>]
<5-Decision_making.pdf, id=7962, page=64, 597.50829pt x 845.0471pt>
File: 5-Decision_making.pdf Graphic file (type pdf)

<use 5-Decision_making.pdf, page 64>
Package pdftex.def Info: 5-Decision_making.pdf, page64 used on input line 185.
(pdftex.def)             Requested size: 597.53416pt x 845.08372pt.
File: 5-Decision_making.pdf Graphic file (type pdf)
 <use 5-Decision_making.pdf, page 64>
Package pdftex.def Info: 5-Decision_making.pdf, page64 used on input line 185.
(pdftex.def)             Requested size: 597.53416pt x 845.08372pt.
File: 5-Decision_making.pdf Graphic file (type pdf)

<use 5-Decision_making.pdf, page 64>
Package pdftex.def Info: 5-Decision_making.pdf, page64 used on input line 185.
(pdftex.def)             Requested size: 597.53416pt x 845.08372pt.
 [1113 <./5-Decision_making.pdf>]
<5-Decision_making.pdf, id=7967, page=65, 597.50829pt x 845.0471pt>
File: 5-Decision_making.pdf Graphic file (type pdf)

<use 5-Decision_making.pdf, page 65>
Package pdftex.def Info: 5-Decision_making.pdf, page65 used on input line 185.
(pdftex.def)             Requested size: 597.53416pt x 845.08372pt.
File: 5-Decision_making.pdf Graphic file (type pdf)
 <use 5-Decision_making.pdf, page 65>
Package pdftex.def Info: 5-Decision_making.pdf, page65 used on input line 185.
(pdftex.def)             Requested size: 597.53416pt x 845.08372pt.
File: 5-Decision_making.pdf Graphic file (type pdf)

<use 5-Decision_making.pdf, page 65>
Package pdftex.def Info: 5-Decision_making.pdf, page65 used on input line 185.
(pdftex.def)             Requested size: 597.53416pt x 845.08372pt.
 [1114 <./5-Decision_making.pdf>]
<5-Decision_making.pdf, id=7972, page=66, 597.50829pt x 845.0471pt>
File: 5-Decision_making.pdf Graphic file (type pdf)

<use 5-Decision_making.pdf, page 66>
Package pdftex.def Info: 5-Decision_making.pdf, page66 used on input line 185.
(pdftex.def)             Requested size: 597.53416pt x 845.08372pt.
File: 5-Decision_making.pdf Graphic file (type pdf)
 <use 5-Decision_making.pdf, page 66>
Package pdftex.def Info: 5-Decision_making.pdf, page66 used on input line 185.
(pdftex.def)             Requested size: 597.53416pt x 845.08372pt.
File: 5-Decision_making.pdf Graphic file (type pdf)

<use 5-Decision_making.pdf, page 66>
Package pdftex.def Info: 5-Decision_making.pdf, page66 used on input line 185.
(pdftex.def)             Requested size: 597.53416pt x 845.08372pt.
 [1115 <./5-Decision_making.pdf>]
<5-Decision_making.pdf, id=7977, page=67, 597.50829pt x 845.0471pt>
File: 5-Decision_making.pdf Graphic file (type pdf)

<use 5-Decision_making.pdf, page 67>
Package pdftex.def Info: 5-Decision_making.pdf, page67 used on input line 185.
(pdftex.def)             Requested size: 597.53416pt x 845.08372pt.
File: 5-Decision_making.pdf Graphic file (type pdf)
 <use 5-Decision_making.pdf, page 67>
Package pdftex.def Info: 5-Decision_making.pdf, page67 used on input line 185.
(pdftex.def)             Requested size: 597.53416pt x 845.08372pt.
File: 5-Decision_making.pdf Graphic file (type pdf)

<use 5-Decision_making.pdf, page 67>
Package pdftex.def Info: 5-Decision_making.pdf, page67 used on input line 185.
(pdftex.def)             Requested size: 597.53416pt x 845.08372pt.
 [1116 <./5-Decision_making.pdf>]
<5-Decision_making.pdf, id=7982, page=68, 597.50829pt x 845.0471pt>
File: 5-Decision_making.pdf Graphic file (type pdf)

<use 5-Decision_making.pdf, page 68>
Package pdftex.def Info: 5-Decision_making.pdf, page68 used on input line 185.
(pdftex.def)             Requested size: 597.53416pt x 845.08372pt.
File: 5-Decision_making.pdf Graphic file (type pdf)
 <use 5-Decision_making.pdf, page 68>
Package pdftex.def Info: 5-Decision_making.pdf, page68 used on input line 185.
(pdftex.def)             Requested size: 597.53416pt x 845.08372pt.
File: 5-Decision_making.pdf Graphic file (type pdf)

<use 5-Decision_making.pdf, page 68>
Package pdftex.def Info: 5-Decision_making.pdf, page68 used on input line 185.
(pdftex.def)             Requested size: 597.53416pt x 845.08372pt.
 [1117 <./5-Decision_making.pdf>]
<5-Decision_making.pdf, id=7988, page=69, 597.50829pt x 845.0471pt>
File: 5-Decision_making.pdf Graphic file (type pdf)

<use 5-Decision_making.pdf, page 69>
Package pdftex.def Info: 5-Decision_making.pdf, page69 used on input line 185.
(pdftex.def)             Requested size: 597.53416pt x 845.08372pt.
File: 5-Decision_making.pdf Graphic file (type pdf)
 <use 5-Decision_making.pdf, page 69>
Package pdftex.def Info: 5-Decision_making.pdf, page69 used on input line 185.
(pdftex.def)             Requested size: 597.53416pt x 845.08372pt.
File: 5-Decision_making.pdf Graphic file (type pdf)

<use 5-Decision_making.pdf, page 69>
Package pdftex.def Info: 5-Decision_making.pdf, page69 used on input line 185.
(pdftex.def)             Requested size: 597.53416pt x 845.08372pt.
 [1118 <./5-Decision_making.pdf>]
<5-Decision_making.pdf, id=7993, page=70, 597.50829pt x 845.0471pt>
File: 5-Decision_making.pdf Graphic file (type pdf)

<use 5-Decision_making.pdf, page 70>
Package pdftex.def Info: 5-Decision_making.pdf, page70 used on input line 185.
(pdftex.def)             Requested size: 597.53416pt x 845.08372pt.
File: 5-Decision_making.pdf Graphic file (type pdf)
 <use 5-Decision_making.pdf, page 70>
Package pdftex.def Info: 5-Decision_making.pdf, page70 used on input line 185.
(pdftex.def)             Requested size: 597.53416pt x 845.08372pt.
File: 5-Decision_making.pdf Graphic file (type pdf)

<use 5-Decision_making.pdf, page 70>
Package pdftex.def Info: 5-Decision_making.pdf, page70 used on input line 185.
(pdftex.def)             Requested size: 597.53416pt x 845.08372pt.
 [1119 <./5-Decision_making.pdf>]
<5-Decision_making.pdf, id=7998, page=71, 597.50829pt x 845.0471pt>
File: 5-Decision_making.pdf Graphic file (type pdf)

<use 5-Decision_making.pdf, page 71>
Package pdftex.def Info: 5-Decision_making.pdf, page71 used on input line 185.
(pdftex.def)             Requested size: 597.53416pt x 845.08372pt.
File: 5-Decision_making.pdf Graphic file (type pdf)
 <use 5-Decision_making.pdf, page 71>
Package pdftex.def Info: 5-Decision_making.pdf, page71 used on input line 185.
(pdftex.def)             Requested size: 597.53416pt x 845.08372pt.
File: 5-Decision_making.pdf Graphic file (type pdf)

<use 5-Decision_making.pdf, page 71>
Package pdftex.def Info: 5-Decision_making.pdf, page71 used on input line 185.
(pdftex.def)             Requested size: 597.53416pt x 845.08372pt.
 [1120 <./5-Decision_making.pdf>]
<5-Decision_making.pdf, id=8003, page=72, 597.50829pt x 845.0471pt>
File: 5-Decision_making.pdf Graphic file (type pdf)

<use 5-Decision_making.pdf, page 72>
Package pdftex.def Info: 5-Decision_making.pdf, page72 used on input line 185.
(pdftex.def)             Requested size: 597.53416pt x 845.08372pt.
File: 5-Decision_making.pdf Graphic file (type pdf)
 <use 5-Decision_making.pdf, page 72>
Package pdftex.def Info: 5-Decision_making.pdf, page72 used on input line 185.
(pdftex.def)             Requested size: 597.53416pt x 845.08372pt.
File: 5-Decision_making.pdf Graphic file (type pdf)

<use 5-Decision_making.pdf, page 72>
Package pdftex.def Info: 5-Decision_making.pdf, page72 used on input line 185.
(pdftex.def)             Requested size: 597.53416pt x 845.08372pt.
 [1121 <./5-Decision_making.pdf>]
<5-Decision_making.pdf, id=8008, page=73, 597.50829pt x 845.0471pt>
File: 5-Decision_making.pdf Graphic file (type pdf)

<use 5-Decision_making.pdf, page 73>
Package pdftex.def Info: 5-Decision_making.pdf, page73 used on input line 185.
(pdftex.def)             Requested size: 597.53416pt x 845.08372pt.
File: 5-Decision_making.pdf Graphic file (type pdf)
 <use 5-Decision_making.pdf, page 73>
Package pdftex.def Info: 5-Decision_making.pdf, page73 used on input line 185.
(pdftex.def)             Requested size: 597.53416pt x 845.08372pt.
File: 5-Decision_making.pdf Graphic file (type pdf)

<use 5-Decision_making.pdf, page 73>
Package pdftex.def Info: 5-Decision_making.pdf, page73 used on input line 185.
(pdftex.def)             Requested size: 597.53416pt x 845.08372pt.
 [1122 <./5-Decision_making.pdf>]
<5-Decision_making.pdf, id=8018, page=74, 597.50829pt x 845.0471pt>
File: 5-Decision_making.pdf Graphic file (type pdf)

<use 5-Decision_making.pdf, page 74>
Package pdftex.def Info: 5-Decision_making.pdf, page74 used on input line 185.
(pdftex.def)             Requested size: 597.53416pt x 845.08372pt.
File: 5-Decision_making.pdf Graphic file (type pdf)
 <use 5-Decision_making.pdf, page 74>
Package pdftex.def Info: 5-Decision_making.pdf, page74 used on input line 185.
(pdftex.def)             Requested size: 597.53416pt x 845.08372pt.
File: 5-Decision_making.pdf Graphic file (type pdf)

<use 5-Decision_making.pdf, page 74>
Package pdftex.def Info: 5-Decision_making.pdf, page74 used on input line 185.
(pdftex.def)             Requested size: 597.53416pt x 845.08372pt.
 [1123 <./5-Decision_making.pdf>]
<5-Decision_making.pdf, id=8024, page=75, 597.50829pt x 845.0471pt>
File: 5-Decision_making.pdf Graphic file (type pdf)

<use 5-Decision_making.pdf, page 75>
Package pdftex.def Info: 5-Decision_making.pdf, page75 used on input line 185.
(pdftex.def)             Requested size: 597.53416pt x 845.08372pt.
File: 5-Decision_making.pdf Graphic file (type pdf)
 <use 5-Decision_making.pdf, page 75>
Package pdftex.def Info: 5-Decision_making.pdf, page75 used on input line 185.
(pdftex.def)             Requested size: 597.53416pt x 845.08372pt.
File: 5-Decision_making.pdf Graphic file (type pdf)

<use 5-Decision_making.pdf, page 75>
Package pdftex.def Info: 5-Decision_making.pdf, page75 used on input line 185.
(pdftex.def)             Requested size: 597.53416pt x 845.08372pt.
 [1124 <./5-Decision_making.pdf>]
<5-Decision_making.pdf, id=8029, page=76, 597.50829pt x 845.0471pt>
File: 5-Decision_making.pdf Graphic file (type pdf)

<use 5-Decision_making.pdf, page 76>
Package pdftex.def Info: 5-Decision_making.pdf, page76 used on input line 185.
(pdftex.def)             Requested size: 597.53416pt x 845.08372pt.
File: 5-Decision_making.pdf Graphic file (type pdf)
 <use 5-Decision_making.pdf, page 76>
Package pdftex.def Info: 5-Decision_making.pdf, page76 used on input line 185.
(pdftex.def)             Requested size: 597.53416pt x 845.08372pt.
File: 5-Decision_making.pdf Graphic file (type pdf)

<use 5-Decision_making.pdf, page 76>
Package pdftex.def Info: 5-Decision_making.pdf, page76 used on input line 185.
(pdftex.def)             Requested size: 597.53416pt x 845.08372pt.
 [1125 <./5-Decision_making.pdf>]
<5-Decision_making.pdf, id=8046, page=77, 597.50829pt x 845.0471pt>
File: 5-Decision_making.pdf Graphic file (type pdf)

<use 5-Decision_making.pdf, page 77>
Package pdftex.def Info: 5-Decision_making.pdf, page77 used on input line 185.
(pdftex.def)             Requested size: 597.53416pt x 845.08372pt.
File: 5-Decision_making.pdf Graphic file (type pdf)
 <use 5-Decision_making.pdf, page 77>
Package pdftex.def Info: 5-Decision_making.pdf, page77 used on input line 185.
(pdftex.def)             Requested size: 597.53416pt x 845.08372pt.
File: 5-Decision_making.pdf Graphic file (type pdf)

<use 5-Decision_making.pdf, page 77>
Package pdftex.def Info: 5-Decision_making.pdf, page77 used on input line 185.
(pdftex.def)             Requested size: 597.53416pt x 845.08372pt.
 [1126 <./5-Decision_making.pdf>]
<5-Decision_making.pdf, id=8064, page=78, 597.50829pt x 845.0471pt>
File: 5-Decision_making.pdf Graphic file (type pdf)

<use 5-Decision_making.pdf, page 78>
Package pdftex.def Info: 5-Decision_making.pdf, page78 used on input line 185.
(pdftex.def)             Requested size: 597.53416pt x 845.08372pt.
File: 5-Decision_making.pdf Graphic file (type pdf)
 <use 5-Decision_making.pdf, page 78>
Package pdftex.def Info: 5-Decision_making.pdf, page78 used on input line 185.
(pdftex.def)             Requested size: 597.53416pt x 845.08372pt.
File: 5-Decision_making.pdf Graphic file (type pdf)

<use 5-Decision_making.pdf, page 78>
Package pdftex.def Info: 5-Decision_making.pdf, page78 used on input line 185.
(pdftex.def)             Requested size: 597.53416pt x 845.08372pt.
 [1127 <./5-Decision_making.pdf>]
<5-Decision_making.pdf, id=8069, page=79, 597.50829pt x 845.0471pt>
File: 5-Decision_making.pdf Graphic file (type pdf)

<use 5-Decision_making.pdf, page 79>
Package pdftex.def Info: 5-Decision_making.pdf, page79 used on input line 185.
(pdftex.def)             Requested size: 597.53416pt x 845.08372pt.
File: 5-Decision_making.pdf Graphic file (type pdf)
 <use 5-Decision_making.pdf, page 79>
Package pdftex.def Info: 5-Decision_making.pdf, page79 used on input line 185.
(pdftex.def)             Requested size: 597.53416pt x 845.08372pt.
File: 5-Decision_making.pdf Graphic file (type pdf)

<use 5-Decision_making.pdf, page 79>
Package pdftex.def Info: 5-Decision_making.pdf, page79 used on input line 185.
(pdftex.def)             Requested size: 597.53416pt x 845.08372pt.
 [1128 <./5-Decision_making.pdf>]
<5-Decision_making.pdf, id=8074, page=80, 597.50829pt x 845.0471pt>
File: 5-Decision_making.pdf Graphic file (type pdf)

<use 5-Decision_making.pdf, page 80>
Package pdftex.def Info: 5-Decision_making.pdf, page80 used on input line 185.
(pdftex.def)             Requested size: 597.53416pt x 845.08372pt.
File: 5-Decision_making.pdf Graphic file (type pdf)
 <use 5-Decision_making.pdf, page 80>
Package pdftex.def Info: 5-Decision_making.pdf, page80 used on input line 185.
(pdftex.def)             Requested size: 597.53416pt x 845.08372pt.
File: 5-Decision_making.pdf Graphic file (type pdf)

<use 5-Decision_making.pdf, page 80>
Package pdftex.def Info: 5-Decision_making.pdf, page80 used on input line 185.
(pdftex.def)             Requested size: 597.53416pt x 845.08372pt.
 [1129 <./5-Decision_making.pdf>]
<5-Decision_making.pdf, id=8080, page=81, 597.50829pt x 845.0471pt>
File: 5-Decision_making.pdf Graphic file (type pdf)

<use 5-Decision_making.pdf, page 81>
Package pdftex.def Info: 5-Decision_making.pdf, page81 used on input line 185.
(pdftex.def)             Requested size: 597.53416pt x 845.08372pt.
File: 5-Decision_making.pdf Graphic file (type pdf)
 <use 5-Decision_making.pdf, page 81>
Package pdftex.def Info: 5-Decision_making.pdf, page81 used on input line 185.
(pdftex.def)             Requested size: 597.53416pt x 845.08372pt.
File: 5-Decision_making.pdf Graphic file (type pdf)

<use 5-Decision_making.pdf, page 81>
Package pdftex.def Info: 5-Decision_making.pdf, page81 used on input line 185.
(pdftex.def)             Requested size: 597.53416pt x 845.08372pt.
 [1130 <./5-Decision_making.pdf>]
<5-Decision_making.pdf, id=8085, page=82, 597.50829pt x 845.0471pt>
File: 5-Decision_making.pdf Graphic file (type pdf)

<use 5-Decision_making.pdf, page 82>
Package pdftex.def Info: 5-Decision_making.pdf, page82 used on input line 185.
(pdftex.def)             Requested size: 597.53416pt x 845.08372pt.
File: 5-Decision_making.pdf Graphic file (type pdf)
 <use 5-Decision_making.pdf, page 82>
Package pdftex.def Info: 5-Decision_making.pdf, page82 used on input line 185.
(pdftex.def)             Requested size: 597.53416pt x 845.08372pt.
File: 5-Decision_making.pdf Graphic file (type pdf)

<use 5-Decision_making.pdf, page 82>
Package pdftex.def Info: 5-Decision_making.pdf, page82 used on input line 185.
(pdftex.def)             Requested size: 597.53416pt x 845.08372pt.
 [1131 <./5-Decision_making.pdf>]
<5-Decision_making.pdf, id=8090, page=83, 597.50829pt x 845.0471pt>
File: 5-Decision_making.pdf Graphic file (type pdf)

<use 5-Decision_making.pdf, page 83>
Package pdftex.def Info: 5-Decision_making.pdf, page83 used on input line 185.
(pdftex.def)             Requested size: 597.53416pt x 845.08372pt.
File: 5-Decision_making.pdf Graphic file (type pdf)
 <use 5-Decision_making.pdf, page 83>
Package pdftex.def Info: 5-Decision_making.pdf, page83 used on input line 185.
(pdftex.def)             Requested size: 597.53416pt x 845.08372pt.
File: 5-Decision_making.pdf Graphic file (type pdf)

<use 5-Decision_making.pdf, page 83>
Package pdftex.def Info: 5-Decision_making.pdf, page83 used on input line 185.
(pdftex.def)             Requested size: 597.53416pt x 845.08372pt.
 [1132 <./5-Decision_making.pdf>]
<5-Decision_making.pdf, id=8095, page=84, 597.50829pt x 845.0471pt>
File: 5-Decision_making.pdf Graphic file (type pdf)

<use 5-Decision_making.pdf, page 84>
Package pdftex.def Info: 5-Decision_making.pdf, page84 used on input line 185.
(pdftex.def)             Requested size: 597.53416pt x 845.08372pt.
File: 5-Decision_making.pdf Graphic file (type pdf)
 <use 5-Decision_making.pdf, page 84>
Package pdftex.def Info: 5-Decision_making.pdf, page84 used on input line 185.
(pdftex.def)             Requested size: 597.53416pt x 845.08372pt.
File: 5-Decision_making.pdf Graphic file (type pdf)

<use 5-Decision_making.pdf, page 84>
Package pdftex.def Info: 5-Decision_making.pdf, page84 used on input line 185.
(pdftex.def)             Requested size: 597.53416pt x 845.08372pt.
 [1133 <./5-Decision_making.pdf>]
<5-Decision_making.pdf, id=8100, page=85, 597.50829pt x 845.0471pt>
File: 5-Decision_making.pdf Graphic file (type pdf)

<use 5-Decision_making.pdf, page 85>
Package pdftex.def Info: 5-Decision_making.pdf, page85 used on input line 185.
(pdftex.def)             Requested size: 597.53416pt x 845.08372pt.
File: 5-Decision_making.pdf Graphic file (type pdf)
 <use 5-Decision_making.pdf, page 85>
Package pdftex.def Info: 5-Decision_making.pdf, page85 used on input line 185.
(pdftex.def)             Requested size: 597.53416pt x 845.08372pt.
File: 5-Decision_making.pdf Graphic file (type pdf)

<use 5-Decision_making.pdf, page 85>
Package pdftex.def Info: 5-Decision_making.pdf, page85 used on input line 185.
(pdftex.def)             Requested size: 597.53416pt x 845.08372pt.
 [1134 <./5-Decision_making.pdf>]
<5-Decision_making.pdf, id=8105, page=86, 597.50829pt x 845.0471pt>
File: 5-Decision_making.pdf Graphic file (type pdf)

<use 5-Decision_making.pdf, page 86>
Package pdftex.def Info: 5-Decision_making.pdf, page86 used on input line 185.
(pdftex.def)             Requested size: 597.53416pt x 845.08372pt.
File: 5-Decision_making.pdf Graphic file (type pdf)
 <use 5-Decision_making.pdf, page 86>
Package pdftex.def Info: 5-Decision_making.pdf, page86 used on input line 185.
(pdftex.def)             Requested size: 597.53416pt x 845.08372pt.
File: 5-Decision_making.pdf Graphic file (type pdf)

<use 5-Decision_making.pdf, page 86>
Package pdftex.def Info: 5-Decision_making.pdf, page86 used on input line 185.
(pdftex.def)             Requested size: 597.53416pt x 845.08372pt.
 [1135 <./5-Decision_making.pdf>]
<5-Decision_making.pdf, id=8116, page=87, 597.50829pt x 845.0471pt>
File: 5-Decision_making.pdf Graphic file (type pdf)

<use 5-Decision_making.pdf, page 87>
Package pdftex.def Info: 5-Decision_making.pdf, page87 used on input line 185.
(pdftex.def)             Requested size: 597.53416pt x 845.08372pt.
File: 5-Decision_making.pdf Graphic file (type pdf)
 <use 5-Decision_making.pdf, page 87>
Package pdftex.def Info: 5-Decision_making.pdf, page87 used on input line 185.
(pdftex.def)             Requested size: 597.53416pt x 845.08372pt.
File: 5-Decision_making.pdf Graphic file (type pdf)

<use 5-Decision_making.pdf, page 87>
Package pdftex.def Info: 5-Decision_making.pdf, page87 used on input line 185.
(pdftex.def)             Requested size: 597.53416pt x 845.08372pt.
 [1136 <./5-Decision_making.pdf>]
<5-Decision_making.pdf, id=8121, page=88, 597.50829pt x 845.0471pt>
File: 5-Decision_making.pdf Graphic file (type pdf)

<use 5-Decision_making.pdf, page 88>
Package pdftex.def Info: 5-Decision_making.pdf, page88 used on input line 185.
(pdftex.def)             Requested size: 597.53416pt x 845.08372pt.
File: 5-Decision_making.pdf Graphic file (type pdf)
 <use 5-Decision_making.pdf, page 88>
Package pdftex.def Info: 5-Decision_making.pdf, page88 used on input line 185.
(pdftex.def)             Requested size: 597.53416pt x 845.08372pt.
File: 5-Decision_making.pdf Graphic file (type pdf)

<use 5-Decision_making.pdf, page 88>
Package pdftex.def Info: 5-Decision_making.pdf, page88 used on input line 185.
(pdftex.def)             Requested size: 597.53416pt x 845.08372pt.
 [1137 <./5-Decision_making.pdf>]
<5-Decision_making.pdf, id=8126, page=89, 597.50829pt x 845.0471pt>
File: 5-Decision_making.pdf Graphic file (type pdf)

<use 5-Decision_making.pdf, page 89>
Package pdftex.def Info: 5-Decision_making.pdf, page89 used on input line 185.
(pdftex.def)             Requested size: 597.53416pt x 845.08372pt.
File: 5-Decision_making.pdf Graphic file (type pdf)
 <use 5-Decision_making.pdf, page 89>
Package pdftex.def Info: 5-Decision_making.pdf, page89 used on input line 185.
(pdftex.def)             Requested size: 597.53416pt x 845.08372pt.
File: 5-Decision_making.pdf Graphic file (type pdf)

<use 5-Decision_making.pdf, page 89>
Package pdftex.def Info: 5-Decision_making.pdf, page89 used on input line 185.
(pdftex.def)             Requested size: 597.53416pt x 845.08372pt.
 [1138 <./5-Decision_making.pdf>]
<5-Decision_making.pdf, id=8131, page=90, 597.50829pt x 845.0471pt>
File: 5-Decision_making.pdf Graphic file (type pdf)

<use 5-Decision_making.pdf, page 90>
Package pdftex.def Info: 5-Decision_making.pdf, page90 used on input line 185.
(pdftex.def)             Requested size: 597.53416pt x 845.08372pt.
File: 5-Decision_making.pdf Graphic file (type pdf)
 <use 5-Decision_making.pdf, page 90>
Package pdftex.def Info: 5-Decision_making.pdf, page90 used on input line 185.
(pdftex.def)             Requested size: 597.53416pt x 845.08372pt.
File: 5-Decision_making.pdf Graphic file (type pdf)

<use 5-Decision_making.pdf, page 90>
Package pdftex.def Info: 5-Decision_making.pdf, page90 used on input line 185.
(pdftex.def)             Requested size: 597.53416pt x 845.08372pt.
 [1139 <./5-Decision_making.pdf>]
<5-Decision_making.pdf, id=8136, page=91, 597.50829pt x 845.0471pt>
File: 5-Decision_making.pdf Graphic file (type pdf)

<use 5-Decision_making.pdf, page 91>
Package pdftex.def Info: 5-Decision_making.pdf, page91 used on input line 185.
(pdftex.def)             Requested size: 597.53416pt x 845.08372pt.
File: 5-Decision_making.pdf Graphic file (type pdf)
 <use 5-Decision_making.pdf, page 91>
Package pdftex.def Info: 5-Decision_making.pdf, page91 used on input line 185.
(pdftex.def)             Requested size: 597.53416pt x 845.08372pt.
File: 5-Decision_making.pdf Graphic file (type pdf)

<use 5-Decision_making.pdf, page 91>
Package pdftex.def Info: 5-Decision_making.pdf, page91 used on input line 185.
(pdftex.def)             Requested size: 597.53416pt x 845.08372pt.
 [1140 <./5-Decision_making.pdf>]
<5-Decision_making.pdf, id=8141, page=92, 597.50829pt x 845.0471pt>
File: 5-Decision_making.pdf Graphic file (type pdf)

<use 5-Decision_making.pdf, page 92>
Package pdftex.def Info: 5-Decision_making.pdf, page92 used on input line 185.
(pdftex.def)             Requested size: 597.53416pt x 845.08372pt.
File: 5-Decision_making.pdf Graphic file (type pdf)
 <use 5-Decision_making.pdf, page 92>
Package pdftex.def Info: 5-Decision_making.pdf, page92 used on input line 185.
(pdftex.def)             Requested size: 597.53416pt x 845.08372pt.
File: 5-Decision_making.pdf Graphic file (type pdf)

<use 5-Decision_making.pdf, page 92>
Package pdftex.def Info: 5-Decision_making.pdf, page92 used on input line 185.
(pdftex.def)             Requested size: 597.53416pt x 845.08372pt.
 [1141 <./5-Decision_making.pdf>]
<5-Decision_making.pdf, id=8147, page=93, 597.50829pt x 845.0471pt>
File: 5-Decision_making.pdf Graphic file (type pdf)

<use 5-Decision_making.pdf, page 93>
Package pdftex.def Info: 5-Decision_making.pdf, page93 used on input line 185.
(pdftex.def)             Requested size: 597.53416pt x 845.08372pt.
File: 5-Decision_making.pdf Graphic file (type pdf)
 <use 5-Decision_making.pdf, page 93>
Package pdftex.def Info: 5-Decision_making.pdf, page93 used on input line 185.
(pdftex.def)             Requested size: 597.53416pt x 845.08372pt.
File: 5-Decision_making.pdf Graphic file (type pdf)

<use 5-Decision_making.pdf, page 93>
Package pdftex.def Info: 5-Decision_making.pdf, page93 used on input line 185.
(pdftex.def)             Requested size: 597.53416pt x 845.08372pt.
 [1142 <./5-Decision_making.pdf>]
<5-Decision_making.pdf, id=8152, page=94, 597.50829pt x 845.0471pt>
File: 5-Decision_making.pdf Graphic file (type pdf)

<use 5-Decision_making.pdf, page 94>
Package pdftex.def Info: 5-Decision_making.pdf, page94 used on input line 185.
(pdftex.def)             Requested size: 597.53416pt x 845.08372pt.
File: 5-Decision_making.pdf Graphic file (type pdf)
 <use 5-Decision_making.pdf, page 94>
Package pdftex.def Info: 5-Decision_making.pdf, page94 used on input line 185.
(pdftex.def)             Requested size: 597.53416pt x 845.08372pt.
File: 5-Decision_making.pdf Graphic file (type pdf)

<use 5-Decision_making.pdf, page 94>
Package pdftex.def Info: 5-Decision_making.pdf, page94 used on input line 185.
(pdftex.def)             Requested size: 597.53416pt x 845.08372pt.
 [1143 <./5-Decision_making.pdf>]
<5-Decision_making.pdf, id=8157, page=95, 597.50829pt x 845.0471pt>
File: 5-Decision_making.pdf Graphic file (type pdf)

<use 5-Decision_making.pdf, page 95>
Package pdftex.def Info: 5-Decision_making.pdf, page95 used on input line 185.
(pdftex.def)             Requested size: 597.53416pt x 845.08372pt.
File: 5-Decision_making.pdf Graphic file (type pdf)
 <use 5-Decision_making.pdf, page 95>
Package pdftex.def Info: 5-Decision_making.pdf, page95 used on input line 185.
(pdftex.def)             Requested size: 597.53416pt x 845.08372pt.
File: 5-Decision_making.pdf Graphic file (type pdf)

<use 5-Decision_making.pdf, page 95>
Package pdftex.def Info: 5-Decision_making.pdf, page95 used on input line 185.
(pdftex.def)             Requested size: 597.53416pt x 845.08372pt.
 [1144 <./5-Decision_making.pdf>]
<5-Decision_making.pdf, id=8162, page=96, 597.50829pt x 845.0471pt>
File: 5-Decision_making.pdf Graphic file (type pdf)

<use 5-Decision_making.pdf, page 96>
Package pdftex.def Info: 5-Decision_making.pdf, page96 used on input line 185.
(pdftex.def)             Requested size: 597.53416pt x 845.08372pt.
File: 5-Decision_making.pdf Graphic file (type pdf)
 <use 5-Decision_making.pdf, page 96>
Package pdftex.def Info: 5-Decision_making.pdf, page96 used on input line 185.
(pdftex.def)             Requested size: 597.53416pt x 845.08372pt.
File: 5-Decision_making.pdf Graphic file (type pdf)

<use 5-Decision_making.pdf, page 96>
Package pdftex.def Info: 5-Decision_making.pdf, page96 used on input line 185.
(pdftex.def)             Requested size: 597.53416pt x 845.08372pt.
 [1145 <./5-Decision_making.pdf>]
<5-Decision_making.pdf, id=8167, page=97, 597.50829pt x 845.0471pt>
File: 5-Decision_making.pdf Graphic file (type pdf)

<use 5-Decision_making.pdf, page 97>
Package pdftex.def Info: 5-Decision_making.pdf, page97 used on input line 185.
(pdftex.def)             Requested size: 597.53416pt x 845.08372pt.
File: 5-Decision_making.pdf Graphic file (type pdf)
 <use 5-Decision_making.pdf, page 97>
Package pdftex.def Info: 5-Decision_making.pdf, page97 used on input line 185.
(pdftex.def)             Requested size: 597.53416pt x 845.08372pt.
File: 5-Decision_making.pdf Graphic file (type pdf)

<use 5-Decision_making.pdf, page 97>
Package pdftex.def Info: 5-Decision_making.pdf, page97 used on input line 185.
(pdftex.def)             Requested size: 597.53416pt x 845.08372pt.
 [1146 <./5-Decision_making.pdf>]
<5-Decision_making.pdf, id=8172, page=98, 597.50829pt x 845.0471pt>
File: 5-Decision_making.pdf Graphic file (type pdf)

<use 5-Decision_making.pdf, page 98>
Package pdftex.def Info: 5-Decision_making.pdf, page98 used on input line 185.
(pdftex.def)             Requested size: 597.53416pt x 845.08372pt.
File: 5-Decision_making.pdf Graphic file (type pdf)
 <use 5-Decision_making.pdf, page 98>
Package pdftex.def Info: 5-Decision_making.pdf, page98 used on input line 185.
(pdftex.def)             Requested size: 597.53416pt x 845.08372pt.
File: 5-Decision_making.pdf Graphic file (type pdf)

<use 5-Decision_making.pdf, page 98>
Package pdftex.def Info: 5-Decision_making.pdf, page98 used on input line 185.
(pdftex.def)             Requested size: 597.53416pt x 845.08372pt.
 [1147 <./5-Decision_making.pdf>]
<5-Decision_making.pdf, id=8178, page=99, 597.50829pt x 845.0471pt>
File: 5-Decision_making.pdf Graphic file (type pdf)

<use 5-Decision_making.pdf, page 99>
Package pdftex.def Info: 5-Decision_making.pdf, page99 used on input line 185.
(pdftex.def)             Requested size: 597.53416pt x 845.08372pt.
File: 5-Decision_making.pdf Graphic file (type pdf)
 <use 5-Decision_making.pdf, page 99>
Package pdftex.def Info: 5-Decision_making.pdf, page99 used on input line 185.
(pdftex.def)             Requested size: 597.53416pt x 845.08372pt.
File: 5-Decision_making.pdf Graphic file (type pdf)

<use 5-Decision_making.pdf, page 99>
Package pdftex.def Info: 5-Decision_making.pdf, page99 used on input line 185.
(pdftex.def)             Requested size: 597.53416pt x 845.08372pt.
 [1148 <./5-Decision_making.pdf>]
<5-Decision_making.pdf, id=8183, page=100, 597.50829pt x 845.0471pt>
File: 5-Decision_making.pdf Graphic file (type pdf)

<use 5-Decision_making.pdf, page 100>
Package pdftex.def Info: 5-Decision_making.pdf, page100 used on input line 185.

(pdftex.def)             Requested size: 597.53416pt x 845.08372pt.
File: 5-Decision_making.pdf Graphic file (type pdf)
 <use 5-Decision_making.pdf, page 100>
Package pdftex.def Info: 5-Decision_making.pdf, page100 used on input line 185.

(pdftex.def)             Requested size: 597.53416pt x 845.08372pt.
File: 5-Decision_making.pdf Graphic file (type pdf)

<use 5-Decision_making.pdf, page 100>
Package pdftex.def Info: 5-Decision_making.pdf, page100 used on input line 185.

(pdftex.def)             Requested size: 597.53416pt x 845.08372pt.
 [1149 <./5-Decision_making.pdf>]
<5-Decision_making.pdf, id=8188, page=101, 597.50829pt x 845.0471pt>
File: 5-Decision_making.pdf Graphic file (type pdf)

<use 5-Decision_making.pdf, page 101>
Package pdftex.def Info: 5-Decision_making.pdf, page101 used on input line 185.

(pdftex.def)             Requested size: 597.53416pt x 845.08372pt.
File: 5-Decision_making.pdf Graphic file (type pdf)
 <use 5-Decision_making.pdf, page 101>
Package pdftex.def Info: 5-Decision_making.pdf, page101 used on input line 185.

(pdftex.def)             Requested size: 597.53416pt x 845.08372pt.
File: 5-Decision_making.pdf Graphic file (type pdf)

<use 5-Decision_making.pdf, page 101>
Package pdftex.def Info: 5-Decision_making.pdf, page101 used on input line 185.

(pdftex.def)             Requested size: 597.53416pt x 845.08372pt.
 [1150 <./5-Decision_making.pdf>]
<5-Decision_making.pdf, id=8193, page=102, 597.50829pt x 845.0471pt>
File: 5-Decision_making.pdf Graphic file (type pdf)

<use 5-Decision_making.pdf, page 102>
Package pdftex.def Info: 5-Decision_making.pdf, page102 used on input line 185.

(pdftex.def)             Requested size: 597.53416pt x 845.08372pt.
File: 5-Decision_making.pdf Graphic file (type pdf)
 <use 5-Decision_making.pdf, page 102>
Package pdftex.def Info: 5-Decision_making.pdf, page102 used on input line 185.

(pdftex.def)             Requested size: 597.53416pt x 845.08372pt.
File: 5-Decision_making.pdf Graphic file (type pdf)

<use 5-Decision_making.pdf, page 102>
Package pdftex.def Info: 5-Decision_making.pdf, page102 used on input line 185.

(pdftex.def)             Requested size: 597.53416pt x 845.08372pt.
 [1151 <./5-Decision_making.pdf>]
<5-Decision_making.pdf, id=8203, page=103, 597.50829pt x 845.0471pt>
File: 5-Decision_making.pdf Graphic file (type pdf)

<use 5-Decision_making.pdf, page 103>
Package pdftex.def Info: 5-Decision_making.pdf, page103 used on input line 185.

(pdftex.def)             Requested size: 597.53416pt x 845.08372pt.
File: 5-Decision_making.pdf Graphic file (type pdf)
 <use 5-Decision_making.pdf, page 103>
Package pdftex.def Info: 5-Decision_making.pdf, page103 used on input line 185.

(pdftex.def)             Requested size: 597.53416pt x 845.08372pt.
File: 5-Decision_making.pdf Graphic file (type pdf)

<use 5-Decision_making.pdf, page 103>
Package pdftex.def Info: 5-Decision_making.pdf, page103 used on input line 185.

(pdftex.def)             Requested size: 597.53416pt x 845.08372pt.
 [1152 <./5-Decision_making.pdf>]
<5-Decision_making.pdf, id=8208, page=104, 597.50829pt x 845.0471pt>
File: 5-Decision_making.pdf Graphic file (type pdf)

<use 5-Decision_making.pdf, page 104>
Package pdftex.def Info: 5-Decision_making.pdf, page104 used on input line 185.

(pdftex.def)             Requested size: 597.53416pt x 845.08372pt.
File: 5-Decision_making.pdf Graphic file (type pdf)
 <use 5-Decision_making.pdf, page 104>
Package pdftex.def Info: 5-Decision_making.pdf, page104 used on input line 185.

(pdftex.def)             Requested size: 597.53416pt x 845.08372pt.
File: 5-Decision_making.pdf Graphic file (type pdf)

<use 5-Decision_making.pdf, page 104>
Package pdftex.def Info: 5-Decision_making.pdf, page104 used on input line 185.

(pdftex.def)             Requested size: 597.53416pt x 845.08372pt.
 [1153 <./5-Decision_making.pdf>]
<5-Decision_making.pdf, id=8214, page=105, 597.50829pt x 845.0471pt>
File: 5-Decision_making.pdf Graphic file (type pdf)

<use 5-Decision_making.pdf, page 105>
Package pdftex.def Info: 5-Decision_making.pdf, page105 used on input line 185.

(pdftex.def)             Requested size: 597.53416pt x 845.08372pt.
File: 5-Decision_making.pdf Graphic file (type pdf)
 <use 5-Decision_making.pdf, page 105>
Package pdftex.def Info: 5-Decision_making.pdf, page105 used on input line 185.

(pdftex.def)             Requested size: 597.53416pt x 845.08372pt.
File: 5-Decision_making.pdf Graphic file (type pdf)

<use 5-Decision_making.pdf, page 105>
Package pdftex.def Info: 5-Decision_making.pdf, page105 used on input line 185.

(pdftex.def)             Requested size: 597.53416pt x 845.08372pt.
 [1154 <./5-Decision_making.pdf>]
<5-Decision_making.pdf, id=8219, page=106, 597.50829pt x 845.0471pt>
File: 5-Decision_making.pdf Graphic file (type pdf)

<use 5-Decision_making.pdf, page 106>
Package pdftex.def Info: 5-Decision_making.pdf, page106 used on input line 185.

(pdftex.def)             Requested size: 597.53416pt x 845.08372pt.
File: 5-Decision_making.pdf Graphic file (type pdf)
 <use 5-Decision_making.pdf, page 106>
Package pdftex.def Info: 5-Decision_making.pdf, page106 used on input line 185.

(pdftex.def)             Requested size: 597.53416pt x 845.08372pt.
File: 5-Decision_making.pdf Graphic file (type pdf)

<use 5-Decision_making.pdf, page 106>
Package pdftex.def Info: 5-Decision_making.pdf, page106 used on input line 185.

(pdftex.def)             Requested size: 597.53416pt x 845.08372pt.
 [1155 <./5-Decision_making.pdf>]
<5-Decision_making.pdf, id=8225, page=107, 597.50829pt x 845.0471pt>
File: 5-Decision_making.pdf Graphic file (type pdf)

<use 5-Decision_making.pdf, page 107>
Package pdftex.def Info: 5-Decision_making.pdf, page107 used on input line 185.

(pdftex.def)             Requested size: 597.53416pt x 845.08372pt.
File: 5-Decision_making.pdf Graphic file (type pdf)
 <use 5-Decision_making.pdf, page 107>
Package pdftex.def Info: 5-Decision_making.pdf, page107 used on input line 185.

(pdftex.def)             Requested size: 597.53416pt x 845.08372pt.
File: 5-Decision_making.pdf Graphic file (type pdf)

<use 5-Decision_making.pdf, page 107>
Package pdftex.def Info: 5-Decision_making.pdf, page107 used on input line 185.

(pdftex.def)             Requested size: 597.53416pt x 845.08372pt.
 [1156 <./5-Decision_making.pdf>]
<5-Decision_making.pdf, id=8230, page=108, 597.50829pt x 845.0471pt>
File: 5-Decision_making.pdf Graphic file (type pdf)

<use 5-Decision_making.pdf, page 108>
Package pdftex.def Info: 5-Decision_making.pdf, page108 used on input line 185.

(pdftex.def)             Requested size: 597.53416pt x 845.08372pt.
File: 5-Decision_making.pdf Graphic file (type pdf)
 <use 5-Decision_making.pdf, page 108>
Package pdftex.def Info: 5-Decision_making.pdf, page108 used on input line 185.

(pdftex.def)             Requested size: 597.53416pt x 845.08372pt.
File: 5-Decision_making.pdf Graphic file (type pdf)

<use 5-Decision_making.pdf, page 108>
Package pdftex.def Info: 5-Decision_making.pdf, page108 used on input line 185.

(pdftex.def)             Requested size: 597.53416pt x 845.08372pt.
 [1157 <./5-Decision_making.pdf>]
<5-Decision_making.pdf, id=8235, page=109, 597.50829pt x 845.0471pt>
File: 5-Decision_making.pdf Graphic file (type pdf)

<use 5-Decision_making.pdf, page 109>
Package pdftex.def Info: 5-Decision_making.pdf, page109 used on input line 185.

(pdftex.def)             Requested size: 597.53416pt x 845.08372pt.
File: 5-Decision_making.pdf Graphic file (type pdf)
 <use 5-Decision_making.pdf, page 109>
Package pdftex.def Info: 5-Decision_making.pdf, page109 used on input line 185.

(pdftex.def)             Requested size: 597.53416pt x 845.08372pt.
File: 5-Decision_making.pdf Graphic file (type pdf)

<use 5-Decision_making.pdf, page 109>
Package pdftex.def Info: 5-Decision_making.pdf, page109 used on input line 185.

(pdftex.def)             Requested size: 597.53416pt x 845.08372pt.
 [1158 <./5-Decision_making.pdf>]
<5-Decision_making.pdf, id=8240, page=110, 597.50829pt x 845.0471pt>
File: 5-Decision_making.pdf Graphic file (type pdf)

<use 5-Decision_making.pdf, page 110>
Package pdftex.def Info: 5-Decision_making.pdf, page110 used on input line 185.

(pdftex.def)             Requested size: 597.53416pt x 845.08372pt.
File: 5-Decision_making.pdf Graphic file (type pdf)
 <use 5-Decision_making.pdf, page 110>
Package pdftex.def Info: 5-Decision_making.pdf, page110 used on input line 185.

(pdftex.def)             Requested size: 597.53416pt x 845.08372pt.
File: 5-Decision_making.pdf Graphic file (type pdf)

<use 5-Decision_making.pdf, page 110>
Package pdftex.def Info: 5-Decision_making.pdf, page110 used on input line 185.

(pdftex.def)             Requested size: 597.53416pt x 845.08372pt.
 [1159 <./5-Decision_making.pdf>]
<5-Decision_making.pdf, id=8246, page=111, 597.50829pt x 845.0471pt>
File: 5-Decision_making.pdf Graphic file (type pdf)

<use 5-Decision_making.pdf, page 111>
Package pdftex.def Info: 5-Decision_making.pdf, page111 used on input line 185.

(pdftex.def)             Requested size: 597.53416pt x 845.08372pt.
File: 5-Decision_making.pdf Graphic file (type pdf)
 <use 5-Decision_making.pdf, page 111>
Package pdftex.def Info: 5-Decision_making.pdf, page111 used on input line 185.

(pdftex.def)             Requested size: 597.53416pt x 845.08372pt.
File: 5-Decision_making.pdf Graphic file (type pdf)

<use 5-Decision_making.pdf, page 111>
Package pdftex.def Info: 5-Decision_making.pdf, page111 used on input line 185.

(pdftex.def)             Requested size: 597.53416pt x 845.08372pt.
 [1160 <./5-Decision_making.pdf>]
<5-Decision_making.pdf, id=8251, page=112, 597.50829pt x 845.0471pt>
File: 5-Decision_making.pdf Graphic file (type pdf)

<use 5-Decision_making.pdf, page 112>
Package pdftex.def Info: 5-Decision_making.pdf, page112 used on input line 185.

(pdftex.def)             Requested size: 597.53416pt x 845.08372pt.
File: 5-Decision_making.pdf Graphic file (type pdf)
 <use 5-Decision_making.pdf, page 112>
Package pdftex.def Info: 5-Decision_making.pdf, page112 used on input line 185.

(pdftex.def)             Requested size: 597.53416pt x 845.08372pt.
File: 5-Decision_making.pdf Graphic file (type pdf)

<use 5-Decision_making.pdf, page 112>
Package pdftex.def Info: 5-Decision_making.pdf, page112 used on input line 185.

(pdftex.def)             Requested size: 597.53416pt x 845.08372pt.
 [1161 <./5-Decision_making.pdf>]
<5-Decision_making.pdf, id=8256, page=113, 597.50829pt x 845.0471pt>
File: 5-Decision_making.pdf Graphic file (type pdf)

<use 5-Decision_making.pdf, page 113>
Package pdftex.def Info: 5-Decision_making.pdf, page113 used on input line 185.

(pdftex.def)             Requested size: 597.53416pt x 845.08372pt.
File: 5-Decision_making.pdf Graphic file (type pdf)
 <use 5-Decision_making.pdf, page 113>
Package pdftex.def Info: 5-Decision_making.pdf, page113 used on input line 185.

(pdftex.def)             Requested size: 597.53416pt x 845.08372pt.
File: 5-Decision_making.pdf Graphic file (type pdf)

<use 5-Decision_making.pdf, page 113>
Package pdftex.def Info: 5-Decision_making.pdf, page113 used on input line 185.

(pdftex.def)             Requested size: 597.53416pt x 845.08372pt.
 [1162 <./5-Decision_making.pdf>]
<5-Decision_making.pdf, id=8261, page=114, 597.50829pt x 845.0471pt>
File: 5-Decision_making.pdf Graphic file (type pdf)

<use 5-Decision_making.pdf, page 114>
Package pdftex.def Info: 5-Decision_making.pdf, page114 used on input line 185.

(pdftex.def)             Requested size: 597.53416pt x 845.08372pt.
File: 5-Decision_making.pdf Graphic file (type pdf)
 <use 5-Decision_making.pdf, page 114>
Package pdftex.def Info: 5-Decision_making.pdf, page114 used on input line 185.

(pdftex.def)             Requested size: 597.53416pt x 845.08372pt.
File: 5-Decision_making.pdf Graphic file (type pdf)

<use 5-Decision_making.pdf, page 114>
Package pdftex.def Info: 5-Decision_making.pdf, page114 used on input line 185.

(pdftex.def)             Requested size: 597.53416pt x 845.08372pt.
 [1163 <./5-Decision_making.pdf>]
<5-Decision_making.pdf, id=8266, page=115, 597.50829pt x 845.0471pt>
File: 5-Decision_making.pdf Graphic file (type pdf)

<use 5-Decision_making.pdf, page 115>
Package pdftex.def Info: 5-Decision_making.pdf, page115 used on input line 185.

(pdftex.def)             Requested size: 597.53416pt x 845.08372pt.
File: 5-Decision_making.pdf Graphic file (type pdf)
 <use 5-Decision_making.pdf, page 115>
Package pdftex.def Info: 5-Decision_making.pdf, page115 used on input line 185.

(pdftex.def)             Requested size: 597.53416pt x 845.08372pt.
File: 5-Decision_making.pdf Graphic file (type pdf)

<use 5-Decision_making.pdf, page 115>
Package pdftex.def Info: 5-Decision_making.pdf, page115 used on input line 185.

(pdftex.def)             Requested size: 597.53416pt x 845.08372pt.
 [1164 <./5-Decision_making.pdf>]
<5-Decision_making.pdf, id=8271, page=116, 597.50829pt x 845.0471pt>
File: 5-Decision_making.pdf Graphic file (type pdf)

<use 5-Decision_making.pdf, page 116>
Package pdftex.def Info: 5-Decision_making.pdf, page116 used on input line 185.

(pdftex.def)             Requested size: 597.53416pt x 845.08372pt.
File: 5-Decision_making.pdf Graphic file (type pdf)
 <use 5-Decision_making.pdf, page 116>
Package pdftex.def Info: 5-Decision_making.pdf, page116 used on input line 185.

(pdftex.def)             Requested size: 597.53416pt x 845.08372pt.
File: 5-Decision_making.pdf Graphic file (type pdf)

<use 5-Decision_making.pdf, page 116>
Package pdftex.def Info: 5-Decision_making.pdf, page116 used on input line 185.

(pdftex.def)             Requested size: 597.53416pt x 845.08372pt.
 [1165 <./5-Decision_making.pdf>]
<5-Decision_making.pdf, id=8277, page=117, 597.50829pt x 845.0471pt>
File: 5-Decision_making.pdf Graphic file (type pdf)

<use 5-Decision_making.pdf, page 117>
Package pdftex.def Info: 5-Decision_making.pdf, page117 used on input line 185.

(pdftex.def)             Requested size: 597.53416pt x 845.08372pt.
File: 5-Decision_making.pdf Graphic file (type pdf)
 <use 5-Decision_making.pdf, page 117>
Package pdftex.def Info: 5-Decision_making.pdf, page117 used on input line 185.

(pdftex.def)             Requested size: 597.53416pt x 845.08372pt.
File: 5-Decision_making.pdf Graphic file (type pdf)

<use 5-Decision_making.pdf, page 117>
Package pdftex.def Info: 5-Decision_making.pdf, page117 used on input line 185.

(pdftex.def)             Requested size: 597.53416pt x 845.08372pt.
 [1166 <./5-Decision_making.pdf>]
<5-Decision_making.pdf, id=8282, page=118, 597.50829pt x 845.0471pt>
File: 5-Decision_making.pdf Graphic file (type pdf)

<use 5-Decision_making.pdf, page 118>
Package pdftex.def Info: 5-Decision_making.pdf, page118 used on input line 185.

(pdftex.def)             Requested size: 597.53416pt x 845.08372pt.
File: 5-Decision_making.pdf Graphic file (type pdf)
 <use 5-Decision_making.pdf, page 118>
Package pdftex.def Info: 5-Decision_making.pdf, page118 used on input line 185.

(pdftex.def)             Requested size: 597.53416pt x 845.08372pt.
File: 5-Decision_making.pdf Graphic file (type pdf)

<use 5-Decision_making.pdf, page 118>
Package pdftex.def Info: 5-Decision_making.pdf, page118 used on input line 185.

(pdftex.def)             Requested size: 597.53416pt x 845.08372pt.
 [1167 <./5-Decision_making.pdf>]
<5-Decision_making.pdf, id=8287, page=119, 597.50829pt x 845.0471pt>
File: 5-Decision_making.pdf Graphic file (type pdf)

<use 5-Decision_making.pdf, page 119>
Package pdftex.def Info: 5-Decision_making.pdf, page119 used on input line 185.

(pdftex.def)             Requested size: 597.53416pt x 845.08372pt.
File: 5-Decision_making.pdf Graphic file (type pdf)
 <use 5-Decision_making.pdf, page 119>
Package pdftex.def Info: 5-Decision_making.pdf, page119 used on input line 185.

(pdftex.def)             Requested size: 597.53416pt x 845.08372pt.
File: 5-Decision_making.pdf Graphic file (type pdf)

<use 5-Decision_making.pdf, page 119>
Package pdftex.def Info: 5-Decision_making.pdf, page119 used on input line 185.

(pdftex.def)             Requested size: 597.53416pt x 845.08372pt.
 [1168 <./5-Decision_making.pdf>]
<5-Decision_making.pdf, id=8292, page=120, 597.50829pt x 845.0471pt>
File: 5-Decision_making.pdf Graphic file (type pdf)

<use 5-Decision_making.pdf, page 120>
Package pdftex.def Info: 5-Decision_making.pdf, page120 used on input line 185.

(pdftex.def)             Requested size: 597.53416pt x 845.08372pt.
File: 5-Decision_making.pdf Graphic file (type pdf)
 <use 5-Decision_making.pdf, page 120>
Package pdftex.def Info: 5-Decision_making.pdf, page120 used on input line 185.

(pdftex.def)             Requested size: 597.53416pt x 845.08372pt.
File: 5-Decision_making.pdf Graphic file (type pdf)

<use 5-Decision_making.pdf, page 120>
Package pdftex.def Info: 5-Decision_making.pdf, page120 used on input line 185.

(pdftex.def)             Requested size: 597.53416pt x 845.08372pt.
 [1169 <./5-Decision_making.pdf>]
<5-Decision_making.pdf, id=8297, page=121, 597.50829pt x 845.0471pt>
File: 5-Decision_making.pdf Graphic file (type pdf)

<use 5-Decision_making.pdf, page 121>
Package pdftex.def Info: 5-Decision_making.pdf, page121 used on input line 185.

(pdftex.def)             Requested size: 597.53416pt x 845.08372pt.
File: 5-Decision_making.pdf Graphic file (type pdf)
 <use 5-Decision_making.pdf, page 121>
Package pdftex.def Info: 5-Decision_making.pdf, page121 used on input line 185.

(pdftex.def)             Requested size: 597.53416pt x 845.08372pt.
File: 5-Decision_making.pdf Graphic file (type pdf)

<use 5-Decision_making.pdf, page 121>
Package pdftex.def Info: 5-Decision_making.pdf, page121 used on input line 185.

(pdftex.def)             Requested size: 597.53416pt x 845.08372pt.
 [1170 <./5-Decision_making.pdf>]
<5-Decision_making.pdf, id=8323, page=122, 597.50829pt x 845.0471pt>
File: 5-Decision_making.pdf Graphic file (type pdf)

<use 5-Decision_making.pdf, page 122>
Package pdftex.def Info: 5-Decision_making.pdf, page122 used on input line 185.

(pdftex.def)             Requested size: 597.53416pt x 845.08372pt.
File: 5-Decision_making.pdf Graphic file (type pdf)
 <use 5-Decision_making.pdf, page 122>
Package pdftex.def Info: 5-Decision_making.pdf, page122 used on input line 185.

(pdftex.def)             Requested size: 597.53416pt x 845.08372pt.
File: 5-Decision_making.pdf Graphic file (type pdf)

<use 5-Decision_making.pdf, page 122>
Package pdftex.def Info: 5-Decision_making.pdf, page122 used on input line 185.

(pdftex.def)             Requested size: 597.53416pt x 845.08372pt.
 [1171 <./5-Decision_making.pdf>]
<5-Decision_making.pdf, id=8329, page=123, 597.50829pt x 845.0471pt>
File: 5-Decision_making.pdf Graphic file (type pdf)

<use 5-Decision_making.pdf, page 123>
Package pdftex.def Info: 5-Decision_making.pdf, page123 used on input line 185.

(pdftex.def)             Requested size: 597.53416pt x 845.08372pt.
File: 5-Decision_making.pdf Graphic file (type pdf)
 <use 5-Decision_making.pdf, page 123>
Package pdftex.def Info: 5-Decision_making.pdf, page123 used on input line 185.

(pdftex.def)             Requested size: 597.53416pt x 845.08372pt.
File: 5-Decision_making.pdf Graphic file (type pdf)

<use 5-Decision_making.pdf, page 123>
Package pdftex.def Info: 5-Decision_making.pdf, page123 used on input line 185.

(pdftex.def)             Requested size: 597.53416pt x 845.08372pt.
 [1172 <./5-Decision_making.pdf>]
<5-Decision_making.pdf, id=8334, page=124, 597.50829pt x 845.0471pt>
File: 5-Decision_making.pdf Graphic file (type pdf)

<use 5-Decision_making.pdf, page 124>
Package pdftex.def Info: 5-Decision_making.pdf, page124 used on input line 185.

(pdftex.def)             Requested size: 597.53416pt x 845.08372pt.
File: 5-Decision_making.pdf Graphic file (type pdf)
 <use 5-Decision_making.pdf, page 124>
Package pdftex.def Info: 5-Decision_making.pdf, page124 used on input line 185.

(pdftex.def)             Requested size: 597.53416pt x 845.08372pt.
File: 5-Decision_making.pdf Graphic file (type pdf)

<use 5-Decision_making.pdf, page 124>
Package pdftex.def Info: 5-Decision_making.pdf, page124 used on input line 185.

(pdftex.def)             Requested size: 597.53416pt x 845.08372pt.
 [1173 <./5-Decision_making.pdf>]
<5-Decision_making.pdf, id=8339, page=125, 597.50829pt x 845.0471pt>
File: 5-Decision_making.pdf Graphic file (type pdf)

<use 5-Decision_making.pdf, page 125>
Package pdftex.def Info: 5-Decision_making.pdf, page125 used on input line 185.

(pdftex.def)             Requested size: 597.53416pt x 845.08372pt.
File: 5-Decision_making.pdf Graphic file (type pdf)
 <use 5-Decision_making.pdf, page 125>
Package pdftex.def Info: 5-Decision_making.pdf, page125 used on input line 185.

(pdftex.def)             Requested size: 597.53416pt x 845.08372pt.
File: 5-Decision_making.pdf Graphic file (type pdf)

<use 5-Decision_making.pdf, page 125>
Package pdftex.def Info: 5-Decision_making.pdf, page125 used on input line 185.

(pdftex.def)             Requested size: 597.53416pt x 845.08372pt.
 [1174 <./5-Decision_making.pdf>]
<5-Decision_making.pdf, id=8349, page=126, 597.50829pt x 845.0471pt>
File: 5-Decision_making.pdf Graphic file (type pdf)

<use 5-Decision_making.pdf, page 126>
Package pdftex.def Info: 5-Decision_making.pdf, page126 used on input line 185.

(pdftex.def)             Requested size: 597.53416pt x 845.08372pt.
File: 5-Decision_making.pdf Graphic file (type pdf)
 <use 5-Decision_making.pdf, page 126>
Package pdftex.def Info: 5-Decision_making.pdf, page126 used on input line 185.

(pdftex.def)             Requested size: 597.53416pt x 845.08372pt.
File: 5-Decision_making.pdf Graphic file (type pdf)

<use 5-Decision_making.pdf, page 126>
Package pdftex.def Info: 5-Decision_making.pdf, page126 used on input line 185.

(pdftex.def)             Requested size: 597.53416pt x 845.08372pt.
 [1175 <./5-Decision_making.pdf>]
<5-Decision_making.pdf, id=8359, page=127, 597.50829pt x 845.0471pt>
File: 5-Decision_making.pdf Graphic file (type pdf)

<use 5-Decision_making.pdf, page 127>
Package pdftex.def Info: 5-Decision_making.pdf, page127 used on input line 185.

(pdftex.def)             Requested size: 597.53416pt x 845.08372pt.
File: 5-Decision_making.pdf Graphic file (type pdf)
 <use 5-Decision_making.pdf, page 127>
Package pdftex.def Info: 5-Decision_making.pdf, page127 used on input line 185.

(pdftex.def)             Requested size: 597.53416pt x 845.08372pt.
File: 5-Decision_making.pdf Graphic file (type pdf)

<use 5-Decision_making.pdf, page 127>
Package pdftex.def Info: 5-Decision_making.pdf, page127 used on input line 185.

(pdftex.def)             Requested size: 597.53416pt x 845.08372pt.
 [1176 <./5-Decision_making.pdf>]
<5-Decision_making.pdf, id=8364, page=128, 597.50829pt x 845.0471pt>
File: 5-Decision_making.pdf Graphic file (type pdf)

<use 5-Decision_making.pdf, page 128>
Package pdftex.def Info: 5-Decision_making.pdf, page128 used on input line 185.

(pdftex.def)             Requested size: 597.53416pt x 845.08372pt.
File: 5-Decision_making.pdf Graphic file (type pdf)
 <use 5-Decision_making.pdf, page 128>
Package pdftex.def Info: 5-Decision_making.pdf, page128 used on input line 185.

(pdftex.def)             Requested size: 597.53416pt x 845.08372pt.
File: 5-Decision_making.pdf Graphic file (type pdf)

<use 5-Decision_making.pdf, page 128>
Package pdftex.def Info: 5-Decision_making.pdf, page128 used on input line 185.

(pdftex.def)             Requested size: 597.53416pt x 845.08372pt.
 [1177 <./5-Decision_making.pdf>]
<5-Decision_making.pdf, id=8370, page=129, 597.50829pt x 845.0471pt>
File: 5-Decision_making.pdf Graphic file (type pdf)

<use 5-Decision_making.pdf, page 129>
Package pdftex.def Info: 5-Decision_making.pdf, page129 used on input line 185.

(pdftex.def)             Requested size: 597.53416pt x 845.08372pt.
File: 5-Decision_making.pdf Graphic file (type pdf)
 <use 5-Decision_making.pdf, page 129>
Package pdftex.def Info: 5-Decision_making.pdf, page129 used on input line 185.

(pdftex.def)             Requested size: 597.53416pt x 845.08372pt.
File: 5-Decision_making.pdf Graphic file (type pdf)

<use 5-Decision_making.pdf, page 129>
Package pdftex.def Info: 5-Decision_making.pdf, page129 used on input line 185.

(pdftex.def)             Requested size: 597.53416pt x 845.08372pt.
 [1178 <./5-Decision_making.pdf>]
<5-Decision_making.pdf, id=8375, page=130, 597.50829pt x 845.0471pt>
File: 5-Decision_making.pdf Graphic file (type pdf)

<use 5-Decision_making.pdf, page 130>
Package pdftex.def Info: 5-Decision_making.pdf, page130 used on input line 185.

(pdftex.def)             Requested size: 597.53416pt x 845.08372pt.
File: 5-Decision_making.pdf Graphic file (type pdf)
 <use 5-Decision_making.pdf, page 130>
Package pdftex.def Info: 5-Decision_making.pdf, page130 used on input line 185.

(pdftex.def)             Requested size: 597.53416pt x 845.08372pt.
File: 5-Decision_making.pdf Graphic file (type pdf)

<use 5-Decision_making.pdf, page 130>
Package pdftex.def Info: 5-Decision_making.pdf, page130 used on input line 185.

(pdftex.def)             Requested size: 597.53416pt x 845.08372pt.
 [1179 <./5-Decision_making.pdf>]
<5-Decision_making.pdf, id=8380, page=131, 597.50829pt x 845.0471pt>
File: 5-Decision_making.pdf Graphic file (type pdf)

<use 5-Decision_making.pdf, page 131>
Package pdftex.def Info: 5-Decision_making.pdf, page131 used on input line 185.

(pdftex.def)             Requested size: 597.53416pt x 845.08372pt.
File: 5-Decision_making.pdf Graphic file (type pdf)
 <use 5-Decision_making.pdf, page 131>
Package pdftex.def Info: 5-Decision_making.pdf, page131 used on input line 185.

(pdftex.def)             Requested size: 597.53416pt x 845.08372pt.
File: 5-Decision_making.pdf Graphic file (type pdf)

<use 5-Decision_making.pdf, page 131>
Package pdftex.def Info: 5-Decision_making.pdf, page131 used on input line 185.

(pdftex.def)             Requested size: 597.53416pt x 845.08372pt.
 [1180 <./5-Decision_making.pdf>]
<5-Decision_making.pdf, id=8385, page=132, 597.50829pt x 845.0471pt>
File: 5-Decision_making.pdf Graphic file (type pdf)

<use 5-Decision_making.pdf, page 132>
Package pdftex.def Info: 5-Decision_making.pdf, page132 used on input line 185.

(pdftex.def)             Requested size: 597.53416pt x 845.08372pt.
File: 5-Decision_making.pdf Graphic file (type pdf)
 <use 5-Decision_making.pdf, page 132>
Package pdftex.def Info: 5-Decision_making.pdf, page132 used on input line 185.

(pdftex.def)             Requested size: 597.53416pt x 845.08372pt.
File: 5-Decision_making.pdf Graphic file (type pdf)

<use 5-Decision_making.pdf, page 132>
Package pdftex.def Info: 5-Decision_making.pdf, page132 used on input line 185.

(pdftex.def)             Requested size: 597.53416pt x 845.08372pt.
 [1181 <./5-Decision_making.pdf>]
<5-Decision_making.pdf, id=8391, page=133, 597.50829pt x 845.0471pt>
File: 5-Decision_making.pdf Graphic file (type pdf)

<use 5-Decision_making.pdf, page 133>
Package pdftex.def Info: 5-Decision_making.pdf, page133 used on input line 185.

(pdftex.def)             Requested size: 597.53416pt x 845.08372pt.
File: 5-Decision_making.pdf Graphic file (type pdf)
 <use 5-Decision_making.pdf, page 133>
Package pdftex.def Info: 5-Decision_making.pdf, page133 used on input line 185.

(pdftex.def)             Requested size: 597.53416pt x 845.08372pt.
File: 5-Decision_making.pdf Graphic file (type pdf)

<use 5-Decision_making.pdf, page 133>
Package pdftex.def Info: 5-Decision_making.pdf, page133 used on input line 185.

(pdftex.def)             Requested size: 597.53416pt x 845.08372pt.
 [1182 <./5-Decision_making.pdf>]
<5-Decision_making.pdf, id=8396, page=134, 597.50829pt x 845.0471pt>
File: 5-Decision_making.pdf Graphic file (type pdf)

<use 5-Decision_making.pdf, page 134>
Package pdftex.def Info: 5-Decision_making.pdf, page134 used on input line 185.

(pdftex.def)             Requested size: 597.53416pt x 845.08372pt.
File: 5-Decision_making.pdf Graphic file (type pdf)
 <use 5-Decision_making.pdf, page 134>
Package pdftex.def Info: 5-Decision_making.pdf, page134 used on input line 185.

(pdftex.def)             Requested size: 597.53416pt x 845.08372pt.
File: 5-Decision_making.pdf Graphic file (type pdf)

<use 5-Decision_making.pdf, page 134>
Package pdftex.def Info: 5-Decision_making.pdf, page134 used on input line 185.

(pdftex.def)             Requested size: 597.53416pt x 845.08372pt.
 [1183 <./5-Decision_making.pdf>]
<5-Decision_making.pdf, id=8402, page=135, 597.50829pt x 845.0471pt>
File: 5-Decision_making.pdf Graphic file (type pdf)

<use 5-Decision_making.pdf, page 135>
Package pdftex.def Info: 5-Decision_making.pdf, page135 used on input line 185.

(pdftex.def)             Requested size: 597.53416pt x 845.08372pt.
File: 5-Decision_making.pdf Graphic file (type pdf)
 <use 5-Decision_making.pdf, page 135>
Package pdftex.def Info: 5-Decision_making.pdf, page135 used on input line 185.

(pdftex.def)             Requested size: 597.53416pt x 845.08372pt.
File: 5-Decision_making.pdf Graphic file (type pdf)

<use 5-Decision_making.pdf, page 135>
Package pdftex.def Info: 5-Decision_making.pdf, page135 used on input line 185.

(pdftex.def)             Requested size: 597.53416pt x 845.08372pt.
 [1184 <./5-Decision_making.pdf>]
<5-Decision_making.pdf, id=8407, page=136, 597.50829pt x 845.0471pt>
File: 5-Decision_making.pdf Graphic file (type pdf)

<use 5-Decision_making.pdf, page 136>
Package pdftex.def Info: 5-Decision_making.pdf, page136 used on input line 185.

(pdftex.def)             Requested size: 597.53416pt x 845.08372pt.
File: 5-Decision_making.pdf Graphic file (type pdf)
 <use 5-Decision_making.pdf, page 136>
Package pdftex.def Info: 5-Decision_making.pdf, page136 used on input line 185.

(pdftex.def)             Requested size: 597.53416pt x 845.08372pt.
File: 5-Decision_making.pdf Graphic file (type pdf)

<use 5-Decision_making.pdf, page 136>
Package pdftex.def Info: 5-Decision_making.pdf, page136 used on input line 185.

(pdftex.def)             Requested size: 597.53416pt x 845.08372pt.
 [1185 <./5-Decision_making.pdf>]
<5-Decision_making.pdf, id=8417, page=137, 597.50829pt x 845.0471pt>
File: 5-Decision_making.pdf Graphic file (type pdf)

<use 5-Decision_making.pdf, page 137>
Package pdftex.def Info: 5-Decision_making.pdf, page137 used on input line 185.

(pdftex.def)             Requested size: 597.53416pt x 845.08372pt.
File: 5-Decision_making.pdf Graphic file (type pdf)
 <use 5-Decision_making.pdf, page 137>
Package pdftex.def Info: 5-Decision_making.pdf, page137 used on input line 185.

(pdftex.def)             Requested size: 597.53416pt x 845.08372pt.
File: 5-Decision_making.pdf Graphic file (type pdf)

<use 5-Decision_making.pdf, page 137>
Package pdftex.def Info: 5-Decision_making.pdf, page137 used on input line 185.

(pdftex.def)             Requested size: 597.53416pt x 845.08372pt.
 [1186 <./5-Decision_making.pdf>]
<5-Decision_making.pdf, id=8422, page=138, 597.50829pt x 845.0471pt>
File: 5-Decision_making.pdf Graphic file (type pdf)

<use 5-Decision_making.pdf, page 138>
Package pdftex.def Info: 5-Decision_making.pdf, page138 used on input line 185.

(pdftex.def)             Requested size: 597.53416pt x 845.08372pt.
File: 5-Decision_making.pdf Graphic file (type pdf)
 <use 5-Decision_making.pdf, page 138>
Package pdftex.def Info: 5-Decision_making.pdf, page138 used on input line 185.

(pdftex.def)             Requested size: 597.53416pt x 845.08372pt.
File: 5-Decision_making.pdf Graphic file (type pdf)

<use 5-Decision_making.pdf, page 138>
Package pdftex.def Info: 5-Decision_making.pdf, page138 used on input line 185.

(pdftex.def)             Requested size: 597.53416pt x 845.08372pt.
 [1187 <./5-Decision_making.pdf>]
<5-Decision_making.pdf, id=8432, page=139, 597.50829pt x 845.0471pt>
File: 5-Decision_making.pdf Graphic file (type pdf)

<use 5-Decision_making.pdf, page 139>
Package pdftex.def Info: 5-Decision_making.pdf, page139 used on input line 185.

(pdftex.def)             Requested size: 597.53416pt x 845.08372pt.
File: 5-Decision_making.pdf Graphic file (type pdf)
 <use 5-Decision_making.pdf, page 139>
Package pdftex.def Info: 5-Decision_making.pdf, page139 used on input line 185.

(pdftex.def)             Requested size: 597.53416pt x 845.08372pt.
File: 5-Decision_making.pdf Graphic file (type pdf)

<use 5-Decision_making.pdf, page 139>
Package pdftex.def Info: 5-Decision_making.pdf, page139 used on input line 185.

(pdftex.def)             Requested size: 597.53416pt x 845.08372pt.
 [1188 <./5-Decision_making.pdf>]
<5-Decision_making.pdf, id=8437, page=140, 597.50829pt x 845.0471pt>
File: 5-Decision_making.pdf Graphic file (type pdf)

<use 5-Decision_making.pdf, page 140>
Package pdftex.def Info: 5-Decision_making.pdf, page140 used on input line 185.

(pdftex.def)             Requested size: 597.53416pt x 845.08372pt.
File: 5-Decision_making.pdf Graphic file (type pdf)
 <use 5-Decision_making.pdf, page 140>
Package pdftex.def Info: 5-Decision_making.pdf, page140 used on input line 185.

(pdftex.def)             Requested size: 597.53416pt x 845.08372pt.
File: 5-Decision_making.pdf Graphic file (type pdf)

<use 5-Decision_making.pdf, page 140>
Package pdftex.def Info: 5-Decision_making.pdf, page140 used on input line 185.

(pdftex.def)             Requested size: 597.53416pt x 845.08372pt.
 [1189 <./5-Decision_making.pdf>]
<5-Decision_making.pdf, id=8443, page=141, 597.50829pt x 845.0471pt>
File: 5-Decision_making.pdf Graphic file (type pdf)

<use 5-Decision_making.pdf, page 141>
Package pdftex.def Info: 5-Decision_making.pdf, page141 used on input line 185.

(pdftex.def)             Requested size: 597.53416pt x 845.08372pt.
File: 5-Decision_making.pdf Graphic file (type pdf)
 <use 5-Decision_making.pdf, page 141>
Package pdftex.def Info: 5-Decision_making.pdf, page141 used on input line 185.

(pdftex.def)             Requested size: 597.53416pt x 845.08372pt.
File: 5-Decision_making.pdf Graphic file (type pdf)

<use 5-Decision_making.pdf, page 141>
Package pdftex.def Info: 5-Decision_making.pdf, page141 used on input line 185.

(pdftex.def)             Requested size: 597.53416pt x 845.08372pt.
 [1190 <./5-Decision_making.pdf>]
<5-Decision_making.pdf, id=8448, page=142, 597.50829pt x 845.0471pt>
File: 5-Decision_making.pdf Graphic file (type pdf)

<use 5-Decision_making.pdf, page 142>
Package pdftex.def Info: 5-Decision_making.pdf, page142 used on input line 185.

(pdftex.def)             Requested size: 597.53416pt x 845.08372pt.
File: 5-Decision_making.pdf Graphic file (type pdf)
 <use 5-Decision_making.pdf, page 142>
Package pdftex.def Info: 5-Decision_making.pdf, page142 used on input line 185.

(pdftex.def)             Requested size: 597.53416pt x 845.08372pt.
File: 5-Decision_making.pdf Graphic file (type pdf)

<use 5-Decision_making.pdf, page 142>
Package pdftex.def Info: 5-Decision_making.pdf, page142 used on input line 185.

(pdftex.def)             Requested size: 597.53416pt x 845.08372pt.
 [1191 <./5-Decision_making.pdf>]
<5-Decision_making.pdf, id=8453, page=143, 597.50829pt x 845.0471pt>
File: 5-Decision_making.pdf Graphic file (type pdf)

<use 5-Decision_making.pdf, page 143>
Package pdftex.def Info: 5-Decision_making.pdf, page143 used on input line 185.

(pdftex.def)             Requested size: 597.53416pt x 845.08372pt.
File: 5-Decision_making.pdf Graphic file (type pdf)
 <use 5-Decision_making.pdf, page 143>
Package pdftex.def Info: 5-Decision_making.pdf, page143 used on input line 185.

(pdftex.def)             Requested size: 597.53416pt x 845.08372pt.
File: 5-Decision_making.pdf Graphic file (type pdf)

<use 5-Decision_making.pdf, page 143>
Package pdftex.def Info: 5-Decision_making.pdf, page143 used on input line 185.

(pdftex.def)             Requested size: 597.53416pt x 845.08372pt.
 [1192 <./5-Decision_making.pdf>]
<5-Decision_making.pdf, id=8458, page=144, 597.50829pt x 845.0471pt>
File: 5-Decision_making.pdf Graphic file (type pdf)

<use 5-Decision_making.pdf, page 144>
Package pdftex.def Info: 5-Decision_making.pdf, page144 used on input line 185.

(pdftex.def)             Requested size: 597.53416pt x 845.08372pt.
File: 5-Decision_making.pdf Graphic file (type pdf)
 <use 5-Decision_making.pdf, page 144>
Package pdftex.def Info: 5-Decision_making.pdf, page144 used on input line 185.

(pdftex.def)             Requested size: 597.53416pt x 845.08372pt.
File: 5-Decision_making.pdf Graphic file (type pdf)

<use 5-Decision_making.pdf, page 144>
Package pdftex.def Info: 5-Decision_making.pdf, page144 used on input line 185.

(pdftex.def)             Requested size: 597.53416pt x 845.08372pt.
 [1193 <./5-Decision_making.pdf>]
<5-Decision_making.pdf, id=8463, page=145, 597.50829pt x 845.0471pt>
File: 5-Decision_making.pdf Graphic file (type pdf)

<use 5-Decision_making.pdf, page 145>
Package pdftex.def Info: 5-Decision_making.pdf, page145 used on input line 185.

(pdftex.def)             Requested size: 597.53416pt x 845.08372pt.
File: 5-Decision_making.pdf Graphic file (type pdf)
 <use 5-Decision_making.pdf, page 145>
Package pdftex.def Info: 5-Decision_making.pdf, page145 used on input line 185.

(pdftex.def)             Requested size: 597.53416pt x 845.08372pt.
File: 5-Decision_making.pdf Graphic file (type pdf)

<use 5-Decision_making.pdf, page 145>
Package pdftex.def Info: 5-Decision_making.pdf, page145 used on input line 185.

(pdftex.def)             Requested size: 597.53416pt x 845.08372pt.
 [1194 <./5-Decision_making.pdf>]
<5-Decision_making.pdf, id=8468, page=146, 597.50829pt x 845.0471pt>
File: 5-Decision_making.pdf Graphic file (type pdf)

<use 5-Decision_making.pdf, page 146>
Package pdftex.def Info: 5-Decision_making.pdf, page146 used on input line 185.

(pdftex.def)             Requested size: 597.53416pt x 845.08372pt.
File: 5-Decision_making.pdf Graphic file (type pdf)
 <use 5-Decision_making.pdf, page 146>
Package pdftex.def Info: 5-Decision_making.pdf, page146 used on input line 185.

(pdftex.def)             Requested size: 597.53416pt x 845.08372pt.
File: 5-Decision_making.pdf Graphic file (type pdf)

<use 5-Decision_making.pdf, page 146>
Package pdftex.def Info: 5-Decision_making.pdf, page146 used on input line 185.

(pdftex.def)             Requested size: 597.53416pt x 845.08372pt.
 [1195 <./5-Decision_making.pdf>]
<5-Decision_making.pdf, id=8474, page=147, 597.50829pt x 845.0471pt>
File: 5-Decision_making.pdf Graphic file (type pdf)

<use 5-Decision_making.pdf, page 147>
Package pdftex.def Info: 5-Decision_making.pdf, page147 used on input line 185.

(pdftex.def)             Requested size: 597.53416pt x 845.08372pt.
File: 5-Decision_making.pdf Graphic file (type pdf)
 <use 5-Decision_making.pdf, page 147>
Package pdftex.def Info: 5-Decision_making.pdf, page147 used on input line 185.

(pdftex.def)             Requested size: 597.53416pt x 845.08372pt.
File: 5-Decision_making.pdf Graphic file (type pdf)

<use 5-Decision_making.pdf, page 147>
Package pdftex.def Info: 5-Decision_making.pdf, page147 used on input line 185.

(pdftex.def)             Requested size: 597.53416pt x 845.08372pt.
 [1196 <./5-Decision_making.pdf>]
<5-Decision_making.pdf, id=8479, page=148, 597.50829pt x 845.0471pt>
File: 5-Decision_making.pdf Graphic file (type pdf)

<use 5-Decision_making.pdf, page 148>
Package pdftex.def Info: 5-Decision_making.pdf, page148 used on input line 185.

(pdftex.def)             Requested size: 597.53416pt x 845.08372pt.
File: 5-Decision_making.pdf Graphic file (type pdf)
 <use 5-Decision_making.pdf, page 148>
Package pdftex.def Info: 5-Decision_making.pdf, page148 used on input line 185.

(pdftex.def)             Requested size: 597.53416pt x 845.08372pt.
File: 5-Decision_making.pdf Graphic file (type pdf)

<use 5-Decision_making.pdf, page 148>
Package pdftex.def Info: 5-Decision_making.pdf, page148 used on input line 185.

(pdftex.def)             Requested size: 597.53416pt x 845.08372pt.
 [1197 <./5-Decision_making.pdf>]
<5-Decision_making.pdf, id=8484, page=149, 597.50829pt x 845.0471pt>
File: 5-Decision_making.pdf Graphic file (type pdf)

<use 5-Decision_making.pdf, page 149>
Package pdftex.def Info: 5-Decision_making.pdf, page149 used on input line 185.

(pdftex.def)             Requested size: 597.53416pt x 845.08372pt.
File: 5-Decision_making.pdf Graphic file (type pdf)
 <use 5-Decision_making.pdf, page 149>
Package pdftex.def Info: 5-Decision_making.pdf, page149 used on input line 185.

(pdftex.def)             Requested size: 597.53416pt x 845.08372pt.
File: 5-Decision_making.pdf Graphic file (type pdf)

<use 5-Decision_making.pdf, page 149>
Package pdftex.def Info: 5-Decision_making.pdf, page149 used on input line 185.

(pdftex.def)             Requested size: 597.53416pt x 845.08372pt.
 [1198 <./5-Decision_making.pdf>]
<5-Decision_making.pdf, id=8489, page=150, 597.50829pt x 845.0471pt>
File: 5-Decision_making.pdf Graphic file (type pdf)

<use 5-Decision_making.pdf, page 150>
Package pdftex.def Info: 5-Decision_making.pdf, page150 used on input line 185.

(pdftex.def)             Requested size: 597.53416pt x 845.08372pt.
File: 5-Decision_making.pdf Graphic file (type pdf)
 <use 5-Decision_making.pdf, page 150>
Package pdftex.def Info: 5-Decision_making.pdf, page150 used on input line 185.

(pdftex.def)             Requested size: 597.53416pt x 845.08372pt.
File: 5-Decision_making.pdf Graphic file (type pdf)

<use 5-Decision_making.pdf, page 150>
Package pdftex.def Info: 5-Decision_making.pdf, page150 used on input line 185.

(pdftex.def)             Requested size: 597.53416pt x 845.08372pt.
 [1199 <./5-Decision_making.pdf>]
<5-Decision_making.pdf, id=8494, page=151, 597.50829pt x 845.0471pt>
File: 5-Decision_making.pdf Graphic file (type pdf)

<use 5-Decision_making.pdf, page 151>
Package pdftex.def Info: 5-Decision_making.pdf, page151 used on input line 185.

(pdftex.def)             Requested size: 597.53416pt x 845.08372pt.
File: 5-Decision_making.pdf Graphic file (type pdf)
 <use 5-Decision_making.pdf, page 151>
Package pdftex.def Info: 5-Decision_making.pdf, page151 used on input line 185.

(pdftex.def)             Requested size: 597.53416pt x 845.08372pt.
File: 5-Decision_making.pdf Graphic file (type pdf)

<use 5-Decision_making.pdf, page 151>
Package pdftex.def Info: 5-Decision_making.pdf, page151 used on input line 185.

(pdftex.def)             Requested size: 597.53416pt x 845.08372pt.
 [1200 <./5-Decision_making.pdf>]
<5-Decision_making.pdf, id=8499, page=152, 597.50829pt x 845.0471pt>
File: 5-Decision_making.pdf Graphic file (type pdf)

<use 5-Decision_making.pdf, page 152>
Package pdftex.def Info: 5-Decision_making.pdf, page152 used on input line 185.

(pdftex.def)             Requested size: 597.53416pt x 845.08372pt.
File: 5-Decision_making.pdf Graphic file (type pdf)
 <use 5-Decision_making.pdf, page 152>
Package pdftex.def Info: 5-Decision_making.pdf, page152 used on input line 185.

(pdftex.def)             Requested size: 597.53416pt x 845.08372pt.
File: 5-Decision_making.pdf Graphic file (type pdf)

<use 5-Decision_making.pdf, page 152>
Package pdftex.def Info: 5-Decision_making.pdf, page152 used on input line 185.

(pdftex.def)             Requested size: 597.53416pt x 845.08372pt.
 [1201 <./5-Decision_making.pdf>]
<5-Decision_making.pdf, id=8505, page=153, 597.50829pt x 845.0471pt>
File: 5-Decision_making.pdf Graphic file (type pdf)

<use 5-Decision_making.pdf, page 153>
Package pdftex.def Info: 5-Decision_making.pdf, page153 used on input line 185.

(pdftex.def)             Requested size: 597.53416pt x 845.08372pt.
File: 5-Decision_making.pdf Graphic file (type pdf)
 <use 5-Decision_making.pdf, page 153>
Package pdftex.def Info: 5-Decision_making.pdf, page153 used on input line 185.

(pdftex.def)             Requested size: 597.53416pt x 845.08372pt.
File: 5-Decision_making.pdf Graphic file (type pdf)

<use 5-Decision_making.pdf, page 153>
Package pdftex.def Info: 5-Decision_making.pdf, page153 used on input line 185.

(pdftex.def)             Requested size: 597.53416pt x 845.08372pt.
 [1202 <./5-Decision_making.pdf>]
<5-Decision_making.pdf, id=8522, page=154, 597.50829pt x 845.0471pt>
File: 5-Decision_making.pdf Graphic file (type pdf)

<use 5-Decision_making.pdf, page 154>
Package pdftex.def Info: 5-Decision_making.pdf, page154 used on input line 185.

(pdftex.def)             Requested size: 597.53416pt x 845.08372pt.
File: 5-Decision_making.pdf Graphic file (type pdf)
 <use 5-Decision_making.pdf, page 154>
Package pdftex.def Info: 5-Decision_making.pdf, page154 used on input line 185.

(pdftex.def)             Requested size: 597.53416pt x 845.08372pt.
File: 5-Decision_making.pdf Graphic file (type pdf)

<use 5-Decision_making.pdf, page 154>
Package pdftex.def Info: 5-Decision_making.pdf, page154 used on input line 185.

(pdftex.def)             Requested size: 597.53416pt x 845.08372pt.
 [1203 <./5-Decision_making.pdf>]
<5-Decision_making.pdf, id=8527, page=155, 597.50829pt x 845.0471pt>
File: 5-Decision_making.pdf Graphic file (type pdf)

<use 5-Decision_making.pdf, page 155>
Package pdftex.def Info: 5-Decision_making.pdf, page155 used on input line 185.

(pdftex.def)             Requested size: 597.53416pt x 845.08372pt.
File: 5-Decision_making.pdf Graphic file (type pdf)
 <use 5-Decision_making.pdf, page 155>
Package pdftex.def Info: 5-Decision_making.pdf, page155 used on input line 185.

(pdftex.def)             Requested size: 597.53416pt x 845.08372pt.
File: 5-Decision_making.pdf Graphic file (type pdf)

<use 5-Decision_making.pdf, page 155>
Package pdftex.def Info: 5-Decision_making.pdf, page155 used on input line 185.

(pdftex.def)             Requested size: 597.53416pt x 845.08372pt.
 [1204 <./5-Decision_making.pdf>]
<5-Decision_making.pdf, id=8532, page=156, 597.50829pt x 845.0471pt>
File: 5-Decision_making.pdf Graphic file (type pdf)

<use 5-Decision_making.pdf, page 156>
Package pdftex.def Info: 5-Decision_making.pdf, page156 used on input line 185.

(pdftex.def)             Requested size: 597.53416pt x 845.08372pt.
File: 5-Decision_making.pdf Graphic file (type pdf)
 <use 5-Decision_making.pdf, page 156>
Package pdftex.def Info: 5-Decision_making.pdf, page156 used on input line 185.

(pdftex.def)             Requested size: 597.53416pt x 845.08372pt.
File: 5-Decision_making.pdf Graphic file (type pdf)

<use 5-Decision_making.pdf, page 156>
Package pdftex.def Info: 5-Decision_making.pdf, page156 used on input line 185.

(pdftex.def)             Requested size: 597.53416pt x 845.08372pt.
 [1205 <./5-Decision_making.pdf>]
<5-Decision_making.pdf, id=8537, page=157, 597.50829pt x 845.0471pt>
File: 5-Decision_making.pdf Graphic file (type pdf)

<use 5-Decision_making.pdf, page 157>
Package pdftex.def Info: 5-Decision_making.pdf, page157 used on input line 185.

(pdftex.def)             Requested size: 597.53416pt x 845.08372pt.
File: 5-Decision_making.pdf Graphic file (type pdf)
 <use 5-Decision_making.pdf, page 157>
Package pdftex.def Info: 5-Decision_making.pdf, page157 used on input line 185.

(pdftex.def)             Requested size: 597.53416pt x 845.08372pt.
File: 5-Decision_making.pdf Graphic file (type pdf)

<use 5-Decision_making.pdf, page 157>
Package pdftex.def Info: 5-Decision_making.pdf, page157 used on input line 185.

(pdftex.def)             Requested size: 597.53416pt x 845.08372pt.
 [1206 <./5-Decision_making.pdf>]
<5-Decision_making.pdf, id=8542, page=158, 597.50829pt x 845.0471pt>
File: 5-Decision_making.pdf Graphic file (type pdf)

<use 5-Decision_making.pdf, page 158>
Package pdftex.def Info: 5-Decision_making.pdf, page158 used on input line 185.

(pdftex.def)             Requested size: 597.53416pt x 845.08372pt.
File: 5-Decision_making.pdf Graphic file (type pdf)
 <use 5-Decision_making.pdf, page 158>
Package pdftex.def Info: 5-Decision_making.pdf, page158 used on input line 185.

(pdftex.def)             Requested size: 597.53416pt x 845.08372pt.
File: 5-Decision_making.pdf Graphic file (type pdf)

<use 5-Decision_making.pdf, page 158>
Package pdftex.def Info: 5-Decision_making.pdf, page158 used on input line 185.

(pdftex.def)             Requested size: 597.53416pt x 845.08372pt.
 [1207 <./5-Decision_making.pdf>]
<5-Decision_making.pdf, id=8548, page=159, 597.50829pt x 845.0471pt>
File: 5-Decision_making.pdf Graphic file (type pdf)

<use 5-Decision_making.pdf, page 159>
Package pdftex.def Info: 5-Decision_making.pdf, page159 used on input line 185.

(pdftex.def)             Requested size: 597.53416pt x 845.08372pt.
File: 5-Decision_making.pdf Graphic file (type pdf)
 <use 5-Decision_making.pdf, page 159>
Package pdftex.def Info: 5-Decision_making.pdf, page159 used on input line 185.

(pdftex.def)             Requested size: 597.53416pt x 845.08372pt.
File: 5-Decision_making.pdf Graphic file (type pdf)

<use 5-Decision_making.pdf, page 159>
Package pdftex.def Info: 5-Decision_making.pdf, page159 used on input line 185.

(pdftex.def)             Requested size: 597.53416pt x 845.08372pt.
 [1208 <./5-Decision_making.pdf>]
<5-Decision_making.pdf, id=8553, page=160, 597.50829pt x 845.0471pt>
File: 5-Decision_making.pdf Graphic file (type pdf)

<use 5-Decision_making.pdf, page 160>
Package pdftex.def Info: 5-Decision_making.pdf, page160 used on input line 185.

(pdftex.def)             Requested size: 597.53416pt x 845.08372pt.
File: 5-Decision_making.pdf Graphic file (type pdf)
 <use 5-Decision_making.pdf, page 160>
Package pdftex.def Info: 5-Decision_making.pdf, page160 used on input line 185.

(pdftex.def)             Requested size: 597.53416pt x 845.08372pt.
File: 5-Decision_making.pdf Graphic file (type pdf)

<use 5-Decision_making.pdf, page 160>
Package pdftex.def Info: 5-Decision_making.pdf, page160 used on input line 185.

(pdftex.def)             Requested size: 597.53416pt x 845.08372pt.
 [1209 <./5-Decision_making.pdf>]
<5-Decision_making.pdf, id=8558, page=161, 597.50829pt x 845.0471pt>
File: 5-Decision_making.pdf Graphic file (type pdf)

<use 5-Decision_making.pdf, page 161>
Package pdftex.def Info: 5-Decision_making.pdf, page161 used on input line 185.

(pdftex.def)             Requested size: 597.53416pt x 845.08372pt.
File: 5-Decision_making.pdf Graphic file (type pdf)
 <use 5-Decision_making.pdf, page 161>
Package pdftex.def Info: 5-Decision_making.pdf, page161 used on input line 185.

(pdftex.def)             Requested size: 597.53416pt x 845.08372pt.
File: 5-Decision_making.pdf Graphic file (type pdf)

<use 5-Decision_making.pdf, page 161>
Package pdftex.def Info: 5-Decision_making.pdf, page161 used on input line 185.

(pdftex.def)             Requested size: 597.53416pt x 845.08372pt.
 [1210 <./5-Decision_making.pdf>]
<5-Decision_making.pdf, id=8564, page=162, 597.50829pt x 845.0471pt>
File: 5-Decision_making.pdf Graphic file (type pdf)

<use 5-Decision_making.pdf, page 162>
Package pdftex.def Info: 5-Decision_making.pdf, page162 used on input line 185.

(pdftex.def)             Requested size: 597.53416pt x 845.08372pt.
File: 5-Decision_making.pdf Graphic file (type pdf)
 <use 5-Decision_making.pdf, page 162>
Package pdftex.def Info: 5-Decision_making.pdf, page162 used on input line 185.

(pdftex.def)             Requested size: 597.53416pt x 845.08372pt.
File: 5-Decision_making.pdf Graphic file (type pdf)

<use 5-Decision_making.pdf, page 162>
Package pdftex.def Info: 5-Decision_making.pdf, page162 used on input line 185.

(pdftex.def)             Requested size: 597.53416pt x 845.08372pt.
 [1211 <./5-Decision_making.pdf>]
<5-Decision_making.pdf, id=8569, page=163, 597.50829pt x 845.0471pt>
File: 5-Decision_making.pdf Graphic file (type pdf)

<use 5-Decision_making.pdf, page 163>
Package pdftex.def Info: 5-Decision_making.pdf, page163 used on input line 185.

(pdftex.def)             Requested size: 597.53416pt x 845.08372pt.
File: 5-Decision_making.pdf Graphic file (type pdf)
 <use 5-Decision_making.pdf, page 163>
Package pdftex.def Info: 5-Decision_making.pdf, page163 used on input line 185.

(pdftex.def)             Requested size: 597.53416pt x 845.08372pt.
File: 5-Decision_making.pdf Graphic file (type pdf)

<use 5-Decision_making.pdf, page 163>
Package pdftex.def Info: 5-Decision_making.pdf, page163 used on input line 185.

(pdftex.def)             Requested size: 597.53416pt x 845.08372pt.
 [1212 <./5-Decision_making.pdf>]
<5-Decision_making.pdf, id=8574, page=164, 597.50829pt x 845.0471pt>
File: 5-Decision_making.pdf Graphic file (type pdf)

<use 5-Decision_making.pdf, page 164>
Package pdftex.def Info: 5-Decision_making.pdf, page164 used on input line 185.

(pdftex.def)             Requested size: 597.53416pt x 845.08372pt.
File: 5-Decision_making.pdf Graphic file (type pdf)
 <use 5-Decision_making.pdf, page 164>
Package pdftex.def Info: 5-Decision_making.pdf, page164 used on input line 185.

(pdftex.def)             Requested size: 597.53416pt x 845.08372pt.
File: 5-Decision_making.pdf Graphic file (type pdf)

<use 5-Decision_making.pdf, page 164>
Package pdftex.def Info: 5-Decision_making.pdf, page164 used on input line 185.

(pdftex.def)             Requested size: 597.53416pt x 845.08372pt.
 [1213 <./5-Decision_making.pdf>]
<5-Decision_making.pdf, id=8580, page=165, 597.50829pt x 845.0471pt>
File: 5-Decision_making.pdf Graphic file (type pdf)

<use 5-Decision_making.pdf, page 165>
Package pdftex.def Info: 5-Decision_making.pdf, page165 used on input line 185.

(pdftex.def)             Requested size: 597.53416pt x 845.08372pt.
File: 5-Decision_making.pdf Graphic file (type pdf)
 <use 5-Decision_making.pdf, page 165>
Package pdftex.def Info: 5-Decision_making.pdf, page165 used on input line 185.

(pdftex.def)             Requested size: 597.53416pt x 845.08372pt.
File: 5-Decision_making.pdf Graphic file (type pdf)

<use 5-Decision_making.pdf, page 165>
Package pdftex.def Info: 5-Decision_making.pdf, page165 used on input line 185.

(pdftex.def)             Requested size: 597.53416pt x 845.08372pt.
 [1214 <./5-Decision_making.pdf>]
<5-Decision_making.pdf, id=8585, page=166, 597.50829pt x 845.0471pt>
File: 5-Decision_making.pdf Graphic file (type pdf)

<use 5-Decision_making.pdf, page 166>
Package pdftex.def Info: 5-Decision_making.pdf, page166 used on input line 185.

(pdftex.def)             Requested size: 597.53416pt x 845.08372pt.
File: 5-Decision_making.pdf Graphic file (type pdf)
 <use 5-Decision_making.pdf, page 166>
Package pdftex.def Info: 5-Decision_making.pdf, page166 used on input line 185.

(pdftex.def)             Requested size: 597.53416pt x 845.08372pt.
File: 5-Decision_making.pdf Graphic file (type pdf)

<use 5-Decision_making.pdf, page 166>
Package pdftex.def Info: 5-Decision_making.pdf, page166 used on input line 185.

(pdftex.def)             Requested size: 597.53416pt x 845.08372pt.
 [1215 <./5-Decision_making.pdf>]
<5-Decision_making.pdf, id=8595, page=167, 597.50829pt x 845.0471pt>
File: 5-Decision_making.pdf Graphic file (type pdf)

<use 5-Decision_making.pdf, page 167>
Package pdftex.def Info: 5-Decision_making.pdf, page167 used on input line 185.

(pdftex.def)             Requested size: 597.53416pt x 845.08372pt.
File: 5-Decision_making.pdf Graphic file (type pdf)
 <use 5-Decision_making.pdf, page 167>
Package pdftex.def Info: 5-Decision_making.pdf, page167 used on input line 185.

(pdftex.def)             Requested size: 597.53416pt x 845.08372pt.
File: 5-Decision_making.pdf Graphic file (type pdf)

<use 5-Decision_making.pdf, page 167>
Package pdftex.def Info: 5-Decision_making.pdf, page167 used on input line 185.

(pdftex.def)             Requested size: 597.53416pt x 845.08372pt.
 [1216 <./5-Decision_making.pdf>]
<5-Decision_making.pdf, id=8600, page=168, 597.50829pt x 845.0471pt>
File: 5-Decision_making.pdf Graphic file (type pdf)

<use 5-Decision_making.pdf, page 168>
Package pdftex.def Info: 5-Decision_making.pdf, page168 used on input line 185.

(pdftex.def)             Requested size: 597.53416pt x 845.08372pt.
File: 5-Decision_making.pdf Graphic file (type pdf)
 <use 5-Decision_making.pdf, page 168>
Package pdftex.def Info: 5-Decision_making.pdf, page168 used on input line 185.

(pdftex.def)             Requested size: 597.53416pt x 845.08372pt.
File: 5-Decision_making.pdf Graphic file (type pdf)

<use 5-Decision_making.pdf, page 168>
Package pdftex.def Info: 5-Decision_making.pdf, page168 used on input line 185.

(pdftex.def)             Requested size: 597.53416pt x 845.08372pt.
 [1217 <./5-Decision_making.pdf>]
<5-Decision_making.pdf, id=8605, page=169, 597.50829pt x 845.0471pt>
File: 5-Decision_making.pdf Graphic file (type pdf)

<use 5-Decision_making.pdf, page 169>
Package pdftex.def Info: 5-Decision_making.pdf, page169 used on input line 185.

(pdftex.def)             Requested size: 597.53416pt x 845.08372pt.
File: 5-Decision_making.pdf Graphic file (type pdf)
 <use 5-Decision_making.pdf, page 169>
Package pdftex.def Info: 5-Decision_making.pdf, page169 used on input line 185.

(pdftex.def)             Requested size: 597.53416pt x 845.08372pt.
File: 5-Decision_making.pdf Graphic file (type pdf)

<use 5-Decision_making.pdf, page 169>
Package pdftex.def Info: 5-Decision_making.pdf, page169 used on input line 185.

(pdftex.def)             Requested size: 597.53416pt x 845.08372pt.
 [1218 <./5-Decision_making.pdf>]
<5-Decision_making.pdf, id=8610, page=170, 597.50829pt x 845.0471pt>
File: 5-Decision_making.pdf Graphic file (type pdf)

<use 5-Decision_making.pdf, page 170>
Package pdftex.def Info: 5-Decision_making.pdf, page170 used on input line 185.

(pdftex.def)             Requested size: 597.53416pt x 845.08372pt.
File: 5-Decision_making.pdf Graphic file (type pdf)
 <use 5-Decision_making.pdf, page 170>
Package pdftex.def Info: 5-Decision_making.pdf, page170 used on input line 185.

(pdftex.def)             Requested size: 597.53416pt x 845.08372pt.
File: 5-Decision_making.pdf Graphic file (type pdf)

<use 5-Decision_making.pdf, page 170>
Package pdftex.def Info: 5-Decision_making.pdf, page170 used on input line 185.

(pdftex.def)             Requested size: 597.53416pt x 845.08372pt.
 [1219 <./5-Decision_making.pdf>]
<5-Decision_making.pdf, id=8616, page=171, 597.50829pt x 845.0471pt>
File: 5-Decision_making.pdf Graphic file (type pdf)

<use 5-Decision_making.pdf, page 171>
Package pdftex.def Info: 5-Decision_making.pdf, page171 used on input line 185.

(pdftex.def)             Requested size: 597.53416pt x 845.08372pt.
File: 5-Decision_making.pdf Graphic file (type pdf)
 <use 5-Decision_making.pdf, page 171>
Package pdftex.def Info: 5-Decision_making.pdf, page171 used on input line 185.

(pdftex.def)             Requested size: 597.53416pt x 845.08372pt.
File: 5-Decision_making.pdf Graphic file (type pdf)

<use 5-Decision_making.pdf, page 171>
Package pdftex.def Info: 5-Decision_making.pdf, page171 used on input line 185.

(pdftex.def)             Requested size: 597.53416pt x 845.08372pt.
 [1220 <./5-Decision_making.pdf>]
<5-Decision_making.pdf, id=8626, page=172, 597.50829pt x 845.0471pt>
File: 5-Decision_making.pdf Graphic file (type pdf)

<use 5-Decision_making.pdf, page 172>
Package pdftex.def Info: 5-Decision_making.pdf, page172 used on input line 185.

(pdftex.def)             Requested size: 597.53416pt x 845.08372pt.
File: 5-Decision_making.pdf Graphic file (type pdf)
 <use 5-Decision_making.pdf, page 172>
Package pdftex.def Info: 5-Decision_making.pdf, page172 used on input line 185.

(pdftex.def)             Requested size: 597.53416pt x 845.08372pt.
File: 5-Decision_making.pdf Graphic file (type pdf)

<use 5-Decision_making.pdf, page 172>
Package pdftex.def Info: 5-Decision_making.pdf, page172 used on input line 185.

(pdftex.def)             Requested size: 597.53416pt x 845.08372pt.
 [1221 <./5-Decision_making.pdf>]
<5-Decision_making.pdf, id=8631, page=173, 597.50829pt x 845.0471pt>
File: 5-Decision_making.pdf Graphic file (type pdf)

<use 5-Decision_making.pdf, page 173>
Package pdftex.def Info: 5-Decision_making.pdf, page173 used on input line 185.

(pdftex.def)             Requested size: 597.53416pt x 845.08372pt.
File: 5-Decision_making.pdf Graphic file (type pdf)
 <use 5-Decision_making.pdf, page 173>
Package pdftex.def Info: 5-Decision_making.pdf, page173 used on input line 185.

(pdftex.def)             Requested size: 597.53416pt x 845.08372pt.
File: 5-Decision_making.pdf Graphic file (type pdf)

<use 5-Decision_making.pdf, page 173>
Package pdftex.def Info: 5-Decision_making.pdf, page173 used on input line 185.

(pdftex.def)             Requested size: 597.53416pt x 845.08372pt.
 [1222 <./5-Decision_making.pdf>]
<5-Decision_making.pdf, id=8636, page=174, 597.50829pt x 845.0471pt>
File: 5-Decision_making.pdf Graphic file (type pdf)

<use 5-Decision_making.pdf, page 174>
Package pdftex.def Info: 5-Decision_making.pdf, page174 used on input line 185.

(pdftex.def)             Requested size: 597.53416pt x 845.08372pt.
File: 5-Decision_making.pdf Graphic file (type pdf)
 <use 5-Decision_making.pdf, page 174>
Package pdftex.def Info: 5-Decision_making.pdf, page174 used on input line 185.

(pdftex.def)             Requested size: 597.53416pt x 845.08372pt.
File: 5-Decision_making.pdf Graphic file (type pdf)

<use 5-Decision_making.pdf, page 174>
Package pdftex.def Info: 5-Decision_making.pdf, page174 used on input line 185.

(pdftex.def)             Requested size: 597.53416pt x 845.08372pt.
 [1223 <./5-Decision_making.pdf>]
<5-Decision_making.pdf, id=8641, page=175, 597.50829pt x 845.0471pt>
File: 5-Decision_making.pdf Graphic file (type pdf)

<use 5-Decision_making.pdf, page 175>
Package pdftex.def Info: 5-Decision_making.pdf, page175 used on input line 185.

(pdftex.def)             Requested size: 597.53416pt x 845.08372pt.
File: 5-Decision_making.pdf Graphic file (type pdf)
 <use 5-Decision_making.pdf, page 175>
Package pdftex.def Info: 5-Decision_making.pdf, page175 used on input line 185.

(pdftex.def)             Requested size: 597.53416pt x 845.08372pt.
File: 5-Decision_making.pdf Graphic file (type pdf)

<use 5-Decision_making.pdf, page 175>
Package pdftex.def Info: 5-Decision_making.pdf, page175 used on input line 185.

(pdftex.def)             Requested size: 597.53416pt x 845.08372pt.
 [1224 <./5-Decision_making.pdf>]
<5-Decision_making.pdf, id=8646, page=176, 597.50829pt x 845.0471pt>
File: 5-Decision_making.pdf Graphic file (type pdf)

<use 5-Decision_making.pdf, page 176>
Package pdftex.def Info: 5-Decision_making.pdf, page176 used on input line 185.

(pdftex.def)             Requested size: 597.53416pt x 845.08372pt.
File: 5-Decision_making.pdf Graphic file (type pdf)
 <use 5-Decision_making.pdf, page 176>
Package pdftex.def Info: 5-Decision_making.pdf, page176 used on input line 185.

(pdftex.def)             Requested size: 597.53416pt x 845.08372pt.
File: 5-Decision_making.pdf Graphic file (type pdf)

<use 5-Decision_making.pdf, page 176>
Package pdftex.def Info: 5-Decision_making.pdf, page176 used on input line 185.

(pdftex.def)             Requested size: 597.53416pt x 845.08372pt.
 [1225 <./5-Decision_making.pdf>]
<5-Decision_making.pdf, id=8652, page=177, 597.50829pt x 845.0471pt>
File: 5-Decision_making.pdf Graphic file (type pdf)

<use 5-Decision_making.pdf, page 177>
Package pdftex.def Info: 5-Decision_making.pdf, page177 used on input line 185.

(pdftex.def)             Requested size: 597.53416pt x 845.08372pt.
File: 5-Decision_making.pdf Graphic file (type pdf)
 <use 5-Decision_making.pdf, page 177>
Package pdftex.def Info: 5-Decision_making.pdf, page177 used on input line 185.

(pdftex.def)             Requested size: 597.53416pt x 845.08372pt.
File: 5-Decision_making.pdf Graphic file (type pdf)

<use 5-Decision_making.pdf, page 177>
Package pdftex.def Info: 5-Decision_making.pdf, page177 used on input line 185.

(pdftex.def)             Requested size: 597.53416pt x 845.08372pt.
 [1226 <./5-Decision_making.pdf>]
<5-Decision_making.pdf, id=8657, page=178, 597.50829pt x 845.0471pt>
File: 5-Decision_making.pdf Graphic file (type pdf)

<use 5-Decision_making.pdf, page 178>
Package pdftex.def Info: 5-Decision_making.pdf, page178 used on input line 185.

(pdftex.def)             Requested size: 597.53416pt x 845.08372pt.
File: 5-Decision_making.pdf Graphic file (type pdf)
 <use 5-Decision_making.pdf, page 178>
Package pdftex.def Info: 5-Decision_making.pdf, page178 used on input line 185.

(pdftex.def)             Requested size: 597.53416pt x 845.08372pt.
File: 5-Decision_making.pdf Graphic file (type pdf)

<use 5-Decision_making.pdf, page 178>
Package pdftex.def Info: 5-Decision_making.pdf, page178 used on input line 185.

(pdftex.def)             Requested size: 597.53416pt x 845.08372pt.
 [1227 <./5-Decision_making.pdf>]
<5-Decision_making.pdf, id=8662, page=179, 597.50829pt x 845.0471pt>
File: 5-Decision_making.pdf Graphic file (type pdf)

<use 5-Decision_making.pdf, page 179>
Package pdftex.def Info: 5-Decision_making.pdf, page179 used on input line 185.

(pdftex.def)             Requested size: 597.53416pt x 845.08372pt.
File: 5-Decision_making.pdf Graphic file (type pdf)
 <use 5-Decision_making.pdf, page 179>
Package pdftex.def Info: 5-Decision_making.pdf, page179 used on input line 185.

(pdftex.def)             Requested size: 597.53416pt x 845.08372pt.
File: 5-Decision_making.pdf Graphic file (type pdf)

<use 5-Decision_making.pdf, page 179>
Package pdftex.def Info: 5-Decision_making.pdf, page179 used on input line 185.

(pdftex.def)             Requested size: 597.53416pt x 845.08372pt.
 [1228 <./5-Decision_making.pdf>]
<5-Decision_making.pdf, id=8667, page=180, 597.50829pt x 845.0471pt>
File: 5-Decision_making.pdf Graphic file (type pdf)

<use 5-Decision_making.pdf, page 180>
Package pdftex.def Info: 5-Decision_making.pdf, page180 used on input line 185.

(pdftex.def)             Requested size: 597.53416pt x 845.08372pt.
File: 5-Decision_making.pdf Graphic file (type pdf)
 <use 5-Decision_making.pdf, page 180>
Package pdftex.def Info: 5-Decision_making.pdf, page180 used on input line 185.

(pdftex.def)             Requested size: 597.53416pt x 845.08372pt.
File: 5-Decision_making.pdf Graphic file (type pdf)

<use 5-Decision_making.pdf, page 180>
Package pdftex.def Info: 5-Decision_making.pdf, page180 used on input line 185.

(pdftex.def)             Requested size: 597.53416pt x 845.08372pt.
 [1229 <./5-Decision_making.pdf>]
<5-Decision_making.pdf, id=8672, page=181, 597.50829pt x 845.0471pt>
File: 5-Decision_making.pdf Graphic file (type pdf)

<use 5-Decision_making.pdf, page 181>
Package pdftex.def Info: 5-Decision_making.pdf, page181 used on input line 185.

(pdftex.def)             Requested size: 597.53416pt x 845.08372pt.
File: 5-Decision_making.pdf Graphic file (type pdf)
 <use 5-Decision_making.pdf, page 181>
Package pdftex.def Info: 5-Decision_making.pdf, page181 used on input line 185.

(pdftex.def)             Requested size: 597.53416pt x 845.08372pt.
File: 5-Decision_making.pdf Graphic file (type pdf)

<use 5-Decision_making.pdf, page 181>
Package pdftex.def Info: 5-Decision_making.pdf, page181 used on input line 185.

(pdftex.def)             Requested size: 597.53416pt x 845.08372pt.
 [1230 <./5-Decision_making.pdf>]
<5-Decision_making.pdf, id=8677, page=182, 597.50829pt x 845.0471pt>
File: 5-Decision_making.pdf Graphic file (type pdf)

<use 5-Decision_making.pdf, page 182>
Package pdftex.def Info: 5-Decision_making.pdf, page182 used on input line 185.

(pdftex.def)             Requested size: 597.53416pt x 845.08372pt.
File: 5-Decision_making.pdf Graphic file (type pdf)
 <use 5-Decision_making.pdf, page 182>
Package pdftex.def Info: 5-Decision_making.pdf, page182 used on input line 185.

(pdftex.def)             Requested size: 597.53416pt x 845.08372pt.
File: 5-Decision_making.pdf Graphic file (type pdf)

<use 5-Decision_making.pdf, page 182>
Package pdftex.def Info: 5-Decision_making.pdf, page182 used on input line 185.

(pdftex.def)             Requested size: 597.53416pt x 845.08372pt.
 [1231 <./5-Decision_making.pdf>]
<5-Decision_making.pdf, id=8683, page=183, 597.50829pt x 845.0471pt>
File: 5-Decision_making.pdf Graphic file (type pdf)

<use 5-Decision_making.pdf, page 183>
Package pdftex.def Info: 5-Decision_making.pdf, page183 used on input line 185.

(pdftex.def)             Requested size: 597.53416pt x 845.08372pt.
File: 5-Decision_making.pdf Graphic file (type pdf)
 <use 5-Decision_making.pdf, page 183>
Package pdftex.def Info: 5-Decision_making.pdf, page183 used on input line 185.

(pdftex.def)             Requested size: 597.53416pt x 845.08372pt.
File: 5-Decision_making.pdf Graphic file (type pdf)

<use 5-Decision_making.pdf, page 183>
Package pdftex.def Info: 5-Decision_making.pdf, page183 used on input line 185.

(pdftex.def)             Requested size: 597.53416pt x 845.08372pt.
 [1232 <./5-Decision_making.pdf>]
<5-Decision_making.pdf, id=8688, page=184, 597.50829pt x 845.0471pt>
File: 5-Decision_making.pdf Graphic file (type pdf)

<use 5-Decision_making.pdf, page 184>
Package pdftex.def Info: 5-Decision_making.pdf, page184 used on input line 185.

(pdftex.def)             Requested size: 597.53416pt x 845.08372pt.
File: 5-Decision_making.pdf Graphic file (type pdf)
 <use 5-Decision_making.pdf, page 184>
Package pdftex.def Info: 5-Decision_making.pdf, page184 used on input line 185.

(pdftex.def)             Requested size: 597.53416pt x 845.08372pt.
File: 5-Decision_making.pdf Graphic file (type pdf)

<use 5-Decision_making.pdf, page 184>
Package pdftex.def Info: 5-Decision_making.pdf, page184 used on input line 185.

(pdftex.def)             Requested size: 597.53416pt x 845.08372pt.
 [1233 <./5-Decision_making.pdf>]
<5-Decision_making.pdf, id=8693, page=185, 597.50829pt x 845.0471pt>
File: 5-Decision_making.pdf Graphic file (type pdf)

<use 5-Decision_making.pdf, page 185>
Package pdftex.def Info: 5-Decision_making.pdf, page185 used on input line 185.

(pdftex.def)             Requested size: 597.53416pt x 845.08372pt.
File: 5-Decision_making.pdf Graphic file (type pdf)
 <use 5-Decision_making.pdf, page 185>
Package pdftex.def Info: 5-Decision_making.pdf, page185 used on input line 185.

(pdftex.def)             Requested size: 597.53416pt x 845.08372pt.
File: 5-Decision_making.pdf Graphic file (type pdf)

<use 5-Decision_making.pdf, page 185>
Package pdftex.def Info: 5-Decision_making.pdf, page185 used on input line 185.

(pdftex.def)             Requested size: 597.53416pt x 845.08372pt.
 [1234 <./5-Decision_making.pdf>]
<5-Decision_making.pdf, id=8698, page=186, 597.50829pt x 845.0471pt>
File: 5-Decision_making.pdf Graphic file (type pdf)

<use 5-Decision_making.pdf, page 186>
Package pdftex.def Info: 5-Decision_making.pdf, page186 used on input line 185.

(pdftex.def)             Requested size: 597.53416pt x 845.08372pt.
File: 5-Decision_making.pdf Graphic file (type pdf)
 <use 5-Decision_making.pdf, page 186>
Package pdftex.def Info: 5-Decision_making.pdf, page186 used on input line 185.

(pdftex.def)             Requested size: 597.53416pt x 845.08372pt.
File: 5-Decision_making.pdf Graphic file (type pdf)

<use 5-Decision_making.pdf, page 186>
Package pdftex.def Info: 5-Decision_making.pdf, page186 used on input line 185.

(pdftex.def)             Requested size: 597.53416pt x 845.08372pt.
 [1235 <./5-Decision_making.pdf>]
<5-Decision_making.pdf, id=8703, page=187, 597.50829pt x 845.0471pt>
File: 5-Decision_making.pdf Graphic file (type pdf)

<use 5-Decision_making.pdf, page 187>
Package pdftex.def Info: 5-Decision_making.pdf, page187 used on input line 185.

(pdftex.def)             Requested size: 597.53416pt x 845.08372pt.
File: 5-Decision_making.pdf Graphic file (type pdf)
 <use 5-Decision_making.pdf, page 187>
Package pdftex.def Info: 5-Decision_making.pdf, page187 used on input line 185.

(pdftex.def)             Requested size: 597.53416pt x 845.08372pt.
File: 5-Decision_making.pdf Graphic file (type pdf)

<use 5-Decision_making.pdf, page 187>
Package pdftex.def Info: 5-Decision_making.pdf, page187 used on input line 185.

(pdftex.def)             Requested size: 597.53416pt x 845.08372pt.
 [1236 <./5-Decision_making.pdf>]
<5-Decision_making.pdf, id=8708, page=188, 597.50829pt x 845.0471pt>
File: 5-Decision_making.pdf Graphic file (type pdf)

<use 5-Decision_making.pdf, page 188>
Package pdftex.def Info: 5-Decision_making.pdf, page188 used on input line 185.

(pdftex.def)             Requested size: 597.53416pt x 845.08372pt.
File: 5-Decision_making.pdf Graphic file (type pdf)
 <use 5-Decision_making.pdf, page 188>
Package pdftex.def Info: 5-Decision_making.pdf, page188 used on input line 185.

(pdftex.def)             Requested size: 597.53416pt x 845.08372pt.
File: 5-Decision_making.pdf Graphic file (type pdf)

<use 5-Decision_making.pdf, page 188>
Package pdftex.def Info: 5-Decision_making.pdf, page188 used on input line 185.

(pdftex.def)             Requested size: 597.53416pt x 845.08372pt.
 [1237 <./5-Decision_making.pdf>]
<5-Decision_making.pdf, id=8714, page=189, 597.50829pt x 845.0471pt>
File: 5-Decision_making.pdf Graphic file (type pdf)

<use 5-Decision_making.pdf, page 189>
Package pdftex.def Info: 5-Decision_making.pdf, page189 used on input line 185.

(pdftex.def)             Requested size: 597.53416pt x 845.08372pt.
File: 5-Decision_making.pdf Graphic file (type pdf)
 <use 5-Decision_making.pdf, page 189>
Package pdftex.def Info: 5-Decision_making.pdf, page189 used on input line 185.

(pdftex.def)             Requested size: 597.53416pt x 845.08372pt.
File: 5-Decision_making.pdf Graphic file (type pdf)

<use 5-Decision_making.pdf, page 189>
Package pdftex.def Info: 5-Decision_making.pdf, page189 used on input line 185.

(pdftex.def)             Requested size: 597.53416pt x 845.08372pt.
 [1238 <./5-Decision_making.pdf>]
<5-Decision_making.pdf, id=8719, page=190, 597.50829pt x 845.0471pt>
File: 5-Decision_making.pdf Graphic file (type pdf)

<use 5-Decision_making.pdf, page 190>
Package pdftex.def Info: 5-Decision_making.pdf, page190 used on input line 185.

(pdftex.def)             Requested size: 597.53416pt x 845.08372pt.
File: 5-Decision_making.pdf Graphic file (type pdf)
 <use 5-Decision_making.pdf, page 190>
Package pdftex.def Info: 5-Decision_making.pdf, page190 used on input line 185.

(pdftex.def)             Requested size: 597.53416pt x 845.08372pt.
File: 5-Decision_making.pdf Graphic file (type pdf)

<use 5-Decision_making.pdf, page 190>
Package pdftex.def Info: 5-Decision_making.pdf, page190 used on input line 185.

(pdftex.def)             Requested size: 597.53416pt x 845.08372pt.
 [1239 <./5-Decision_making.pdf>]
<5-Decision_making.pdf, id=8724, page=191, 597.50829pt x 845.0471pt>
File: 5-Decision_making.pdf Graphic file (type pdf)

<use 5-Decision_making.pdf, page 191>
Package pdftex.def Info: 5-Decision_making.pdf, page191 used on input line 185.

(pdftex.def)             Requested size: 597.53416pt x 845.08372pt.
File: 5-Decision_making.pdf Graphic file (type pdf)
 <use 5-Decision_making.pdf, page 191>
Package pdftex.def Info: 5-Decision_making.pdf, page191 used on input line 185.

(pdftex.def)             Requested size: 597.53416pt x 845.08372pt.
File: 5-Decision_making.pdf Graphic file (type pdf)

<use 5-Decision_making.pdf, page 191>
Package pdftex.def Info: 5-Decision_making.pdf, page191 used on input line 185.

(pdftex.def)             Requested size: 597.53416pt x 845.08372pt.
 [1240 <./5-Decision_making.pdf>]
<5-Decision_making.pdf, id=8729, page=192, 597.50829pt x 845.0471pt>
File: 5-Decision_making.pdf Graphic file (type pdf)

<use 5-Decision_making.pdf, page 192>
Package pdftex.def Info: 5-Decision_making.pdf, page192 used on input line 185.

(pdftex.def)             Requested size: 597.53416pt x 845.08372pt.
File: 5-Decision_making.pdf Graphic file (type pdf)
 <use 5-Decision_making.pdf, page 192>
Package pdftex.def Info: 5-Decision_making.pdf, page192 used on input line 185.

(pdftex.def)             Requested size: 597.53416pt x 845.08372pt.
File: 5-Decision_making.pdf Graphic file (type pdf)

<use 5-Decision_making.pdf, page 192>
Package pdftex.def Info: 5-Decision_making.pdf, page192 used on input line 185.

(pdftex.def)             Requested size: 597.53416pt x 845.08372pt.
 [1241 <./5-Decision_making.pdf>]
<5-Decision_making.pdf, id=8735, page=193, 597.50829pt x 845.0471pt>
File: 5-Decision_making.pdf Graphic file (type pdf)

<use 5-Decision_making.pdf, page 193>
Package pdftex.def Info: 5-Decision_making.pdf, page193 used on input line 185.

(pdftex.def)             Requested size: 597.53416pt x 845.08372pt.
File: 5-Decision_making.pdf Graphic file (type pdf)
 <use 5-Decision_making.pdf, page 193>
Package pdftex.def Info: 5-Decision_making.pdf, page193 used on input line 185.

(pdftex.def)             Requested size: 597.53416pt x 845.08372pt.
File: 5-Decision_making.pdf Graphic file (type pdf)

<use 5-Decision_making.pdf, page 193>
Package pdftex.def Info: 5-Decision_making.pdf, page193 used on input line 185.

(pdftex.def)             Requested size: 597.53416pt x 845.08372pt.
 [1242 <./5-Decision_making.pdf>]
<5-Decision_making.pdf, id=8745, page=194, 597.50829pt x 845.0471pt>
File: 5-Decision_making.pdf Graphic file (type pdf)

<use 5-Decision_making.pdf, page 194>
Package pdftex.def Info: 5-Decision_making.pdf, page194 used on input line 185.

(pdftex.def)             Requested size: 597.53416pt x 845.08372pt.
File: 5-Decision_making.pdf Graphic file (type pdf)
 <use 5-Decision_making.pdf, page 194>
Package pdftex.def Info: 5-Decision_making.pdf, page194 used on input line 185.

(pdftex.def)             Requested size: 597.53416pt x 845.08372pt.
File: 5-Decision_making.pdf Graphic file (type pdf)

<use 5-Decision_making.pdf, page 194>
Package pdftex.def Info: 5-Decision_making.pdf, page194 used on input line 185.

(pdftex.def)             Requested size: 597.53416pt x 845.08372pt.
 [1243 <./5-Decision_making.pdf>]
<5-Decision_making.pdf, id=8751, page=195, 597.50829pt x 845.0471pt>
File: 5-Decision_making.pdf Graphic file (type pdf)

<use 5-Decision_making.pdf, page 195>
Package pdftex.def Info: 5-Decision_making.pdf, page195 used on input line 185.

(pdftex.def)             Requested size: 597.53416pt x 845.08372pt.
File: 5-Decision_making.pdf Graphic file (type pdf)
 <use 5-Decision_making.pdf, page 195>
Package pdftex.def Info: 5-Decision_making.pdf, page195 used on input line 185.

(pdftex.def)             Requested size: 597.53416pt x 845.08372pt.
File: 5-Decision_making.pdf Graphic file (type pdf)

<use 5-Decision_making.pdf, page 195>
Package pdftex.def Info: 5-Decision_making.pdf, page195 used on input line 185.

(pdftex.def)             Requested size: 597.53416pt x 845.08372pt.
 [1244 <./5-Decision_making.pdf>]
<5-Decision_making.pdf, id=8756, page=196, 597.50829pt x 845.0471pt>
File: 5-Decision_making.pdf Graphic file (type pdf)

<use 5-Decision_making.pdf, page 196>
Package pdftex.def Info: 5-Decision_making.pdf, page196 used on input line 185.

(pdftex.def)             Requested size: 597.53416pt x 845.08372pt.
File: 5-Decision_making.pdf Graphic file (type pdf)
 <use 5-Decision_making.pdf, page 196>
Package pdftex.def Info: 5-Decision_making.pdf, page196 used on input line 185.

(pdftex.def)             Requested size: 597.53416pt x 845.08372pt.
File: 5-Decision_making.pdf Graphic file (type pdf)

<use 5-Decision_making.pdf, page 196>
Package pdftex.def Info: 5-Decision_making.pdf, page196 used on input line 185.

(pdftex.def)             Requested size: 597.53416pt x 845.08372pt.
 [1245 <./5-Decision_making.pdf>]
<5-Decision_making.pdf, id=8773, page=197, 597.50829pt x 845.0471pt>
File: 5-Decision_making.pdf Graphic file (type pdf)

<use 5-Decision_making.pdf, page 197>
Package pdftex.def Info: 5-Decision_making.pdf, page197 used on input line 185.

(pdftex.def)             Requested size: 597.53416pt x 845.08372pt.
File: 5-Decision_making.pdf Graphic file (type pdf)
 <use 5-Decision_making.pdf, page 197>
Package pdftex.def Info: 5-Decision_making.pdf, page197 used on input line 185.

(pdftex.def)             Requested size: 597.53416pt x 845.08372pt.
File: 5-Decision_making.pdf Graphic file (type pdf)

<use 5-Decision_making.pdf, page 197>
Package pdftex.def Info: 5-Decision_making.pdf, page197 used on input line 185.

(pdftex.def)             Requested size: 597.53416pt x 845.08372pt.
 [1246 <./5-Decision_making.pdf>]
<5-Decision_making.pdf, id=8784, page=198, 597.50829pt x 845.0471pt>
File: 5-Decision_making.pdf Graphic file (type pdf)

<use 5-Decision_making.pdf, page 198>
Package pdftex.def Info: 5-Decision_making.pdf, page198 used on input line 185.

(pdftex.def)             Requested size: 597.53416pt x 845.08372pt.
File: 5-Decision_making.pdf Graphic file (type pdf)
 <use 5-Decision_making.pdf, page 198>
Package pdftex.def Info: 5-Decision_making.pdf, page198 used on input line 185.

(pdftex.def)             Requested size: 597.53416pt x 845.08372pt.
File: 5-Decision_making.pdf Graphic file (type pdf)

<use 5-Decision_making.pdf, page 198>
Package pdftex.def Info: 5-Decision_making.pdf, page198 used on input line 185.

(pdftex.def)             Requested size: 597.53416pt x 845.08372pt.
 [1247 <./5-Decision_making.pdf>]
<5-Decision_making.pdf, id=8789, page=199, 597.50829pt x 845.0471pt>
File: 5-Decision_making.pdf Graphic file (type pdf)

<use 5-Decision_making.pdf, page 199>
Package pdftex.def Info: 5-Decision_making.pdf, page199 used on input line 185.

(pdftex.def)             Requested size: 597.53416pt x 845.08372pt.
File: 5-Decision_making.pdf Graphic file (type pdf)
 <use 5-Decision_making.pdf, page 199>
Package pdftex.def Info: 5-Decision_making.pdf, page199 used on input line 185.

(pdftex.def)             Requested size: 597.53416pt x 845.08372pt.
File: 5-Decision_making.pdf Graphic file (type pdf)

<use 5-Decision_making.pdf, page 199>
Package pdftex.def Info: 5-Decision_making.pdf, page199 used on input line 185.

(pdftex.def)             Requested size: 597.53416pt x 845.08372pt.
 [1248 <./5-Decision_making.pdf>]
<5-Decision_making.pdf, id=8794, page=200, 597.50829pt x 845.0471pt>
File: 5-Decision_making.pdf Graphic file (type pdf)

<use 5-Decision_making.pdf, page 200>
Package pdftex.def Info: 5-Decision_making.pdf, page200 used on input line 185.

(pdftex.def)             Requested size: 597.53416pt x 845.08372pt.
File: 5-Decision_making.pdf Graphic file (type pdf)
 <use 5-Decision_making.pdf, page 200>
Package pdftex.def Info: 5-Decision_making.pdf, page200 used on input line 185.

(pdftex.def)             Requested size: 597.53416pt x 845.08372pt.
File: 5-Decision_making.pdf Graphic file (type pdf)

<use 5-Decision_making.pdf, page 200>
Package pdftex.def Info: 5-Decision_making.pdf, page200 used on input line 185.

(pdftex.def)             Requested size: 597.53416pt x 845.08372pt.
 [1249 <./5-Decision_making.pdf>]
<5-Decision_making.pdf, id=8800, page=201, 597.50829pt x 845.0471pt>
File: 5-Decision_making.pdf Graphic file (type pdf)

<use 5-Decision_making.pdf, page 201>
Package pdftex.def Info: 5-Decision_making.pdf, page201 used on input line 185.

(pdftex.def)             Requested size: 597.53416pt x 845.08372pt.
File: 5-Decision_making.pdf Graphic file (type pdf)
 <use 5-Decision_making.pdf, page 201>
Package pdftex.def Info: 5-Decision_making.pdf, page201 used on input line 185.

(pdftex.def)             Requested size: 597.53416pt x 845.08372pt.
File: 5-Decision_making.pdf Graphic file (type pdf)

<use 5-Decision_making.pdf, page 201>
Package pdftex.def Info: 5-Decision_making.pdf, page201 used on input line 185.

(pdftex.def)             Requested size: 597.53416pt x 845.08372pt.
 [1250 <./5-Decision_making.pdf>]
<5-Decision_making.pdf, id=8805, page=202, 597.50829pt x 845.0471pt>
File: 5-Decision_making.pdf Graphic file (type pdf)

<use 5-Decision_making.pdf, page 202>
Package pdftex.def Info: 5-Decision_making.pdf, page202 used on input line 185.

(pdftex.def)             Requested size: 597.53416pt x 845.08372pt.
File: 5-Decision_making.pdf Graphic file (type pdf)
 <use 5-Decision_making.pdf, page 202>
Package pdftex.def Info: 5-Decision_making.pdf, page202 used on input line 185.

(pdftex.def)             Requested size: 597.53416pt x 845.08372pt.
File: 5-Decision_making.pdf Graphic file (type pdf)

<use 5-Decision_making.pdf, page 202>
Package pdftex.def Info: 5-Decision_making.pdf, page202 used on input line 185.

(pdftex.def)             Requested size: 597.53416pt x 845.08372pt.
 [1251 <./5-Decision_making.pdf>]
<5-Decision_making.pdf, id=8810, page=203, 597.50829pt x 845.0471pt>
File: 5-Decision_making.pdf Graphic file (type pdf)

<use 5-Decision_making.pdf, page 203>
Package pdftex.def Info: 5-Decision_making.pdf, page203 used on input line 185.

(pdftex.def)             Requested size: 597.53416pt x 845.08372pt.
File: 5-Decision_making.pdf Graphic file (type pdf)
 <use 5-Decision_making.pdf, page 203>
Package pdftex.def Info: 5-Decision_making.pdf, page203 used on input line 185.

(pdftex.def)             Requested size: 597.53416pt x 845.08372pt.
File: 5-Decision_making.pdf Graphic file (type pdf)

<use 5-Decision_making.pdf, page 203>
Package pdftex.def Info: 5-Decision_making.pdf, page203 used on input line 185.

(pdftex.def)             Requested size: 597.53416pt x 845.08372pt.
 [1252 <./5-Decision_making.pdf>]
<5-Decision_making.pdf, id=8815, page=204, 597.50829pt x 845.0471pt>
File: 5-Decision_making.pdf Graphic file (type pdf)

<use 5-Decision_making.pdf, page 204>
Package pdftex.def Info: 5-Decision_making.pdf, page204 used on input line 185.

(pdftex.def)             Requested size: 597.53416pt x 845.08372pt.
File: 5-Decision_making.pdf Graphic file (type pdf)
 <use 5-Decision_making.pdf, page 204>
Package pdftex.def Info: 5-Decision_making.pdf, page204 used on input line 185.

(pdftex.def)             Requested size: 597.53416pt x 845.08372pt.
File: 5-Decision_making.pdf Graphic file (type pdf)

<use 5-Decision_making.pdf, page 204>
Package pdftex.def Info: 5-Decision_making.pdf, page204 used on input line 185.

(pdftex.def)             Requested size: 597.53416pt x 845.08372pt.
 [1253 <./5-Decision_making.pdf>]
<5-Decision_making.pdf, id=8820, page=205, 597.50829pt x 845.0471pt>
File: 5-Decision_making.pdf Graphic file (type pdf)

<use 5-Decision_making.pdf, page 205>
Package pdftex.def Info: 5-Decision_making.pdf, page205 used on input line 185.

(pdftex.def)             Requested size: 597.53416pt x 845.08372pt.
File: 5-Decision_making.pdf Graphic file (type pdf)
 <use 5-Decision_making.pdf, page 205>
Package pdftex.def Info: 5-Decision_making.pdf, page205 used on input line 185.

(pdftex.def)             Requested size: 597.53416pt x 845.08372pt.
File: 5-Decision_making.pdf Graphic file (type pdf)

<use 5-Decision_making.pdf, page 205>
Package pdftex.def Info: 5-Decision_making.pdf, page205 used on input line 185.

(pdftex.def)             Requested size: 597.53416pt x 845.08372pt.
 [1254 <./5-Decision_making.pdf>]
<5-Decision_making.pdf, id=8825, page=206, 597.50829pt x 845.0471pt>
File: 5-Decision_making.pdf Graphic file (type pdf)

<use 5-Decision_making.pdf, page 206>
Package pdftex.def Info: 5-Decision_making.pdf, page206 used on input line 185.

(pdftex.def)             Requested size: 597.53416pt x 845.08372pt.
File: 5-Decision_making.pdf Graphic file (type pdf)
 <use 5-Decision_making.pdf, page 206>
Package pdftex.def Info: 5-Decision_making.pdf, page206 used on input line 185.

(pdftex.def)             Requested size: 597.53416pt x 845.08372pt.
File: 5-Decision_making.pdf Graphic file (type pdf)

<use 5-Decision_making.pdf, page 206>
Package pdftex.def Info: 5-Decision_making.pdf, page206 used on input line 185.

(pdftex.def)             Requested size: 597.53416pt x 845.08372pt.
 [1255 <./5-Decision_making.pdf>]
<5-Decision_making.pdf, id=8831, page=207, 597.50829pt x 845.0471pt>
File: 5-Decision_making.pdf Graphic file (type pdf)

<use 5-Decision_making.pdf, page 207>
Package pdftex.def Info: 5-Decision_making.pdf, page207 used on input line 185.

(pdftex.def)             Requested size: 597.53416pt x 845.08372pt.
File: 5-Decision_making.pdf Graphic file (type pdf)
 <use 5-Decision_making.pdf, page 207>
Package pdftex.def Info: 5-Decision_making.pdf, page207 used on input line 185.

(pdftex.def)             Requested size: 597.53416pt x 845.08372pt.
File: 5-Decision_making.pdf Graphic file (type pdf)

<use 5-Decision_making.pdf, page 207>
Package pdftex.def Info: 5-Decision_making.pdf, page207 used on input line 185.

(pdftex.def)             Requested size: 597.53416pt x 845.08372pt.
 [1256 <./5-Decision_making.pdf>]
<5-Decision_making.pdf, id=8839, page=208, 597.50829pt x 845.0471pt>
File: 5-Decision_making.pdf Graphic file (type pdf)

<use 5-Decision_making.pdf, page 208>
Package pdftex.def Info: 5-Decision_making.pdf, page208 used on input line 185.

(pdftex.def)             Requested size: 597.53416pt x 845.08372pt.
File: 5-Decision_making.pdf Graphic file (type pdf)
 <use 5-Decision_making.pdf, page 208>
Package pdftex.def Info: 5-Decision_making.pdf, page208 used on input line 185.

(pdftex.def)             Requested size: 597.53416pt x 845.08372pt.
File: 5-Decision_making.pdf Graphic file (type pdf)

<use 5-Decision_making.pdf, page 208>
Package pdftex.def Info: 5-Decision_making.pdf, page208 used on input line 185.

(pdftex.def)             Requested size: 597.53416pt x 845.08372pt.
 [1257 <./5-Decision_making.pdf>]
<5-Decision_making.pdf, id=8844, page=209, 597.50829pt x 845.0471pt>
File: 5-Decision_making.pdf Graphic file (type pdf)

<use 5-Decision_making.pdf, page 209>
Package pdftex.def Info: 5-Decision_making.pdf, page209 used on input line 185.

(pdftex.def)             Requested size: 597.53416pt x 845.08372pt.
File: 5-Decision_making.pdf Graphic file (type pdf)
 <use 5-Decision_making.pdf, page 209>
Package pdftex.def Info: 5-Decision_making.pdf, page209 used on input line 185.

(pdftex.def)             Requested size: 597.53416pt x 845.08372pt.
File: 5-Decision_making.pdf Graphic file (type pdf)

<use 5-Decision_making.pdf, page 209>
Package pdftex.def Info: 5-Decision_making.pdf, page209 used on input line 185.

(pdftex.def)             Requested size: 597.53416pt x 845.08372pt.
 [1258 <./5-Decision_making.pdf>]
<5-Decision_making.pdf, id=8849, page=210, 597.50829pt x 845.0471pt>
File: 5-Decision_making.pdf Graphic file (type pdf)

<use 5-Decision_making.pdf, page 210>
Package pdftex.def Info: 5-Decision_making.pdf, page210 used on input line 185.

(pdftex.def)             Requested size: 597.53416pt x 845.08372pt.
File: 5-Decision_making.pdf Graphic file (type pdf)
 <use 5-Decision_making.pdf, page 210>
Package pdftex.def Info: 5-Decision_making.pdf, page210 used on input line 185.

(pdftex.def)             Requested size: 597.53416pt x 845.08372pt.
File: 5-Decision_making.pdf Graphic file (type pdf)

<use 5-Decision_making.pdf, page 210>
Package pdftex.def Info: 5-Decision_making.pdf, page210 used on input line 185.

(pdftex.def)             Requested size: 597.53416pt x 845.08372pt.
 [1259 <./5-Decision_making.pdf>]
<5-Decision_making.pdf, id=8854, page=211, 597.50829pt x 845.0471pt>
File: 5-Decision_making.pdf Graphic file (type pdf)

<use 5-Decision_making.pdf, page 211>
Package pdftex.def Info: 5-Decision_making.pdf, page211 used on input line 185.

(pdftex.def)             Requested size: 597.53416pt x 845.08372pt.
File: 5-Decision_making.pdf Graphic file (type pdf)
 <use 5-Decision_making.pdf, page 211>
Package pdftex.def Info: 5-Decision_making.pdf, page211 used on input line 185.

(pdftex.def)             Requested size: 597.53416pt x 845.08372pt.
File: 5-Decision_making.pdf Graphic file (type pdf)

<use 5-Decision_making.pdf, page 211>
Package pdftex.def Info: 5-Decision_making.pdf, page211 used on input line 185.

(pdftex.def)             Requested size: 597.53416pt x 845.08372pt.
 [1260 <./5-Decision_making.pdf>]
<5-Decision_making.pdf, id=8859, page=212, 597.50829pt x 845.0471pt>
File: 5-Decision_making.pdf Graphic file (type pdf)

<use 5-Decision_making.pdf, page 212>
Package pdftex.def Info: 5-Decision_making.pdf, page212 used on input line 185.

(pdftex.def)             Requested size: 597.53416pt x 845.08372pt.
File: 5-Decision_making.pdf Graphic file (type pdf)
 <use 5-Decision_making.pdf, page 212>
Package pdftex.def Info: 5-Decision_making.pdf, page212 used on input line 185.

(pdftex.def)             Requested size: 597.53416pt x 845.08372pt.
File: 5-Decision_making.pdf Graphic file (type pdf)

<use 5-Decision_making.pdf, page 212>
Package pdftex.def Info: 5-Decision_making.pdf, page212 used on input line 185.

(pdftex.def)             Requested size: 597.53416pt x 845.08372pt.
 [1261 <./5-Decision_making.pdf>]
<5-Decision_making.pdf, id=8865, page=213, 597.50829pt x 845.0471pt>
File: 5-Decision_making.pdf Graphic file (type pdf)

<use 5-Decision_making.pdf, page 213>
Package pdftex.def Info: 5-Decision_making.pdf, page213 used on input line 185.

(pdftex.def)             Requested size: 597.53416pt x 845.08372pt.
File: 5-Decision_making.pdf Graphic file (type pdf)
 <use 5-Decision_making.pdf, page 213>
Package pdftex.def Info: 5-Decision_making.pdf, page213 used on input line 185.

(pdftex.def)             Requested size: 597.53416pt x 845.08372pt.
File: 5-Decision_making.pdf Graphic file (type pdf)

<use 5-Decision_making.pdf, page 213>
Package pdftex.def Info: 5-Decision_making.pdf, page213 used on input line 185.

(pdftex.def)             Requested size: 597.53416pt x 845.08372pt.
 [1262 <./5-Decision_making.pdf>]
<5-Decision_making.pdf, id=8870, page=214, 597.50829pt x 845.0471pt>
File: 5-Decision_making.pdf Graphic file (type pdf)

<use 5-Decision_making.pdf, page 214>
Package pdftex.def Info: 5-Decision_making.pdf, page214 used on input line 185.

(pdftex.def)             Requested size: 597.53416pt x 845.08372pt.
File: 5-Decision_making.pdf Graphic file (type pdf)
 <use 5-Decision_making.pdf, page 214>
Package pdftex.def Info: 5-Decision_making.pdf, page214 used on input line 185.

(pdftex.def)             Requested size: 597.53416pt x 845.08372pt.
File: 5-Decision_making.pdf Graphic file (type pdf)

<use 5-Decision_making.pdf, page 214>
Package pdftex.def Info: 5-Decision_making.pdf, page214 used on input line 185.

(pdftex.def)             Requested size: 597.53416pt x 845.08372pt.
 [1263 <./5-Decision_making.pdf>]
<5-Decision_making.pdf, id=8875, page=215, 597.50829pt x 845.0471pt>
File: 5-Decision_making.pdf Graphic file (type pdf)

<use 5-Decision_making.pdf, page 215>
Package pdftex.def Info: 5-Decision_making.pdf, page215 used on input line 185.

(pdftex.def)             Requested size: 597.53416pt x 845.08372pt.
File: 5-Decision_making.pdf Graphic file (type pdf)
 <use 5-Decision_making.pdf, page 215>
Package pdftex.def Info: 5-Decision_making.pdf, page215 used on input line 185.

(pdftex.def)             Requested size: 597.53416pt x 845.08372pt.
File: 5-Decision_making.pdf Graphic file (type pdf)

<use 5-Decision_making.pdf, page 215>
Package pdftex.def Info: 5-Decision_making.pdf, page215 used on input line 185.

(pdftex.def)             Requested size: 597.53416pt x 845.08372pt.
 [1264 <./5-Decision_making.pdf>]
<5-Decision_making.pdf, id=8880, page=216, 597.50829pt x 845.0471pt>
File: 5-Decision_making.pdf Graphic file (type pdf)

<use 5-Decision_making.pdf, page 216>
Package pdftex.def Info: 5-Decision_making.pdf, page216 used on input line 185.

(pdftex.def)             Requested size: 597.53416pt x 845.08372pt.
File: 5-Decision_making.pdf Graphic file (type pdf)
 <use 5-Decision_making.pdf, page 216>
Package pdftex.def Info: 5-Decision_making.pdf, page216 used on input line 185.

(pdftex.def)             Requested size: 597.53416pt x 845.08372pt.
File: 5-Decision_making.pdf Graphic file (type pdf)

<use 5-Decision_making.pdf, page 216>
Package pdftex.def Info: 5-Decision_making.pdf, page216 used on input line 185.

(pdftex.def)             Requested size: 597.53416pt x 845.08372pt.
 [1265 <./5-Decision_making.pdf>]
<5-Decision_making.pdf, id=8885, page=217, 597.50829pt x 845.0471pt>
File: 5-Decision_making.pdf Graphic file (type pdf)

<use 5-Decision_making.pdf, page 217>
Package pdftex.def Info: 5-Decision_making.pdf, page217 used on input line 185.

(pdftex.def)             Requested size: 597.53416pt x 845.08372pt.
File: 5-Decision_making.pdf Graphic file (type pdf)
 <use 5-Decision_making.pdf, page 217>
Package pdftex.def Info: 5-Decision_making.pdf, page217 used on input line 185.

(pdftex.def)             Requested size: 597.53416pt x 845.08372pt.
File: 5-Decision_making.pdf Graphic file (type pdf)

<use 5-Decision_making.pdf, page 217>
Package pdftex.def Info: 5-Decision_making.pdf, page217 used on input line 185.

(pdftex.def)             Requested size: 597.53416pt x 845.08372pt.
 [1266 <./5-Decision_making.pdf>]
<5-Decision_making.pdf, id=8890, page=218, 597.50829pt x 845.0471pt>
File: 5-Decision_making.pdf Graphic file (type pdf)

<use 5-Decision_making.pdf, page 218>
Package pdftex.def Info: 5-Decision_making.pdf, page218 used on input line 185.

(pdftex.def)             Requested size: 597.53416pt x 845.08372pt.
File: 5-Decision_making.pdf Graphic file (type pdf)
 <use 5-Decision_making.pdf, page 218>
Package pdftex.def Info: 5-Decision_making.pdf, page218 used on input line 185.

(pdftex.def)             Requested size: 597.53416pt x 845.08372pt.
File: 5-Decision_making.pdf Graphic file (type pdf)

<use 5-Decision_making.pdf, page 218>
Package pdftex.def Info: 5-Decision_making.pdf, page218 used on input line 185.

(pdftex.def)             Requested size: 597.53416pt x 845.08372pt.
 [1267 <./5-Decision_making.pdf>]
<5-Decision_making.pdf, id=8896, page=219, 597.50829pt x 845.0471pt>
File: 5-Decision_making.pdf Graphic file (type pdf)

<use 5-Decision_making.pdf, page 219>
Package pdftex.def Info: 5-Decision_making.pdf, page219 used on input line 185.

(pdftex.def)             Requested size: 597.53416pt x 845.08372pt.
File: 5-Decision_making.pdf Graphic file (type pdf)
 <use 5-Decision_making.pdf, page 219>
Package pdftex.def Info: 5-Decision_making.pdf, page219 used on input line 185.

(pdftex.def)             Requested size: 597.53416pt x 845.08372pt.
File: 5-Decision_making.pdf Graphic file (type pdf)

<use 5-Decision_making.pdf, page 219>
Package pdftex.def Info: 5-Decision_making.pdf, page219 used on input line 185.

(pdftex.def)             Requested size: 597.53416pt x 845.08372pt.
 [1268 <./5-Decision_making.pdf>]
<5-Decision_making.pdf, id=8901, page=220, 597.50829pt x 845.0471pt>
File: 5-Decision_making.pdf Graphic file (type pdf)

<use 5-Decision_making.pdf, page 220>
Package pdftex.def Info: 5-Decision_making.pdf, page220 used on input line 185.

(pdftex.def)             Requested size: 597.53416pt x 845.08372pt.
File: 5-Decision_making.pdf Graphic file (type pdf)
 <use 5-Decision_making.pdf, page 220>
Package pdftex.def Info: 5-Decision_making.pdf, page220 used on input line 185.

(pdftex.def)             Requested size: 597.53416pt x 845.08372pt.
File: 5-Decision_making.pdf Graphic file (type pdf)

<use 5-Decision_making.pdf, page 220>
Package pdftex.def Info: 5-Decision_making.pdf, page220 used on input line 185.

(pdftex.def)             Requested size: 597.53416pt x 845.08372pt.
 [1269 <./5-Decision_making.pdf>]
<5-Decision_making.pdf, id=8907, page=221, 597.50829pt x 845.0471pt>
File: 5-Decision_making.pdf Graphic file (type pdf)

<use 5-Decision_making.pdf, page 221>
Package pdftex.def Info: 5-Decision_making.pdf, page221 used on input line 185.

(pdftex.def)             Requested size: 597.53416pt x 845.08372pt.
File: 5-Decision_making.pdf Graphic file (type pdf)
 <use 5-Decision_making.pdf, page 221>
Package pdftex.def Info: 5-Decision_making.pdf, page221 used on input line 185.

(pdftex.def)             Requested size: 597.53416pt x 845.08372pt.
File: 5-Decision_making.pdf Graphic file (type pdf)

<use 5-Decision_making.pdf, page 221>
Package pdftex.def Info: 5-Decision_making.pdf, page221 used on input line 185.

(pdftex.def)             Requested size: 597.53416pt x 845.08372pt.
 [1270 <./5-Decision_making.pdf>]
<5-Decision_making.pdf, id=8912, page=222, 597.50829pt x 845.0471pt>
File: 5-Decision_making.pdf Graphic file (type pdf)

<use 5-Decision_making.pdf, page 222>
Package pdftex.def Info: 5-Decision_making.pdf, page222 used on input line 185.

(pdftex.def)             Requested size: 597.53416pt x 845.08372pt.
File: 5-Decision_making.pdf Graphic file (type pdf)
 <use 5-Decision_making.pdf, page 222>
Package pdftex.def Info: 5-Decision_making.pdf, page222 used on input line 185.

(pdftex.def)             Requested size: 597.53416pt x 845.08372pt.
File: 5-Decision_making.pdf Graphic file (type pdf)

<use 5-Decision_making.pdf, page 222>
Package pdftex.def Info: 5-Decision_making.pdf, page222 used on input line 185.

(pdftex.def)             Requested size: 597.53416pt x 845.08372pt.
 [1271 <./5-Decision_making.pdf>]
<5-Decision_making.pdf, id=8917, page=223, 597.50829pt x 845.0471pt>
File: 5-Decision_making.pdf Graphic file (type pdf)

<use 5-Decision_making.pdf, page 223>
Package pdftex.def Info: 5-Decision_making.pdf, page223 used on input line 185.

(pdftex.def)             Requested size: 597.53416pt x 845.08372pt.
File: 5-Decision_making.pdf Graphic file (type pdf)
 <use 5-Decision_making.pdf, page 223>
Package pdftex.def Info: 5-Decision_making.pdf, page223 used on input line 185.

(pdftex.def)             Requested size: 597.53416pt x 845.08372pt.
File: 5-Decision_making.pdf Graphic file (type pdf)

<use 5-Decision_making.pdf, page 223>
Package pdftex.def Info: 5-Decision_making.pdf, page223 used on input line 185.

(pdftex.def)             Requested size: 597.53416pt x 845.08372pt.
 [1272 <./5-Decision_making.pdf>]
<5-Decision_making.pdf, id=8922, page=224, 597.50829pt x 845.0471pt>
File: 5-Decision_making.pdf Graphic file (type pdf)

<use 5-Decision_making.pdf, page 224>
Package pdftex.def Info: 5-Decision_making.pdf, page224 used on input line 185.

(pdftex.def)             Requested size: 597.53416pt x 845.08372pt.
File: 5-Decision_making.pdf Graphic file (type pdf)
 <use 5-Decision_making.pdf, page 224>
Package pdftex.def Info: 5-Decision_making.pdf, page224 used on input line 185.

(pdftex.def)             Requested size: 597.53416pt x 845.08372pt.
File: 5-Decision_making.pdf Graphic file (type pdf)

<use 5-Decision_making.pdf, page 224>
Package pdftex.def Info: 5-Decision_making.pdf, page224 used on input line 185.

(pdftex.def)             Requested size: 597.53416pt x 845.08372pt.
 [1273 <./5-Decision_making.pdf>]
<5-Decision_making.pdf, id=8928, page=225, 597.50829pt x 845.0471pt>
File: 5-Decision_making.pdf Graphic file (type pdf)

<use 5-Decision_making.pdf, page 225>
Package pdftex.def Info: 5-Decision_making.pdf, page225 used on input line 185.

(pdftex.def)             Requested size: 597.53416pt x 845.08372pt.
File: 5-Decision_making.pdf Graphic file (type pdf)
 <use 5-Decision_making.pdf, page 225>
Package pdftex.def Info: 5-Decision_making.pdf, page225 used on input line 185.

(pdftex.def)             Requested size: 597.53416pt x 845.08372pt.
File: 5-Decision_making.pdf Graphic file (type pdf)

<use 5-Decision_making.pdf, page 225>
Package pdftex.def Info: 5-Decision_making.pdf, page225 used on input line 185.

(pdftex.def)             Requested size: 597.53416pt x 845.08372pt.
 [1274 <./5-Decision_making.pdf>]
<5-Decision_making.pdf, id=8933, page=226, 597.50829pt x 845.0471pt>
File: 5-Decision_making.pdf Graphic file (type pdf)

<use 5-Decision_making.pdf, page 226>
Package pdftex.def Info: 5-Decision_making.pdf, page226 used on input line 185.

(pdftex.def)             Requested size: 597.53416pt x 845.08372pt.
File: 5-Decision_making.pdf Graphic file (type pdf)
 <use 5-Decision_making.pdf, page 226>
Package pdftex.def Info: 5-Decision_making.pdf, page226 used on input line 185.

(pdftex.def)             Requested size: 597.53416pt x 845.08372pt.
File: 5-Decision_making.pdf Graphic file (type pdf)

<use 5-Decision_making.pdf, page 226>
Package pdftex.def Info: 5-Decision_making.pdf, page226 used on input line 185.

(pdftex.def)             Requested size: 597.53416pt x 845.08372pt.
 [1275 <./5-Decision_making.pdf>]
<5-Decision_making.pdf, id=8938, page=227, 597.50829pt x 845.0471pt>
File: 5-Decision_making.pdf Graphic file (type pdf)

<use 5-Decision_making.pdf, page 227>
Package pdftex.def Info: 5-Decision_making.pdf, page227 used on input line 185.

(pdftex.def)             Requested size: 597.53416pt x 845.08372pt.
File: 5-Decision_making.pdf Graphic file (type pdf)
 <use 5-Decision_making.pdf, page 227>
Package pdftex.def Info: 5-Decision_making.pdf, page227 used on input line 185.

(pdftex.def)             Requested size: 597.53416pt x 845.08372pt.
File: 5-Decision_making.pdf Graphic file (type pdf)

<use 5-Decision_making.pdf, page 227>
Package pdftex.def Info: 5-Decision_making.pdf, page227 used on input line 185.

(pdftex.def)             Requested size: 597.53416pt x 845.08372pt.
 [1276 <./5-Decision_making.pdf>]
<5-Decision_making.pdf, id=8943, page=228, 597.50829pt x 845.0471pt>
File: 5-Decision_making.pdf Graphic file (type pdf)

<use 5-Decision_making.pdf, page 228>
Package pdftex.def Info: 5-Decision_making.pdf, page228 used on input line 185.

(pdftex.def)             Requested size: 597.53416pt x 845.08372pt.
File: 5-Decision_making.pdf Graphic file (type pdf)
 <use 5-Decision_making.pdf, page 228>
Package pdftex.def Info: 5-Decision_making.pdf, page228 used on input line 185.

(pdftex.def)             Requested size: 597.53416pt x 845.08372pt.
File: 5-Decision_making.pdf Graphic file (type pdf)

<use 5-Decision_making.pdf, page 228>
Package pdftex.def Info: 5-Decision_making.pdf, page228 used on input line 185.

(pdftex.def)             Requested size: 597.53416pt x 845.08372pt.
 [1277 <./5-Decision_making.pdf>]
<5-Decision_making.pdf, id=8948, page=229, 597.50829pt x 845.0471pt>
File: 5-Decision_making.pdf Graphic file (type pdf)

<use 5-Decision_making.pdf, page 229>
Package pdftex.def Info: 5-Decision_making.pdf, page229 used on input line 185.

(pdftex.def)             Requested size: 597.53416pt x 845.08372pt.
File: 5-Decision_making.pdf Graphic file (type pdf)
 <use 5-Decision_making.pdf, page 229>
Package pdftex.def Info: 5-Decision_making.pdf, page229 used on input line 185.

(pdftex.def)             Requested size: 597.53416pt x 845.08372pt.
File: 5-Decision_making.pdf Graphic file (type pdf)

<use 5-Decision_making.pdf, page 229>
Package pdftex.def Info: 5-Decision_making.pdf, page229 used on input line 185.

(pdftex.def)             Requested size: 597.53416pt x 845.08372pt.
 [1278 <./5-Decision_making.pdf>]
<5-Decision_making.pdf, id=8953, page=230, 597.50829pt x 845.0471pt>
File: 5-Decision_making.pdf Graphic file (type pdf)

<use 5-Decision_making.pdf, page 230>
Package pdftex.def Info: 5-Decision_making.pdf, page230 used on input line 185.

(pdftex.def)             Requested size: 597.53416pt x 845.08372pt.
File: 5-Decision_making.pdf Graphic file (type pdf)
 <use 5-Decision_making.pdf, page 230>
Package pdftex.def Info: 5-Decision_making.pdf, page230 used on input line 185.

(pdftex.def)             Requested size: 597.53416pt x 845.08372pt.
File: 5-Decision_making.pdf Graphic file (type pdf)

<use 5-Decision_making.pdf, page 230>
Package pdftex.def Info: 5-Decision_making.pdf, page230 used on input line 185.

(pdftex.def)             Requested size: 597.53416pt x 845.08372pt.
 [1279 <./5-Decision_making.pdf>]
<5-Decision_making.pdf, id=8959, page=231, 597.50829pt x 845.0471pt>
File: 5-Decision_making.pdf Graphic file (type pdf)

<use 5-Decision_making.pdf, page 231>
Package pdftex.def Info: 5-Decision_making.pdf, page231 used on input line 185.

(pdftex.def)             Requested size: 597.53416pt x 845.08372pt.
File: 5-Decision_making.pdf Graphic file (type pdf)
 <use 5-Decision_making.pdf, page 231>
Package pdftex.def Info: 5-Decision_making.pdf, page231 used on input line 185.

(pdftex.def)             Requested size: 597.53416pt x 845.08372pt.
File: 5-Decision_making.pdf Graphic file (type pdf)

<use 5-Decision_making.pdf, page 231>
Package pdftex.def Info: 5-Decision_making.pdf, page231 used on input line 185.

(pdftex.def)             Requested size: 597.53416pt x 845.08372pt.
 [1280 <./5-Decision_making.pdf>]
<5-Decision_making.pdf, id=8964, page=232, 597.50829pt x 845.0471pt>
File: 5-Decision_making.pdf Graphic file (type pdf)

<use 5-Decision_making.pdf, page 232>
Package pdftex.def Info: 5-Decision_making.pdf, page232 used on input line 185.

(pdftex.def)             Requested size: 597.53416pt x 845.08372pt.
File: 5-Decision_making.pdf Graphic file (type pdf)
 <use 5-Decision_making.pdf, page 232>
Package pdftex.def Info: 5-Decision_making.pdf, page232 used on input line 185.

(pdftex.def)             Requested size: 597.53416pt x 845.08372pt.
File: 5-Decision_making.pdf Graphic file (type pdf)

<use 5-Decision_making.pdf, page 232>
Package pdftex.def Info: 5-Decision_making.pdf, page232 used on input line 185.

(pdftex.def)             Requested size: 597.53416pt x 845.08372pt.
 [1281 <./5-Decision_making.pdf>]
<5-Decision_making.pdf, id=8969, page=233, 597.50829pt x 845.0471pt>
File: 5-Decision_making.pdf Graphic file (type pdf)

<use 5-Decision_making.pdf, page 233>
Package pdftex.def Info: 5-Decision_making.pdf, page233 used on input line 185.

(pdftex.def)             Requested size: 597.53416pt x 845.08372pt.
File: 5-Decision_making.pdf Graphic file (type pdf)
 <use 5-Decision_making.pdf, page 233>
Package pdftex.def Info: 5-Decision_making.pdf, page233 used on input line 185.

(pdftex.def)             Requested size: 597.53416pt x 845.08372pt.
File: 5-Decision_making.pdf Graphic file (type pdf)

<use 5-Decision_making.pdf, page 233>
Package pdftex.def Info: 5-Decision_making.pdf, page233 used on input line 185.

(pdftex.def)             Requested size: 597.53416pt x 845.08372pt.
 [1282 <./5-Decision_making.pdf>]
<5-Decision_making.pdf, id=8974, page=234, 597.50829pt x 845.0471pt>
File: 5-Decision_making.pdf Graphic file (type pdf)

<use 5-Decision_making.pdf, page 234>
Package pdftex.def Info: 5-Decision_making.pdf, page234 used on input line 185.

(pdftex.def)             Requested size: 597.53416pt x 845.08372pt.
File: 5-Decision_making.pdf Graphic file (type pdf)
 <use 5-Decision_making.pdf, page 234>
Package pdftex.def Info: 5-Decision_making.pdf, page234 used on input line 185.

(pdftex.def)             Requested size: 597.53416pt x 845.08372pt.
File: 5-Decision_making.pdf Graphic file (type pdf)

<use 5-Decision_making.pdf, page 234>
Package pdftex.def Info: 5-Decision_making.pdf, page234 used on input line 185.

(pdftex.def)             Requested size: 597.53416pt x 845.08372pt.
 [1283 <./5-Decision_making.pdf>]
<5-Decision_making.pdf, id=8979, page=235, 597.50829pt x 845.0471pt>
File: 5-Decision_making.pdf Graphic file (type pdf)

<use 5-Decision_making.pdf, page 235>
Package pdftex.def Info: 5-Decision_making.pdf, page235 used on input line 185.

(pdftex.def)             Requested size: 597.53416pt x 845.08372pt.
File: 5-Decision_making.pdf Graphic file (type pdf)
 <use 5-Decision_making.pdf, page 235>
Package pdftex.def Info: 5-Decision_making.pdf, page235 used on input line 185.

(pdftex.def)             Requested size: 597.53416pt x 845.08372pt.
File: 5-Decision_making.pdf Graphic file (type pdf)

<use 5-Decision_making.pdf, page 235>
Package pdftex.def Info: 5-Decision_making.pdf, page235 used on input line 185.

(pdftex.def)             Requested size: 597.53416pt x 845.08372pt.
 [1284 <./5-Decision_making.pdf>]
<5-Decision_making.pdf, id=8989, page=236, 597.50829pt x 845.0471pt>
File: 5-Decision_making.pdf Graphic file (type pdf)

<use 5-Decision_making.pdf, page 236>
Package pdftex.def Info: 5-Decision_making.pdf, page236 used on input line 185.

(pdftex.def)             Requested size: 597.53416pt x 845.08372pt.
File: 5-Decision_making.pdf Graphic file (type pdf)
 <use 5-Decision_making.pdf, page 236>
Package pdftex.def Info: 5-Decision_making.pdf, page236 used on input line 185.

(pdftex.def)             Requested size: 597.53416pt x 845.08372pt.
File: 5-Decision_making.pdf Graphic file (type pdf)

<use 5-Decision_making.pdf, page 236>
Package pdftex.def Info: 5-Decision_making.pdf, page236 used on input line 185.

(pdftex.def)             Requested size: 597.53416pt x 845.08372pt.
 [1285 <./5-Decision_making.pdf>]
<5-Decision_making.pdf, id=8995, page=237, 597.50829pt x 845.0471pt>
File: 5-Decision_making.pdf Graphic file (type pdf)

<use 5-Decision_making.pdf, page 237>
Package pdftex.def Info: 5-Decision_making.pdf, page237 used on input line 185.

(pdftex.def)             Requested size: 597.53416pt x 845.08372pt.
File: 5-Decision_making.pdf Graphic file (type pdf)
 <use 5-Decision_making.pdf, page 237>
Package pdftex.def Info: 5-Decision_making.pdf, page237 used on input line 185.

(pdftex.def)             Requested size: 597.53416pt x 845.08372pt.
File: 5-Decision_making.pdf Graphic file (type pdf)

<use 5-Decision_making.pdf, page 237>
Package pdftex.def Info: 5-Decision_making.pdf, page237 used on input line 185.

(pdftex.def)             Requested size: 597.53416pt x 845.08372pt.
 [1286 <./5-Decision_making.pdf>]
<5-Decision_making.pdf, id=9000, page=238, 597.50829pt x 845.0471pt>
File: 5-Decision_making.pdf Graphic file (type pdf)

<use 5-Decision_making.pdf, page 238>
Package pdftex.def Info: 5-Decision_making.pdf, page238 used on input line 185.

(pdftex.def)             Requested size: 597.53416pt x 845.08372pt.
File: 5-Decision_making.pdf Graphic file (type pdf)
 <use 5-Decision_making.pdf, page 238>
Package pdftex.def Info: 5-Decision_making.pdf, page238 used on input line 185.

(pdftex.def)             Requested size: 597.53416pt x 845.08372pt.
File: 5-Decision_making.pdf Graphic file (type pdf)

<use 5-Decision_making.pdf, page 238>
Package pdftex.def Info: 5-Decision_making.pdf, page238 used on input line 185.

(pdftex.def)             Requested size: 597.53416pt x 845.08372pt.
 [1287 <./5-Decision_making.pdf>]
<5-Decision_making.pdf, id=9005, page=239, 597.50829pt x 845.0471pt>
File: 5-Decision_making.pdf Graphic file (type pdf)

<use 5-Decision_making.pdf, page 239>
Package pdftex.def Info: 5-Decision_making.pdf, page239 used on input line 185.

(pdftex.def)             Requested size: 597.53416pt x 845.08372pt.
File: 5-Decision_making.pdf Graphic file (type pdf)
 <use 5-Decision_making.pdf, page 239>
Package pdftex.def Info: 5-Decision_making.pdf, page239 used on input line 185.

(pdftex.def)             Requested size: 597.53416pt x 845.08372pt.
File: 5-Decision_making.pdf Graphic file (type pdf)

<use 5-Decision_making.pdf, page 239>
Package pdftex.def Info: 5-Decision_making.pdf, page239 used on input line 185.

(pdftex.def)             Requested size: 597.53416pt x 845.08372pt.
 [1288 <./5-Decision_making.pdf>]
<5-Decision_making.pdf, id=9010, page=240, 597.50829pt x 845.0471pt>
File: 5-Decision_making.pdf Graphic file (type pdf)

<use 5-Decision_making.pdf, page 240>
Package pdftex.def Info: 5-Decision_making.pdf, page240 used on input line 185.

(pdftex.def)             Requested size: 597.53416pt x 845.08372pt.
File: 5-Decision_making.pdf Graphic file (type pdf)
 <use 5-Decision_making.pdf, page 240>
Package pdftex.def Info: 5-Decision_making.pdf, page240 used on input line 185.

(pdftex.def)             Requested size: 597.53416pt x 845.08372pt.
File: 5-Decision_making.pdf Graphic file (type pdf)

<use 5-Decision_making.pdf, page 240>
Package pdftex.def Info: 5-Decision_making.pdf, page240 used on input line 185.

(pdftex.def)             Requested size: 597.53416pt x 845.08372pt.
 [1289 <./5-Decision_making.pdf>]
<5-Decision_making.pdf, id=9015, page=241, 597.50829pt x 845.0471pt>
File: 5-Decision_making.pdf Graphic file (type pdf)

<use 5-Decision_making.pdf, page 241>
Package pdftex.def Info: 5-Decision_making.pdf, page241 used on input line 185.

(pdftex.def)             Requested size: 597.53416pt x 845.08372pt.
File: 5-Decision_making.pdf Graphic file (type pdf)
 <use 5-Decision_making.pdf, page 241>
Package pdftex.def Info: 5-Decision_making.pdf, page241 used on input line 185.

(pdftex.def)             Requested size: 597.53416pt x 845.08372pt.
File: 5-Decision_making.pdf Graphic file (type pdf)

<use 5-Decision_making.pdf, page 241>
Package pdftex.def Info: 5-Decision_making.pdf, page241 used on input line 185.

(pdftex.def)             Requested size: 597.53416pt x 845.08372pt.
 [1290 <./5-Decision_making.pdf>]
<5-Decision_making.pdf, id=9020, page=242, 597.50829pt x 845.0471pt>
File: 5-Decision_making.pdf Graphic file (type pdf)

<use 5-Decision_making.pdf, page 242>
Package pdftex.def Info: 5-Decision_making.pdf, page242 used on input line 185.

(pdftex.def)             Requested size: 597.53416pt x 845.08372pt.
File: 5-Decision_making.pdf Graphic file (type pdf)
 <use 5-Decision_making.pdf, page 242>
Package pdftex.def Info: 5-Decision_making.pdf, page242 used on input line 185.

(pdftex.def)             Requested size: 597.53416pt x 845.08372pt.
File: 5-Decision_making.pdf Graphic file (type pdf)

<use 5-Decision_making.pdf, page 242>
Package pdftex.def Info: 5-Decision_making.pdf, page242 used on input line 185.

(pdftex.def)             Requested size: 597.53416pt x 845.08372pt.
 [1291 <./5-Decision_making.pdf>]
<5-Decision_making.pdf, id=9031, page=243, 597.50829pt x 845.0471pt>
File: 5-Decision_making.pdf Graphic file (type pdf)

<use 5-Decision_making.pdf, page 243>
Package pdftex.def Info: 5-Decision_making.pdf, page243 used on input line 185.

(pdftex.def)             Requested size: 597.53416pt x 845.08372pt.
File: 5-Decision_making.pdf Graphic file (type pdf)
 <use 5-Decision_making.pdf, page 243>
Package pdftex.def Info: 5-Decision_making.pdf, page243 used on input line 185.

(pdftex.def)             Requested size: 597.53416pt x 845.08372pt.
File: 5-Decision_making.pdf Graphic file (type pdf)

<use 5-Decision_making.pdf, page 243>
Package pdftex.def Info: 5-Decision_making.pdf, page243 used on input line 185.

(pdftex.def)             Requested size: 597.53416pt x 845.08372pt.
 [1292 <./5-Decision_making.pdf>]
<5-Decision_making.pdf, id=9036, page=244, 597.50829pt x 845.0471pt>
File: 5-Decision_making.pdf Graphic file (type pdf)

<use 5-Decision_making.pdf, page 244>
Package pdftex.def Info: 5-Decision_making.pdf, page244 used on input line 185.

(pdftex.def)             Requested size: 597.53416pt x 845.08372pt.
File: 5-Decision_making.pdf Graphic file (type pdf)
 <use 5-Decision_making.pdf, page 244>
Package pdftex.def Info: 5-Decision_making.pdf, page244 used on input line 185.

(pdftex.def)             Requested size: 597.53416pt x 845.08372pt.
File: 5-Decision_making.pdf Graphic file (type pdf)

<use 5-Decision_making.pdf, page 244>
Package pdftex.def Info: 5-Decision_making.pdf, page244 used on input line 185.

(pdftex.def)             Requested size: 597.53416pt x 845.08372pt.
 [1293 <./5-Decision_making.pdf>]
<5-Decision_making.pdf, id=9041, page=245, 597.50829pt x 845.0471pt>
File: 5-Decision_making.pdf Graphic file (type pdf)

<use 5-Decision_making.pdf, page 245>
Package pdftex.def Info: 5-Decision_making.pdf, page245 used on input line 185.

(pdftex.def)             Requested size: 597.53416pt x 845.08372pt.
File: 5-Decision_making.pdf Graphic file (type pdf)
 <use 5-Decision_making.pdf, page 245>
Package pdftex.def Info: 5-Decision_making.pdf, page245 used on input line 185.

(pdftex.def)             Requested size: 597.53416pt x 845.08372pt.
File: 5-Decision_making.pdf Graphic file (type pdf)

<use 5-Decision_making.pdf, page 245>
Package pdftex.def Info: 5-Decision_making.pdf, page245 used on input line 185.

(pdftex.def)             Requested size: 597.53416pt x 845.08372pt.
 [1294 <./5-Decision_making.pdf>]
<5-Decision_making.pdf, id=9046, page=246, 597.50829pt x 845.0471pt>
File: 5-Decision_making.pdf Graphic file (type pdf)

<use 5-Decision_making.pdf, page 246>
Package pdftex.def Info: 5-Decision_making.pdf, page246 used on input line 185.

(pdftex.def)             Requested size: 597.53416pt x 845.08372pt.
File: 5-Decision_making.pdf Graphic file (type pdf)
 <use 5-Decision_making.pdf, page 246>
Package pdftex.def Info: 5-Decision_making.pdf, page246 used on input line 185.

(pdftex.def)             Requested size: 597.53416pt x 845.08372pt.
File: 5-Decision_making.pdf Graphic file (type pdf)

<use 5-Decision_making.pdf, page 246>
Package pdftex.def Info: 5-Decision_making.pdf, page246 used on input line 185.

(pdftex.def)             Requested size: 597.53416pt x 845.08372pt.
 [1295 <./5-Decision_making.pdf>]
<5-Decision_making.pdf, id=9051, page=247, 597.50829pt x 845.0471pt>
File: 5-Decision_making.pdf Graphic file (type pdf)

<use 5-Decision_making.pdf, page 247>
Package pdftex.def Info: 5-Decision_making.pdf, page247 used on input line 185.

(pdftex.def)             Requested size: 597.53416pt x 845.08372pt.
File: 5-Decision_making.pdf Graphic file (type pdf)
 <use 5-Decision_making.pdf, page 247>
Package pdftex.def Info: 5-Decision_making.pdf, page247 used on input line 185.

(pdftex.def)             Requested size: 597.53416pt x 845.08372pt.
File: 5-Decision_making.pdf Graphic file (type pdf)

<use 5-Decision_making.pdf, page 247>
Package pdftex.def Info: 5-Decision_making.pdf, page247 used on input line 185.

(pdftex.def)             Requested size: 597.53416pt x 845.08372pt.
 [1296 <./5-Decision_making.pdf>]
<5-Decision_making.pdf, id=9056, page=248, 597.50829pt x 845.0471pt>
File: 5-Decision_making.pdf Graphic file (type pdf)

<use 5-Decision_making.pdf, page 248>
Package pdftex.def Info: 5-Decision_making.pdf, page248 used on input line 185.

(pdftex.def)             Requested size: 597.53416pt x 845.08372pt.
File: 5-Decision_making.pdf Graphic file (type pdf)
 <use 5-Decision_making.pdf, page 248>
Package pdftex.def Info: 5-Decision_making.pdf, page248 used on input line 185.

(pdftex.def)             Requested size: 597.53416pt x 845.08372pt.
File: 5-Decision_making.pdf Graphic file (type pdf)

<use 5-Decision_making.pdf, page 248>
Package pdftex.def Info: 5-Decision_making.pdf, page248 used on input line 185.

(pdftex.def)             Requested size: 597.53416pt x 845.08372pt.
 [1297 <./5-Decision_making.pdf>]
<5-Decision_making.pdf, id=9062, page=249, 597.50829pt x 845.0471pt>
File: 5-Decision_making.pdf Graphic file (type pdf)

<use 5-Decision_making.pdf, page 249>
Package pdftex.def Info: 5-Decision_making.pdf, page249 used on input line 185.

(pdftex.def)             Requested size: 597.53416pt x 845.08372pt.
File: 5-Decision_making.pdf Graphic file (type pdf)
 <use 5-Decision_making.pdf, page 249>
Package pdftex.def Info: 5-Decision_making.pdf, page249 used on input line 185.

(pdftex.def)             Requested size: 597.53416pt x 845.08372pt.
File: 5-Decision_making.pdf Graphic file (type pdf)

<use 5-Decision_making.pdf, page 249>
Package pdftex.def Info: 5-Decision_making.pdf, page249 used on input line 185.

(pdftex.def)             Requested size: 597.53416pt x 845.08372pt.
 [1298 <./5-Decision_making.pdf>]
<5-Decision_making.pdf, id=9067, page=250, 597.50829pt x 845.0471pt>
File: 5-Decision_making.pdf Graphic file (type pdf)

<use 5-Decision_making.pdf, page 250>
Package pdftex.def Info: 5-Decision_making.pdf, page250 used on input line 185.

(pdftex.def)             Requested size: 597.53416pt x 845.08372pt.
File: 5-Decision_making.pdf Graphic file (type pdf)
 <use 5-Decision_making.pdf, page 250>
Package pdftex.def Info: 5-Decision_making.pdf, page250 used on input line 185.

(pdftex.def)             Requested size: 597.53416pt x 845.08372pt.
File: 5-Decision_making.pdf Graphic file (type pdf)

<use 5-Decision_making.pdf, page 250>
Package pdftex.def Info: 5-Decision_making.pdf, page250 used on input line 185.

(pdftex.def)             Requested size: 597.53416pt x 845.08372pt.
 [1299 <./5-Decision_making.pdf>]
<5-Decision_making.pdf, id=9072, page=251, 597.50829pt x 845.0471pt>
File: 5-Decision_making.pdf Graphic file (type pdf)

<use 5-Decision_making.pdf, page 251>
Package pdftex.def Info: 5-Decision_making.pdf, page251 used on input line 185.

(pdftex.def)             Requested size: 597.53416pt x 845.08372pt.
File: 5-Decision_making.pdf Graphic file (type pdf)
 <use 5-Decision_making.pdf, page 251>
Package pdftex.def Info: 5-Decision_making.pdf, page251 used on input line 185.

(pdftex.def)             Requested size: 597.53416pt x 845.08372pt.
File: 5-Decision_making.pdf Graphic file (type pdf)

<use 5-Decision_making.pdf, page 251>
Package pdftex.def Info: 5-Decision_making.pdf, page251 used on input line 185.

(pdftex.def)             Requested size: 597.53416pt x 845.08372pt.
 [1300 <./5-Decision_making.pdf>]
<5-Decision_making.pdf, id=9078, page=252, 597.50829pt x 845.0471pt>
File: 5-Decision_making.pdf Graphic file (type pdf)

<use 5-Decision_making.pdf, page 252>
Package pdftex.def Info: 5-Decision_making.pdf, page252 used on input line 185.

(pdftex.def)             Requested size: 597.53416pt x 845.08372pt.
File: 5-Decision_making.pdf Graphic file (type pdf)
 <use 5-Decision_making.pdf, page 252>
Package pdftex.def Info: 5-Decision_making.pdf, page252 used on input line 185.

(pdftex.def)             Requested size: 597.53416pt x 845.08372pt.
File: 5-Decision_making.pdf Graphic file (type pdf)

<use 5-Decision_making.pdf, page 252>
Package pdftex.def Info: 5-Decision_making.pdf, page252 used on input line 185.

(pdftex.def)             Requested size: 597.53416pt x 845.08372pt.
 [1301 <./5-Decision_making.pdf>]
<5-Decision_making.pdf, id=9083, page=253, 597.50829pt x 845.0471pt>
File: 5-Decision_making.pdf Graphic file (type pdf)

<use 5-Decision_making.pdf, page 253>
Package pdftex.def Info: 5-Decision_making.pdf, page253 used on input line 185.

(pdftex.def)             Requested size: 597.53416pt x 845.08372pt.
File: 5-Decision_making.pdf Graphic file (type pdf)
 <use 5-Decision_making.pdf, page 253>
Package pdftex.def Info: 5-Decision_making.pdf, page253 used on input line 185.

(pdftex.def)             Requested size: 597.53416pt x 845.08372pt.
File: 5-Decision_making.pdf Graphic file (type pdf)

<use 5-Decision_making.pdf, page 253>
Package pdftex.def Info: 5-Decision_making.pdf, page253 used on input line 185.

(pdftex.def)             Requested size: 597.53416pt x 845.08372pt.
 [1302 <./5-Decision_making.pdf>]
<5-Decision_making.pdf, id=9088, page=254, 597.50829pt x 845.0471pt>
File: 5-Decision_making.pdf Graphic file (type pdf)

<use 5-Decision_making.pdf, page 254>
Package pdftex.def Info: 5-Decision_making.pdf, page254 used on input line 185.

(pdftex.def)             Requested size: 597.53416pt x 845.08372pt.
File: 5-Decision_making.pdf Graphic file (type pdf)
 <use 5-Decision_making.pdf, page 254>
Package pdftex.def Info: 5-Decision_making.pdf, page254 used on input line 185.

(pdftex.def)             Requested size: 597.53416pt x 845.08372pt.
File: 5-Decision_making.pdf Graphic file (type pdf)

<use 5-Decision_making.pdf, page 254>
Package pdftex.def Info: 5-Decision_making.pdf, page254 used on input line 185.

(pdftex.def)             Requested size: 597.53416pt x 845.08372pt.
 [1303 <./5-Decision_making.pdf>]
<5-Decision_making.pdf, id=9094, page=255, 597.50829pt x 845.0471pt>
File: 5-Decision_making.pdf Graphic file (type pdf)

<use 5-Decision_making.pdf, page 255>
Package pdftex.def Info: 5-Decision_making.pdf, page255 used on input line 185.

(pdftex.def)             Requested size: 597.53416pt x 845.08372pt.
File: 5-Decision_making.pdf Graphic file (type pdf)
 <use 5-Decision_making.pdf, page 255>
Package pdftex.def Info: 5-Decision_making.pdf, page255 used on input line 185.

(pdftex.def)             Requested size: 597.53416pt x 845.08372pt.
File: 5-Decision_making.pdf Graphic file (type pdf)

<use 5-Decision_making.pdf, page 255>
Package pdftex.def Info: 5-Decision_making.pdf, page255 used on input line 185.

(pdftex.def)             Requested size: 597.53416pt x 845.08372pt.
 [1304 <./5-Decision_making.pdf>]
<5-Decision_making.pdf, id=9099, page=256, 597.50829pt x 845.0471pt>
File: 5-Decision_making.pdf Graphic file (type pdf)

<use 5-Decision_making.pdf, page 256>
Package pdftex.def Info: 5-Decision_making.pdf, page256 used on input line 185.

(pdftex.def)             Requested size: 597.53416pt x 845.08372pt.
File: 5-Decision_making.pdf Graphic file (type pdf)
 <use 5-Decision_making.pdf, page 256>
Package pdftex.def Info: 5-Decision_making.pdf, page256 used on input line 185.

(pdftex.def)             Requested size: 597.53416pt x 845.08372pt.
File: 5-Decision_making.pdf Graphic file (type pdf)

<use 5-Decision_making.pdf, page 256>
Package pdftex.def Info: 5-Decision_making.pdf, page256 used on input line 185.

(pdftex.def)             Requested size: 597.53416pt x 845.08372pt.
 [1305 <./5-Decision_making.pdf>]
<5-Decision_making.pdf, id=9104, page=257, 597.50829pt x 845.0471pt>
File: 5-Decision_making.pdf Graphic file (type pdf)

<use 5-Decision_making.pdf, page 257>
Package pdftex.def Info: 5-Decision_making.pdf, page257 used on input line 185.

(pdftex.def)             Requested size: 597.53416pt x 845.08372pt.
File: 5-Decision_making.pdf Graphic file (type pdf)
 <use 5-Decision_making.pdf, page 257>
Package pdftex.def Info: 5-Decision_making.pdf, page257 used on input line 185.

(pdftex.def)             Requested size: 597.53416pt x 845.08372pt.
File: 5-Decision_making.pdf Graphic file (type pdf)

<use 5-Decision_making.pdf, page 257>
Package pdftex.def Info: 5-Decision_making.pdf, page257 used on input line 185.

(pdftex.def)             Requested size: 597.53416pt x 845.08372pt.
 [1306 <./5-Decision_making.pdf>]
<5-Decision_making.pdf, id=9109, page=258, 597.50829pt x 845.0471pt>
File: 5-Decision_making.pdf Graphic file (type pdf)

<use 5-Decision_making.pdf, page 258>
Package pdftex.def Info: 5-Decision_making.pdf, page258 used on input line 185.

(pdftex.def)             Requested size: 597.53416pt x 845.08372pt.
File: 5-Decision_making.pdf Graphic file (type pdf)
 <use 5-Decision_making.pdf, page 258>
Package pdftex.def Info: 5-Decision_making.pdf, page258 used on input line 185.

(pdftex.def)             Requested size: 597.53416pt x 845.08372pt.
File: 5-Decision_making.pdf Graphic file (type pdf)

<use 5-Decision_making.pdf, page 258>
Package pdftex.def Info: 5-Decision_making.pdf, page258 used on input line 185.

(pdftex.def)             Requested size: 597.53416pt x 845.08372pt.
 [1307 <./5-Decision_making.pdf>]
<5-Decision_making.pdf, id=9114, page=259, 597.50829pt x 845.0471pt>
File: 5-Decision_making.pdf Graphic file (type pdf)

<use 5-Decision_making.pdf, page 259>
Package pdftex.def Info: 5-Decision_making.pdf, page259 used on input line 185.

(pdftex.def)             Requested size: 597.53416pt x 845.08372pt.
File: 5-Decision_making.pdf Graphic file (type pdf)
 <use 5-Decision_making.pdf, page 259>
Package pdftex.def Info: 5-Decision_making.pdf, page259 used on input line 185.

(pdftex.def)             Requested size: 597.53416pt x 845.08372pt.
File: 5-Decision_making.pdf Graphic file (type pdf)

<use 5-Decision_making.pdf, page 259>
Package pdftex.def Info: 5-Decision_making.pdf, page259 used on input line 185.

(pdftex.def)             Requested size: 597.53416pt x 845.08372pt.
 [1308 <./5-Decision_making.pdf>]
<5-Decision_making.pdf, id=9119, page=260, 597.50829pt x 845.0471pt>
File: 5-Decision_making.pdf Graphic file (type pdf)

<use 5-Decision_making.pdf, page 260>
Package pdftex.def Info: 5-Decision_making.pdf, page260 used on input line 185.

(pdftex.def)             Requested size: 597.53416pt x 845.08372pt.
File: 5-Decision_making.pdf Graphic file (type pdf)
 <use 5-Decision_making.pdf, page 260>
Package pdftex.def Info: 5-Decision_making.pdf, page260 used on input line 185.

(pdftex.def)             Requested size: 597.53416pt x 845.08372pt.
File: 5-Decision_making.pdf Graphic file (type pdf)

<use 5-Decision_making.pdf, page 260>
Package pdftex.def Info: 5-Decision_making.pdf, page260 used on input line 185.

(pdftex.def)             Requested size: 597.53416pt x 845.08372pt.
 [1309 <./5-Decision_making.pdf>]
<5-Decision_making.pdf, id=9125, page=261, 597.50829pt x 845.0471pt>
File: 5-Decision_making.pdf Graphic file (type pdf)

<use 5-Decision_making.pdf, page 261>
Package pdftex.def Info: 5-Decision_making.pdf, page261 used on input line 185.

(pdftex.def)             Requested size: 597.53416pt x 845.08372pt.
File: 5-Decision_making.pdf Graphic file (type pdf)
 <use 5-Decision_making.pdf, page 261>
Package pdftex.def Info: 5-Decision_making.pdf, page261 used on input line 185.

(pdftex.def)             Requested size: 597.53416pt x 845.08372pt.
File: 5-Decision_making.pdf Graphic file (type pdf)

<use 5-Decision_making.pdf, page 261>
Package pdftex.def Info: 5-Decision_making.pdf, page261 used on input line 185.

(pdftex.def)             Requested size: 597.53416pt x 845.08372pt.
 [1310 <./5-Decision_making.pdf>]
<5-Decision_making.pdf, id=9130, page=262, 597.50829pt x 845.0471pt>
File: 5-Decision_making.pdf Graphic file (type pdf)

<use 5-Decision_making.pdf, page 262>
Package pdftex.def Info: 5-Decision_making.pdf, page262 used on input line 185.

(pdftex.def)             Requested size: 597.53416pt x 845.08372pt.
File: 5-Decision_making.pdf Graphic file (type pdf)
 <use 5-Decision_making.pdf, page 262>
Package pdftex.def Info: 5-Decision_making.pdf, page262 used on input line 185.

(pdftex.def)             Requested size: 597.53416pt x 845.08372pt.
File: 5-Decision_making.pdf Graphic file (type pdf)

<use 5-Decision_making.pdf, page 262>
Package pdftex.def Info: 5-Decision_making.pdf, page262 used on input line 185.

(pdftex.def)             Requested size: 597.53416pt x 845.08372pt.
 [1311 <./5-Decision_making.pdf>]
<5-Decision_making.pdf, id=9135, page=263, 597.50829pt x 845.0471pt>
File: 5-Decision_making.pdf Graphic file (type pdf)

<use 5-Decision_making.pdf, page 263>
Package pdftex.def Info: 5-Decision_making.pdf, page263 used on input line 185.

(pdftex.def)             Requested size: 597.53416pt x 845.08372pt.
File: 5-Decision_making.pdf Graphic file (type pdf)
 <use 5-Decision_making.pdf, page 263>
Package pdftex.def Info: 5-Decision_making.pdf, page263 used on input line 185.

(pdftex.def)             Requested size: 597.53416pt x 845.08372pt.
File: 5-Decision_making.pdf Graphic file (type pdf)

<use 5-Decision_making.pdf, page 263>
Package pdftex.def Info: 5-Decision_making.pdf, page263 used on input line 185.

(pdftex.def)             Requested size: 597.53416pt x 845.08372pt.
 [1312 <./5-Decision_making.pdf>]
<5-Decision_making.pdf, id=9140, page=264, 597.50829pt x 845.0471pt>
File: 5-Decision_making.pdf Graphic file (type pdf)

<use 5-Decision_making.pdf, page 264>
Package pdftex.def Info: 5-Decision_making.pdf, page264 used on input line 185.

(pdftex.def)             Requested size: 597.53416pt x 845.08372pt.
File: 5-Decision_making.pdf Graphic file (type pdf)
 <use 5-Decision_making.pdf, page 264>
Package pdftex.def Info: 5-Decision_making.pdf, page264 used on input line 185.

(pdftex.def)             Requested size: 597.53416pt x 845.08372pt.
File: 5-Decision_making.pdf Graphic file (type pdf)

<use 5-Decision_making.pdf, page 264>
Package pdftex.def Info: 5-Decision_making.pdf, page264 used on input line 185.

(pdftex.def)             Requested size: 597.53416pt x 845.08372pt.
 [1313 <./5-Decision_making.pdf>]
<5-Decision_making.pdf, id=9145, page=265, 597.50829pt x 845.0471pt>
File: 5-Decision_making.pdf Graphic file (type pdf)

<use 5-Decision_making.pdf, page 265>
Package pdftex.def Info: 5-Decision_making.pdf, page265 used on input line 185.

(pdftex.def)             Requested size: 597.53416pt x 845.08372pt.
File: 5-Decision_making.pdf Graphic file (type pdf)
 <use 5-Decision_making.pdf, page 265>
Package pdftex.def Info: 5-Decision_making.pdf, page265 used on input line 185.

(pdftex.def)             Requested size: 597.53416pt x 845.08372pt.
File: 5-Decision_making.pdf Graphic file (type pdf)

<use 5-Decision_making.pdf, page 265>
Package pdftex.def Info: 5-Decision_making.pdf, page265 used on input line 185.

(pdftex.def)             Requested size: 597.53416pt x 845.08372pt.
 [1314 <./5-Decision_making.pdf>]
<5-Decision_making.pdf, id=9150, page=266, 597.50829pt x 845.0471pt>
File: 5-Decision_making.pdf Graphic file (type pdf)

<use 5-Decision_making.pdf, page 266>
Package pdftex.def Info: 5-Decision_making.pdf, page266 used on input line 185.

(pdftex.def)             Requested size: 597.53416pt x 845.08372pt.
File: 5-Decision_making.pdf Graphic file (type pdf)
 <use 5-Decision_making.pdf, page 266>
Package pdftex.def Info: 5-Decision_making.pdf, page266 used on input line 185.

(pdftex.def)             Requested size: 597.53416pt x 845.08372pt.
File: 5-Decision_making.pdf Graphic file (type pdf)

<use 5-Decision_making.pdf, page 266>
Package pdftex.def Info: 5-Decision_making.pdf, page266 used on input line 185.

(pdftex.def)             Requested size: 597.53416pt x 845.08372pt.
 [1315 <./5-Decision_making.pdf>]
<5-Decision_making.pdf, id=9156, page=267, 597.50829pt x 845.0471pt>
File: 5-Decision_making.pdf Graphic file (type pdf)

<use 5-Decision_making.pdf, page 267>
Package pdftex.def Info: 5-Decision_making.pdf, page267 used on input line 185.

(pdftex.def)             Requested size: 597.53416pt x 845.08372pt.
File: 5-Decision_making.pdf Graphic file (type pdf)
 <use 5-Decision_making.pdf, page 267>
Package pdftex.def Info: 5-Decision_making.pdf, page267 used on input line 185.

(pdftex.def)             Requested size: 597.53416pt x 845.08372pt.
File: 5-Decision_making.pdf Graphic file (type pdf)

<use 5-Decision_making.pdf, page 267>
Package pdftex.def Info: 5-Decision_making.pdf, page267 used on input line 185.

(pdftex.def)             Requested size: 597.53416pt x 845.08372pt.
 [1316 <./5-Decision_making.pdf>]
Package atveryend Info: Empty hook `BeforeClearDocument' on input line 186.
Package atveryend Info: Empty hook `AfterLastShipout' on input line 186.

(./test.aux)
Package atveryend Info: Executing hook `AtVeryEndDocument' on input line 186.
Package atveryend Info: Executing hook `AtEndAfterFileList' on input line 186.
Package rerunfilecheck Info: File `test.out' has not changed.
(rerunfilecheck)             Checksum: 6EF191858401BD1E8DF44E30BC1CC133;792.
Package atveryend Info: Empty hook `AtVeryVeryEnd' on input line 186.
 ) 
Here is how much of TeX's memory you used:
 29099 strings out of 493029
 614410 string characters out of 6136235
 569123 words of memory out of 5000000
 30860 multiletter control sequences out of 15000+600000
 10603 words of font info for 42 fonts, out of 8000000 for 9000
 1141 hyphenation exceptions out of 8191
 55i,18n,95p,938b,539s stack positions out of 5000i,500n,10000p,200000b,80000s
</usr/share/texlive/texmf-dist/fonts/type1/public/bbold-type1/bbold10.pfb></u
sr/share/texlive/texmf-dist/fonts/type1/public/bbold-type1/bbold7.pfb></usr/sha
re/texlive/texmf-dist/fonts/type1/public/amsfonts/cm/cmbx10.pfb></usr/share/tex
live/texmf-dist/fonts/type1/public/amsfonts/cm/cmbx12.pfb></usr/share/texlive/t
exmf-dist/fonts/type1/public/amsfonts/cm/cmbx9.pfb></usr/share/texlive/texmf-di
st/fonts/type1/public/amsfonts/cm/cmbxti10.pfb></usr/share/texlive/texmf-dist/f
onts/type1/public/amsfonts/cm/cmcsc10.pfb></usr/share/texlive/texmf-dist/fonts/
type1/public/amsfonts/cm/cmex10.pfb></usr/share/texlive/texmf-dist/fonts/type1/
public/amsfonts/cmextra/cmex7.pfb></usr/share/texlive/texmf-dist/fonts/type1/pu
blic/amsfonts/cmextra/cmex8.pfb></usr/share/texlive/texmf-dist/fonts/type1/publ
ic/amsfonts/cmextra/cmex9.pfb></usr/share/texlive/texmf-dist/fonts/type1/public
/amsfonts/cm/cmitt10.pfb></usr/share/texlive/texmf-dist/fonts/type1/public/amsf
onts/cm/cmmi10.pfb></usr/share/texlive/texmf-dist/fonts/type1/public/amsfonts/c
m/cmmi12.pfb></usr/share/texlive/texmf-dist/fonts/type1/public/amsfonts/cm/cmmi
5.pfb></usr/share/texlive/texmf-dist/fonts/type1/public/amsfonts/cm/cmmi6.pfb><
/usr/share/texlive/texmf-dist/fonts/type1/public/amsfonts/cm/cmmi7.pfb></usr/sh
are/texlive/texmf-dist/fonts/type1/public/amsfonts/cm/cmmi8.pfb></usr/share/tex
live/texmf-dist/fonts/type1/public/amsfonts/cm/cmmi9.pfb></usr/share/texlive/te
xmf-dist/fonts/type1/public/amsfonts/cm/cmmib10.pfb></usr/share/texlive/texmf-d
ist/fonts/type1/public/amsfonts/cmextra/cmmib6.pfb></usr/share/texlive/texmf-di
st/fonts/type1/public/amsfonts/cmextra/cmmib7.pfb></usr/share/texlive/texmf-dis
t/fonts/type1/public/amsfonts/cmextra/cmmib9.pfb></usr/share/texlive/texmf-dist
/fonts/type1/public/amsfonts/cm/cmr10.pfb></usr/share/texlive/texmf-dist/fonts/
type1/public/amsfonts/cm/cmr12.pfb></usr/share/texlive/texmf-dist/fonts/type1/p
ublic/amsfonts/cm/cmr17.pfb></usr/share/texlive/texmf-dist/fonts/type1/public/a
msfonts/cm/cmr5.pfb></usr/share/texlive/texmf-dist/fonts/type1/public/amsfonts/
cm/cmr6.pfb></usr/share/texlive/texmf-dist/fonts/type1/public/amsfonts/cm/cmr7.
pfb></usr/share/texlive/texmf-dist/fonts/type1/public/amsfonts/cm/cmr8.pfb></us
r/share/texlive/texmf-dist/fonts/type1/public/amsfonts/cm/cmr9.pfb></usr/share/
texlive/texmf-dist/fonts/type1/public/amsfonts/cm/cmsl10.pfb></usr/share/texliv
e/texmf-dist/fonts/type1/public/amsfonts/cm/cmsy10.pfb></usr/share/texlive/texm
f-dist/fonts/type1/public/amsfonts/cm/cmsy5.pfb></usr/share/texlive/texmf-dist/
fonts/type1/public/amsfonts/cm/cmsy6.pfb></usr/share/texlive/texmf-dist/fonts/t
ype1/public/amsfonts/cm/cmsy7.pfb></usr/share/texlive/texmf-dist/fonts/type1/pu
blic/amsfonts/cm/cmsy8.pfb></usr/share/texlive/texmf-dist/fonts/type1/public/am
sfonts/cm/cmsy9.pfb></usr/share/texlive/texmf-dist/fonts/type1/public/amsfonts/
cm/cmti10.pfb></usr/share/texlive/texmf-dist/fonts/type1/public/amsfonts/cm/cmt
i8.pfb></usr/share/texlive/texmf-dist/fonts/type1/public/amsfonts/cm/cmti9.pfb>
</usr/share/texlive/texmf-dist/fonts/type1/public/amsfonts/cm/cmtt10.pfb></usr/
share/texlive/texmf-dist/fonts/type1/public/amsfonts/cm/cmtt9.pfb></usr/share/t
exlive/texmf-dist/fonts/type1/public/doublestroke/dsrom10.pfb></usr/share/texli
ve/texmf-dist/fonts/type1/public/doublestroke/dsrom8.pfb></usr/share/texlive/te
xmf-dist/fonts/type1/public/amsfonts/euler/eufm10.pfb></usr/share/texlive/texmf
-dist/fonts/type1/public/amsfonts/latxfont/lcircle1.pfb></usr/share/texlive/tex
mf-dist/fonts/type1/public/amsfonts/latxfont/line10.pfb></usr/share/texmf/fonts
/type1/public/lm/lmbsy10.pfb></usr/share/texmf/fonts/type1/public/lm/lmbx10.pfb
></usr/share/texmf/fonts/type1/public/lm/lmbx12.pfb></usr/share/texmf/fonts/typ
e1/public/lm/lmbx8.pfb></usr/share/texmf/fonts/type1/public/lm/lmbx9.pfb></usr/
share/texmf/fonts/type1/public/lm/lmbxi10.pfb></usr/share/texmf/fonts/type1/pub
lic/lm/lmex10.pfb></usr/share/texmf/fonts/type1/public/lm/lmmi10.pfb></usr/shar
e/texmf/fonts/type1/public/lm/lmmi6.pfb></usr/share/texmf/fonts/type1/public/lm
/lmmi7.pfb></usr/share/texmf/fonts/type1/public/lm/lmmi8.pfb></usr/share/texmf/
fonts/type1/public/lm/lmmi9.pfb></usr/share/texmf/fonts/type1/public/lm/lmmib10
.pfb></usr/share/texmf/fonts/type1/public/lm/lmmib7.pfb></usr/share/texmf/fonts
/type1/public/lm/lmr10.pfb></usr/share/texmf/fonts/type1/public/lm/lmr12.pfb></
usr/share/texmf/fonts/type1/public/lm/lmr5.pfb></usr/share/texmf/fonts/type1/pu
blic/lm/lmr6.pfb></usr/share/texmf/fonts/type1/public/lm/lmr7.pfb></usr/share/t
exmf/fonts/type1/public/lm/lmr8.pfb></usr/share/texmf/fonts/type1/public/lm/lmr
9.pfb></usr/share/texmf/fonts/type1/public/lm/lmri10.pfb></usr/share/texmf/font
s/type1/public/lm/lmri9.pfb></usr/share/texmf/fonts/type1/public/lm/lmss10.pfb>
</usr/share/texmf/fonts/type1/public/lm/lmssbx10.pfb></usr/share/texmf/fonts/ty
pe1/public/lm/lmsso10.pfb></usr/share/texmf/fonts/type1/public/lm/lmsy10.pfb></
usr/share/texmf/fonts/type1/public/lm/lmsy6.pfb></usr/share/texmf/fonts/type1/p
ublic/lm/lmsy7.pfb></usr/share/texmf/fonts/type1/public/lm/lmsy8.pfb></usr/shar
e/texmf/fonts/type1/public/lm/lmsy9.pfb></usr/share/texlive/texmf-dist/fonts/ty
pe1/public/amsfonts/symbols/msam10.pfb></usr/share/texlive/texmf-dist/fonts/typ
e1/public/amsfonts/symbols/msam7.pfb></usr/share/texlive/texmf-dist/fonts/type1
/public/amsfonts/symbols/msbm10.pfb></usr/share/texlive/texmf-dist/fonts/type1/
public/amsfonts/symbols/msbm7.pfb></usr/share/texlive/texmf-dist/fonts/type1/pu
blic/rsfs/rsfs10.pfb></usr/share/texlive/texmf-dist/fonts/type1/public/rsfs/rsf
s7.pfb></usr/share/texlive/texmf-dist/fonts/type1/urw/zapfchan/uzcmi8a.pfb>
Output written on test.pdf (1316 pages, 23767934 bytes).
PDF statistics:
 9578 PDF objects out of 10688 (max. 8388607)
 5578 compressed objects within 56 object streams
 1323 named destinations out of 1440 (max. 500000)
 6688 words of extra memory for PDF output out of 10000 (max. 10000000)

